============================================
 HUD NetTest Tue Jun  2 21:00:46 MSK 2026
 Running as uid=2000 pid=13095
============================================

=== STEP 1: Push JAR ===
WARN: copy failed, test manual push: adb push hudnettest.jar /data/local/tmp/
ls: /data/local/tmp/hudnettest.jar: No such file or directory

=== STEP 2: Run HudNetTest via app_process ===
SKIP: /data/local/tmp/hudnettest.jar not found

=== STEP 3: Verify HUD IP in ARP ===
192.168.195.11   0x1         0x2         02:22:23:01:02:0b     *        eth0

=== STEP 4: Check if HUD port open via /proc/net ===

=== STEP 5: Quick python/busybox test if available ===
No python

=== STEP 6: Check iptables for any blocking rules ===

=== STEP 7: Network statistics ===
Inter-|   Receive                                                |  Transmit
 face |bytes    packets errs drop fifo frame compressed multicast|bytes    packets errs drop fifo colls carrier compressed
rmnet_ipa0: 2944306   14261    0    0    0     0          0         0  4290056   50896    0    0    0     0       0          0
rmnet_data4:       0       0    0    0    0     0          0         0        0       0    0    0    0     0       0          0
    lo: 6544678   25149    0    0    0     0          0         0  6544678   25149    0    0    0     0       0          0
rmnet_data2: 1310315    4904    0    0    0     0          0         0   930568   11009    0    0    0     0       0          0
dummy0:       0       0    0    0    0     0          0         0    22938     151    0    0    0     0       0          0
rmnet_data5:       0       0    0    0    0     0          0         0        0       0    0    0    0     0       0          0
gretap0:       0       0    0    0    0     0          0         0        0       0    0    0    0     0       0          0
  p2p0:       0       0    0    0    0     0          0         0        0       0    0    0    0     0       0          0
rmnet_data3:  701892    1460    0    0    0     0          0         0   197304    1757    0    0    0     0       0          0
erspan0:       0       0    0    0    0     0          0         0        0       0    0    0    0     0       0          0
  sit0:       0       0    0    0    0     0          0         0        0       0    0    0    0     0       0          0
r_rmnet_data2:       0       0    0    0    0     0          0         0        0       0    0    0    0     0       0          0
 wlan0: 35032045   75142    0    0    0     0          0         0 64447424   91793    0    0    0     0       0          0
ip6tnl0:       0       0    0    0    0     0          0         0        0       0    0    0    0     0       0          0
ip_vti0:       0       0    0    0    0     0          0         0        0       0    0    0    0     0       0          0
pimreg:       0       0    0    0    0     0          0         0        0       0    0    0    0     0       0          0
ip6_vti0:       0       0    0    0    0     0          0         0        0       0    0    0    0     0       0          0
  eth0: 16704539  156072    0    0    0     0          0      6465  6251727   77893    0    0    0     0       0          0

=== STEP 8: Test multicast membership ===
Idx	Device    : Count Querier	Group    Users Timer	Reporter
1	lo        :     1      V3
				010000E0     1 0:00000000		0
2	dummy0    :     1      V3
				010000E0     1 0:00000000		0
12	eth0      :     4      V2
				040200E0     1 1:00000107		0
				020000E0     1 1:0000027D		1
				0D0000E0     1 1:00000142		1
				010000E0     1 0:00000000		0
13	rmnet_ipa0:     1      V3
				010000E0     1 0:00000000		0
15	rmnet_data0:     1      V3
				010000E0     1 0:00000000		0
16	rmnet_data1:     1      V3
				010000E0     1 0:00000000		0
18	rmnet_data3:     1      V3
				010000E0     1 0:00000000		0
21	r_rmnet_data0:     1      V3
				010000E0     1 0:00000000		0
25	wlan0     :     1      V3
				010000E0     1 0:00000000		0
28	pimreg    :     1      V3
				010000E0     1 0:00000000		0
2    dummy0          1     0     333300000001
2    dummy0          1     0     01005e000001
5    gretap0         1     0     333300000001
5    gretap0         2     0     333300000002
26   p2p0            1     0     333300000001
26   p2p0            2     0     333300000002
6    erspan0         1     0     333300000001
6    erspan0         2     0     333300000002
25   wlan0           1     0     01005e000001
25   wlan0           1     0     333300000001
25   wlan0           1     0     3333ffa30dce
25   wlan0           2     0     333300000002
25   wlan0           1     0     3333ff000000
12   eth0            1     0     01005e000001
12   eth0            1     0     01005e00000d
12   eth0            1     0     01005e000002
12   eth0            1     0     333300000001
12   eth0            1     0     3333ff117000
12   eth0            2     0     333300000002
12   eth0            1     0     3333ff000000

============================================
 LOG SAVED TO: /data/local/tmp/hud_nettest_1780423246.log
============================================
