    [com.qti.qualcomm.datastatusnotification,com.android.ons,com.qualcomm.qti.uceShimService,com.android.providers.telephony,com.qti.dpmserviceapp,com.android.phone,vendor.qti.imsrcs,com.qualcomm.qti.dynamicddsservice,com.xinsheng.videntityserver,com.qti.qualcomm.deviceinfo]
    [com.qualcomm.qtil.btdsda,com.android.bluetooth]
    com.android.shell
    com.android.cellbroadcastreceiver.overlay.common
    com.android.server.telecom.overlay.common
    com.android.carrierconfig.overlay.common
    android.qvaoverlay.common
    com.android.wifi.resources.overlay.common
    android.overlay.common
    com.android.phone.overlay.common
    com.android.wifi.resources.overlay.yupik_iot
    android.overlay.target
    com.android.wifi.resources.overlay.lahaina
    com.android.statementservice
    com.byd.filemanager
    [com.android.mtp,com.android.providers.downloads,com.android.providers.downloads.ui]
    com.android.externalstorage
    com.android.packageinstaller
    com.baidu.map.location
    com.android.documentsui
    [com.android.providers.userdictionary,com.android.providers.contacts]
    com.android.browser
    com.byd.clusterdebug
    com.byd.carsettings.plugins
    com.android.vpndialogs
    com.android.providers.calendar
    com.byd.appstore
    com.byd.weatherhelper
    com.android.carrierdefaultapp
    com.android.pacprocessor
    com.byd.auto_photo
--
        [com.qti.qualcomm.datastatusnotification,com.android.ons,com.qualcomm.qti.uceShimService,com.android.providers.telephony,com.qti.dpmserviceapp,com.android.phone,vendor.qti.imsrcs,com.qualcomm.qti.dynamicddsservice,com.xinsheng.videntityserver,com.qti.qualcomm.deviceinfo]
        [com.qualcomm.qtil.btdsda,com.android.bluetooth]
        [com.android.networkstack.permissionconfig,com.android.networkstack.tethering,com.android.networkstack]
        com.android.statementservice
        [com.android.mtp,com.android.providers.downloads,com.android.providers.downloads.ui]
        com.android.externalstorage
        com.android.packageinstaller
        com.baidu.map.location
        com.android.documentsui
        com.android.traceur
        [com.android.providers.userdictionary,com.android.providers.contacts]
        com.android.providers.calendar
        com.byd.appstore
        com.android.carrierdefaultapp
        com.byd.auto_photo
        com.byd.pushservice
        com.byd.launchermap
        com.byd.etc
        com.byd.diLinkAccount
        com.alipay.arome.app
        com.byd.mediacenter
        com.byd.auto_camera
        [vendor.qti.hardware.cacert.server,vendor.qti.iwlan,com.qualcomm.qti.cne]
        com.android.webview
        [com.qualcomm.qti.telephonyservice,com.qualcomm.qcrilmsgtunnel,com.qti.phone]
        com.qualcomm.location
        org.codeaurora.ims
        com.android.systemui
        com.qualcomm.qti.workloadclassifier
        com.android.permissioncontroller
        com.android.providers.media.module
--
      [com.qti.qualcomm.datastatusnotification,com.android.ons,com.qualcomm.qti.uceShimService,com.android.providers.telephony,com.qti.dpmserviceapp,com.android.phone,vendor.qti.imsrcs,com.qualcomm.qti.dynamicddsservice,com.xinsheng.videntityserver,com.qti.qualcomm.deviceinfo]:
        [com.qti.diagservices,com.byd.miniprogram,com.byd.vehicledialog,com.byd.dishare,com.byd.amapservice,com.byd.cdr,com.byd.providers.appstartup,com.byd.otgupdate,com.android.wallpaperbackup,com.byd.byddatachecktool,com.byd.usertutorial,com.huawei.nearby,com.byd.trafficmonitor,com.byd.CanDataCollect,com.byd.customserver,com.ts.car.someip.service,com.byd.someipsystemservice,com.byd.updated,com.byd.sentrymode,com.byd.resmgr,com.example.amapservice,com.byd.autovoice.tts,com.byd.idclogcollect,com.byd.providers.carsettings,com.byd.dipilot.dms,com.byd.minikaraoke,android,com.byd.bydcamera,com.byd.upgradeserver,com.byd.softwareactivation,com.byd.cmgamecenter,com.byd.widget.mediacenter,com.byd.mediatesttool,com.byd.crosscontrol,com.byd.eventcenter,com.byd.musicwidget,com.byd.camera.remotectrl,com.byd.mycar,com.byd.ditrainer,com.byd.wirelesstools,com.byd.spotinspection,com.byd.clientconfigurationservice,com.byd.gpsinfo,com.byd.logswitch,com.byd.bydlogtool,com.byd.btlogtool,com.byd.airconditioning,com.byd.authservice,com.byd.autovoice.engine,com.android.providers.settings,com.byd.car.server,com.byd.mediapreview,com.byd.bluetoothcall,com.byd.customkey,com.android.location.fused,com.byd.screensaver,com.byd.bluetoothleservice,com.byd.cpdwarn,com.byd.networktethering,com.byd.smarttravel,com.byd.accountservice,com.byd.avc,com.byd.bluetoothprovider,com.android.voicereminder,com.byd.newotgupdate,com.byd.autovoice,com.android.keychain,com.byd.acquisitioncontrol,com.android.rsecenter,com.byd.sdcardservice,com.android.launcher3,com.byd.providers.carstatus,com.byd.diagnosticinfo,com.android.server.telecom,com.qualcomm.qti.services.secureui,com.byd.btsetting,com.byd.xcall,com.byd.checkandkill,com.byd.mediacontroller,com.byd.wallpaperhome,com.byd.vehicleconfig,com.byd.containerservice,com.byd.carsettings,com.byd.productlineota,com.byd.wfd.client,com.byd.wlan,com.byd.byddevelopmenttools,com.huawei.dmsdpdevice,com.byd.cloudserviceapp,com.byd.cameramanager,com.byd.gesture.global,com.byd.synclink,com.byd.WifiHotspotConnect,com.byd.appserver,com.byd.clientstatuscollectionservice,com.byd.silentinstaller,com.byd.otaupdate,com.byd.rapidmode]
      [com.qualcomm.qtil.btdsda,com.android.bluetooth]:
        [com.qti.diagservices,com.byd.miniprogram,com.byd.vehicledialog,com.byd.dishare,com.byd.amapservice,com.byd.cdr,com.byd.providers.appstartup,com.byd.otgupdate,com.android.wallpaperbackup,com.byd.byddatachecktool,com.byd.usertutorial,com.huawei.nearby,com.byd.trafficmonitor,com.byd.CanDataCollect,com.byd.customserver,com.ts.car.someip.service,com.byd.someipsystemservice,com.byd.updated,com.byd.sentrymode,com.byd.resmgr,com.example.amapservice,com.byd.autovoice.tts,com.byd.idclogcollect,com.byd.providers.carsettings,com.byd.dipilot.dms,com.byd.minikaraoke,android,com.byd.bydcamera,com.byd.upgradeserver,com.byd.softwareactivation,com.byd.cmgamecenter,com.byd.widget.mediacenter,com.byd.mediatesttool,com.byd.crosscontrol,com.byd.eventcenter,com.byd.musicwidget,com.byd.camera.remotectrl,com.byd.mycar,com.byd.ditrainer,com.byd.wirelesstools,com.byd.spotinspection,com.byd.clientconfigurationservice,com.byd.gpsinfo,com.byd.logswitch,com.byd.bydlogtool,com.byd.btlogtool,com.byd.airconditioning,com.byd.authservice,com.byd.autovoice.engine,com.android.providers.settings,com.byd.car.server,com.byd.mediapreview,com.byd.bluetoothcall,com.byd.customkey,com.android.location.fused,com.byd.screensaver,com.byd.bluetoothleservice,com.byd.cpdwarn,com.byd.networktethering,com.byd.smarttravel,com.byd.accountservice,com.byd.avc,com.byd.bluetoothprovider,com.android.voicereminder,com.byd.newotgupdate,com.byd.autovoice,com.android.keychain,com.byd.acquisitioncontrol,com.android.rsecenter,com.byd.sdcardservice,com.android.launcher3,com.byd.providers.carstatus,com.byd.diagnosticinfo,com.android.server.telecom,com.qualcomm.qti.services.secureui,com.byd.btsetting,com.byd.xcall,com.byd.checkandkill,com.byd.mediacontroller,com.byd.wallpaperhome,com.byd.vehicleconfig,com.byd.containerservice,com.byd.carsettings,com.byd.productlineota,com.byd.wfd.client,com.byd.wlan,com.byd.byddevelopmenttools,com.huawei.dmsdpdevice,com.byd.cloudserviceapp,com.byd.cameramanager,com.byd.gesture.global,com.byd.synclink,com.byd.WifiHotspotConnect,com.byd.appserver,com.byd.clientstatuscollectionservice,com.byd.silentinstaller,com.byd.otaupdate,com.byd.rapidmode]
        com.byd.mediacenter
        com.android.systemui
      [com.android.networkstack.permissionconfig,com.android.networkstack.tethering,com.android.networkstack]:
        [com.qti.diagservices,com.byd.miniprogram,com.byd.vehicledialog,com.byd.dishare,com.byd.amapservice,com.byd.cdr,com.byd.providers.appstartup,com.byd.otgupdate,com.android.wallpaperbackup,com.byd.byddatachecktool,com.byd.usertutorial,com.huawei.nearby,com.byd.trafficmonitor,com.byd.CanDataCollect,com.byd.customserver,com.ts.car.someip.service,com.byd.someipsystemservice,com.byd.updated,com.byd.sentrymode,com.byd.resmgr,com.example.amapservice,com.byd.autovoice.tts,com.byd.idclogcollect,com.byd.providers.carsettings,com.byd.dipilot.dms,com.byd.minikaraoke,android,com.byd.bydcamera,com.byd.upgradeserver,com.byd.softwareactivation,com.byd.cmgamecenter,com.byd.widget.mediacenter,com.byd.mediatesttool,com.byd.crosscontrol,com.byd.eventcenter,com.byd.musicwidget,com.byd.camera.remotectrl,com.byd.mycar,com.byd.ditrainer,com.byd.wirelesstools,com.byd.spotinspection,com.byd.clientconfigurationservice,com.byd.gpsinfo,com.byd.logswitch,com.byd.bydlogtool,com.byd.btlogtool,com.byd.airconditioning,com.byd.authservice,com.byd.autovoice.engine,com.android.providers.settings,com.byd.car.server,com.byd.mediapreview,com.byd.bluetoothcall,com.byd.customkey,com.android.location.fused,com.byd.screensaver,com.byd.bluetoothleservice,com.byd.cpdwarn,com.byd.networktethering,com.byd.smarttravel,com.byd.accountservice,com.byd.avc,com.byd.bluetoothprovider,com.android.voicereminder,com.byd.newotgupdate,com.byd.autovoice,com.android.keychain,com.byd.acquisitioncontrol,com.android.rsecenter,com.byd.sdcardservice,com.android.launcher3,com.byd.providers.carstatus,com.byd.diagnosticinfo,com.android.server.telecom,com.qualcomm.qti.services.secureui,com.byd.btsetting,com.byd.xcall,com.byd.checkandkill,com.byd.mediacontroller,com.byd.wallpaperhome,com.byd.vehicleconfig,com.byd.containerservice,com.byd.carsettings,com.byd.productlineota,com.byd.wfd.client,com.byd.wlan,com.byd.byddevelopmenttools,com.huawei.dmsdpdevice,com.byd.cloudserviceapp,com.byd.cameramanager,com.byd.gesture.global,com.byd.synclink,com.byd.WifiHotspotConnect,com.byd.appserver,com.byd.clientstatuscollectionservice,com.byd.silentinstaller,com.byd.otaupdate,com.byd.rapidmode]
      com.android.statementservice:
        [com.qti.diagservices,com.byd.miniprogram,com.byd.vehicledialog,com.byd.dishare,com.byd.amapservice,com.byd.cdr,com.byd.providers.appstartup,com.byd.otgupdate,com.android.wallpaperbackup,com.byd.byddatachecktool,com.byd.usertutorial,com.huawei.nearby,com.byd.trafficmonitor,com.byd.CanDataCollect,com.byd.customserver,com.ts.car.someip.service,com.byd.someipsystemservice,com.byd.updated,com.byd.sentrymode,com.byd.resmgr,com.example.amapservice,com.byd.autovoice.tts,com.byd.idclogcollect,com.byd.providers.carsettings,com.byd.dipilot.dms,com.byd.minikaraoke,android,com.byd.bydcamera,com.byd.upgradeserver,com.byd.softwareactivation,com.byd.cmgamecenter,com.byd.widget.mediacenter,com.byd.mediatesttool,com.byd.crosscontrol,com.byd.eventcenter,com.byd.musicwidget,com.byd.camera.remotectrl,com.byd.mycar,com.byd.ditrainer,com.byd.wirelesstools,com.byd.spotinspection,com.byd.clientconfigurationservice,com.byd.gpsinfo,com.byd.logswitch,com.byd.bydlogtool,com.byd.btlogtool,com.byd.airconditioning,com.byd.authservice,com.byd.autovoice.engine,com.android.providers.settings,com.byd.car.server,com.byd.mediapreview,com.byd.bluetoothcall,com.byd.customkey,com.android.location.fused,com.byd.screensaver,com.byd.bluetoothleservice,com.byd.cpdwarn,com.byd.networktethering,com.byd.smarttravel,com.byd.accountservice,com.byd.avc,com.byd.bluetoothprovider,com.android.voicereminder,com.byd.newotgupdate,com.byd.autovoice,com.android.keychain,com.byd.acquisitioncontrol,com.android.rsecenter,com.byd.sdcardservice,com.android.launcher3,com.byd.providers.carstatus,com.byd.diagnosticinfo,com.android.server.telecom,com.qualcomm.qti.services.secureui,com.byd.btsetting,com.byd.xcall,com.byd.checkandkill,com.byd.mediacontroller,com.byd.wallpaperhome,com.byd.vehicleconfig,com.byd.containerservice,com.byd.carsettings,com.byd.productlineota,com.byd.wfd.client,com.byd.wlan,com.byd.byddevelopmenttools,com.huawei.dmsdpdevice,com.byd.cloudserviceapp,com.byd.cameramanager,com.byd.gesture.global,com.byd.synclink,com.byd.WifiHotspotConnect,com.byd.appserver,com.byd.clientstatuscollectionservice,com.byd.silentinstaller,com.byd.otaupdate,com.byd.rapidmode]
      [com.android.mtp,com.android.providers.downloads,com.android.providers.downloads.ui]:
        [com.qti.diagservices,com.byd.miniprogram,com.byd.vehicledialog,com.byd.dishare,com.byd.amapservice,com.byd.cdr,com.byd.providers.appstartup,com.byd.otgupdate,com.android.wallpaperbackup,com.byd.byddatachecktool,com.byd.usertutorial,com.huawei.nearby,com.byd.trafficmonitor,com.byd.CanDataCollect,com.byd.customserver,com.ts.car.someip.service,com.byd.someipsystemservice,com.byd.updated,com.byd.sentrymode,com.byd.resmgr,com.example.amapservice,com.byd.autovoice.tts,com.byd.idclogcollect,com.byd.providers.carsettings,com.byd.dipilot.dms,com.byd.minikaraoke,android,com.byd.bydcamera,com.byd.upgradeserver,com.byd.softwareactivation,com.byd.cmgamecenter,com.byd.widget.mediacenter,com.byd.mediatesttool,com.byd.crosscontrol,com.byd.eventcenter,com.byd.musicwidget,com.byd.camera.remotectrl,com.byd.mycar,com.byd.ditrainer,com.byd.wirelesstools,com.byd.spotinspection,com.byd.clientconfigurationservice,com.byd.gpsinfo,com.byd.logswitch,com.byd.bydlogtool,com.byd.btlogtool,com.byd.airconditioning,com.byd.authservice,com.byd.autovoice.engine,com.android.providers.settings,com.byd.car.server,com.byd.mediapreview,com.byd.bluetoothcall,com.byd.customkey,com.android.location.fused,com.byd.screensaver,com.byd.bluetoothleservice,com.byd.cpdwarn,com.byd.networktethering,com.byd.smarttravel,com.byd.accountservice,com.byd.avc,com.byd.bluetoothprovider,com.android.voicereminder,com.byd.newotgupdate,com.byd.autovoice,com.android.keychain,com.byd.acquisitioncontrol,com.android.rsecenter,com.byd.sdcardservice,com.android.launcher3,com.byd.providers.carstatus,com.byd.diagnosticinfo,com.android.server.telecom,com.qualcomm.qti.services.secureui,com.byd.btsetting,com.byd.xcall,com.byd.checkandkill,com.byd.mediacontroller,com.byd.wallpaperhome,com.byd.vehicleconfig,com.byd.containerservice,com.byd.carsettings,com.byd.productlineota,com.byd.wfd.client,com.byd.wlan,com.byd.byddevelopmenttools,com.huawei.dmsdpdevice,com.byd.cloudserviceapp,com.byd.cameramanager,com.byd.gesture.global,com.byd.synclink,com.byd.WifiHotspotConnect,com.byd.appserver,com.byd.clientstatuscollectionservice,com.byd.silentinstaller,com.byd.otaupdate,com.byd.rapidmode]
        com.android.documentsui
      com.android.externalstorage:
        com.android.documentsui
        com.alphainventor.filemanager
      com.android.packageinstaller:
        com.alphainventor.filemanager
      com.baidu.map.location:
        [com.qti.diagservices,com.byd.miniprogram,com.byd.vehicledialog,com.byd.dishare,com.byd.amapservice,com.byd.cdr,com.byd.providers.appstartup,com.byd.otgupdate,com.android.wallpaperbackup,com.byd.byddatachecktool,com.byd.usertutorial,com.huawei.nearby,com.byd.trafficmonitor,com.byd.CanDataCollect,com.byd.customserver,com.ts.car.someip.service,com.byd.someipsystemservice,com.byd.updated,com.byd.sentrymode,com.byd.resmgr,com.example.amapservice,com.byd.autovoice.tts,com.byd.idclogcollect,com.byd.providers.carsettings,com.byd.dipilot.dms,com.byd.minikaraoke,android,com.byd.bydcamera,com.byd.upgradeserver,com.byd.softwareactivation,com.byd.cmgamecenter,com.byd.widget.mediacenter,com.byd.mediatesttool,com.byd.crosscontrol,com.byd.eventcenter,com.byd.musicwidget,com.byd.camera.remotectrl,com.byd.mycar,com.byd.ditrainer,com.byd.wirelesstools,com.byd.spotinspection,com.byd.clientconfigurationservice,com.byd.gpsinfo,com.byd.logswitch,com.byd.bydlogtool,com.byd.btlogtool,com.byd.airconditioning,com.byd.authservice,com.byd.autovoice.engine,com.android.providers.settings,com.byd.car.server,com.byd.mediapreview,com.byd.bluetoothcall,com.byd.customkey,com.android.location.fused,com.byd.screensaver,com.byd.bluetoothleservice,com.byd.cpdwarn,com.byd.networktethering,com.byd.smarttravel,com.byd.accountservice,com.byd.avc,com.byd.bluetoothprovider,com.android.voicereminder,com.byd.newotgupdate,com.byd.autovoice,com.android.keychain,com.byd.acquisitioncontrol,com.android.rsecenter,com.byd.sdcardservice,com.android.launcher3,com.byd.providers.carstatus,com.byd.diagnosticinfo,com.android.server.telecom,com.qualcomm.qti.services.secureui,com.byd.btsetting,com.byd.xcall,com.byd.checkandkill,com.byd.mediacontroller,com.byd.wallpaperhome,com.byd.vehicleconfig,com.byd.containerservice,com.byd.carsettings,com.byd.productlineota,com.byd.wfd.client,com.byd.wlan,com.byd.byddevelopmenttools,com.huawei.dmsdpdevice,com.byd.cloudserviceapp,com.byd.cameramanager,com.byd.gesture.global,com.byd.synclink,com.byd.WifiHotspotConnect,com.byd.appserver,com.byd.clientstatuscollectionservice,com.byd.silentinstaller,com.byd.otaupdate,com.byd.rapidmode]
      [com.android.providers.userdictionary,com.android.providers.contacts]:
        [com.qti.diagservices,com.byd.miniprogram,com.byd.vehicledialog,com.byd.dishare,com.byd.amapservice,com.byd.cdr,com.byd.providers.appstartup,com.byd.otgupdate,com.android.wallpaperbackup,com.byd.byddatachecktool,com.byd.usertutorial,com.huawei.nearby,com.byd.trafficmonitor,com.byd.CanDataCollect,com.byd.customserver,com.ts.car.someip.service,com.byd.someipsystemservice,com.byd.updated,com.byd.sentrymode,com.byd.resmgr,com.example.amapservice,com.byd.autovoice.tts,com.byd.idclogcollect,com.byd.providers.carsettings,com.byd.dipilot.dms,com.byd.minikaraoke,android,com.byd.bydcamera,com.byd.upgradeserver,com.byd.softwareactivation,com.byd.cmgamecenter,com.byd.widget.mediacenter,com.byd.mediatesttool,com.byd.crosscontrol,com.byd.eventcenter,com.byd.musicwidget,com.byd.camera.remotectrl,com.byd.mycar,com.byd.ditrainer,com.byd.wirelesstools,com.byd.spotinspection,com.byd.clientconfigurationservice,com.byd.gpsinfo,com.byd.logswitch,com.byd.bydlogtool,com.byd.btlogtool,com.byd.airconditioning,com.byd.authservice,com.byd.autovoice.engine,com.android.providers.settings,com.byd.car.server,com.byd.mediapreview,com.byd.bluetoothcall,com.byd.customkey,com.android.location.fused,com.byd.screensaver,com.byd.bluetoothleservice,com.byd.cpdwarn,com.byd.networktethering,com.byd.smarttravel,com.byd.accountservice,com.byd.avc,com.byd.bluetoothprovider,com.android.voicereminder,com.byd.newotgupdate,com.byd.autovoice,com.android.keychain,com.byd.acquisitioncontrol,com.android.rsecenter,com.byd.sdcardservice,com.android.launcher3,com.byd.providers.carstatus,com.byd.diagnosticinfo,com.android.server.telecom,com.qualcomm.qti.services.secureui,com.byd.btsetting,com.byd.xcall,com.byd.checkandkill,com.byd.mediacontroller,com.byd.wallpaperhome,com.byd.vehicleconfig,com.byd.containerservice,com.byd.carsettings,com.byd.productlineota,com.byd.wfd.client,com.byd.wlan,com.byd.byddevelopmenttools,com.huawei.dmsdpdevice,com.byd.cloudserviceapp,com.byd.cameramanager,com.byd.gesture.global,com.byd.synclink,com.byd.WifiHotspotConnect,com.byd.appserver,com.byd.clientstatuscollectionservice,com.byd.silentinstaller,com.byd.otaupdate,com.byd.rapidmode]
        [com.qualcomm.qtil.btdsda,com.android.bluetooth]
        com.google.android.inputmethod.latin
      com.android.providers.calendar:
        [com.qti.diagservices,com.byd.miniprogram,com.byd.vehicledialog,com.byd.dishare,com.byd.amapservice,com.byd.cdr,com.byd.providers.appstartup,com.byd.otgupdate,com.android.wallpaperbackup,com.byd.byddatachecktool,com.byd.usertutorial,com.huawei.nearby,com.byd.trafficmonitor,com.byd.CanDataCollect,com.byd.customserver,com.ts.car.someip.service,com.byd.someipsystemservice,com.byd.updated,com.byd.sentrymode,com.byd.resmgr,com.example.amapservice,com.byd.autovoice.tts,com.byd.idclogcollect,com.byd.providers.carsettings,com.byd.dipilot.dms,com.byd.minikaraoke,android,com.byd.bydcamera,com.byd.upgradeserver,com.byd.softwareactivation,com.byd.cmgamecenter,com.byd.widget.mediacenter,com.byd.mediatesttool,com.byd.crosscontrol,com.byd.eventcenter,com.byd.musicwidget,com.byd.camera.remotectrl,com.byd.mycar,com.byd.ditrainer,com.byd.wirelesstools,com.byd.spotinspection,com.byd.clientconfigurationservice,com.byd.gpsinfo,com.byd.logswitch,com.byd.bydlogtool,com.byd.btlogtool,com.byd.airconditioning,com.byd.authservice,com.byd.autovoice.engine,com.android.providers.settings,com.byd.car.server,com.byd.mediapreview,com.byd.bluetoothcall,com.byd.customkey,com.android.location.fused,com.byd.screensaver,com.byd.bluetoothleservice,com.byd.cpdwarn,com.byd.networktethering,com.byd.smarttravel,com.byd.accountservice,com.byd.avc,com.byd.bluetoothprovider,com.android.voicereminder,com.byd.newotgupdate,com.byd.autovoice,com.android.keychain,com.byd.acquisitioncontrol,com.android.rsecenter,com.byd.sdcardservice,com.android.launcher3,com.byd.providers.carstatus,com.byd.diagnosticinfo,com.android.server.telecom,com.qualcomm.qti.services.secureui,com.byd.btsetting,com.byd.xcall,com.byd.checkandkill,com.byd.mediacontroller,com.byd.wallpaperhome,com.byd.vehicleconfig,com.byd.containerservice,com.byd.carsettings,com.byd.productlineota,com.byd.wfd.client,com.byd.wlan,com.byd.byddevelopmenttools,com.huawei.dmsdpdevice,com.byd.cloudserviceapp,com.byd.cameramanager,com.byd.gesture.global,com.byd.synclink,com.byd.WifiHotspotConnect,com.byd.appserver,com.byd.clientstatuscollectionservice,com.byd.silentinstaller,com.byd.otaupdate,com.byd.rapidmode]
      com.byd.appstore:
        com.byd.diLinkAccount
      com.byd.weatherhelper:
        com.android.systemui
      com.byd.pushservice:
--
        [com.qti.qualcomm.datastatusnotification,com.android.ons,com.qualcomm.qti.uceShimService,com.android.providers.telephony,com.qti.dpmserviceapp,com.android.phone,vendor.qti.imsrcs,com.qualcomm.qti.dynamicddsservice,com.xinsheng.videntityserver,com.qti.qualcomm.deviceinfo]
      com.android.webview:
        [com.qti.diagservices,com.byd.miniprogram,com.byd.vehicledialog,com.byd.dishare,com.byd.amapservice,com.byd.cdr,com.byd.providers.appstartup,com.byd.otgupdate,com.android.wallpaperbackup,com.byd.byddatachecktool,com.byd.usertutorial,com.huawei.nearby,com.byd.trafficmonitor,com.byd.CanDataCollect,com.byd.customserver,com.ts.car.someip.service,com.byd.someipsystemservice,com.byd.updated,com.byd.sentrymode,com.byd.resmgr,com.example.amapservice,com.byd.autovoice.tts,com.byd.idclogcollect,com.byd.providers.carsettings,com.byd.dipilot.dms,com.byd.minikaraoke,android,com.byd.bydcamera,com.byd.upgradeserver,com.byd.softwareactivation,com.byd.cmgamecenter,com.byd.widget.mediacenter,com.byd.mediatesttool,com.byd.crosscontrol,com.byd.eventcenter,com.byd.musicwidget,com.byd.camera.remotectrl,com.byd.mycar,com.byd.ditrainer,com.byd.wirelesstools,com.byd.spotinspection,com.byd.clientconfigurationservice,com.byd.gpsinfo,com.byd.logswitch,com.byd.bydlogtool,com.byd.btlogtool,com.byd.airconditioning,com.byd.authservice,com.byd.autovoice.engine,com.android.providers.settings,com.byd.car.server,com.byd.mediapreview,com.byd.bluetoothcall,com.byd.customkey,com.android.location.fused,com.byd.screensaver,com.byd.bluetoothleservice,com.byd.cpdwarn,com.byd.networktethering,com.byd.smarttravel,com.byd.accountservice,com.byd.avc,com.byd.bluetoothprovider,com.android.voicereminder,com.byd.newotgupdate,com.byd.autovoice,com.android.keychain,com.byd.acquisitioncontrol,com.android.rsecenter,com.byd.sdcardservice,com.android.launcher3,com.byd.providers.carstatus,com.byd.diagnosticinfo,com.android.server.telecom,com.qualcomm.qti.services.secureui,com.byd.btsetting,com.byd.xcall,com.byd.checkandkill,com.byd.mediacontroller,com.byd.wallpaperhome,com.byd.vehicleconfig,com.byd.containerservice,com.byd.carsettings,com.byd.productlineota,com.byd.wfd.client,com.byd.wlan,com.byd.byddevelopmenttools,com.huawei.dmsdpdevice,com.byd.cloudserviceapp,com.byd.cameramanager,com.byd.gesture.global,com.byd.synclink,com.byd.WifiHotspotConnect,com.byd.appserver,com.byd.clientstatuscollectionservice,com.byd.silentinstaller,com.byd.otaupdate,com.byd.rapidmode]
        com.byd.etc
        com.alipay.arome.app
        ru.yandex.music
        com.alphainventor.filemanager
      [com.qualcomm.qti.telephonyservice,com.qualcomm.qcrilmsgtunnel,com.qti.phone]:
        [com.qti.qualcomm.datastatusnotification,com.android.ons,com.qualcomm.qti.uceShimService,com.android.providers.telephony,com.qti.dpmserviceapp,com.android.phone,vendor.qti.imsrcs,com.qualcomm.qti.dynamicddsservice,com.xinsheng.videntityserver,com.qti.qualcomm.deviceinfo]
        com.android.systemui
      com.qualcomm.location:
        [com.qti.diagservices,com.byd.miniprogram,com.byd.vehicledialog,com.byd.dishare,com.byd.amapservice,com.byd.cdr,com.byd.providers.appstartup,com.byd.otgupdate,com.android.wallpaperbackup,com.byd.byddatachecktool,com.byd.usertutorial,com.huawei.nearby,com.byd.trafficmonitor,com.byd.CanDataCollect,com.byd.customserver,com.ts.car.someip.service,com.byd.someipsystemservice,com.byd.updated,com.byd.sentrymode,com.byd.resmgr,com.example.amapservice,com.byd.autovoice.tts,com.byd.idclogcollect,com.byd.providers.carsettings,com.byd.dipilot.dms,com.byd.minikaraoke,android,com.byd.bydcamera,com.byd.upgradeserver,com.byd.softwareactivation,com.byd.cmgamecenter,com.byd.widget.mediacenter,com.byd.mediatesttool,com.byd.crosscontrol,com.byd.eventcenter,com.byd.musicwidget,com.byd.camera.remotectrl,com.byd.mycar,com.byd.ditrainer,com.byd.wirelesstools,com.byd.spotinspection,com.byd.clientconfigurationservice,com.byd.gpsinfo,com.byd.logswitch,com.byd.bydlogtool,com.byd.btlogtool,com.byd.airconditioning,com.byd.authservice,com.byd.autovoice.engine,com.android.providers.settings,com.byd.car.server,com.byd.mediapreview,com.byd.bluetoothcall,com.byd.customkey,com.android.location.fused,com.byd.screensaver,com.byd.bluetoothleservice,com.byd.cpdwarn,com.byd.networktethering,com.byd.smarttravel,com.byd.accountservice,com.byd.avc,com.byd.bluetoothprovider,com.android.voicereminder,com.byd.newotgupdate,com.byd.autovoice,com.android.keychain,com.byd.acquisitioncontrol,com.android.rsecenter,com.byd.sdcardservice,com.android.launcher3,com.byd.providers.carstatus,com.byd.diagnosticinfo,com.android.server.telecom,com.qualcomm.qti.services.secureui,com.byd.btsetting,com.byd.xcall,com.byd.checkandkill,com.byd.mediacontroller,com.byd.wallpaperhome,com.byd.vehicleconfig,com.byd.containerservice,com.byd.carsettings,com.byd.productlineota,com.byd.wfd.client,com.byd.wlan,com.byd.byddevelopmenttools,com.huawei.dmsdpdevice,com.byd.cloudserviceapp,com.byd.cameramanager,com.byd.gesture.global,com.byd.synclink,com.byd.WifiHotspotConnect,com.byd.appserver,com.byd.clientstatuscollectionservice,com.byd.silentinstaller,com.byd.otaupdate,com.byd.rapidmode]
      org.codeaurora.ims:
        [com.qti.qualcomm.datastatusnotification,com.android.ons,com.qualcomm.qti.uceShimService,com.android.providers.telephony,com.qti.dpmserviceapp,com.android.phone,vendor.qti.imsrcs,com.qualcomm.qti.dynamicddsservice,com.xinsheng.videntityserver,com.qti.qualcomm.deviceinfo]
      com.android.carrierconfig:
        [com.qti.qualcomm.datastatusnotification,com.android.ons,com.qualcomm.qti.uceShimService,com.android.providers.telephony,com.qti.dpmserviceapp,com.android.phone,vendor.qti.imsrcs,com.qualcomm.qti.dynamicddsservice,com.xinsheng.videntityserver,com.qti.qualcomm.deviceinfo]
      com.android.systemui:
        [com.qti.diagservices,com.byd.miniprogram,com.byd.vehicledialog,com.byd.dishare,com.byd.amapservice,com.byd.cdr,com.byd.providers.appstartup,com.byd.otgupdate,com.android.wallpaperbackup,com.byd.byddatachecktool,com.byd.usertutorial,com.huawei.nearby,com.byd.trafficmonitor,com.byd.CanDataCollect,com.byd.customserver,com.ts.car.someip.service,com.byd.someipsystemservice,com.byd.updated,com.byd.sentrymode,com.byd.resmgr,com.example.amapservice,com.byd.autovoice.tts,com.byd.idclogcollect,com.byd.providers.carsettings,com.byd.dipilot.dms,com.byd.minikaraoke,android,com.byd.bydcamera,com.byd.upgradeserver,com.byd.softwareactivation,com.byd.cmgamecenter,com.byd.widget.mediacenter,com.byd.mediatesttool,com.byd.crosscontrol,com.byd.eventcenter,com.byd.musicwidget,com.byd.camera.remotectrl,com.byd.mycar,com.byd.ditrainer,com.byd.wirelesstools,com.byd.spotinspection,com.byd.clientconfigurationservice,com.byd.gpsinfo,com.byd.logswitch,com.byd.bydlogtool,com.byd.btlogtool,com.byd.airconditioning,com.byd.authservice,com.byd.autovoice.engine,com.android.providers.settings,com.byd.car.server,com.byd.mediapreview,com.byd.bluetoothcall,com.byd.customkey,com.android.location.fused,com.byd.screensaver,com.byd.bluetoothleservice,com.byd.cpdwarn,com.byd.networktethering,com.byd.smarttravel,com.byd.accountservice,com.byd.avc,com.byd.bluetoothprovider,com.android.voicereminder,com.byd.newotgupdate,com.byd.autovoice,com.android.keychain,com.byd.acquisitioncontrol,com.android.rsecenter,com.byd.sdcardservice,com.android.launcher3,com.byd.providers.carstatus,com.byd.diagnosticinfo,com.android.server.telecom,com.qualcomm.qti.services.secureui,com.byd.btsetting,com.byd.xcall,com.byd.checkandkill,com.byd.mediacontroller,com.byd.wallpaperhome,com.byd.vehicleconfig,com.byd.containerservice,com.byd.carsettings,com.byd.productlineota,com.byd.wfd.client,com.byd.wlan,com.byd.byddevelopmenttools,com.huawei.dmsdpdevice,com.byd.cloudserviceapp,com.byd.cameramanager,com.byd.gesture.global,com.byd.synclink,com.byd.WifiHotspotConnect,com.byd.appserver,com.byd.clientstatuscollectionservice,com.byd.silentinstaller,com.byd.otaupdate,com.byd.rapidmode]
      com.android.permissioncontroller:
        [com.qti.diagservices,com.byd.miniprogram,com.byd.vehicledialog,com.byd.dishare,com.byd.amapservice,com.byd.cdr,com.byd.providers.appstartup,com.byd.otgupdate,com.android.wallpaperbackup,com.byd.byddatachecktool,com.byd.usertutorial,com.huawei.nearby,com.byd.trafficmonitor,com.byd.CanDataCollect,com.byd.customserver,com.ts.car.someip.service,com.byd.someipsystemservice,com.byd.updated,com.byd.sentrymode,com.byd.resmgr,com.example.amapservice,com.byd.autovoice.tts,com.byd.idclogcollect,com.byd.providers.carsettings,com.byd.dipilot.dms,com.byd.minikaraoke,android,com.byd.bydcamera,com.byd.upgradeserver,com.byd.softwareactivation,com.byd.cmgamecenter,com.byd.widget.mediacenter,com.byd.mediatesttool,com.byd.crosscontrol,com.byd.eventcenter,com.byd.musicwidget,com.byd.camera.remotectrl,com.byd.mycar,com.byd.ditrainer,com.byd.wirelesstools,com.byd.spotinspection,com.byd.clientconfigurationservice,com.byd.gpsinfo,com.byd.logswitch,com.byd.bydlogtool,com.byd.btlogtool,com.byd.airconditioning,com.byd.authservice,com.byd.autovoice.engine,com.android.providers.settings,com.byd.car.server,com.byd.mediapreview,com.byd.bluetoothcall,com.byd.customkey,com.android.location.fused,com.byd.screensaver,com.byd.bluetoothleservice,com.byd.cpdwarn,com.byd.networktethering,com.byd.smarttravel,com.byd.accountservice,com.byd.avc,com.byd.bluetoothprovider,com.android.voicereminder,com.byd.newotgupdate,com.byd.autovoice,com.android.keychain,com.byd.acquisitioncontrol,com.android.rsecenter,com.byd.sdcardservice,com.android.launcher3,com.byd.providers.carstatus,com.byd.diagnosticinfo,com.android.server.telecom,com.qualcomm.qti.services.secureui,com.byd.btsetting,com.byd.xcall,com.byd.checkandkill,com.byd.mediacontroller,com.byd.wallpaperhome,com.byd.vehicleconfig,com.byd.containerservice,com.byd.carsettings,com.byd.productlineota,com.byd.wfd.client,com.byd.wlan,com.byd.byddevelopmenttools,com.huawei.dmsdpdevice,com.byd.cloudserviceapp,com.byd.cameramanager,com.byd.gesture.global,com.byd.synclink,com.byd.WifiHotspotConnect,com.byd.appserver,com.byd.clientstatuscollectionservice,com.byd.silentinstaller,com.byd.otaupdate,com.byd.rapidmode]
      com.android.providers.media.module:
        [com.qti.diagservices,com.byd.miniprogram,com.byd.vehicledialog,com.byd.dishare,com.byd.amapservice,com.byd.cdr,com.byd.providers.appstartup,com.byd.otgupdate,com.android.wallpaperbackup,com.byd.byddatachecktool,com.byd.usertutorial,com.huawei.nearby,com.byd.trafficmonitor,com.byd.CanDataCollect,com.byd.customserver,com.ts.car.someip.service,com.byd.someipsystemservice,com.byd.updated,com.byd.sentrymode,com.byd.resmgr,com.example.amapservice,com.byd.autovoice.tts,com.byd.idclogcollect,com.byd.providers.carsettings,com.byd.dipilot.dms,com.byd.minikaraoke,android,com.byd.bydcamera,com.byd.upgradeserver,com.byd.softwareactivation,com.byd.cmgamecenter,com.byd.widget.mediacenter,com.byd.mediatesttool,com.byd.crosscontrol,com.byd.eventcenter,com.byd.musicwidget,com.byd.camera.remotectrl,com.byd.mycar,com.byd.ditrainer,com.byd.wirelesstools,com.byd.spotinspection,com.byd.clientconfigurationservice,com.byd.gpsinfo,com.byd.logswitch,com.byd.bydlogtool,com.byd.btlogtool,com.byd.airconditioning,com.byd.authservice,com.byd.autovoice.engine,com.android.providers.settings,com.byd.car.server,com.byd.mediapreview,com.byd.bluetoothcall,com.byd.customkey,com.android.location.fused,com.byd.screensaver,com.byd.bluetoothleservice,com.byd.cpdwarn,com.byd.networktethering,com.byd.smarttravel,com.byd.accountservice,com.byd.avc,com.byd.bluetoothprovider,com.android.voicereminder,com.byd.newotgupdate,com.byd.autovoice,com.android.keychain,com.byd.acquisitioncontrol,com.android.rsecenter,com.byd.sdcardservice,com.android.launcher3,com.byd.providers.carstatus,com.byd.diagnosticinfo,com.android.server.telecom,com.qualcomm.qti.services.secureui,com.byd.btsetting,com.byd.xcall,com.byd.checkandkill,com.byd.mediacontroller,com.byd.wallpaperhome,com.byd.vehicleconfig,com.byd.containerservice,com.byd.carsettings,com.byd.productlineota,com.byd.wfd.client,com.byd.wlan,com.byd.byddevelopmenttools,com.huawei.dmsdpdevice,com.byd.cloudserviceapp,com.byd.cameramanager,com.byd.gesture.global,com.byd.synclink,com.byd.WifiHotspotConnect,com.byd.appserver,com.byd.clientstatuscollectionservice,com.byd.silentinstaller,com.byd.otaupdate,com.byd.rapidmode]
        com.android.shell
        com.android.externalstorage
        com.android.documentsui
        com.byd.mediacenter
        com.alphainventor.filemanager
        com.bydmate.app
      android.ext.services:
        [com.qti.diagservices,com.byd.miniprogram,com.byd.vehicledialog,com.byd.dishare,com.byd.amapservice,com.byd.cdr,com.byd.providers.appstartup,com.byd.otgupdate,com.android.wallpaperbackup,com.byd.byddatachecktool,com.byd.usertutorial,com.huawei.nearby,com.byd.trafficmonitor,com.byd.CanDataCollect,com.byd.customserver,com.ts.car.someip.service,com.byd.someipsystemservice,com.byd.updated,com.byd.sentrymode,com.byd.resmgr,com.example.amapservice,com.byd.autovoice.tts,com.byd.idclogcollect,com.byd.providers.carsettings,com.byd.dipilot.dms,com.byd.minikaraoke,android,com.byd.bydcamera,com.byd.upgradeserver,com.byd.softwareactivation,com.byd.cmgamecenter,com.byd.widget.mediacenter,com.byd.mediatesttool,com.byd.crosscontrol,com.byd.eventcenter,com.byd.musicwidget,com.byd.camera.remotectrl,com.byd.mycar,com.byd.ditrainer,com.byd.wirelesstools,com.byd.spotinspection,com.byd.clientconfigurationservice,com.byd.gpsinfo,com.byd.logswitch,com.byd.bydlogtool,com.byd.btlogtool,com.byd.airconditioning,com.byd.authservice,com.byd.autovoice.engine,com.android.providers.settings,com.byd.car.server,com.byd.mediapreview,com.byd.bluetoothcall,com.byd.customkey,com.android.location.fused,com.byd.screensaver,com.byd.bluetoothleservice,com.byd.cpdwarn,com.byd.networktethering,com.byd.smarttravel,com.byd.accountservice,com.byd.avc,com.byd.bluetoothprovider,com.android.voicereminder,com.byd.newotgupdate,com.byd.autovoice,com.android.keychain,com.byd.acquisitioncontrol,com.android.rsecenter,com.byd.sdcardservice,com.android.launcher3,com.byd.providers.carstatus,com.byd.diagnosticinfo,com.android.server.telecom,com.qualcomm.qti.services.secureui,com.byd.btsetting,com.byd.xcall,com.byd.checkandkill,com.byd.mediacontroller,com.byd.wallpaperhome,com.byd.vehicleconfig,com.byd.containerservice,com.byd.carsettings,com.byd.productlineota,com.byd.wfd.client,com.byd.wlan,com.byd.byddevelopmenttools,com.huawei.dmsdpdevice,com.byd.cloudserviceapp,com.byd.cameramanager,com.byd.gesture.global,com.byd.synclink,com.byd.WifiHotspotConnect,com.byd.appserver,com.byd.clientstatuscollectionservice,com.byd.silentinstaller,com.byd.otaupdate,com.byd.rapidmode]
      com.byd.softwareservice:
        com.byd.server.adasagent
      com.byd.weatherdata:
        [com.qti.diagservices,com.byd.miniprogram,com.byd.vehicledialog,com.byd.dishare,com.byd.amapservice,com.byd.cdr,com.byd.providers.appstartup,com.byd.otgupdate,com.android.wallpaperbackup,com.byd.byddatachecktool,com.byd.usertutorial,com.huawei.nearby,com.byd.trafficmonitor,com.byd.CanDataCollect,com.byd.customserver,com.ts.car.someip.service,com.byd.someipsystemservice,com.byd.updated,com.byd.sentrymode,com.byd.resmgr,com.example.amapservice,com.byd.autovoice.tts,com.byd.idclogcollect,com.byd.providers.carsettings,com.byd.dipilot.dms,com.byd.minikaraoke,android,com.byd.bydcamera,com.byd.upgradeserver,com.byd.softwareactivation,com.byd.cmgamecenter,com.byd.widget.mediacenter,com.byd.mediatesttool,com.byd.crosscontrol,com.byd.eventcenter,com.byd.musicwidget,com.byd.camera.remotectrl,com.byd.mycar,com.byd.ditrainer,com.byd.wirelesstools,com.byd.spotinspection,com.byd.clientconfigurationservice,com.byd.gpsinfo,com.byd.logswitch,com.byd.bydlogtool,com.byd.btlogtool,com.byd.airconditioning,com.byd.authservice,com.byd.autovoice.engine,com.android.providers.settings,com.byd.car.server,com.byd.mediapreview,com.byd.bluetoothcall,com.byd.customkey,com.android.location.fused,com.byd.screensaver,com.byd.bluetoothleservice,com.byd.cpdwarn,com.byd.networktethering,com.byd.smarttravel,com.byd.accountservice,com.byd.avc,com.byd.bluetoothprovider,com.android.voicereminder,com.byd.newotgupdate,com.byd.autovoice,com.android.keychain,com.byd.acquisitioncontrol,com.android.rsecenter,com.byd.sdcardservice,com.android.launcher3,com.byd.providers.carstatus,com.byd.diagnosticinfo,com.android.server.telecom,com.qualcomm.qti.services.secureui,com.byd.btsetting,com.byd.xcall,com.byd.checkandkill,com.byd.mediacontroller,com.byd.wallpaperhome,com.byd.vehicleconfig,com.byd.containerservice,com.byd.carsettings,com.byd.productlineota,com.byd.wfd.client,com.byd.wlan,com.byd.byddevelopmenttools,com.huawei.dmsdpdevice,com.byd.cloudserviceapp,com.byd.cameramanager,com.byd.gesture.global,com.byd.synclink,com.byd.WifiHotspotConnect,com.byd.appserver,com.byd.clientstatuscollectionservice,com.byd.silentinstaller,com.byd.otaupdate,com.byd.rapidmode]
        com.byd.weatherhelper
      com.qualcomm.uimremoteclient:
        [com.qti.qualcomm.datastatusnotification,com.android.ons,com.qualcomm.qti.uceShimService,com.android.providers.telephony,com.qti.dpmserviceapp,com.android.phone,vendor.qti.imsrcs,com.qualcomm.qti.dynamicddsservice,com.xinsheng.videntityserver,com.qti.qualcomm.deviceinfo]
      com.byd.car.icebox:
        [com.qti.diagservices,com.byd.miniprogram,com.byd.vehicledialog,com.byd.dishare,com.byd.amapservice,com.byd.cdr,com.byd.providers.appstartup,com.byd.otgupdate,com.android.wallpaperbackup,com.byd.byddatachecktool,com.byd.usertutorial,com.huawei.nearby,com.byd.trafficmonitor,com.byd.CanDataCollect,com.byd.customserver,com.ts.car.someip.service,com.byd.someipsystemservice,com.byd.updated,com.byd.sentrymode,com.byd.resmgr,com.example.amapservice,com.byd.autovoice.tts,com.byd.idclogcollect,com.byd.providers.carsettings,com.byd.dipilot.dms,com.byd.minikaraoke,android,com.byd.bydcamera,com.byd.upgradeserver,com.byd.softwareactivation,com.byd.cmgamecenter,com.byd.widget.mediacenter,com.byd.mediatesttool,com.byd.crosscontrol,com.byd.eventcenter,com.byd.musicwidget,com.byd.camera.remotectrl,com.byd.mycar,com.byd.ditrainer,com.byd.wirelesstools,com.byd.spotinspection,com.byd.clientconfigurationservice,com.byd.gpsinfo,com.byd.logswitch,com.byd.bydlogtool,com.byd.btlogtool,com.byd.airconditioning,com.byd.authservice,com.byd.autovoice.engine,com.android.providers.settings,com.byd.car.server,com.byd.mediapreview,com.byd.bluetoothcall,com.byd.customkey,com.android.location.fused,com.byd.screensaver,com.byd.bluetoothleservice,com.byd.cpdwarn,com.byd.networktethering,com.byd.smarttravel,com.byd.accountservice,com.byd.avc,com.byd.bluetoothprovider,com.android.voicereminder,com.byd.newotgupdate,com.byd.autovoice,com.android.keychain,com.byd.acquisitioncontrol,com.android.rsecenter,com.byd.sdcardservice,com.android.launcher3,com.byd.providers.carstatus,com.byd.diagnosticinfo,com.android.server.telecom,com.qualcomm.qti.services.secureui,com.byd.btsetting,com.byd.xcall,com.byd.checkandkill,com.byd.mediacontroller,com.byd.wallpaperhome,com.byd.vehicleconfig,com.byd.containerservice,com.byd.carsettings,com.byd.productlineota,com.byd.wfd.client,com.byd.wlan,com.byd.byddevelopmenttools,com.huawei.dmsdpdevice,com.byd.cloudserviceapp,com.byd.cameramanager,com.byd.gesture.global,com.byd.synclink,com.byd.WifiHotspotConnect,com.byd.appserver,com.byd.clientstatuscollectionservice,com.byd.silentinstaller,com.byd.otaupdate,com.byd.rapidmode]
      com.byd.yunnian:
        [com.qti.diagservices,com.byd.miniprogram,com.byd.vehicledialog,com.byd.dishare,com.byd.amapservice,com.byd.cdr,com.byd.providers.appstartup,com.byd.otgupdate,com.android.wallpaperbackup,com.byd.byddatachecktool,com.byd.usertutorial,com.huawei.nearby,com.byd.trafficmonitor,com.byd.CanDataCollect,com.byd.customserver,com.ts.car.someip.service,com.byd.someipsystemservice,com.byd.updated,com.byd.sentrymode,com.byd.resmgr,com.example.amapservice,com.byd.autovoice.tts,com.byd.idclogcollect,com.byd.providers.carsettings,com.byd.dipilot.dms,com.byd.minikaraoke,android,com.byd.bydcamera,com.byd.upgradeserver,com.byd.softwareactivation,com.byd.cmgamecenter,com.byd.widget.mediacenter,com.byd.mediatesttool,com.byd.crosscontrol,com.byd.eventcenter,com.byd.musicwidget,com.byd.camera.remotectrl,com.byd.mycar,com.byd.ditrainer,com.byd.wirelesstools,com.byd.spotinspection,com.byd.clientconfigurationservice,com.byd.gpsinfo,com.byd.logswitch,com.byd.bydlogtool,com.byd.btlogtool,com.byd.airconditioning,com.byd.authservice,com.byd.autovoice.engine,com.android.providers.settings,com.byd.car.server,com.byd.mediapreview,com.byd.bluetoothcall,com.byd.customkey,com.android.location.fused,com.byd.screensaver,com.byd.bluetoothleservice,com.byd.cpdwarn,com.byd.networktethering,com.byd.smarttravel,com.byd.accountservice,com.byd.avc,com.byd.bluetoothprovider,com.android.voicereminder,com.byd.newotgupdate,com.byd.autovoice,com.android.keychain,com.byd.acquisitioncontrol,com.android.rsecenter,com.byd.sdcardservice,com.android.launcher3,com.byd.providers.carstatus,com.byd.diagnosticinfo,com.android.server.telecom,com.qualcomm.qti.services.secureui,com.byd.btsetting,com.byd.xcall,com.byd.checkandkill,com.byd.mediacontroller,com.byd.wallpaperhome,com.byd.vehicleconfig,com.byd.containerservice,com.byd.carsettings,com.byd.productlineota,com.byd.wfd.client,com.byd.wlan,com.byd.byddevelopmenttools,com.huawei.dmsdpdevice,com.byd.cloudserviceapp,com.byd.cameramanager,com.byd.gesture.global,com.byd.synclink,com.byd.WifiHotspotConnect,com.byd.appserver,com.byd.clientstatuscollectionservice,com.byd.silentinstaller,com.byd.otaupdate,com.byd.rapidmode]
      ru.yandex.music:
        [com.qti.diagservices,com.byd.miniprogram,com.byd.vehicledialog,com.byd.dishare,com.byd.amapservice,com.byd.cdr,com.byd.providers.appstartup,com.byd.otgupdate,com.android.wallpaperbackup,com.byd.byddatachecktool,com.byd.usertutorial,com.huawei.nearby,com.byd.trafficmonitor,com.byd.CanDataCollect,com.byd.customserver,com.ts.car.someip.service,com.byd.someipsystemservice,com.byd.updated,com.byd.sentrymode,com.byd.resmgr,com.example.amapservice,com.byd.autovoice.tts,com.byd.idclogcollect,com.byd.providers.carsettings,com.byd.dipilot.dms,com.byd.minikaraoke,android,com.byd.bydcamera,com.byd.upgradeserver,com.byd.softwareactivation,com.byd.cmgamecenter,com.byd.widget.mediacenter,com.byd.mediatesttool,com.byd.crosscontrol,com.byd.eventcenter,com.byd.musicwidget,com.byd.camera.remotectrl,com.byd.mycar,com.byd.ditrainer,com.byd.wirelesstools,com.byd.spotinspection,com.byd.clientconfigurationservice,com.byd.gpsinfo,com.byd.logswitch,com.byd.bydlogtool,com.byd.btlogtool,com.byd.airconditioning,com.byd.authservice,com.byd.autovoice.engine,com.android.providers.settings,com.byd.car.server,com.byd.mediapreview,com.byd.bluetoothcall,com.byd.customkey,com.android.location.fused,com.byd.screensaver,com.byd.bluetoothleservice,com.byd.cpdwarn,com.byd.networktethering,com.byd.smarttravel,com.byd.accountservice,com.byd.avc,com.byd.bluetoothprovider,com.android.voicereminder,com.byd.newotgupdate,com.byd.autovoice,com.android.keychain,com.byd.acquisitioncontrol,com.android.rsecenter,com.byd.sdcardservice,com.android.launcher3,com.byd.providers.carstatus,com.byd.diagnosticinfo,com.android.server.telecom,com.qualcomm.qti.services.secureui,com.byd.btsetting,com.byd.xcall,com.byd.checkandkill,com.byd.mediacontroller,com.byd.wallpaperhome,com.byd.vehicleconfig,com.byd.containerservice,com.byd.carsettings,com.byd.productlineota,com.byd.wfd.client,com.byd.wlan,com.byd.byddevelopmenttools,com.huawei.dmsdpdevice,com.byd.cloudserviceapp,com.byd.cameramanager,com.byd.gesture.global,com.byd.synclink,com.byd.WifiHotspotConnect,com.byd.appserver,com.byd.clientstatuscollectionservice,com.byd.silentinstaller,com.byd.otaupdate,com.byd.rapidmode]
        com.android.webview
        com.android.systemui
      com.alphainventor.filemanager:
        com.android.externalstorage
        com.android.packageinstaller
        com.android.webview
      com.google.android.inputmethod.latin:
        [com.qti.diagservices,com.byd.miniprogram,com.byd.vehicledialog,com.byd.dishare,com.byd.amapservice,com.byd.cdr,com.byd.providers.appstartup,com.byd.otgupdate,com.android.wallpaperbackup,com.byd.byddatachecktool,com.byd.usertutorial,com.huawei.nearby,com.byd.trafficmonitor,com.byd.CanDataCollect,com.byd.customserver,com.ts.car.someip.service,com.byd.someipsystemservice,com.byd.updated,com.byd.sentrymode,com.byd.resmgr,com.example.amapservice,com.byd.autovoice.tts,com.byd.idclogcollect,com.byd.providers.carsettings,com.byd.dipilot.dms,com.byd.minikaraoke,android,com.byd.bydcamera,com.byd.upgradeserver,com.byd.softwareactivation,com.byd.cmgamecenter,com.byd.widget.mediacenter,com.byd.mediatesttool,com.byd.crosscontrol,com.byd.eventcenter,com.byd.musicwidget,com.byd.camera.remotectrl,com.byd.mycar,com.byd.ditrainer,com.byd.wirelesstools,com.byd.spotinspection,com.byd.clientconfigurationservice,com.byd.gpsinfo,com.byd.logswitch,com.byd.bydlogtool,com.byd.btlogtool,com.byd.airconditioning,com.byd.authservice,com.byd.autovoice.engine,com.android.providers.settings,com.byd.car.server,com.byd.mediapreview,com.byd.bluetoothcall,com.byd.customkey,com.android.location.fused,com.byd.screensaver,com.byd.bluetoothleservice,com.byd.cpdwarn,com.byd.networktethering,com.byd.smarttravel,com.byd.accountservice,com.byd.avc,com.byd.bluetoothprovider,com.android.voicereminder,com.byd.newotgupdate,com.byd.autovoice,com.android.keychain,com.byd.acquisitioncontrol,com.android.rsecenter,com.byd.sdcardservice,com.android.launcher3,com.byd.providers.carstatus,com.byd.diagnosticinfo,com.android.server.telecom,com.qualcomm.qti.services.secureui,com.byd.btsetting,com.byd.xcall,com.byd.checkandkill,com.byd.mediacontroller,com.byd.wallpaperhome,com.byd.vehicleconfig,com.byd.containerservice,com.byd.carsettings,com.byd.productlineota,com.byd.wfd.client,com.byd.wlan,com.byd.byddevelopmenttools,com.huawei.dmsdpdevice,com.byd.cloudserviceapp,com.byd.cameramanager,com.byd.gesture.global,com.byd.synclink,com.byd.WifiHotspotConnect,com.byd.appserver,com.byd.clientstatuscollectionservice,com.byd.silentinstaller,com.byd.otaupdate,com.byd.rapidmode]
        com.android.packageinstaller
        com.byd.launchermap
        com.android.systemui
        ru.yandex.music
        com.alphainventor.filemanager
        ru.yandex.yandexmaps
        com.unkwn2.yandexhud
      com.byd.dogwallpaper:
        [com.qti.diagservices,com.byd.miniprogram,com.byd.vehicledialog,com.byd.dishare,com.byd.amapservice,com.byd.cdr,com.byd.providers.appstartup,com.byd.otgupdate,com.android.wallpaperbackup,com.byd.byddatachecktool,com.byd.usertutorial,com.huawei.nearby,com.byd.trafficmonitor,com.byd.CanDataCollect,com.byd.customserver,com.ts.car.someip.service,com.byd.someipsystemservice,com.byd.updated,com.byd.sentrymode,com.byd.resmgr,com.example.amapservice,com.byd.autovoice.tts,com.byd.idclogcollect,com.byd.providers.carsettings,com.byd.dipilot.dms,com.byd.minikaraoke,android,com.byd.bydcamera,com.byd.upgradeserver,com.byd.softwareactivation,com.byd.cmgamecenter,com.byd.widget.mediacenter,com.byd.mediatesttool,com.byd.crosscontrol,com.byd.eventcenter,com.byd.musicwidget,com.byd.camera.remotectrl,com.byd.mycar,com.byd.ditrainer,com.byd.wirelesstools,com.byd.spotinspection,com.byd.clientconfigurationservice,com.byd.gpsinfo,com.byd.logswitch,com.byd.bydlogtool,com.byd.btlogtool,com.byd.airconditioning,com.byd.authservice,com.byd.autovoice.engine,com.android.providers.settings,com.byd.car.server,com.byd.mediapreview,com.byd.bluetoothcall,com.byd.customkey,com.android.location.fused,com.byd.screensaver,com.byd.bluetoothleservice,com.byd.cpdwarn,com.byd.networktethering,com.byd.smarttravel,com.byd.accountservice,com.byd.avc,com.byd.bluetoothprovider,com.android.voicereminder,com.byd.newotgupdate,com.byd.autovoice,com.android.keychain,com.byd.acquisitioncontrol,com.android.rsecenter,com.byd.sdcardservice,com.android.launcher3,com.byd.providers.carstatus,com.byd.diagnosticinfo,com.android.server.telecom,com.qualcomm.qti.services.secureui,com.byd.btsetting,com.byd.xcall,com.byd.checkandkill,com.byd.mediacontroller,com.byd.wallpaperhome,com.byd.vehicleconfig,com.byd.containerservice,com.byd.carsettings,com.byd.productlineota,com.byd.wfd.client,com.byd.wlan,com.byd.byddevelopmenttools,com.huawei.dmsdpdevice,com.byd.cloudserviceapp,com.byd.cameramanager,com.byd.gesture.global,com.byd.synclink,com.byd.WifiHotspotConnect,com.byd.appserver,com.byd.clientstatuscollectionservice,com.byd.silentinstaller,com.byd.otaupdate,com.byd.rapidmode]
      com.van.diplus:
        [com.qti.diagservices,com.byd.miniprogram,com.byd.vehicledialog,com.byd.dishare,com.byd.amapservice,com.byd.cdr,com.byd.providers.appstartup,com.byd.otgupdate,com.android.wallpaperbackup,com.byd.byddatachecktool,com.byd.usertutorial,com.huawei.nearby,com.byd.trafficmonitor,com.byd.CanDataCollect,com.byd.customserver,com.ts.car.someip.service,com.byd.someipsystemservice,com.byd.updated,com.byd.sentrymode,com.byd.resmgr,com.example.amapservice,com.byd.autovoice.tts,com.byd.idclogcollect,com.byd.providers.carsettings,com.byd.dipilot.dms,com.byd.minikaraoke,android,com.byd.bydcamera,com.byd.upgradeserver,com.byd.softwareactivation,com.byd.cmgamecenter,com.byd.widget.mediacenter,com.byd.mediatesttool,com.byd.crosscontrol,com.byd.eventcenter,com.byd.musicwidget,com.byd.camera.remotectrl,com.byd.mycar,com.byd.ditrainer,com.byd.wirelesstools,com.byd.spotinspection,com.byd.clientconfigurationservice,com.byd.gpsinfo,com.byd.logswitch,com.byd.bydlogtool,com.byd.btlogtool,com.byd.airconditioning,com.byd.authservice,com.byd.autovoice.engine,com.android.providers.settings,com.byd.car.server,com.byd.mediapreview,com.byd.bluetoothcall,com.byd.customkey,com.android.location.fused,com.byd.screensaver,com.byd.bluetoothleservice,com.byd.cpdwarn,com.byd.networktethering,com.byd.smarttravel,com.byd.accountservice,com.byd.avc,com.byd.bluetoothprovider,com.android.voicereminder,com.byd.newotgupdate,com.byd.autovoice,com.android.keychain,com.byd.acquisitioncontrol,com.android.rsecenter,com.byd.sdcardservice,com.android.launcher3,com.byd.providers.carstatus,com.byd.diagnosticinfo,com.android.server.telecom,com.qualcomm.qti.services.secureui,com.byd.btsetting,com.byd.xcall,com.byd.checkandkill,com.byd.mediacontroller,com.byd.wallpaperhome,com.byd.vehicleconfig,com.byd.containerservice,com.byd.carsettings,com.byd.productlineota,com.byd.wfd.client,com.byd.wlan,com.byd.byddevelopmenttools,com.huawei.dmsdpdevice,com.byd.cloudserviceapp,com.byd.cameramanager,com.byd.gesture.global,com.byd.synclink,com.byd.WifiHotspotConnect,com.byd.appserver,com.byd.clientstatuscollectionservice,com.byd.silentinstaller,com.byd.otaupdate,com.byd.rapidmode]
        com.android.shell
      ru.bydconnect:
        [com.qti.diagservices,com.byd.miniprogram,com.byd.vehicledialog,com.byd.dishare,com.byd.amapservice,com.byd.cdr,com.byd.providers.appstartup,com.byd.otgupdate,com.android.wallpaperbackup,com.byd.byddatachecktool,com.byd.usertutorial,com.huawei.nearby,com.byd.trafficmonitor,com.byd.CanDataCollect,com.byd.customserver,com.ts.car.someip.service,com.byd.someipsystemservice,com.byd.updated,com.byd.sentrymode,com.byd.resmgr,com.example.amapservice,com.byd.autovoice.tts,com.byd.idclogcollect,com.byd.providers.carsettings,com.byd.dipilot.dms,com.byd.minikaraoke,android,com.byd.bydcamera,com.byd.upgradeserver,com.byd.softwareactivation,com.byd.cmgamecenter,com.byd.widget.mediacenter,com.byd.mediatesttool,com.byd.crosscontrol,com.byd.eventcenter,com.byd.musicwidget,com.byd.camera.remotectrl,com.byd.mycar,com.byd.ditrainer,com.byd.wirelesstools,com.byd.spotinspection,com.byd.clientconfigurationservice,com.byd.gpsinfo,com.byd.logswitch,com.byd.bydlogtool,com.byd.btlogtool,com.byd.airconditioning,com.byd.authservice,com.byd.autovoice.engine,com.android.providers.settings,com.byd.car.server,com.byd.mediapreview,com.byd.bluetoothcall,com.byd.customkey,com.android.location.fused,com.byd.screensaver,com.byd.bluetoothleservice,com.byd.cpdwarn,com.byd.networktethering,com.byd.smarttravel,com.byd.accountservice,com.byd.avc,com.byd.bluetoothprovider,com.android.voicereminder,com.byd.newotgupdate,com.byd.autovoice,com.android.keychain,com.byd.acquisitioncontrol,com.android.rsecenter,com.byd.sdcardservice,com.android.launcher3,com.byd.providers.carstatus,com.byd.diagnosticinfo,com.android.server.telecom,com.qualcomm.qti.services.secureui,com.byd.btsetting,com.byd.xcall,com.byd.checkandkill,com.byd.mediacontroller,com.byd.wallpaperhome,com.byd.vehicleconfig,com.byd.containerservice,com.byd.carsettings,com.byd.productlineota,com.byd.wfd.client,com.byd.wlan,com.byd.byddevelopmenttools,com.huawei.dmsdpdevice,com.byd.cloudserviceapp,com.byd.cameramanager,com.byd.gesture.global,com.byd.synclink,com.byd.WifiHotspotConnect,com.byd.appserver,com.byd.clientstatuscollectionservice,com.byd.silentinstaller,com.byd.otaupdate,com.byd.rapidmode]
      com.bydmate.app:
        [com.qti.diagservices,com.byd.miniprogram,com.byd.vehicledialog,com.byd.dishare,com.byd.amapservice,com.byd.cdr,com.byd.providers.appstartup,com.byd.otgupdate,com.android.wallpaperbackup,com.byd.byddatachecktool,com.byd.usertutorial,com.huawei.nearby,com.byd.trafficmonitor,com.byd.CanDataCollect,com.byd.customserver,com.ts.car.someip.service,com.byd.someipsystemservice,com.byd.updated,com.byd.sentrymode,com.byd.resmgr,com.example.amapservice,com.byd.autovoice.tts,com.byd.idclogcollect,com.byd.providers.carsettings,com.byd.dipilot.dms,com.byd.minikaraoke,android,com.byd.bydcamera,com.byd.upgradeserver,com.byd.softwareactivation,com.byd.cmgamecenter,com.byd.widget.mediacenter,com.byd.mediatesttool,com.byd.crosscontrol,com.byd.eventcenter,com.byd.musicwidget,com.byd.camera.remotectrl,com.byd.mycar,com.byd.ditrainer,com.byd.wirelesstools,com.byd.spotinspection,com.byd.clientconfigurationservice,com.byd.gpsinfo,com.byd.logswitch,com.byd.bydlogtool,com.byd.btlogtool,com.byd.airconditioning,com.byd.authservice,com.byd.autovoice.engine,com.android.providers.settings,com.byd.car.server,com.byd.mediapreview,com.byd.bluetoothcall,com.byd.customkey,com.android.location.fused,com.byd.screensaver,com.byd.bluetoothleservice,com.byd.cpdwarn,com.byd.networktethering,com.byd.smarttravel,com.byd.accountservice,com.byd.avc,com.byd.bluetoothprovider,com.android.voicereminder,com.byd.newotgupdate,com.byd.autovoice,com.android.keychain,com.byd.acquisitioncontrol,com.android.rsecenter,com.byd.sdcardservice,com.android.launcher3,com.byd.providers.carstatus,com.byd.diagnosticinfo,com.android.server.telecom,com.qualcomm.qti.services.secureui,com.byd.btsetting,com.byd.xcall,com.byd.checkandkill,com.byd.mediacontroller,com.byd.wallpaperhome,com.byd.vehicleconfig,com.byd.containerservice,com.byd.carsettings,com.byd.productlineota,com.byd.wfd.client,com.byd.wlan,com.byd.byddevelopmenttools,com.huawei.dmsdpdevice,com.byd.cloudserviceapp,com.byd.cameramanager,com.byd.gesture.global,com.byd.synclink,com.byd.WifiHotspotConnect,com.byd.appserver,com.byd.clientstatuscollectionservice,com.byd.silentinstaller,com.byd.otaupdate,com.byd.rapidmode]
