05-30 18:59:58.477  2620  2620 D [Cluster]-AmapService: receive action:android.gpsinfo.fix.action.ALTITUDE_CHANGED
05-30 18:59:58.654  3251  2787 D BydMediaProviderObserver: notifyInsertOrUpdateScan:filePath=/storage/emulated/0/Download/hud_probe_1780156794/MTVfbG9nY2F0X2Jhc2VsaW5lLnR4dA==
05-30 18:59:58.656  3251  2787 I BydMediaProviderObserver: notifyScanFile: publish scan file:/storage/FFFF-FFFF/Download/hud_probe_1780156794/MTVfbG9nY2F0X2Jhc2VsaW5lLnR4dA==
05-30 18:59:58.834  4374 24806 D a       : isNetWorkReachable:  start www.baidu.com
05-30 18:59:59.167  4374 24806 D a       : ping isNetWorkReachable: inetAddress.isReachable true www.baidu.com
05-30 19:00:00.501 12092 12092 I apn3_stats: ping command for apn2:/system/bin/ping -c 1 -w 2 -s 1 www.baidu.com passed:1
05-30 19:00:00.546 23747 11431 E NaviController: [TBTNotify]onUpdateCruiseInfo roadName =
05-30 19:00:01.555 23747 11431 E NaviController: [TBTNotify]onUpdateCruiseInfo roadName =
05-30 19:00:02.375  3629  4069 I AlarmManager: setImpl wakeup alarm mPackageName=com.byd.CanDataCollect type=2 triggerAtMillis=72029441 nowMillis=1780156802375 nowRealtime=71969441 windowMillis=0 intervalMillis=0 operation=PendingIntent{5c4a1a2: android.os.BinderProxy@3445e33} listenerTag=null StackTrace=null
05-30 19:00:02.379  3629  4069 I AlarmManager: setImpl wakeup alarm mPackageName=com.byd.CanDataCollect type=2 triggerAtMillis=72029445 nowMillis=1780156802379 nowRealtime=71969445 windowMillis=0 intervalMillis=0 operation=PendingIntent{741d5f0: android.os.BinderProxy@dd76769} listenerTag=null StackTrace=null
05-30 19:00:02.479  2620  2620 D [Cluster]-AmapService: receive action:android.gpsinfo.fix.action.ALTITUDE_CHANGED
05-30 19:00:03.101  1090  1675 D InputDispatcher: debug_input pos:[293,1056], deviceId:3, displayId:0, pid:1940, e00ce4d NavigationBar0
05-30 19:00:03.103  1940  1940 D Custom_NaviItemView: dispatchTouchEvent ev.getAction() -> 0
05-30 19:00:03.103  1940  1940 D Custom_BaseNaviItem: updateNaviItemPressVisibility
05-30 19:00:03.103  1940  1940 D Custom_AppsItem: setNaviItemPressVisibility visibility :true
05-30 19:00:03.103  1940  1940 D Custom_NaviItemView: onTouchEvent ev.getAction() = 0 , ev.getX() = 7.0
05-30 19:00:03.111  1090  1166 D WindowManager: getTopPackageName =com.alphainventor.filemanager
05-30 19:00:03.120  1940  1940 D Custom_NaviItemView: dispatchTouchEvent ev.getAction() -> 2
05-30 19:00:03.120  1940  1940 D Custom_NaviItemView: onTouchEvent ev.getAction() = 2 , ev.getX() = 7.0
05-30 19:00:03.137  1940  1940 D Custom_NaviItemView: dispatchTouchEvent ev.getAction() -> 2
05-30 19:00:03.137  1940  1940 D Custom_NaviItemView: onTouchEvent ev.getAction() = 2 , ev.getX() = 7.0
05-30 19:00:03.154  1940  1940 D Custom_NaviItemView: dispatchTouchEvent ev.getAction() -> 2
05-30 19:00:03.154  1940  1940 D Custom_NaviItemView: onTouchEvent ev.getAction() = 2 , ev.getX() = 7.0
05-30 19:00:03.161  1940  1940 D Custom_NaviItemView: dispatchTouchEvent ev.getAction() -> 2
05-30 19:00:03.161  1940  1940 D Custom_NaviItemView: onTouchEvent ev.getAction() = 2 , ev.getX() = 7.0
05-30 19:00:03.162  1940  1940 D Custom_NaviItemView: dispatchTouchEvent ev.getAction() -> 1
05-30 19:00:03.162  1940  1940 D Custom_BaseNaviItem: updateNaviItemPressVisibility
05-30 19:00:03.162  1940  1940 D Custom_AppsItem: setNaviItemPressVisibility visibility :false
05-30 19:00:03.162  1940  1940 D Custom_NavigationBarController: cancelGesture
05-30 19:00:03.162  1940  1940 D Custom_NavigationBarController: cancelGesture cancel
05-30 19:00:03.162  1940  1940 D Custom_NaviGestureDetectorCompat: cancelGesture
05-30 19:00:03.162  1940  1940 D Custom_NaviGestureDetectorCompat: cancelTaps
05-30 19:00:03.162  1940  1940 D Custom_NaviItemView: dispatchTouchEvent edit = false , upDistanceX = 0 , upDistanceY = 0 , upTime 59 , tapTime = 480
05-30 19:00:03.162  1940  1940 D Custom_BaseNaviItem: onItemClick
05-30 19:00:03.163  1940  1940 D Custom_BaseNaviItem: closeAllDialog isIgnoreCloseStatusBarDialog = false
05-30 19:00:03.163  1940  1940 D Custom_AppsItem: onNaviItemClick
05-30 19:00:03.163  1940  1940 D Custom_BaseNaviItem: isInPowerOnGuide bootBusiness:activated bootSubBusiness:null
05-30 19:00:03.171  1090  1742 D StreamFocusControl: streamType is STREAM_NAVI or STREAM_SYSTEM
05-30 19:00:03.181  1090 22092 D InsetsPolicy: focusedWin : com.alphainventor.filemanager, Window{f0d9619 u0 com.alphainventor.filemanager/com.alphainventor.filemanager.activity.MainActivity}
05-30 19:00:03.181  1090 22092 D InsetsPolicy: statusControlTarget : com.alphainventor.filemanager, Window{f0d9619 u0 com.alphainventor.filemanager/com.alphainventor.filemanager.activity.MainActivity}, System ui Visible : true
05-30 19:00:03.186  1940  1940 D Custom_NaviItemView: onTouchEvent ev.getAction() = 1 , ev.getX() = 7.0
05-30 19:00:03.187   379   379 D SurfaceFlinger: debug_focus 7 visible 0 window=bbq-wrapper#2#110(show:na,0), bbq-wrapper#1#78(show:na,0), c5c54ea com.byd.launchermap#3186(show:na,0), SurfaceView[](BLAST)#0#3189(show:na,0), e00ce4d NavigationBar0#105(show:na,0), 1f0427b StatusBar#106(show:na,0), 19a2894 com.van.diplus#3233(show:na,0), ced5dca com.bydmate.app#3202(show:na,0), 198612a ActivityRecordInputSink com.android.launcher3/.Launcher#3287(hide:ActivityRecord{66334b8 u0 com.android.launcher3/.Launcher#0#3282,0), f0d9619 com.alphainventor.filemanager/com.alphainventor.filemanager.activity.MainActivity#3305(show:na,1), 7559524 ActivityRecordInputSink com.alphainventor.filemanager/.activity.MainActivity#3302(show:na,0), a07e18f ActivityRecordInputSink com.android.launcher3/.home.MainActivity#3164(hide:ActivityRecord{b0ea5fa u0 com.android.launcher3/.home.MainActivity#0#3162,0), Wallpaper BBQ wrapper#0#76(hide:com.byd.dogwallpaper.VideoDogWallPaperService#0#75,0), 8c
05-30 19:00:03.188   379   379 D SurfaceFlinger: debug_focus 7 visible 1 window=2a94f com.byd.dogwallpaper.VideoDogWallPaperService#75(hide:com.byd.dogwallpaper.VideoDogWallPaperService#0#75,0), 
05-30 19:00:03.191  1090 22092 D WindowManager: rotationForOrientation orientation: -1 runningPkg: com.android.launcher3 lastRotation: 0
05-30 19:00:03.191  1090 22092 D WindowManager: debug_draw rotationForActivityInDifferentOrientation currentRotation:0 rotation:0
05-30 19:00:03.191  1090 22092 D WindowManager: rotationForOrientation orientation: -1 runningPkg: com.android.launcher3 lastRotation: 0
05-30 19:00:03.191  1090 22092 D WindowManager: rotationForOrientation orientation: -1 runningPkg: com.android.launcher3 lastRotation: 0
05-30 19:00:03.191  1090 22092 D WindowManager: debug_draw rotationForActivityInDifferentOrientation currentRotation:0 rotation:0
05-30 19:00:03.192  1090 22092 D WindowManager: Defer requestTraversal mDeferDepth=1
05-30 19:00:03.192  1940  1940 D CustomStatusBarController: removeWirelessChargeWindow is removing or not is added
05-30 19:00:03.193  1090 22092 D InsetsPolicy: focusedWin : com.alphainventor.filemanager, Window{f0d9619 u0 com.alphainventor.filemanager/com.alphainventor.filemanager.activity.MainActivity}
05-30 19:00:03.193  1090 22092 D InsetsPolicy: statusControlTarget : com.alphainventor.filemanager, Window{f0d9619 u0 com.alphainventor.filemanager/com.alphainventor.filemanager.activity.MainActivity}, System ui Visible : true
05-30 19:00:03.196  1090  1169 D InputMonitor: debug_focus window:Window{f0d9619 u0 com.alphainventor.filemanager/com.alphainventor.filemanager.activity.MainActivity} hasSurface:true
05-30 19:00:03.196  1090  1169 D InputMonitor: debug_focus Focus not requested for window:Window{f0d9619 u0 com.alphainventor.filemanager/com.alphainventor.filemanager.activity.MainActivity} because it has no surface or is not focusable.
05-30 19:00:03.198  2279  2701 D AppTaskManager: onTaskMovedToFront: TaskInfo{userId=0 taskId=130 displayId=0 isRunning=true baseIntent=Intent { act=android.intent.action.MAIN cat=[android.intent.category.LAUNCHER_APP] flg=0x10200000 pkg=com.android.launcher3 cmp=com.android.launcher3/.Launcher } baseActivity=ComponentInfo{com.android.launcher3/com.android.launcher3.Launcher} topActivity=ComponentInfo{com.android.launcher3/com.android.launcher3.Launcher} origActivity=null realActivity=ComponentInfo{com.android.launcher3/com.android.launcher3.Launcher} numActivities=1 lastActiveTime=71893196 supportsSplitScreenMultiWindow=false supportsMultiWindow=false resizeMode=0 isResizeable=false token=WCT{android.window.IWindowContainerToken$Stub$Proxy@531d957} topActivityType=1 pictureInPictureParams=PictureInPictureParams( aspectRatio=null sourceRectHint=null hasSetActions=false isAutoPipEnabled=false isSeamlessResizeEnabled=true) displayCutoutSafeInsets=null topActivityInfo=ActivityInfo{6bc3c44 com.android.launcher3.Launcher} launchCookies=[] positionInParent=Point(0, 0) parentTaskId=-1 isFocused=false isVisible=false isSleeping=false topActivityInSizeCompat=false locusId=null displayAreaFeatureId=1}
05-30 19:00:03.200  1940  1940 D BarIconController: setPackageNameForStatusAndNaviationBar name=com.android.launcher3
05-30 19:00:03.201  2279  2639 D AppTaskManager: handleTaskStackChanged: default display top app = AppTaskInfo{taskId=130, displayId=0, topChildTaskId=130, topActivity=ComponentInfo{com.android.launcher3/com.android.launcher3.Launcher}, realActivity=ComponentInfo{com.android.launcher3/com.android.launcher3.Launcher}, windowingMode=1, isPinned=false, isVisible=true, childTaskBounds=[Rect(0, 0 - 1920, 1080)], orientation=2}
05-30 19:00:03.201  2279  2639 D AppTaskManager: handleTaskStackChanged: default display second app = AppTaskInfo{taskId=131, displayId=0, topChildTaskId=131, topActivity=ComponentInfo{com.alphainventor.filemanager/com.alphainventor.filemanager.activity.MainActivity}, realActivity=ComponentInfo{com.alphainventor.filemanager/com.alphainventor.filemanager.activity.MainActivity}, windowingMode=1, isPinned=false, isVisible=false, childTaskBounds=[Rect(0, 0 - 1920, 1080)], orientation=2}
05-30 19:00:03.201  2279  2639 D AppTaskManager: handleTaskStackChanged: default display third app = AppTaskInfo{taskId=123, displayId=0, topChildTaskId=124, topActivity=ComponentInfo{com.android.launcher3/com.android.launcher3.home.MainActivity}, realActivity=null, windowingMode=1, isPinned=false, isVisible=false, childTaskBounds=[Rect(0, 0 - 1920, 1080)], orientation=2}
05-30 19:00:03.207  1940  1940 D BydNavigationBar: setSplitNavViewShow isShow =false
05-30 19:00:03.207  1940  1940 I BarIconController: updateStatusNaviBarBackground :mPackageName:com.android.launcher3 mActivityName:com.alphainventor.filemanager.activity.MainActivity
05-30 19:00:03.207  1940  1940 D BarIconController: setNavigationBarBackground packageName  = com.android.launcher3 , activityName = com.alphainventor.filemanager.activity.MainActivity mDivider = false
05-30 19:00:03.207  1940  1940 D Custom_NavigationBarController: updateNavBarIcon packageName = com.android.launcher3 , activityName = com.alphainventor.filemanager.activity.MainActivity
05-30 19:00:03.207  1940  1940 D Custom_NavigationBarController: updateNaviIconColor colorId = 2131100140 , mColorId = 2131100140
05-30 19:00:03.207  1940  1940 D Custom_NavigationBarController: isThirdApp, isTransparentStatusNaviBar return false
05-30 19:00:03.207  1940  1940 D Custom_NavigationBarController: isBlur, packageName = com.android.launcher3, activityName = com.alphainventor.filemanager.activity.MainActivity
05-30 19:00:03.208  1940  1940 D Custom_NavigationBarView: setBackgroundBlur isAdd = true
05-30 19:00:03.208  1940  1940 D BarIconController: setPackageNameForStatusAndNaviationBar isThirdApp:false
05-30 19:00:03.209  1090  1109 D InsetsPolicy: focusedWin : com.alphainventor.filemanager, Window{f0d9619 u0 com.alphainventor.filemanager/com.alphainventor.filemanager.activity.MainActivity}
05-30 19:00:03.209  1090  1109 D InsetsPolicy: statusControlTarget : com.alphainventor.filemanager, Window{f0d9619 u0 com.alphainventor.filemanager/com.alphainventor.filemanager.activity.MainActivity}, System ui Visible : true
05-30 19:00:03.212  1090  1109 W WindowManager: debug_focus Changing focus from Window{f0d9619 u0 com.alphainventor.filemanager/com.alphainventor.filemanager.activity.MainActivity} to null displayId=0 Callers=com.android.server.wm.RootWindowContainer.updateFocusedWindowLocked:525 com.android.server.wm.WindowManagerService.updateFocusedWindowLocked:6098 com.android.server.wm.WindowManagerService.relayoutWindow:2536 com.android.server.wm.Session.relayout:244 
05-30 19:00:03.212  1090  1109 D InsetsPolicy: focusedWin : com.alphainventor.filemanager, Window{f0d9619 u0 com.alphainventor.filemanager/com.alphainventor.filemanager.activity.MainActivity}
05-30 19:00:03.212  1090  1109 D InsetsPolicy: statusControlTarget : com.alphainventor.filemanager, Window{f0d9619 u0 com.alphainventor.filemanager/com.alphainventor.filemanager.activity.MainActivity}, System ui Visible : true
05-30 19:00:03.221   379   379 D SurfaceFlinger: debug_focus 7 visible 0 window=bbq-wrapper#2#110(show:na,0), bbq-wrapper#1#78(show:na,0), c5c54ea com.byd.launchermap#3186(show:na,0), SurfaceView[](BLAST)#0#3189(show:na,0), e00ce4d NavigationBar0#105(show:na,0), 1f0427b StatusBar#106(show:na,0), 19a2894 com.van.diplus#3233(show:na,0), ced5dca com.bydmate.app#3202(show:na,0), 198612a ActivityRecordInputSink com.android.launcher3/.Launcher#3287(hide:ActivityRecord{66334b8 u0 com.android.launcher3/.Launcher#0#3282,0), f0d9619 com.alphainventor.filemanager/com.alphainventor.filemanager.activity.MainActivity#3305(show:na,0), 7559524 ActivityRecordInputSink com.alphainventor.filemanager/.activity.MainActivity#3302(show:na,0), a07e18f ActivityRecordInputSink com.android.launcher3/.home.MainActivity#3164(hide:ActivityRecord{b0ea5fa u0 com.android.launcher3/.home.MainActivity#0#3162,0), Wallpaper BBQ wrapper#0#76(hide:com.byd.dogwallpaper.VideoDogWallPaperService#0#75,0), 8c
05-30 19:00:03.221   379   379 D SurfaceFlinger: debug_focus 7 visible 1 window=2a94f com.byd.dogwallpaper.VideoDogWallPaperService#75(hide:com.byd.dogwallpaper.VideoDogWallPaperService#0#75,0), 
05-30 19:00:03.226  1090  3526 D InputDispatcher: debug_focus setInputWindowsLocked onFocusChangedLocked, reason: NO_WINDOW
05-30 19:00:03.237  1090 22092 D WindowManager: debug_draw createSurface:mDrawState=DRAW_PENDING for:Window{98a2e94 u0 com.android.launcher3/com.android.launcher3.Launcher}
05-30 19:00:03.237  1090 22092 D WindowManager: debug_draw resetDrawState: mDrawState=DRAW_PENDING for:Window{98a2e94 u0 com.android.launcher3/com.android.launcher3.Launcher}
05-30 19:00:03.237  1090 22092 D WindowManager: debug_draw makeSurface with name:com.android.launcher3/com.android.launcher3.Launcher
05-30 19:00:03.239  1090 22092 V WindowManager: debug_draw Created surface WindowStateAnimator{525a000 com.android.launcher3/com.android.launcher3.Launcher}
05-30 19:00:03.240  1090 22092 D InsetsPolicy: focusedWin : com.alphainventor.filemanager, Window{f0d9619 u0 com.alphainventor.filemanager/com.alphainventor.filemanager.activity.MainActivity}
05-30 19:00:03.240  1090 22092 D InsetsPolicy: statusControlTarget : com.alphainventor.filemanager, Window{f0d9619 u0 com.alphainventor.filemanager/com.alphainventor.filemanager.activity.MainActivity}, System ui Visible : true
05-30 19:00:03.242  1090 22092 W WindowManager: debug_focus Changing focus from null to Window{98a2e94 u0 com.android.launcher3/com.android.launcher3.Launcher} displayId=0 Callers=com.android.server.wm.RootWindowContainer.updateFocusedWindowLocked:525 com.android.server.wm.WindowManagerService.updateFocusedWindowLocked:6098 com.android.server.wm.WindowManagerService.relayoutWindow:2536 com.android.server.wm.Session.relayout:244 
05-30 19:00:03.245   379  1671 D Layer   : de_layer create layer name=Surface(name=e00ce4d NavigationBar0)/@0x23f5619 - animation-leash of insets_animation#1, layerId=3314, ownerUid=1000, pid=1090
05-30 19:00:03.245  1090 22092 D InsetsPolicy: focusedWin : com.android.launcher3, Window{98a2e94 u0 com.android.launcher3/com.android.launcher3.Launcher}
05-30 19:00:03.245  1090 22092 D InsetsPolicy: statusControlTarget : com.android.launcher3, Window{98a2e94 u0 com.android.launcher3/com.android.launcher3.Launcher}, System ui Visible : true
05-30 19:00:03.246  1090 22092 D InputMonitor: debug_focus Input focus has changed to Window{98a2e94 u0 com.android.launcher3/com.android.launcher3.Launcher}  on display:0
05-30 19:00:03.246  1090  1169 D InputMonitor: debug_focus Focus requested for window:98a2e94 com.android.launcher3/com.android.launcher3.Launcher
05-30 19:00:03.247  1940  1940 D SceneModeManager: setActivityNameForStatusAndNavigaitonBar currentIviActivityName=com.android.launcher3.Launcher name=com.android.launcher3.Launcher
05-30 19:00:03.249  1940  1940 D BarIconController: setActivityNameForStatusAndNavigaitonBar name=com.android.launcher3.Launcher
05-30 19:00:03.255   379   379 D SurfaceFlinger: debug_focus 7 visible 0 window=bbq-wrapper#2#110(show:na,0), bbq-wrapper#1#78(show:na,0), c5c54ea com.byd.launchermap#3186(show:na,0), SurfaceView[](BLAST)#0#3189(show:na,0), e00ce4d NavigationBar0#105(show:na,0), 1f0427b StatusBar#106(show:na,0), 19a2894 com.van.diplus#3233(show:na,0), ced5dca com.bydmate.app#3202(show:na,0), com.android.launcher3/com.android.launcher3.Launcher#0#3312(hide:ActivityRecord{66334b8 u0 com.android.launcher3/.Launcher#0#3282,0), 198612a ActivityRecordInputSink com.android.launcher3/.Launcher#3287(hide:ActivityRecord{66334b8 u0 com.android.launcher3/.Launcher#0#3282,0), f0d9619 com.alphainventor.filemanager/com.alphainventor.filemanager.activity.MainActivity#3305(show:na,0), 7559524 ActivityRecordInputSink com.alphainventor.filemanager/.activity.MainActivity#3302(show:na,0), a07e18f ActivityRecordInputSink com.android.launcher3/.home.MainActivity#3164(hide:ActivityRecord{b0ea5fa u0 com.and
05-30 19:00:03.255   379   379 D SurfaceFlinger: debug_focus 7 visible 1 window=roid.launcher3/.home.MainActivity#0#3162,0), Wallpaper BBQ wrapper#0#76(hide:com.byd.dogwallpaper.VideoDogWallPaperService#0#75,0), 8c2a94f com.byd.dogwallpaper.VideoDogWallPaperService#75(hide:com.byd.dogwallpaper.VideoDogWallPaperService#0#75,0), 
05-30 19:00:03.256  1090  1169 D SurfaceComposerClient: debug_draw Transaction#apply focusRequest=(windowname=98a2e94 com.android.launcher3/com.android.launcher3.Launcher displayid=0) 
05-30 19:00:03.263  1940  3143 D BarIconController: setActivityNameForStatusAndNavigaitonBar mRolePackageName=com.android.launcher3
05-30 19:00:03.271   379   379 D Layer   : de_layer destroy layer name=Surface(name=e00ce4d NavigationBar0)/@0x23f5619 - animation-leash of insets_animation#0, layerId=3307, ownerUid=1000, pid=1090
05-30 19:00:03.272   379   379 D SurfaceFlinger: debug_focus 7 visible 0 window=bbq-wrapper#2#110(show:na,0), bbq-wrapper#1#78(show:na,0), c5c54ea com.byd.launchermap#3186(show:na,0), SurfaceView[](BLAST)#0#3189(show:na,0), e00ce4d NavigationBar0#105(show:na,0), 1f0427b StatusBar#106(show:na,0), 19a2894 com.van.diplus#3233(show:na,0), ced5dca com.bydmate.app#3202(show:na,0), 98a2e94 com.android.launcher3/com.android.launcher3.Launcher#3312(hide:ActivityRecord{66334b8 u0 com.android.launcher3/.Launcher#0#3282,1), 198612a ActivityRecordInputSink com.android.launcher3/.Launcher#3287(hide:ActivityRecord{66334b8 u0 com.android.launcher3/.Launcher#0#3282,0), f0d9619 com.alphainventor.filemanager/com.alphainventor.filemanager.activity.MainActivity#3305(show:na,0), 7559524 ActivityRecordInputSink com.alphainventor.filemanager/.activity.MainActivity#3302(show:na,0), a07e18f ActivityRecordInputSink com.android.launcher3/.home.MainActivity#3164(hide:ActivityRecord{b0ea5fa u0 c
05-30 19:00:03.272   379   379 D SurfaceFlinger: debug_focus 7 visible 1 window=om.android.launcher3/.home.MainActivity#0#3162,0), Wallpaper BBQ wrapper#0#76(hide:com.byd.dogwallpaper.VideoDogWallPaperService#0#75,0), 8c2a94f com.byd.dogwallpaper.VideoDogWallPaperService#75(hide:com.byd.dogwallpaper.VideoDogWallPaperService#0#75,0), 
05-30 19:00:03.278 15587 15587 I Card.CardWindowService: onBusEvent,what=2010001,data=com.android.launcher3/.Launcher
05-30 19:00:03.278 15587 15587 I Card.BaseFloatingWindow: onBusEvent,what=2010001,data=com.android.launcher3/.Launcher
05-30 19:00:03.278 15587 15587 I Card.CardBarWindowDelegate: onBusEvent,what=2010001,event=com.android.launcher3/.Launcher
05-30 19:00:03.281  1940  3143 D BarIconController: setActivityNameForStatusAndNavigaitonBar displayId:0
05-30 19:00:03.282  1940  1940 I BarIconController: updateStatusNaviBarBackground :mPackageName:com.android.launcher3 mActivityName:com.android.launcher3.Launcher
05-30 19:00:03.282  1940  1940 D BarIconController: setNavigationBarBackground packageName  = com.android.launcher3 , activityName = com.android.launcher3.Launcher mDivider = false
05-30 19:00:03.282  1090  1109 D WindowManager: debug_draw finishDrawingWindow: mDrawState =DRAW_PENDING for:Window{98a2e94 u0 com.android.launcher3/com.android.launcher3.Launcher}
05-30 19:00:03.282  1940  1940 D Custom_NavigationBarController: updateNavBarIcon packageName = com.android.launcher3 , activityName = com.android.launcher3.Launcher
05-30 19:00:03.282  1090  1109 D WindowManager: debug_draw finishDrawingLocked: mDrawState=COMMIT_DRAW_PENDING for:Window{98a2e94 u0 com.android.launcher3/com.android.launcher3.Launcher}
05-30 19:00:03.282  1940  1940 D Custom_NavigationBarController: updateNaviIconColor colorId = 2131100140 , mColorId = 2131100140
05-30 19:00:03.282  1940  1940 D Custom_NavigationBarController: isThirdApp, isTransparentStatusNaviBar return false
05-30 19:00:03.282  1940  1940 D Custom_NavigationBarController: isBlur, packageName = com.android.launcher3, activityName = com.android.launcher3.Launcher
05-30 19:00:03.282  1940  1940 D Custom_NavigationBarView: setBackgroundBlur isAdd = true
05-30 19:00:03.282  1940  1940 D BarIconController: setActivityNameForStatusAndNavigaitonBar isThirdApp:false
05-30 19:00:03.282  1090 23277 D InputDispatcher: debug_focus setFocusedWindow request for 98a2e94 com.android.launcher3/com.android.launcher3.Launcher 
05-30 19:00:03.283  1090 23277 D FocusResolver: debug_focus Waiting for window 98a2e94 com.android.launcher3/com.android.launcher3.Launcher because NOT_VISIBLE
05-30 19:00:03.284  1090  1169 D InsetsPolicy: focusedWin : com.android.launcher3, Window{98a2e94 u0 com.android.launcher3/com.android.launcher3.Launcher}
05-30 19:00:03.284  1090  1169 D InsetsPolicy: statusControlTarget : com.android.launcher3, Window{98a2e94 u0 com.android.launcher3/com.android.launcher3.Launcher}, System ui Visible : true
05-30 19:00:03.284  1090  1169 D WindowManager: debug_draw commitFinishDrawingLocked: mDrawState=READY_TO_SHOW for:Window{98a2e94 u0 com.android.launcher3/com.android.launcher3.Launcher}
05-30 19:00:03.294  4374  4414 D AppMangerBaseUtils: checkAppInstalled Pakage NameNotFound pkgName=com.byd.naviauto
05-30 19:00:03.305  1090  1169 D WindowManager: debug_draw performShowLocked:mDrawState=HAS_DRAWN in:Window{98a2e94 u0 com.android.launcher3/com.android.launcher3.Launcher}
05-30 19:00:03.305  1090  1169 D WindowManager: getClosingTasks skip list:{}
05-30 19:00:03.311  4374  4414 D AppMangerBaseUtils: checkAppInstalled Pakage NameNotFound pkgName=com.byd.naviauto
05-30 19:00:03.318  1090  1169 D InsetsPolicy: focusedWin : com.android.launcher3, Window{98a2e94 u0 com.android.launcher3/com.android.launcher3.Launcher}
05-30 19:00:03.318  1090  1169 D InsetsPolicy: statusControlTarget : com.android.launcher3, Window{98a2e94 u0 com.android.launcher3/com.android.launcher3.Launcher}, System ui Visible : true
05-30 19:00:03.319  1090  1169 D WindowManager: debug_draw WSC#showRobustly window=com.android.launcher3/com.android.launcher3.Launcher
05-30 19:00:03.321  4374  4414 D AppMangerBaseUtils: checkAppInstalled Pakage NameNotFound pkgName=com.byd.naviauto
05-30 19:00:03.321   379   379 D SurfaceFlinger: debug_focus 7 visible 0 window=bbq-wrapper#2#110(show:na,0), bbq-wrapper#1#78(show:na,0), c5c54ea com.byd.launchermap#3186(show:na,0), SurfaceView[](BLAST)#0#3189(show:na,0), e00ce4d NavigationBar0#105(show:na,0), 1f0427b StatusBar#106(show:na,0), 19a2894 com.van.diplus#3233(show:na,0), ced5dca com.bydmate.app#3202(show:na,0), 98a2e94 com.android.launcher3/com.android.launcher3.Launcher#3312(show:na,1), 198612a ActivityRecordInputSink com.android.launcher3/.Launcher#3287(show:na,0), f0d9619 com.alphainventor.filemanager/com.alphainventor.filemanager.activity.MainActivity#3305(show:na,0), 7559524 ActivityRecordInputSink com.alphainventor.filemanager/.activity.MainActivity#3302(show:na,0), a07e18f ActivityRecordInputSink com.android.launcher3/.home.MainActivity#3164(hide:ActivityRecord{b0ea5fa u0 com.android.launcher3/.home.MainActivity#0#3162,0), Wallpaper BBQ wrapper#0#76(hide:com.byd.dogwallpaper.VideoDogWallPaperSer
05-30 19:00:03.321   379   379 D SurfaceFlinger: debug_focus 7 visible 1 window=vice#0#75,0), 8c2a94f com.byd.dogwallpaper.VideoDogWallPaperService#75(hide:com.byd.dogwallpaper.VideoDogWallPaperService#0#75,0), 
05-30 19:00:03.323  1090  1169 D InsetsPolicy: focusedWin : com.android.launcher3, Window{98a2e94 u0 com.android.launcher3/com.android.launcher3.Launcher}
05-30 19:00:03.323  1090  1169 D InsetsPolicy: statusControlTarget : com.android.launcher3, Window{98a2e94 u0 com.android.launcher3/com.android.launcher3.Launcher}, System ui Visible : true
05-30 19:00:03.347  1090  3526 D FocusResolver: debug_focus updateFocusedWindow 98a2e94 com.android.launcher3/com.android.launcher3.Launcher, reason: Window became focusable. Previous reason: NOT_VISIBLE
05-30 19:00:03.347  1090  3526 D InputDispatcher: debug_focus setInputWindowsLocked onFocusChangedLocked, reason: Window became focusable. Previous reason: NOT_VISIBLE
05-30 19:00:03.348 15587 15587 I Launcher: onWindowFocusChanged hasFocus=true
05-30 19:00:03.365  1090  1168 I WindowManager:  gww setNewFocusStatusForDvider 
05-30 19:00:03.366 15587 17589 D PackageUtils: getTopActivityFromRunningTask windowMode 1
05-30 19:00:03.367 15587 17589 D PackageUtils: getTopActivityFromRunningTask windowMode 1
05-30 19:00:03.378  1940  1940 I SplitScreenCtrl: setNewFocusStatus is not MultiWindowMode mView is null
05-30 19:00:03.390  1090  1169 D InsetsPolicy: focusedWin : com.android.launcher3, Window{98a2e94 u0 com.android.launcher3/com.android.launcher3.Launcher}
05-30 19:00:03.390  1090  1169 D InsetsPolicy: statusControlTarget : com.android.launcher3, Window{98a2e94 u0 com.android.launcher3/com.android.launcher3.Launcher}, System ui Visible : true
05-30 19:00:03.398  1940  1940 D NavigationBar: setImeWindowStatus mImeShown = false
05-30 19:00:03.400  1090  2025 V WifiService: Clearing REDACT_FOR_ACCESS_FINE_LOCATION for com.baidu.map.location(uid=10017)
05-30 19:00:03.402  1090  2025 V WifiPermissionsUtil: checkCallersLocationPermission(com.baidu.map.location): ok because uid 10017 has app-op android:fine_location
05-30 19:00:03.412  1090  2025 I WifiService: startScan packageName=com.baidu.map.location
05-30 19:00:03.412  1090  2025 V WifiPermissionsUtil: checkCallersLocationPermission(com.baidu.map.location): ok because uid 10017 has app-op android:fine_location
05-30 19:00:03.416  1090  1711 V WifiScanRequestProxy: Background scan app request [10017, com.baidu.map.location]
05-30 19:00:03.416  1090  1711 I WifiScanRequestProxy: Scan request from com.baidu.map.location throttled
05-30 19:00:03.422  1090  2025 V WifiPermissionsUtil: checkCallersLocationPermission(com.baidu.map.location): ok because uid 10017 has app-op android:fine_location
05-30 19:00:03.501  1090  2025 V WifiPermissionsUtil: checkCallersLocationPermission(com.baidu.map.location): ok because uid 10017 has app-op android:fine_location
05-30 19:00:03.511  5125  5125 I NLP     : Location result:[location successful by Baidu], reason:[network location] locType=161, NetworkLocationType = wf
05-30 19:00:03.607  1090  1169 D InsetsPolicy: focusedWin : com.android.launcher3, Window{98a2e94 u0 com.android.launcher3/com.android.launcher3.Launcher}
05-30 19:00:03.607  1090  1169 D InsetsPolicy: statusControlTarget : com.android.launcher3, Window{98a2e94 u0 com.android.launcher3/com.android.launcher3.Launcher}, System ui Visible : true
05-30 19:00:03.608  1090  1169 D WindowManager: debug_draw WSC#hideSurface window=com.alphainventor.filemanager/com.alphainventor.filemanager.activity.MainActivity
05-30 19:00:03.611  1090  1169 D InsetsPolicy: focusedWin : com.android.launcher3, Window{98a2e94 u0 com.android.launcher3/com.android.launcher3.Launcher}
05-30 19:00:03.611  1090  1169 D InsetsPolicy: statusControlTarget : com.android.launcher3, Window{98a2e94 u0 com.android.launcher3/com.android.launcher3.Launcher}, System ui Visible : true
05-30 19:00:03.622   379   379 D SurfaceFlinger: debug_focus 7 visible 0 window=bbq-wrapper#2#110(show:na,0), bbq-wrapper#1#78(show:na,0), c5c54ea com.byd.launchermap#3186(show:na,0), SurfaceView[](BLAST)#0#3189(show:na,0), e00ce4d NavigationBar0#105(show:na,0), 1f0427b StatusBar#106(show:na,0), 19a2894 com.van.diplus#3233(show:na,0), ced5dca com.bydmate.app#3202(show:na,0), 98a2e94 com.android.launcher3/com.android.launcher3.Launcher#3312(show:na,1), 198612a ActivityRecordInputSink com.android.launcher3/.Launcher#3287(show:na,0), f0d9619 com.alphainventor.filemanager/com.alphainventor.filemanager.activity.MainActivity#3305(hide:ActivityRecord{a75ea42 u0 com.alphainventor.filemanager/.activity.MainActivity#0#3296,0), 7559524 ActivityRecordInputSink com.alphainventor.filemanager/.activity.MainActivity#3302(hide:ActivityRecord{a75ea42 u0 com.alphainventor.filemanager/.activity.MainActivity#0#3296,0), a07e18f ActivityRecordInputSink com.android.launcher3/.home.MainActi
05-30 19:00:03.622   379   379 D SurfaceFlinger: debug_focus 7 visible 1 window=vity#3164(hide:ActivityRecord{b0ea5fa u0 com.android.launcher3/.home.MainActivity#0#3162,0), Wallpaper BBQ wrapper#0#76(hide:com.byd.dogwallpaper.VideoDogWallPaperService#0#75,0), 8c2a94f com.byd.dogwallpaper.VideoDogWallPaperService#75(hide:com.byd.dogwallpaper.VideoDogWallPaperService#0#75,0), 
05-30 19:00:03.623  1090  1169 D InsetsPolicy: focusedWin : com.android.launcher3, Window{98a2e94 u0 com.android.launcher3/com.android.launcher3.Launcher}
05-30 19:00:03.623  1090  1169 D InsetsPolicy: statusControlTarget : com.android.launcher3, Window{98a2e94 u0 com.android.launcher3/com.android.launcher3.Launcher}, System ui Visible : true
05-30 19:00:03.632  1090  2025 D InsetsPolicy: focusedWin : com.android.launcher3, Window{98a2e94 u0 com.android.launcher3/com.android.launcher3.Launcher}
05-30 19:00:03.632  1090  2025 D InsetsPolicy: statusControlTarget : com.android.launcher3, Window{98a2e94 u0 com.android.launcher3/com.android.launcher3.Launcher}, System ui Visible : true
05-30 19:00:03.691  1090  2025 D InsetsPolicy: focusedWin : com.android.launcher3, Window{98a2e94 u0 com.android.launcher3/com.android.launcher3.Launcher}
05-30 19:00:03.692  1090  2025 D InsetsPolicy: statusControlTarget : com.android.launcher3, Window{98a2e94 u0 com.android.launcher3/com.android.launcher3.Launcher}, System ui Visible : true
05-30 19:00:03.716  1090  2025 D WindowManager: debug_draw destroySurface for:Window{f0d9619 u0 com.alphainventor.filemanager/com.alphainventor.filemanager.activity.MainActivity}
05-30 19:00:03.722   379   379 D SurfaceFlinger: debug_focus 7 visible 0 window=bbq-wrapper#2#110(show:na,0), bbq-wrapper#1#78(show:na,0), c5c54ea com.byd.launchermap#3186(show:na,0), SurfaceView[](BLAST)#0#3189(show:na,0), e00ce4d NavigationBar0#105(show:na,0), 1f0427b StatusBar#106(show:na,0), 19a2894 com.van.diplus#3233(show:na,0), ced5dca com.bydmate.app#3202(show:na,0), 98a2e94 com.android.launcher3/com.android.launcher3.Launcher#3312(show:na,1), 198612a ActivityRecordInputSink com.android.launcher3/.Launcher#3287(show:na,0), 7559524 ActivityRecordInputSink com.alphainventor.filemanager/.activity.MainActivity#3302(hide:ActivityRecord{a75ea42 u0 com.alphainventor.filemanager/.activity.MainActivity#0#3296,0), a07e18f ActivityRecordInputSink com.android.launcher3/.home.MainActivity#3164(hide:ActivityRecord{b0ea5fa u0 com.android.launcher3/.home.MainActivity#0#3162,0), Wallpaper BBQ wrapper#0#76(hide:com.byd.dogwallpaper.VideoDogWallPaperService#0#75,0), 8c2a94f co
05-30 19:00:03.722   379   379 D SurfaceFlinger: debug_focus 7 visible 1 window=m.byd.dogwallpaper.VideoDogWallPaperService#75(hide:com.byd.dogwallpaper.VideoDogWallPaperService#0#75,0), 
05-30 19:00:03.830 27881 27881 D diplus  : WINDOW CHANGED com.android.launcher3
05-30 19:00:04.369  1090  1675 D InputDispatcher: debug_input pos:[198,1043], deviceId:3, displayId:0, pid:1940, e00ce4d NavigationBar0
05-30 19:00:04.370  1940  1940 D Custom_NaviItemView: dispatchTouchEvent ev.getAction() -> 0
05-30 19:00:04.370  1940  1940 D Custom_BaseNaviItem: updateNaviItemPressVisibility
05-30 19:00:04.372  1940  1940 D Custom_HomeItem: setNaviItemPressVisibility visibility :true
05-30 19:00:04.372  1940  1940 D Custom_NaviItemView: onTouchEvent ev.getAction() = 0 , ev.getX() = 37.0
05-30 19:00:04.376  1090  1166 D WindowManager: getTopPackageName =com.android.launcher3
05-30 19:00:04.390  1940  1940 D Custom_NaviItemView: dispatchTouchEvent ev.getAction() -> 2
05-30 19:00:04.390  1940  1940 D Custom_NaviItemView: onTouchEvent ev.getAction() = 2 , ev.getX() = 37.0
05-30 19:00:04.406  1940  1940 D Custom_NaviItemView: dispatchTouchEvent ev.getAction() -> 2
05-30 19:00:04.407  1940  1940 D Custom_NaviItemView: onTouchEvent ev.getAction() = 2 , ev.getX() = 37.0
05-30 19:00:04.411  1940  1940 D Custom_NaviItemView: dispatchTouchEvent ev.getAction() -> 2
05-30 19:00:04.411  1940  1940 D Custom_NaviItemView: onTouchEvent ev.getAction() = 2 , ev.getX() = 37.0
05-30 19:00:04.411  1940  1940 D Custom_NaviItemView: dispatchTouchEvent ev.getAction() -> 1
05-30 19:00:04.411  1940  1940 D Custom_BaseNaviItem: updateNaviItemPressVisibility
05-30 19:00:04.411  1940  1940 D Custom_HomeItem: setNaviItemPressVisibility visibility :false
05-30 19:00:04.412  1940  1940 D Custom_NavigationBarController: cancelGesture
05-30 19:00:04.412  1940  1940 D Custom_NavigationBarController: cancelGesture cancel
05-30 19:00:04.412  1940  1940 D Custom_NaviGestureDetectorCompat: cancelGesture
05-30 19:00:04.412  1940  1940 D Custom_NaviGestureDetectorCompat: cancelTaps
05-30 19:00:04.412  1940  1940 D Custom_NaviItemView: dispatchTouchEvent edit = false , upDistanceX = 0 , upDistanceY = 0 , upTime 40 , tapTime = 480
05-30 19:00:04.412  1940  1940 D Custom_BaseNaviItem: onItemClick
05-30 19:00:04.413  1940  1940 D Custom_BaseNaviItem: closeAllDialog isIgnoreCloseStatusBarDialog = false
05-30 19:00:04.413  1940  1940 D Custom_HomeItem: onNaviItemClick
05-30 19:00:04.413  1940  1940 D Custom_NavigationBarController: getCurrentClickSplitTime = 0
05-30 19:00:04.413  1940  1940 D Custom_BaseNaviItem: setSplitNavViewShow isShow =false
05-30 19:00:04.413  1940  1940 D Custom_NaviItemView: onTouchEvent ev.getAction() = 1 , ev.getX() = 37.0
05-30 19:00:04.416  1090  2025 D WindowManager: interceptKeyTq keycode=3 interactive=true keyguardActive=false policyFlags=2b000000
05-30 19:00:04.417  1090  1675 D WindowManager: interceptKeyTi keyCode=3 down=true repeatCount=0 keyguardOn=false canceled=false
05-30 19:00:04.418  1090  1675 D WindowManager: isInPowerOnGuide bootBusiness:activatedbootSubBusiness:null
05-30 19:00:04.418  1090  1675 D WindowManager: BYDMgmtService 
05-30 19:00:04.422  1090  1742 D StreamFocusControl: streamType is STREAM_NAVI or STREAM_SYSTEM
05-30 19:00:04.425  1940  1940 D CustomStatusBarController: removeWirelessChargeWindow is removing or not is added
05-30 19:00:04.426  1090  2025 D WindowManager: interceptKeyTq keycode=3 interactive=true keyguardActive=false policyFlags=2b000000
05-30 19:00:04.426  1090  1675 D WindowManager: interceptKeyTi keyCode=3 down=false repeatCount=0 keyguardOn=false canceled=false
05-30 19:00:04.427  1090  1675 D WindowManager: isInPowerOnGuide bootBusiness:activatedbootSubBusiness:null
05-30 19:00:04.427  1090  1675 D WindowManager: BYDMgmtService 
05-30 19:00:04.432 15587 15587 I Card.CardWindowService: onBusEvent,what=2000000,data=homekey
05-30 19:00:04.432 15587 15587 I Card.BaseFloatingWindow: onBusEvent,what=2000000,data=homekey
05-30 19:00:04.432 15587 15587 I Card.CardBarWindowDelegate: onBusEvent,what=2000000,event=homekey
05-30 19:00:04.432 15587 15587 I Card.CardBarWindowDelegate: cardModeType0
05-30 19:00:04.433  1090  1166 I WindowManager: MagicWindow home start rootTaskMagic:null
05-30 19:00:04.434  1090  1166 D WindowManager: Launch home on display: 0
05-30 19:00:04.434  1090  1166 D WindowManager: Launch home on display: 0
05-30 19:00:04.435  1940  1940 V ShadeControllerImpl: NotificationShadeWindow: com.android.systemui.statusbar.phone.NotificationShadeWindowView{cbfc8b5 I.E...... ......ID 0,0-1920,1080} canPanelBeCollapsed(): false
05-30 19:00:04.436  1090  1166 D WindowManager: Launch home on display: 0
05-30 19:00:04.436  1090  1166 D WindowManager: Launch home on display: 0
05-30 19:00:04.444  1090  1166 D WindowManager: Defer requestTraversal mDeferDepth=1
05-30 19:00:04.445  1090  1166 D WindowManager: rotationForOrientation orientation: -1 runningPkg: com.android.launcher3 lastRotation: 0
05-30 19:00:04.445  1090  1166 D WindowManager: debug_draw rotationForActivityInDifferentOrientation currentRotation:0 rotation:0
05-30 19:00:04.445  1090  1166 D WindowManager: rotationForOrientation orientation: -1 runningPkg: com.android.launcher3 lastRotation: 0
05-30 19:00:04.445  1090  1166 D WindowManager: rotationForOrientation orientation: -1 runningPkg: com.android.launcher3 lastRotation: 0
05-30 19:00:04.445  1090  1166 D WindowManager: debug_draw rotationForActivityInDifferentOrientation currentRotation:0 rotation:0
05-30 19:00:04.446  1940  1940 D BarIconController: setPackageNameForStatusAndNaviationBar name=com.android.launcher3
05-30 19:00:04.447  1090  1166 D InsetsPolicy: focusedWin : com.android.launcher3, Window{98a2e94 u0 com.android.launcher3/com.android.launcher3.Launcher}
05-30 19:00:04.447  1090  1166 D InsetsPolicy: statusControlTarget : com.android.launcher3, Window{98a2e94 u0 com.android.launcher3/com.android.launcher3.Launcher}, System ui Visible : true
05-30 19:00:04.447  1090  1166 D WindowManager: optimized case, do not return false
05-30 19:00:04.447  1090  1166 D WindowManager: optimized case. use TRANSIT_OLD_WALLPAPER_OPEN
05-30 19:00:04.451  1090  1166 D WindowManager: getClosingTasks skip list:{}
05-30 19:00:04.456  1090  1166 D InsetsPolicy: focusedWin : com.android.launcher3, Window{98a2e94 u0 com.android.launcher3/com.android.launcher3.Launcher}
05-30 19:00:04.456  1090  1166 D InsetsPolicy: statusControlTarget : com.android.launcher3, Window{98a2e94 u0 com.android.launcher3/com.android.launcher3.Launcher}, System ui Visible : true
05-30 19:00:04.458  1090  1169 D InputMonitor: debug_focus window:Window{98a2e94 u0 com.android.launcher3/com.android.launcher3.Launcher} hasSurface:true
05-30 19:00:04.459  1090  1169 D InputMonitor: debug_focus Focus not requested for window:Window{98a2e94 u0 com.android.launcher3/com.android.launcher3.Launcher} because it has no surface or is not focusable.
05-30 19:00:04.461  1940  1940 D BarIconController: setPackageNameForStatusAndNaviationBar pkgName is same and return 
05-30 19:00:04.465 15587 15587 I Card.CardWindowService: onBusEvent,what=2010005,data=com.android.launcher3
05-30 19:00:04.465 15587 15587 I Card.BaseFloatingWindow: onBusEvent,what=2010005,data=com.android.launcher3
05-30 19:00:04.465 15587 15587 I Card.CardBarWindowDelegate: onBusEvent,what=2010005,event=com.android.launcher3
05-30 19:00:04.466  2279  2701 D AppTaskManager: onTaskMovedToFront: TaskInfo{userId=0 taskId=124 displayId=0 isRunning=true baseIntent=Intent { act=android.intent.action.MAIN cat=[android.intent.category.HOME_ONLY] flg=0x10800100 cmp=com.android.launcher3/.home.MainActivity } baseActivity=ComponentInfo{com.android.launcher3/com.android.launcher3.home.MainActivity} topActivity=ComponentInfo{com.android.launcher3/com.android.launcher3.home.MainActivity} origActivity=null realActivity=ComponentInfo{com.android.launcher3/com.android.launcher3.home.MainActivity} numActivities=1 lastActiveTime=71887889 supportsSplitScreenMultiWindow=false supportsMultiWindow=false resizeMode=0 isResizeable=false token=WCT{android.window.IWindowContainerToken$Stub$Proxy@91a912d} topActivityType=2 pictureInPictureParams=PictureInPictureParams( aspectRatio=null sourceRectHint=null hasSetActions=false isAutoPipEnabled=false isSeamlessResizeEnabled=true) displayCutoutSafeInsets=null topActivityInfo=ActivityInfo{e59b662 com.android.launcher3.home.MainActivity} launchCookies=[] positionInParent=Point(0, 0) parentTaskId=-1 isFocused=false isVisible=false isSleeping=false topActivityInSizeCompat=false locusId=null displayAreaFeatureId=1}
05-30 19:00:04.474   379   379 D SurfaceFlinger: debug_focus 7 visible 0 window=bbq-wrapper#2#110(show:na,0), bbq-wrapper#1#78(show:na,0), c5c54ea com.byd.launchermap#3186(show:na,0), SurfaceView[](BLAST)#0#3189(show:na,0), e00ce4d NavigationBar0#105(show:na,0), 1f0427b StatusBar#106(show:na,0), 19a2894 com.van.diplus#3233(show:na,0), ced5dca com.bydmate.app#3202(show:na,0), 98a2e94 com.android.launcher3/com.android.launcher3.Launcher#3312(show:na,0), 198612a ActivityRecordInputSink com.android.launcher3/.Launcher#3287(show:na,0), 7559524 ActivityRecordInputSink com.alphainventor.filemanager/.activity.MainActivity#3302(hide:ActivityRecord{a75ea42 u0 com.alphainventor.filemanager/.activity.MainActivity#0#3296,0), a07e18f ActivityRecordInputSink com.android.launcher3/.home.MainActivity#3164(show:na,0), Wallpaper BBQ wrapper#0#76(hide:com.byd.dogwallpaper.VideoDogWallPaperService#0#75,0), 8c2a94f com.byd.dogwallpaper.VideoDogWallPaperService#75(hide:com.byd.dogwallpape
05-30 19:00:04.474   379   379 D SurfaceFlinger: debug_focus 7 visible 1 window=r.VideoDogWallPaperService#0#75,0), 
05-30 19:00:04.479  2279  2639 D AppTaskManager: handleTaskStackChanged: default display top app = AppTaskInfo{taskId=123, displayId=0, topChildTaskId=124, topActivity=ComponentInfo{com.android.launcher3/com.android.launcher3.home.MainActivity}, realActivity=null, windowingMode=1, isPinned=false, isVisible=true, childTaskBounds=[Rect(0, 0 - 1920, 1080)], orientation=2}
05-30 19:00:04.479  2279  2639 D AppTaskManager: handleTaskStackChanged: default display second app = AppTaskInfo{taskId=130, displayId=0, topChildTaskId=130, topActivity=ComponentInfo{com.android.launcher3/com.android.launcher3.Launcher}, realActivity=ComponentInfo{com.android.launcher3/com.android.launcher3.Launcher}, windowingMode=1, isPinned=false, isVisible=false, childTaskBounds=[Rect(0, 0 - 1920, 1080)], orientation=2}
05-30 19:00:04.479  2279  2639 D AppTaskManager: handleTaskStackChanged: default display third app = AppTaskInfo{taskId=131, displayId=0, topChildTaskId=131, topActivity=ComponentInfo{com.alphainventor.filemanager/com.alphainventor.filemanager.activity.MainActivity}, realActivity=ComponentInfo{com.alphainventor.filemanager/com.alphainventor.filemanager.activity.MainActivity}, windowingMode=1, isPinned=false, isVisible=false, childTaskBounds=[Rect(0, 0 - 1920, 1080)], orientation=2}
05-30 19:00:04.489  1090  2456 D InputDispatcher: debug_focus setInputWindowsLocked onFocusChangedLocked, reason: NO_WINDOW
05-30 19:00:04.492  1090  2025 D WindowManager: debug_draw createSurface:mDrawState=DRAW_PENDING for:Window{28714b3 u0 com.android.launcher3/com.android.launcher3.home.MainActivity}
05-30 19:00:04.492  1090  2025 D WindowManager: debug_draw resetDrawState: mDrawState=DRAW_PENDING for:Window{28714b3 u0 com.android.launcher3/com.android.launcher3.home.MainActivity}
05-30 19:00:04.492  1090  2025 D WindowManager: debug_draw makeSurface with name:com.android.launcher3/com.android.launcher3.home.MainActivity
05-30 19:00:04.494  1090  2025 V WindowManager: debug_draw Created surface WindowStateAnimator{7d7a121 com.android.launcher3/com.android.launcher3.home.MainActivity}
05-30 19:00:04.495  1090  2025 D InsetsPolicy: focusedWin : com.android.launcher3, Window{98a2e94 u0 com.android.launcher3/com.android.launcher3.Launcher}
05-30 19:00:04.495  1090  2025 D InsetsPolicy: statusControlTarget : com.android.launcher3, Window{98a2e94 u0 com.android.launcher3/com.android.launcher3.Launcher}, System ui Visible : true
05-30 19:00:04.498  1090  2025 W WindowManager: debug_focus Changing focus from Window{98a2e94 u0 com.android.launcher3/com.android.launcher3.Launcher} to Window{28714b3 u0 com.android.launcher3/com.android.launcher3.home.MainActivity} displayId=0 Callers=com.android.server.wm.RootWindowContainer.updateFocusedWindowLocked:525 com.android.server.wm.WindowManagerService.updateFocusedWindowLocked:6098 com.android.server.wm.WindowManagerService.relayoutWindow:2536 com.android.server.wm.Session.relayout:244 
05-30 19:00:04.500   379   401 D Layer   : de_layer create layer name=Surface(name=e00ce4d NavigationBar0)/@0x23f5619 - animation-leash of insets_animation#0, layerId=3324, ownerUid=1000, pid=1090
05-30 19:00:04.502  1090  2025 D InsetsPolicy: focusedWin : com.android.launcher3, Window{28714b3 u0 com.android.launcher3/com.android.launcher3.home.MainActivity}
05-30 19:00:04.502  1090  2025 D InsetsPolicy: statusControlTarget : com.android.launcher3, Window{28714b3 u0 com.android.launcher3/com.android.launcher3.home.MainActivity}, System ui Visible : true
05-30 19:00:04.502  1090  2025 D InputMonitor: debug_focus Input focus has changed to Window{28714b3 u0 com.android.launcher3/com.android.launcher3.home.MainActivity}  on display:0
05-30 19:00:04.503  1090  1169 D InputMonitor: debug_focus Focus requested for window:28714b3 com.android.launcher3/com.android.launcher3.home.MainActivity
05-30 19:00:04.508   379   379 D SurfaceFlinger: debug_focus 7 visible 0 window=bbq-wrapper#2#110(show:na,0), bbq-wrapper#1#78(show:na,0), c5c54ea com.byd.launchermap#3186(show:na,0), SurfaceView[](BLAST)#0#3189(show:na,0), e00ce4d NavigationBar0#105(show:na,0), 1f0427b StatusBar#106(show:na,0), 19a2894 com.van.diplus#3233(show:na,0), ced5dca com.bydmate.app#3202(show:na,0), 98a2e94 com.android.launcher3/com.android.launcher3.Launcher#3312(show:na,0), 198612a ActivityRecordInputSink com.android.launcher3/.Launcher#3287(show:na,0), 7559524 ActivityRecordInputSink com.alphainventor.filemanager/.activity.MainActivity#3302(hide:ActivityRecord{a75ea42 u0 com.alphainventor.filemanager/.activity.MainActivity#0#3296,0), com.android.launcher3/com.android.launcher3.home.MainActivity#0#3322(hide:com.android.launcher3/com.android.launcher3.home.MainActivity#0#3322,0), a07e18f ActivityRecordInputSink com.android.launcher3/.home.MainActivity#3164(show:na,0), Wallpaper BBQ wrapper
05-30 19:00:04.508   379   379 D SurfaceFlinger: debug_focus 7 visible 1 window=#0#76(hide:com.byd.dogwallpaper.VideoDogWallPaperService#0#75,0), 8c2a94f com.byd.dogwallpaper.VideoDogWallPaperService#75(hide:com.byd.dogwallpaper.VideoDogWallPaperService#0#75,0), 
05-30 19:00:04.509  1090  1169 D SurfaceComposerClient: debug_draw Transaction#apply focusRequest=(windowname=28714b3 com.android.launcher3/com.android.launcher3.home.MainActivity displayid=0) 
05-30 19:00:04.513  1090  1169 D InsetsPolicy: focusedWin : com.android.launcher3, Window{28714b3 u0 com.android.launcher3/com.android.launcher3.home.MainActivity}
05-30 19:00:04.513  1090  1169 D InsetsPolicy: statusControlTarget : com.android.launcher3, Window{28714b3 u0 com.android.launcher3/com.android.launcher3.home.MainActivity}, System ui Visible : true
05-30 19:00:04.523 15587 15587 D BlurUtils: CrossWindowBlurEnabled = true
05-30 19:00:04.523 15587 15587 D BlurUtils: CrossWindowBlurEnabled = true
05-30 19:00:04.525 15587 15587 I Card.CardWindowService: onBusEvent,what=2010001,data=com.android.launcher3/.home.MainActivity
05-30 19:00:04.525 15587 15587 I Card.BaseFloatingWindow: onBusEvent,what=2010001,data=com.android.launcher3/.home.MainActivity
05-30 19:00:04.525 15587 15587 I Card.CardBarWindowDelegate: onBusEvent,what=2010001,event=com.android.launcher3/.home.MainActivity
05-30 19:00:04.525   379   379 D SurfaceFlinger: debug_focus 7 visible 0 window=bbq-wrapper#2#110(show:na,0), bbq-wrapper#1#78(show:na,0), c5c54ea com.byd.launchermap#3186(show:na,0), SurfaceView[](BLAST)#0#3189(show:na,0), e00ce4d NavigationBar0#105(show:na,0), 1f0427b StatusBar#106(show:na,0), 19a2894 com.van.diplus#3233(show:na,0), ced5dca com.bydmate.app#3202(show:na,0), 98a2e94 com.android.launcher3/com.android.launcher3.Launcher#3312(show:na,0), 198612a ActivityRecordInputSink com.android.launcher3/.Launcher#3287(show:na,0), 7559524 ActivityRecordInputSink com.alphainventor.filemanager/.activity.MainActivity#3302(hide:ActivityRecord{a75ea42 u0 com.alphainventor.filemanager/.activity.MainActivity#0#3296,0), 28714b3 com.android.launcher3/com.android.launcher3.home.MainActivity#3322(hide:com.android.launcher3/com.android.launcher3.home.MainActivity#0#3322,1), a07e18f ActivityRecordInputSink com.android.launcher3/.home.MainActivity#3164(show:na,0), Wallpaper BBQ w
05-30 19:00:04.525   379   379 D SurfaceFlinger: debug_focus 7 visible 1 window=rapper#0#76(hide:com.byd.dogwallpaper.VideoDogWallPaperService#0#75,0), 8c2a94f com.byd.dogwallpaper.VideoDogWallPaperService#75(hide:com.byd.dogwallpaper.VideoDogWallPaperService#0#75,0), 
05-30 19:00:04.526 15587 15587 I Launcher: onWindowFocusChanged hasFocus=false
05-30 19:00:04.527  1090  1109 D WindowManager: debug_draw finishDrawingWindow: mDrawState =DRAW_PENDING for:Window{28714b3 u0 com.android.launcher3/com.android.launcher3.home.MainActivity}
05-30 19:00:04.527  1090  1109 D WindowManager: debug_draw finishDrawingLocked: mDrawState=COMMIT_DRAW_PENDING for:Window{28714b3 u0 com.android.launcher3/com.android.launcher3.home.MainActivity}
