05-30 19:00:23.079 18964 18964 I CarSettings-AbsBYDAutoSettingListener: [Thread:main][fileInfo:HudNavigationFuseModel.java(36) onDataEventChanged] onDataEventChanged newState = false mcuState = 1
05-30 19:00:23.079 18964 18964 E CarSettings-HudNavigationFuse: [Thread:main][fileInfo:AbsSwitchGroup.java(440) setViewState] setViewState isRunning state false
05-30 19:00:23.393  1090  1166 D WindowManager: getTopPackageName =com.byd.carsettings
05-30 19:00:23.420  1090  3144 V WifiService: Clearing REDACT_FOR_ACCESS_FINE_LOCATION for com.baidu.map.location(uid=10017)
05-30 19:00:23.421  1090  3144 V WifiPermissionsUtil: checkCallersLocationPermission(com.baidu.map.location): ok because uid 10017 has app-op android:fine_location
05-30 19:00:23.467 18964 18964 D CarSettings-HudNavigationFuse: [Thread:main][fileInfo:AbsSwitchGroup.java(152) onInterceptTouchEvent] onInterceptTouchEvent isChecked : true
05-30 19:00:23.470 18964 18964 D CarSettings-HudNavigationFuse: [Thread:main][fileInfo:AbsSwitchGroup.java(190) lambda$initView$2$AbsSwitchGroup] bydSwitch setOnCheckedChangeListener true
05-30 19:00:23.483  1090  1742 D StreamFocusControl: streamType is STREAM_NAVI or STREAM_SYSTEM
05-30 19:00:23.514  1090  1663 V WifiPermissionsUtil: checkCallersLocationPermission(com.baidu.map.location): ok because uid 10017 has app-op android:fine_location
05-30 19:00:23.514  4374 23846 I CarWindowApiImpl: hasFeatureCarWindow
05-30 19:00:23.514  4374 23846 D BYDAutoBodyworkDevice: getCarWindowAntiPinchConfig config is: 4
05-30 19:00:23.514  4374 23846 I CarWindowApiImpl: value: 4
05-30 19:00:23.514  4374 23846 I DoorLockWindowApiImpl: isHaveDoorLockWindow
05-30 19:00:23.518  4374 23846 I DoorLockWindowApiImpl: type = 0
05-30 19:00:23.518  4374 23846 I CarWindowApiImpl: isSupportPercent
05-30 19:00:23.519  4374 23846 D CarWindowApiImpl: value = 1
05-30 19:00:23.529  4374 23846 I HeadUpDisplayApiImpl: hasFeatureHUD
05-30 19:00:23.529  4374 23846 I HeadUpDisplayApiImpl: hasFeatureHUD = 2
05-30 19:00:23.529  4374 23846 I HeadUpDisplayApiImpl: hasFeatureHUD
05-30 19:00:23.529  4374 23846 I HeadUpDisplayApiImpl: hasFeatureHUD = 2
05-30 19:00:23.529  4374 23846 I HeadUpDisplayApiImpl: hasFeatureHUD
05-30 19:00:23.529  4374 23846 I HeadUpDisplayApiImpl: hasFeatureHUD = 2
05-30 19:00:23.529  4374 23846 I HeadUpDisplayApiImpl: hasFeatureHUDId = 2
05-30 19:00:23.529  4374 23846 I HeadUpDisplayApiImpl: hasFeatureHUDId = 2
05-30 19:00:23.534  4374 23846 I CarWindowApiImpl: isTwoCarWindow
05-30 19:00:23.534  4374 23846 I CarWindowApiImpl: value = 0
05-30 19:00:23.534  4374 23846 I CarWindowApiImpl: isTwoCarWindow
05-30 19:00:23.535  4374 23846 I CarWindowApiImpl: value = 0
05-30 19:00:23.542  5125  5125 I NLP     : Location result:[location successful by Baidu], reason:[network location] locType=161, NetworkLocationType = wf
05-30 19:00:23.545  4374 23846 I SunshadePanelApiImpl: isHaveRearCarWindowSunShadeStudy
05-30 19:00:23.545  4374 23846 I SunshadePanelApiImpl: isHaveRearCarWindowSunShadeStudy value==0
05-30 19:00:23.545  4374 23846 I SunshadePanelApiImpl: isHaveRearWindshieldSunShadeStudy
05-30 19:00:23.546  4374 23846 I SunshadePanelApiImpl: isHaveRearWindshieldSunShadeStudy value==65535
05-30 19:00:23.630  4374 23846 D AppMangerBaseUtils: checkAppInstalled Pakage NameNotFound pkgName=com.byd.naviauto
05-30 19:00:23.630  4374 23846 D AppMangerBaseUtils: checkAppInstalled Pakage NameNotFound pkgName=com.byd.naviauto
05-30 19:00:23.670 18964 18964 I CarSettings-HudNavigationFuseModel: [Thread:main][fileInfo:HudNavigationFuseModel.java(78) setHudNavigationFuseState] setHudNavigationFuseState newState = true mcuState = 2
05-30 19:00:23.707 18964 18964 I CarSettings-AbsBYDAutoSettingListener: [Thread:main][fileInfo:HudNavigationFuseModel.java(36) onDataEventChanged] onDataEventChanged newState = true mcuState = 2
05-30 19:00:23.707 18964 18964 E CarSettings-HudNavigationFuse: [Thread:main][fileInfo:AbsSwitchGroup.java(440) setViewState] setViewState isRunning state true
05-30 19:00:24.040 18964 18964 I CarSettings-HudModeChangeModel: [Thread:main][fileInfo:HudModeChangeModel.java(70) getHudModeChangeState] getHudModeChangeState newState = 1 mcuState = 1
05-30 19:00:24.040 18964 18964 D CarSettings-HudModeChangeSetup: [Thread:main][fileInfo:HudModeChangeSetup.java(164) isGhyHudMode] getGhyHudMode:0
05-30 19:00:24.040 18964 18964 I CarSettings-HudModeChangeModel: [Thread:main][fileInfo:HudModeChangeModel.java(70) getHudModeChangeState] getHudModeChangeState newState = 1 mcuState = 1
05-30 19:00:24.040 18964 18964 E CarSettings-HudModeChangeSetup: [Thread:main][fileInfo:AbsRadioGroup.java(479) setViewChecked] bydRadioGroup.getCheckedRadioButtonId() == position 0
05-30 19:00:24.165  4374 23846 D f       : isHaveRemoteControlUpWindow:value =1
05-30 19:00:24.166  4374 23846 D f       : isHaveRemoteControlDownWindow:value =1
05-30 19:00:24.166  4374 23846 D f       : isHaveLPSwitchUpWindow:value =1
05-30 19:00:24.167  4374 23846 D f       : isHaveLPSwitchDownWindow:value =0
05-30 19:00:24.168  4374 23846 D f       : isHaveLockUpWindow:value =1
05-30 19:00:24.168  4374 23846 D f       : isHaveRainCloseWindow: 1
05-30 19:00:24.171  4374 23846 D f       : getHighSpeedAutomaticWindowClosing: 2
05-30 19:00:24.226  4374 23846 D b       : hasFeatureHUD
05-30 19:00:24.227  4374 23846 D b       : hasFeaturePlanningInstituteARHUD = 0
05-30 19:00:24.227  4374 23846 D b       : hasFeatureAcademyEngineeringARHUDpiarhud = 0aearhud = 2
05-30 19:00:24.227  4374 23846 D b       : hasFeatureAcademyEngineeringARHUDpiarhud = 0aearhud = 2
05-30 19:00:24.227  4374 23846 D b       : hasFeatureARHUD
05-30 19:00:24.227  4374 23846 D b       : hasFeaturePlanningInstituteARHUD = 0
05-30 19:00:24.228  4374 23846 D b       : hasFeatureAcademyEngineeringARHUDpiarhud = 0aearhud = 2
05-30 19:00:24.228  4374 23846 D b       : hasFeatureAcademyEngineeringARHUDpiarhud = 0aearhud = 2
05-30 19:00:24.229  4374 23846 D b       : getWHUDFullDriverAssistanceFusionSwitch = value0
05-30 19:00:24.230  4374 23846 D b       : hasFeatureAcademyEngineeringARHUDpiarhud = 0aearhud = 2
05-30 19:00:24.230  4374 23846 D b       : getHUDFullDriverAssistanceFusionSwitch = value2
05-30 19:00:24.231  4374 23846 D b       : hasFeatureAcademyEngineeringARHUDpiarhud = 0aearhud = 2
05-30 19:00:24.231  4374 23846 D b       : hasFeaturePlanningInstituteARHUD = 0
05-30 19:00:24.232  4374 23846 D b       : getWHUDFullDriverAssistanceFusionSwitch = value0
05-30 19:00:24.232  4374 23846 D b       : hasFeatureAcademyEngineeringARHUDpiarhud = 0aearhud = 2
05-30 19:00:24.232  4374 23846 D b       : getHUDFullDriverAssistanceFusionSwitch = value2
05-30 19:00:24.233  4374 23846 D b       : hasFeatureAcademyEngineeringARHUDpiarhud = 0aearhud = 2
05-30 19:00:24.234  4374 23846 D b       : hasFeaturePlanningInstituteARHUD = 0
05-30 19:00:24.235  4374 23846 D b       : getWHUDNavigationFusion = 0
05-30 19:00:24.236  4374 23846 D b       : hasFeatureAcademyEngineeringARHUDpiarhud = 0aearhud = 2
05-30 19:00:24.236  4374 23846 D b       : hasFeatureNavigationFeatures has = false
05-30 19:00:24.236  4374 23846 D b       : getNavigationFusion = 2
05-30 19:00:24.237  4374 23846 D b       : hasFeatureAcademyEngineeringARHUDpiarhud = 0aearhud = 2
05-30 19:00:24.237  4374 23846 D b       : hasFeaturePlanningInstituteARHUD = 0
05-30 19:00:24.237  4374 23846 D b       : hasFeatureNavigationFusion result = true
05-30 19:00:24.238  4374 23846 D b       : getWHUDFullDriverAssistanceFusionSwitch = value0
05-30 19:00:24.238  4374 23846 D b       : hasFeatureAcademyEngineeringARHUDpiarhud = 0aearhud = 2
05-30 19:00:24.238  4374 23846 D b       : getHUDMultimediaInformationFusionSwitch = value65535
05-30 19:00:24.238  4374 23846 D b       : hasFeaturePlanningInstituteARHUD = 0
05-30 19:00:24.238  4374 23846 D b       : hasFeatureNavigationFusion planningInstituteHas = false
05-30 19:00:24.238  4374 23846 D b       : getHUDGraphicPromptInformationFusionSwitch = value65535
05-30 19:00:24.239  4374 23846 D b       : hasFeaturePlanningInstituteARHUD = 0
05-30 19:00:24.891  1090  1166 D WindowManager: getTopPackageName =com.byd.carsettings
05-30 19:00:24.954 18964 18964 D CarSettings-HudNavigationFuse: [Thread:main][fileInfo:AbsSwitchGroup.java(152) onInterceptTouchEvent] onInterceptTouchEvent isChecked : false
05-30 19:00:24.957 18964 18964 D CarSettings-HudNavigationFuse: [Thread:main][fileInfo:AbsSwitchGroup.java(190) lambda$initView$2$AbsSwitchGroup] bydSwitch setOnCheckedChangeListener false
05-30 19:00:24.981  1090  1742 D StreamFocusControl: streamType is STREAM_NAVI or STREAM_SYSTEM
05-30 19:00:24.991  4374 23846 D BYDAutoSettingDevice: hasFeature: If has the feature(FrontWindscreenWiperOverhaul): 2
05-30 19:00:24.991  4374 23846 D h       : isHaveFrontWindScreenWiperOverhaul:value =1
05-30 19:00:24.993  4374 23846 D h       : isHaveRearWindScreenWiperOverhaul value = 0
05-30 19:00:25.174 18964 18964 I CarSettings-HudNavigationFuseModel: [Thread:main][fileInfo:HudNavigationFuseModel.java(78) setHudNavigationFuseState] setHudNavigationFuseState newState = false mcuState = 1
05-30 19:00:25.207 18964 18964 I CarSettings-AbsBYDAutoSettingListener: [Thread:main][fileInfo:HudNavigationFuseModel.java(36) onDataEventChanged] onDataEventChanged newState = false mcuState = 1
05-30 19:00:25.207 18964 18964 E CarSettings-HudNavigationFuse: [Thread:main][fileInfo:AbsSwitchGroup.java(440) setViewState] setViewState isRunning state false
05-30 19:00:25.429  1090  1166 D WindowManager: getTopPackageName =com.byd.carsettings
05-30 19:00:25.506 18964 18964 D CarSettings-HudNavigationFuse: [Thread:main][fileInfo:AbsSwitchGroup.java(152) onInterceptTouchEvent] onInterceptTouchEvent isChecked : true
05-30 19:00:25.510 18964 18964 D CarSettings-HudNavigationFuse: [Thread:main][fileInfo:AbsSwitchGroup.java(190) lambda$initView$2$AbsSwitchGroup] bydSwitch setOnCheckedChangeListener true
05-30 19:00:25.519  1090  1742 D StreamFocusControl: streamType is STREAM_NAVI or STREAM_SYSTEM
05-30 19:00:25.725 18964 18964 I CarSettings-HudNavigationFuseModel: [Thread:main][fileInfo:HudNavigationFuseModel.java(78) setHudNavigationFuseState] setHudNavigationFuseState newState = true mcuState = 2
05-30 19:00:25.806 18964 18964 I CarSettings-AbsBYDAutoSettingListener: [Thread:main][fileInfo:HudNavigationFuseModel.java(36) onDataEventChanged] onDataEventChanged newState = true mcuState = 2
05-30 19:00:25.806 18964 18964 E CarSettings-HudNavigationFuse: [Thread:main][fileInfo:AbsSwitchGroup.java(440) setViewState] setViewState isRunning state true
05-30 19:00:26.069  1090  1166 D WindowManager: getTopPackageName =com.byd.carsettings
05-30 19:00:27.356  1940  1940 D InterruptionStateProvider: No bubble up: not allowed to bubble: 0|com.byd.amapservice|2|null|1000
05-30 19:00:27.356  1940  1940 D InterruptionStateProvider: No bubble up: not allowed to bubble: 0|android|0|com.android.server.wm.AlertWindowNotification - com.van.diplus|1000
05-30 19:00:27.356  1940  1940 D InterruptionStateProvider: No bubble up: not allowed to bubble: 0|android|0|com.android.server.wm.AlertWindowNotification - com.bydmate.app|1000
05-30 19:00:27.512 18964 18964 I CarSettings-HudNavigationFuseModel: [Thread:main][fileInfo:HudNavigationFuseModel.java(71) getHudNavigationFuseState] getHudNavigationFuseState newState = true mcuState = 2
05-30 19:00:27.512 18964 18964 E CarSettings-HudNavigationFuse: [Thread:main][fileInfo:AbsSwitchGroup.java(444) setViewState] bydSwitch.isChecked() == state true
05-30 19:00:28.373  1090  1166 D WindowManager: getTopPackageName =com.byd.carsettings
05-30 19:00:28.453 18964 18964 D CarSettings-HudSwitch: [Thread:main][fileInfo:AbsSwitchGroup.java(152) onInterceptTouchEvent] onInterceptTouchEvent isChecked : false
05-30 19:00:28.466 18964 18964 D CarSettings-HudSwitch: [Thread:main][fileInfo:AbsSwitchGroup.java(190) lambda$initView$2$AbsSwitchGroup] bydSwitch setOnCheckedChangeListener false
05-30 19:00:28.486  1090  1742 D StreamFocusControl: streamType is STREAM_NAVI or STREAM_SYSTEM
05-30 19:00:28.682 18964 18964 I CarSettings-HudSwitchModel: [Thread:main][fileInfo:HudSwitchModel.java(101) setHudSwitchState] setHudSwitchState newState = false mcuState = 2
05-30 19:00:28.683 18964 18964 I CarSettings-HudHeightAdjust: [Thread:main][fileInfo:HudHeightAdjust.java(112) connectCallBack] hudSwitch status = false
05-30 19:00:28.683 18964 18964 I CarSettings-HudNavigationFuse: [Thread:main][fileInfo:HudNavigationFuse.java(121) connectCallBack] hudSwitch status = false
05-30 19:00:28.684 18964 18964 I CarSettings-HudImageTextFuse: [Thread:main][fileInfo:HudImageTextFuse.java(122) connectCallBack] hudSwitch status = false
05-30 19:00:28.684 18964 18964 I CarSettings-HudSafetyDrivingFuse: [Thread:main][fileInfo:HudSafetyDrivingFuse.java(128) connectCallBack] hudSwitch status = false
05-30 19:00:28.684 18964 18964 I CarSettings-HUDNavigationMap: [Thread:main][fileInfo:HudNavigationMap.java(92) connectCallBack] hudSwitch status = false
05-30 19:00:28.684 18964 18964 I CarSettings-HudModeChangeSetup: [Thread:main][fileInfo:HudModeChangeSetup.java(119) connectCallBack] hudSwitch status = false
05-30 19:00:28.684 18964 18964 D CarSettings-HudModeChangeSetup: [Thread:main][fileInfo:HudModeChangeSetup.java(164) isGhyHudMode] getGhyHudMode:0
05-30 19:00:28.684 18964 18964 I CarSettings-HudThemeMode: [Thread:main][fileInfo:HudThemeMode.java(109) connectCallBack] hudSwitch status = false
05-30 19:00:28.684 18964 18964 I CarSettings-HudRotateAdjust: [Thread:main][fileInfo:HudRotateAdjust.java(124) connectCallBack] hudSwitch status = false
05-30 19:00:28.684 18964 18964 I CarSettings-HudMultimediaFuse: [Thread:main][fileInfo:HudMultimediaFuse.java(122) connectCallBack] hudSwitch status = false
05-30 19:00:28.685 18964 18964 I CarSettings-HudBrightnessAdjust: [Thread:main][fileInfo:HudBrightnessAdjust.java(141) connectCallBack] hudSwitch status = false
05-30 19:00:28.685 18964 18964 I CarSettings-HudOptionDisplay: [Thread:main][fileInfo:HudOptionDisplay.java(121) connectCallBack] hudSwitch status = false
05-30 19:00:28.685 18964 12266 D CarSettings-CarImageUtils: [Thread:CsThreadPool-1-Thread-5][fileInfo:CarBodyImageUtils.java(87) doRun] updateCarBodyImageJsonPagPriorityRemote  setting_hud_off_di5_ivi_dy_0x9e
05-30 19:00:28.685 18964 12266 D CarSettings-CarBodyImage-RemoteResourceLoader: [Thread:CsThreadPool-1-Thread-5][fileInfo:RemoteResourceLoader.java(124) getResourceID] Plugin From Map fieldName setting_hud_off_di5_ivi_dy_0x9e resID 7dffffff
05-30 19:00:28.685 18964 12266 D CarSettings-CarImageUtils: [Thread:CsThreadPool-1-Thread-5][fileInfo:CarBodyImageUtils.java(204) getDrawableResId] getDrawableResId REMOTE , setting_hud_off_di5_ivi_dy_0x9e , 2113929215
05-30 19:00:28.685 18964 12266 D CarSettings-CarBodyImage-PluginResourceLoader: [Thread:CsThreadPool-1-Thread-5][fileInfo:PluginResourceLoader.java(94) getResourceID] Plugin From Map fieldName setting_hud_off_di5_ivi_dy_0x9e resID 7e0100f4
05-30 19:00:28.685 18964 12266 D CarSettings-CarImageUtils: [Thread:CsThreadPool-1-Thread-5][fileInfo:CarBodyImageUtils.java(204) getDrawableResId] getDrawableResId PLUGIN , setting_hud_off_di5_ivi_dy_0x9e , 2113994996
05-30 19:00:28.686 18964 12266 I CarSettings-AbsCarBodyViewGroup: [Thread:CsThreadPool-1-Thread-5][fileInfo:AbsCarBodyViewGroup.java(165) doUpdateCarBody] doUpdateCarBody = CAR_BODY_IMAGE_TYPE_IMG setting_hud_off_di5_ivi_dy_0x9e
05-30 19:00:28.722  1940  1940 I Con--HUDItem: AbsBYDAutoLightListener eventType :951058460 intValue=2
05-30 19:00:28.722  1940  1940 D ConItemView: updateView spec=hud isDragStart=false
05-30 19:00:28.732 18964 18964 I CarSettings-AbsBYDAutoSettingListener: [Thread:main][fileInfo:HudSwitchModel.java(36) onDataEventChanged] onDataEventChanged newState = false mcuState = 2
05-30 19:00:28.733 18964 18964 E CarSettings-HudSwitch: [Thread:main][fileInfo:AbsSwitchGroup.java(440) setViewState] setViewState isRunning state false
05-30 19:00:28.733 18964 18964 I CarSettings-HudHeightAdjust: [Thread:main][fileInfo:HudHeightAdjust.java(112) connectCallBack] hudSwitch status = false
05-30 19:00:28.733 18964 18964 I CarSettings-HudNavigationFuse: [Thread:main][fileInfo:HudNavigationFuse.java(121) connectCallBack] hudSwitch status = false
05-30 19:00:28.733 18964 18964 I CarSettings-HudImageTextFuse: [Thread:main][fileInfo:HudImageTextFuse.java(122) connectCallBack] hudSwitch status = false
05-30 19:00:28.733 18964 18964 I CarSettings-HudSafetyDrivingFuse: [Thread:main][fileInfo:HudSafetyDrivingFuse.java(128) connectCallBack] hudSwitch status = false
05-30 19:00:28.733 18964 18964 I CarSettings-HUDNavigationMap: [Thread:main][fileInfo:HudNavigationMap.java(92) connectCallBack] hudSwitch status = false
05-30 19:00:28.733 18964 18964 I CarSettings-HudModeChangeSetup: [Thread:main][fileInfo:HudModeChangeSetup.java(119) connectCallBack] hudSwitch status = false
05-30 19:00:28.733 18964 18964 D CarSettings-HudModeChangeSetup: [Thread:main][fileInfo:HudModeChangeSetup.java(164) isGhyHudMode] getGhyHudMode:0
05-30 19:00:28.734 18964 18964 I CarSettings-HudThemeMode: [Thread:main][fileInfo:HudThemeMode.java(109) connectCallBack] hudSwitch status = false
05-30 19:00:28.734 18964 18964 I CarSettings-HudRotateAdjust: [Thread:main][fileInfo:HudRotateAdjust.java(124) connectCallBack] hudSwitch status = false
05-30 19:00:28.734 18964 18964 I CarSettings-HudMultimediaFuse: [Thread:main][fileInfo:HudMultimediaFuse.java(122) connectCallBack] hudSwitch status = false
05-30 19:00:28.734 18964 18964 I CarSettings-HudBrightnessAdjust: [Thread:main][fileInfo:HudBrightnessAdjust.java(141) connectCallBack] hudSwitch status = false
05-30 19:00:28.734 18964 18964 I CarSettings-HudOptionDisplay: [Thread:main][fileInfo:HudOptionDisplay.java(121) connectCallBack] hudSwitch status = false
05-30 19:00:28.734 18964 18964 I CarSettings-HudHeightAdjust: [Thread:main][fileInfo:HudHeightAdjust.java(112) connectCallBack] hudSwitch status = false
05-30 19:00:28.734 18964 18964 I CarSettings-HudNavigationFuse: [Thread:main][fileInfo:HudNavigationFuse.java(121) connectCallBack] hudSwitch status = false
05-30 19:00:28.734 18964 18964 I CarSettings-HudImageTextFuse: [Thread:main][fileInfo:HudImageTextFuse.java(122) connectCallBack] hudSwitch status = false
05-30 19:00:28.734 18964 18964 I CarSettings-HudSafetyDrivingFuse: [Thread:main][fileInfo:HudSafetyDrivingFuse.java(128) connectCallBack] hudSwitch status = false
05-30 19:00:28.734 18964 18964 I CarSettings-HUDNavigationMap: [Thread:main][fileInfo:HudNavigationMap.java(92) connectCallBack] hudSwitch status = false
05-30 19:00:28.734 18964 18964 I CarSettings-HudModeChangeSetup: [Thread:main][fileInfo:HudModeChangeSetup.java(119) connectCallBack] hudSwitch status = false
05-30 19:00:28.735 18964 18964 D CarSettings-HudModeChangeSetup: [Thread:main][fileInfo:HudModeChangeSetup.java(164) isGhyHudMode] getGhyHudMode:0
05-30 19:00:28.735 18964 18964 I CarSettings-HudThemeMode: [Thread:main][fileInfo:HudThemeMode.java(109) connectCallBack] hudSwitch status = false
05-30 19:00:28.735 18964 18964 I CarSettings-HudRotateAdjust: [Thread:main][fileInfo:HudRotateAdjust.java(124) connectCallBack] hudSwitch status = false
05-30 19:00:28.735 18964 18964 I CarSettings-HudMultimediaFuse: [Thread:main][fileInfo:HudMultimediaFuse.java(122) connectCallBack] hudSwitch status = false
05-30 19:00:28.735 18964 18964 I CarSettings-HudBrightnessAdjust: [Thread:main][fileInfo:HudBrightnessAdjust.java(141) connectCallBack] hudSwitch status = false
05-30 19:00:28.735 18964 18964 I CarSettings-HudOptionDisplay: [Thread:main][fileInfo:HudOptionDisplay.java(121) connectCallBack] hudSwitch status = false
05-30 19:00:28.735 18964 12266 D CarSettings-CarImageUtils: [Thread:CsThreadPool-1-Thread-5][fileInfo:CarBodyImageUtils.java(87) doRun] updateCarBodyImageJsonPagPriorityRemote  setting_hud_off_di5_ivi_dy_0x9e
05-30 19:00:28.735 18964 12266 D CarSettings-CarBodyImage-RemoteResourceLoader: [Thread:CsThreadPool-1-Thread-5][fileInfo:RemoteResourceLoader.java(124) getResourceID] Plugin From Map fieldName setting_hud_off_di5_ivi_dy_0x9e resID 7dffffff
05-30 19:00:28.735 18964 12266 D CarSettings-CarImageUtils: [Thread:CsThreadPool-1-Thread-5][fileInfo:CarBodyImageUtils.java(204) getDrawableResId] getDrawableResId REMOTE , setting_hud_off_di5_ivi_dy_0x9e , 2113929215
05-30 19:00:28.735 18964 12266 D CarSettings-CarBodyImage-PluginResourceLoader: [Thread:CsThreadPool-1-Thread-5][fileInfo:PluginResourceLoader.java(94) getResourceID] Plugin From Map fieldName setting_hud_off_di5_ivi_dy_0x9e resID 7e0100f4
05-30 19:00:28.735 18964 12266 D CarSettings-CarImageUtils: [Thread:CsThreadPool-1-Thread-5][fileInfo:CarBodyImageUtils.java(204) getDrawableResId] getDrawableResId PLUGIN , setting_hud_off_di5_ivi_dy_0x9e , 2113994996
05-30 19:00:28.736 18964 12266 I CarSettings-AbsCarBodyViewGroup: [Thread:CsThreadPool-1-Thread-5][fileInfo:AbsCarBodyViewGroup.java(165) doUpdateCarBody] doUpdateCarBody = CAR_BODY_IMAGE_TYPE_IMG setting_hud_off_di5_ivi_dy_0x9e
05-30 19:00:29.023  2018  2657 E BufferQueueProducer:   05:0xb400007947136a00 crop=[0,0,1920,1080] xform=0x00 time=16808.3044 scale=SCALE_TO_WINDOW
05-30 19:00:30.085  1090  1166 D WindowManager: getTopPackageName =com.byd.carsettings
05-30 19:00:30.150 18964 18964 D CarSettings-HudSwitch: [Thread:main][fileInfo:AbsSwitchGroup.java(152) onInterceptTouchEvent] onInterceptTouchEvent isChecked : true
05-30 19:00:30.153 18964 18964 D CarSettings-HudSwitch: [Thread:main][fileInfo:AbsSwitchGroup.java(190) lambda$initView$2$AbsSwitchGroup] bydSwitch setOnCheckedChangeListener true
05-30 19:00:30.165  1090  1742 D StreamFocusControl: streamType is STREAM_NAVI or STREAM_SYSTEM
05-30 19:00:30.370 18964 18964 I CarSettings-HudSwitchModel: [Thread:main][fileInfo:HudSwitchModel.java(101) setHudSwitchState] setHudSwitchState newState = true mcuState = 1
05-30 19:00:30.371 18964 18964 I CarSettings-HudHeightAdjust: [Thread:main][fileInfo:HudHeightAdjust.java(112) connectCallBack] hudSwitch status = true
05-30 19:00:30.371 18964 18964 I CarSettings-HudNavigationFuse: [Thread:main][fileInfo:HudNavigationFuse.java(121) connectCallBack] hudSwitch status = true
05-30 19:00:30.371 18964 18964 I CarSettings-HudImageTextFuse: [Thread:main][fileInfo:HudImageTextFuse.java(122) connectCallBack] hudSwitch status = true
05-30 19:00:30.371 18964 18964 I CarSettings-HudSafetyDrivingFuse: [Thread:main][fileInfo:HudSafetyDrivingFuse.java(128) connectCallBack] hudSwitch status = true
05-30 19:00:30.371 18964 18964 I CarSettings-HUDNavigationMap: [Thread:main][fileInfo:HudNavigationMap.java(92) connectCallBack] hudSwitch status = true
05-30 19:00:30.371 18964 18964 I CarSettings-HudModeChangeSetup: [Thread:main][fileInfo:HudModeChangeSetup.java(119) connectCallBack] hudSwitch status = true
05-30 19:00:30.372 18964 18964 D CarSettings-HudModeChangeSetup: [Thread:main][fileInfo:HudModeChangeSetup.java(164) isGhyHudMode] getGhyHudMode:0
05-30 19:00:30.372 18964 18964 I CarSettings-HudThemeMode: [Thread:main][fileInfo:HudThemeMode.java(109) connectCallBack] hudSwitch status = true
05-30 19:00:30.372 18964 18964 I CarSettings-HudRotateAdjust: [Thread:main][fileInfo:HudRotateAdjust.java(124) connectCallBack] hudSwitch status = true
05-30 19:00:30.372 18964 18964 I CarSettings-HudMultimediaFuse: [Thread:main][fileInfo:HudMultimediaFuse.java(122) connectCallBack] hudSwitch status = true
05-30 19:00:30.372 18964 18964 I CarSettings-HudBrightnessAdjust: [Thread:main][fileInfo:HudBrightnessAdjust.java(141) connectCallBack] hudSwitch status = true
05-30 19:00:30.372 18964 18964 I CarSettings-HudOptionDisplay: [Thread:main][fileInfo:HudOptionDisplay.java(121) connectCallBack] hudSwitch status = true
05-30 19:00:30.373 18964 12266 D CarSettings-CarImageUtils: [Thread:CsThreadPool-1-Thread-5][fileInfo:CarBodyImageUtils.java(87) doRun] updateCarBodyImageJsonPagPriorityRemote  setting_hud_on_di5_ivi_dy_0x9e
05-30 19:00:30.373 18964 12266 D CarSettings-CarBodyImage-RemoteResourceLoader: [Thread:CsThreadPool-1-Thread-5][fileInfo:RemoteResourceLoader.java(124) getResourceID] Plugin From Map fieldName setting_hud_on_di5_ivi_dy_0x9e resID 7dffffff
05-30 19:00:30.373 18964 12266 D CarSettings-CarImageUtils: [Thread:CsThreadPool-1-Thread-5][fileInfo:CarBodyImageUtils.java(204) getDrawableResId] getDrawableResId REMOTE , setting_hud_on_di5_ivi_dy_0x9e , 2113929215
05-30 19:00:30.373 18964 12266 D CarSettings-CarBodyImage-PluginResourceLoader: [Thread:CsThreadPool-1-Thread-5][fileInfo:PluginResourceLoader.java(94) getResourceID] Plugin From Map fieldName setting_hud_on_di5_ivi_dy_0x9e resID 7e0100fa
05-30 19:00:30.373 18964 12266 D CarSettings-CarImageUtils: [Thread:CsThreadPool-1-Thread-5][fileInfo:CarBodyImageUtils.java(204) getDrawableResId] getDrawableResId PLUGIN , setting_hud_on_di5_ivi_dy_0x9e , 2113995002
05-30 19:00:30.373 18964 12266 I CarSettings-AbsCarBodyViewGroup: [Thread:CsThreadPool-1-Thread-5][fileInfo:AbsCarBodyViewGroup.java(165) doUpdateCarBody] doUpdateCarBody = CAR_BODY_IMAGE_TYPE_IMG setting_hud_on_di5_ivi_dy_0x9e
05-30 19:00:30.435 18964 18964 I CarSettings-AbsBYDAutoSettingListener: [Thread:main][fileInfo:HudSwitchModel.java(36) onDataEventChanged] onDataEventChanged newState = true mcuState = 1
05-30 19:00:30.436 18964 18964 E CarSettings-HudSwitch: [Thread:main][fileInfo:AbsSwitchGroup.java(440) setViewState] setViewState isRunning state true
05-30 19:00:30.436 18964 18964 I CarSettings-HudHeightAdjust: [Thread:main][fileInfo:HudHeightAdjust.java(112) connectCallBack] hudSwitch status = true
05-30 19:00:30.436 18964 18964 I CarSettings-HudNavigationFuse: [Thread:main][fileInfo:HudNavigationFuse.java(121) connectCallBack] hudSwitch status = true
05-30 19:00:30.436 18964 18964 I CarSettings-HudImageTextFuse: [Thread:main][fileInfo:HudImageTextFuse.java(122) connectCallBack] hudSwitch status = true
05-30 19:00:30.436 18964 18964 I CarSettings-HudSafetyDrivingFuse: [Thread:main][fileInfo:HudSafetyDrivingFuse.java(128) connectCallBack] hudSwitch status = true
05-30 19:00:30.437 18964 18964 I CarSettings-HUDNavigationMap: [Thread:main][fileInfo:HudNavigationMap.java(92) connectCallBack] hudSwitch status = true
05-30 19:00:30.437 18964 18964 I CarSettings-HudModeChangeSetup: [Thread:main][fileInfo:HudModeChangeSetup.java(119) connectCallBack] hudSwitch status = true
05-30 19:00:30.437 18964 18964 D CarSettings-HudModeChangeSetup: [Thread:main][fileInfo:HudModeChangeSetup.java(164) isGhyHudMode] getGhyHudMode:0
05-30 19:00:30.438 18964 18964 I CarSettings-HudThemeMode: [Thread:main][fileInfo:HudThemeMode.java(109) connectCallBack] hudSwitch status = true
05-30 19:00:30.438 18964 18964 I CarSettings-HudRotateAdjust: [Thread:main][fileInfo:HudRotateAdjust.java(124) connectCallBack] hudSwitch status = true
05-30 19:00:30.438 18964 18964 I CarSettings-HudMultimediaFuse: [Thread:main][fileInfo:HudMultimediaFuse.java(122) connectCallBack] hudSwitch status = true
05-30 19:00:30.438 18964 18964 I CarSettings-HudBrightnessAdjust: [Thread:main][fileInfo:HudBrightnessAdjust.java(141) connectCallBack] hudSwitch status = true
05-30 19:00:30.438 18964 18964 I CarSettings-HudOptionDisplay: [Thread:main][fileInfo:HudOptionDisplay.java(121) connectCallBack] hudSwitch status = true
05-30 19:00:30.438 18964 18964 I CarSettings-HudHeightAdjust: [Thread:main][fileInfo:HudHeightAdjust.java(112) connectCallBack] hudSwitch status = true
05-30 19:00:30.438 18964 18964 I CarSettings-HudNavigationFuse: [Thread:main][fileInfo:HudNavigationFuse.java(121) connectCallBack] hudSwitch status = true
05-30 19:00:30.438 18964 18964 I CarSettings-HudImageTextFuse: [Thread:main][fileInfo:HudImageTextFuse.java(122) connectCallBack] hudSwitch status = true
05-30 19:00:30.438 18964 18964 I CarSettings-HudSafetyDrivingFuse: [Thread:main][fileInfo:HudSafetyDrivingFuse.java(128) connectCallBack] hudSwitch status = true
05-30 19:00:30.438 18964 18964 I CarSettings-HUDNavigationMap: [Thread:main][fileInfo:HudNavigationMap.java(92) connectCallBack] hudSwitch status = true
05-30 19:00:30.438 18964 18964 I CarSettings-HudModeChangeSetup: [Thread:main][fileInfo:HudModeChangeSetup.java(119) connectCallBack] hudSwitch status = true
05-30 19:00:30.439 18964 18964 D CarSettings-HudModeChangeSetup: [Thread:main][fileInfo:HudModeChangeSetup.java(164) isGhyHudMode] getGhyHudMode:0
05-30 19:00:30.439 18964 18964 I CarSettings-HudThemeMode: [Thread:main][fileInfo:HudThemeMode.java(109) connectCallBack] hudSwitch status = true
05-30 19:00:30.439 18964 18964 I CarSettings-HudRotateAdjust: [Thread:main][fileInfo:HudRotateAdjust.java(124) connectCallBack] hudSwitch status = true
05-30 19:00:30.439 18964 18964 I CarSettings-HudMultimediaFuse: [Thread:main][fileInfo:HudMultimediaFuse.java(122) connectCallBack] hudSwitch status = true
05-30 19:00:30.439 18964 18964 I CarSettings-HudBrightnessAdjust: [Thread:main][fileInfo:HudBrightnessAdjust.java(141) connectCallBack] hudSwitch status = true
05-30 19:00:30.439 18964 18964 I CarSettings-HudOptionDisplay: [Thread:main][fileInfo:HudOptionDisplay.java(121) connectCallBack] hudSwitch status = true
05-30 19:00:30.439  1940  1940 I Con--HUDItem: AbsBYDAutoLightListener eventType :951058460 intValue=1
05-30 19:00:30.439  1940  1940 D ConItemView: updateView spec=hud isDragStart=false
05-30 19:00:30.439 18964 12266 D CarSettings-CarImageUtils: [Thread:CsThreadPool-1-Thread-5][fileInfo:CarBodyImageUtils.java(87) doRun] updateCarBodyImageJsonPagPriorityRemote  setting_hud_on_di5_ivi_dy_0x9e
05-30 19:00:30.439 18964 12266 D CarSettings-CarBodyImage-RemoteResourceLoader: [Thread:CsThreadPool-1-Thread-5][fileInfo:RemoteResourceLoader.java(124) getResourceID] Plugin From Map fieldName setting_hud_on_di5_ivi_dy_0x9e resID 7dffffff
05-30 19:00:30.439 18964 12266 D CarSettings-CarImageUtils: [Thread:CsThreadPool-1-Thread-5][fileInfo:CarBodyImageUtils.java(204) getDrawableResId] getDrawableResId REMOTE , setting_hud_on_di5_ivi_dy_0x9e , 2113929215
05-30 19:00:30.439 18964 12266 D CarSettings-CarBodyImage-PluginResourceLoader: [Thread:CsThreadPool-1-Thread-5][fileInfo:PluginResourceLoader.java(94) getResourceID] Plugin From Map fieldName setting_hud_on_di5_ivi_dy_0x9e resID 7e0100fa
05-30 19:00:30.439 18964 12266 D CarSettings-CarImageUtils: [Thread:CsThreadPool-1-Thread-5][fileInfo:CarBodyImageUtils.java(204) getDrawableResId] getDrawableResId PLUGIN , setting_hud_on_di5_ivi_dy_0x9e , 2113995002
05-30 19:00:30.440 18964 12266 I CarSettings-AbsCarBodyViewGroup: [Thread:CsThreadPool-1-Thread-5][fileInfo:AbsCarBodyViewGroup.java(165) doUpdateCarBody] doUpdateCarBody = CAR_BODY_IMAGE_TYPE_IMG setting_hud_on_di5_ivi_dy_0x9e
05-30 19:00:31.101  1090  1166 D WindowManager: getTopPackageName =com.byd.carsettings
05-30 19:00:31.688  1090  1166 D WindowManager: getTopPackageName =com.byd.carsettings
05-30 19:00:32.155 18964 18964 I CarSettings-HudSwitchModel: [Thread:main][fileInfo:HudSwitchModel.java(94) getHudSwitchState] getHudSwitchState newState = true mcuState = 1
05-30 19:00:32.155 18964 18964 I CarSettings-HudHeightAdjust: [Thread:main][fileInfo:HudHeightAdjust.java(112) connectCallBack] hudSwitch status = true
05-30 19:00:32.155 18964 18964 I CarSettings-HudNavigationFuse: [Thread:main][fileInfo:HudNavigationFuse.java(121) connectCallBack] hudSwitch status = true
05-30 19:00:32.155 18964 18964 I CarSettings-HudImageTextFuse: [Thread:main][fileInfo:HudImageTextFuse.java(122) connectCallBack] hudSwitch status = true
05-30 19:00:32.155 18964 18964 I CarSettings-HudSafetyDrivingFuse: [Thread:main][fileInfo:HudSafetyDrivingFuse.java(128) connectCallBack] hudSwitch status = true
05-30 19:00:32.155 18964 18964 I CarSettings-HUDNavigationMap: [Thread:main][fileInfo:HudNavigationMap.java(92) connectCallBack] hudSwitch status = true
05-30 19:00:32.155 18964 18964 I CarSettings-HudModeChangeSetup: [Thread:main][fileInfo:HudModeChangeSetup.java(119) connectCallBack] hudSwitch status = true
05-30 19:00:32.155 18964 18964 D CarSettings-HudModeChangeSetup: [Thread:main][fileInfo:HudModeChangeSetup.java(164) isGhyHudMode] getGhyHudMode:0
05-30 19:00:32.155 18964 18964 I CarSettings-HudThemeMode: [Thread:main][fileInfo:HudThemeMode.java(109) connectCallBack] hudSwitch status = true
05-30 19:00:32.155 18964 18964 I CarSettings-HudRotateAdjust: [Thread:main][fileInfo:HudRotateAdjust.java(124) connectCallBack] hudSwitch status = true
05-30 19:00:32.155 18964 18964 I CarSettings-HudMultimediaFuse: [Thread:main][fileInfo:HudMultimediaFuse.java(122) connectCallBack] hudSwitch status = true
05-30 19:00:32.155 18964 18964 I CarSettings-HudBrightnessAdjust: [Thread:main][fileInfo:HudBrightnessAdjust.java(141) connectCallBack] hudSwitch status = true
05-30 19:00:32.155 18964 18964 I CarSettings-HudOptionDisplay: [Thread:main][fileInfo:HudOptionDisplay.java(121) connectCallBack] hudSwitch status = true
05-30 19:00:32.155 18964 18964 I CarSettings-HudSwitchModel: [Thread:main][fileInfo:HudSwitchModel.java(94) getHudSwitchState] getHudSwitchState newState = true mcuState = 1
05-30 19:00:32.156 18964 18964 E CarSettings-HudSwitch: [Thread:main][fileInfo:AbsSwitchGroup.java(444) setViewState] bydSwitch.isChecked() == state true
05-30 19:00:32.410  1090  1166 D WindowManager: getTopPackageName =com.byd.carsettings
05-30 19:00:33.446  1090  2456 V WifiService: Clearing REDACT_FOR_ACCESS_FINE_LOCATION for com.baidu.map.location(uid=10017)
05-30 19:00:33.447  1090  2456 V WifiPermissionsUtil: checkCallersLocationPermission(com.baidu.map.location): ok because uid 10017 has app-op android:fine_location
05-30 19:00:33.509  1090  2456 V WifiPermissionsUtil: checkCallersLocationPermission(com.baidu.map.location): ok because uid 10017 has app-op android:fine_location
05-30 19:00:33.524  5125  5125 I NLP     : Location result:[location successful by Baidu], reason:[network location] locType=161, NetworkLocationType = wf
05-30 19:00:33.533  2524  2541 W m.android.phon: Reducing the number of considered missed Gc histogram windows from 185 to 100
05-30 19:00:35.893  2018  2657 E BufferQueueProducer:   12:0xb400007947141400 crop=[0,0,1920,1080] xform=0x00 time=16815.1706 scale=SCALE_TO_WINDOW
05-30 19:00:39.054  1090  1166 D WindowManager: getTopPackageName =com.byd.carsettings
05-30 19:00:39.121 18964 18964 D CarSettings-HudModeChangeSetup: [Thread:main][fileInfo:AbsRadioGroup.java(136) onInterceptTouchEvent] onInterceptTouchEvent selectPosition : 1
05-30 19:00:39.121 18964 18964 D CarSettings-HudModeChangeSetup: [Thread:main][fileInfo:AbsRadioGroup.java(223) lambda$addTab$0$AbsRadioGroup] onClick
05-30 19:00:39.133  1090  1742 D StreamFocusControl: streamType is STREAM_NAVI or STREAM_SYSTEM
05-30 19:00:39.321 18964 18964 I CarSettings-HudModeChangeModel: [Thread:main][fileInfo:HudModeChangeModel.java(77) setHudModeChangeState] setHudModeChangeState newState = 2 mcuState = 2
05-30 19:00:39.322 18964 18964 D CarSettings-HudModeChangeSetup: [Thread:main][fileInfo:HudModeChangeSetup.java(164) isGhyHudMode] getGhyHudMode:0
05-30 19:00:39.403 18964 18964 I CarSettings-AbsBYDAutoSettingListener: [Thread:main][fileInfo:HudModeChangeModel.java(35) onDataEventChanged] onDataEventChanged newState = 2 mcuState = 2
05-30 19:00:39.403 18964 18964 E CarSettings-HudModeChangeSetup: [Thread:main][fileInfo:AbsRadioGroup.java(475) setViewChecked] setViewState isRunning state 1
05-30 19:00:39.403 18964 18964 D CarSettings-HudModeChangeSetup: [Thread:main][fileInfo:HudModeChangeSetup.java(164) isGhyHudMode] getGhyHudMode:0
05-30 19:00:39.761  1090  1166 D WindowManager: getTopPackageName =com.byd.carsettings
05-30 19:00:39.856 18964 18964 D CarSettings-HudModeChangeSetup: [Thread:main][fileInfo:AbsRadioGroup.java(136) onInterceptTouchEvent] onInterceptTouchEvent selectPosition : 0
05-30 19:00:39.857 18964 18964 D CarSettings-HudModeChangeSetup: [Thread:main][fileInfo:AbsRadioGroup.java(223) lambda$addTab$0$AbsRadioGroup] onClick
05-30 19:00:39.861  1090  1742 D StreamFocusControl: streamType is STREAM_NAVI or STREAM_SYSTEM
05-30 19:00:40.057 18964 18964 I CarSettings-HudModeChangeModel: [Thread:main][fileInfo:HudModeChangeModel.java(77) setHudModeChangeState] setHudModeChangeState newState = 1 mcuState = 1
05-30 19:00:40.058 18964 18964 D CarSettings-HudModeChangeSetup: [Thread:main][fileInfo:HudModeChangeSetup.java(164) isGhyHudMode] getGhyHudMode:0
05-30 19:00:40.111 18964 18964 I CarSettings-AbsBYDAutoSettingListener: [Thread:main][fileInfo:HudModeChangeModel.java(35) onDataEventChanged] onDataEventChanged newState = 1 mcuState = 1
05-30 19:00:40.111 18964 18964 E CarSettings-HudModeChangeSetup: [Thread:main][fileInfo:AbsRadioGroup.java(475) setViewChecked] setViewState isRunning state 0
05-30 19:00:40.112 18964 18964 D CarSettings-HudModeChangeSetup: [Thread:main][fileInfo:HudModeChangeSetup.java(164) isGhyHudMode] getGhyHudMode:0
05-30 19:00:40.553 27323 27769 I AlarmManager: setImpl wakeup alarm mPackageName=com.alipay.arome.app type=2 triggerAtMillis=72017612 nowMillis=1780156840553 nowRealtime=72007620 windowMillis=0 intervalMillis=0 operation=PendingIntent{9e4a205: android.os.BinderProxy@494b25a} listenerTag=null StackTrace=null
05-30 19:00:40.561 27323 27769 I AlarmManager: setImpl wakeup alarm mPackageName=com.alipay.arome.app type=2 triggerAtMillis=72177623 nowMillis=1780156840561 nowRealtime=72007628 windowMillis=0 intervalMillis=0 operation=PendingIntent{d438c8b: android.os.BinderProxy@9176168} listenerTag=null StackTrace=null
05-30 19:00:40.573 27323 27769 I AlarmManager: setImpl wakeup alarm mPackageName=com.alipay.arome.app type=2 triggerAtMillis=72177633 nowMillis=1780156840573 nowRealtime=72007639 windowMillis=0 intervalMillis=0 operation=PendingIntent{d125981: android.os.BinderProxy@2db9a26} listenerTag=null StackTrace=null
05-30 19:00:41.859 18964 18964 I CarSettings-HudModeChangeModel: [Thread:main][fileInfo:HudModeChangeModel.java(70) getHudModeChangeState] getHudModeChangeState newState = 1 mcuState = 1
05-30 19:00:41.860 18964 18964 D CarSettings-HudModeChangeSetup: [Thread:main][fileInfo:HudModeChangeSetup.java(164) isGhyHudMode] getGhyHudMode:0
05-30 19:00:41.860 18964 18964 I CarSettings-HudModeChangeModel: [Thread:main][fileInfo:HudModeChangeModel.java(70) getHudModeChangeState] getHudModeChangeState newState = 1 mcuState = 1
05-30 19:00:41.860 18964 18964 E CarSettings-HudModeChangeSetup: [Thread:main][fileInfo:AbsRadioGroup.java(479) setViewChecked] bydRadioGroup.getCheckedRadioButtonId() == position 0
05-30 19:00:43.501  1090  3144 V WifiService: Clearing REDACT_FOR_ACCESS_FINE_LOCATION for com.baidu.map.location(uid=10017)
05-30 19:00:43.501  1090  3144 V WifiPermissionsUtil: checkCallersLocationPermission(com.baidu.map.location): ok because uid 10017 has app-op android:fine_location
05-30 19:00:43.580  1090  1663 V WifiPermissionsUtil: checkCallersLocationPermission(com.baidu.map.location): ok because uid 10017 has app-op android:fine_location
05-30 19:00:43.594  5125  5125 I NLP     : Location result:[location successful by Baidu], reason:[network location] locType=161, NetworkLocationType = wf
05-30 19:00:43.596  2018  2657 E BufferQueueProducer:   11:0xb400007947141200 crop=[0,0,1920,1080] xform=0x00 time=16822.8725 scale=SCALE_TO_WINDOW
05-30 19:00:44.709  2018  2657 E BufferQueueProducer:   05:0xb400007947136a00 crop=[0,0,1920,1080] xform=0x00 time=16823.9750 scale=SCALE_TO_WINDOW
05-30 19:00:45.941  2041 12333 D NetworkMonitor/114: PROBE_HTTPS https://connectivitycheck.gstatic.com/generate_204 time=12933ms ret=204 request={Connection=[close], User-Agent=[Mozilla/5.0 (X11; Linux x86_64) AppleWebKit/537.36 (KHTML, like Gecko) Chrome/60.0.3112.32 Safari/537.36]} headers={null=[HTTP/1.1 204 No Content], Alt-Svc=[h3=":443"; ma=2592000,h3-29=":443"; ma=2592000], Connection=[close], Content-Length=[0], Cross-Origin-Resource-Policy=[cross-origin], Date=[Sat, 30 May 2026 16:00:46 GMT], X-Android-Received-Millis=[1780156845940], X-Android-Response-Source=[NETWORK 204], X-Android-Selected-Protocol=[http/1.1], X-Android-Sent-Millis=[1780156845756]}
05-30 19:00:53.548  1090  1792 V WifiService: Clearing REDACT_FOR_ACCESS_FINE_LOCATION for com.baidu.map.location(uid=10017)
05-30 19:00:53.553  1090  1792 V WifiPermissionsUtil: checkCallersLocationPermission(com.baidu.map.location): ok because uid 10017 has app-op android:fine_location
05-30 19:00:53.626  1090  1110 V WifiPermissionsUtil: checkCallersLocationPermission(com.baidu.map.location): ok because uid 10017 has app-op android:fine_location
05-30 19:00:53.634  5125  5125 I NLP     : Location result:[location successful by Baidu], reason:[network location] locType=161, NetworkLocationType = wf
05-30 19:00:54.755  3507  3507 E ye0     : onWindowOpenPercentChanged setAllWindowState::: area = 3   percent = 2   callback carlib.lb0$b@ad4f4a0
05-30 19:00:54.757  3507  3507 E ye0     : CarHandler setAllWindowState WorkDeviceListener::FeatureId = 2   mLeftRearWindowTemp = 0
05-30 19:00:54.757  3507  3507 E MyCar_lb0: [main]onWindowDoorPercentChanged control 百分比 ::area = 8   percent = 2
05-30 19:00:54.758  3507  3507 E MyCar_lb0: [main]onWindowDoorMotionWayChanged 运动状态 ::area = 8   value = 2
05-30 19:00:54.857  3507  3507 E ye0     : onWindowOpenPercentChanged setAllWindowState::: area = 3   percent = 4   callback carlib.lb0$b@ad4f4a0
05-30 19:00:54.857  3507  3507 E ye0     : CarHandler setAllWindowState WorkDeviceListener::FeatureId = 4   mLeftRearWindowTemp = 2
05-30 19:00:54.857  3507  3507 E MyCar_lb0: [main]onWindowDoorPercentChanged control 百分比 ::area = 8   percent = 4
05-30 19:00:54.858  3507  3507 E MyCar_lb0: [main]onWindowDoorMotionWayChanged 运动状态 ::area = 8   value = 2
05-30 19:00:54.860  1940  1940 D SceneModeManager: onWindowStateChanged area=3 state=1
05-30 19:00:54.861  1940  1940 D SceneModeManager: onWindowStateChanged napModeIsOn=false
05-30 19:00:54.962  3507  3507 E ye0     : onWindowOpenPercentChanged setAllWindowState::: area = 3   percent = 6   callback carlib.lb0$b@ad4f4a0
05-30 19:00:54.962  3507  3507 E ye0     : CarHandler setAllWindowState WorkDeviceListener::FeatureId = 6   mLeftRearWindowTemp = 4
05-30 19:00:54.962  3507  3507 E MyCar_lb0: [main]onWindowDoorPercentChanged control 百分比 ::area = 8   percent = 6
05-30 19:00:54.963  3507  3507 E MyCar_lb0: [main]onWindowDoorMotionWayChanged 运动状态 ::area = 8   value = 2
05-30 19:00:55.073  3507  3507 E ye0     : onWindowOpenPercentChanged setAllWindowState::: area = 3   percent = 9   callback carlib.lb0$b@ad4f4a0
05-30 19:00:55.073  3507  3507 E ye0     : CarHandler setAllWindowState WorkDeviceListener::FeatureId = 9   mLeftRearWindowTemp = 6
05-30 19:00:55.074  3507  3507 E MyCar_lb0: [main]onWindowDoorPercentChanged control 百分比 ::area = 8   percent = 9
05-30 19:00:55.074  3507  3507 E MyCar_lb0: [main]onWindowDoorMotionWayChanged 运动状态 ::area = 8   value = 2
05-30 19:00:55.178  3507  3507 E ye0     : onWindowOpenPercentChanged setAllWindowState::: area = 3   percent = 13   callback carlib.lb0$b@ad4f4a0
05-30 19:00:55.178  3507  3507 E ye0     : CarHandler setAllWindowState WorkDeviceListener::FeatureId = 13   mLeftRearWindowTemp = 9
05-30 19:00:55.178  3507  3507 E MyCar_lb0: [main]onWindowDoorPercentChanged control 百分比 ::area = 8   percent = 13
05-30 19:00:55.178  3507  3507 E MyCar_lb0: [main]onWindowDoorMotionWayChanged 运动状态 ::area = 8   value = 2
05-30 19:00:55.284  3507  3507 E ye0     : onWindowOpenPercentChanged setAllWindowState::: area = 3   percent = 17   callback carlib.lb0$b@ad4f4a0
05-30 19:00:55.284  3507  3507 E ye0     : CarHandler setAllWindowState WorkDeviceListener::FeatureId = 17   mLeftRearWindowTemp = 13
05-30 19:00:55.285  3507  3507 E MyCar_lb0: [main]onWindowDoorPercentChanged control 百分比 ::area = 8   percent = 17
05-30 19:00:55.285  3507  3507 E MyCar_lb0: [main]onWindowDoorMotionWayChanged 运动状态 ::area = 8   value = 2
05-30 19:00:56.025  3507  3507 E ye0     : CarHandler setAllWindowState WorkDeviceListener::FeatureId = -100   mLeftRearWindowTemp = 17
05-30 19:00:56.025  3507  3507 E MyCar_lb0: [main]onWindowDoorMotionWayChanged 运动状态 ::area = 8   value = 1
05-30 19:00:56.025  3507  3507 D BYDAutoBodyworkDevice: getWindowOpenPercent: percent is 17
05-30 19:00:56.026  3507  3507 E MyCar_lb0: [main]onWindowDoorPercentChanged control 百分比 ::area = 8   percent = 17
05-30 19:00:56.026  3507  3507 E MyCar_ge0: [main]getRearWindowSunshadeConfig 0
05-30 19:00:56.026  3507  3507 W MyCar_BydBodyworkDevice: [main]getAllWindowCurrentWayByConfigStatus config false
05-30 19:00:56.026  3507  3507 E MyCar_TAG: [main]getAllWindowCurrentWayByConfigStatus :::index 1
05-30 19:00:56.027  3507  3507 D BYDAutoBodyworkDevice: getWindowOpenPercent: percent is 0
05-30 19:00:56.027  3507  3507 D BYDAutoBodyworkDevice: getWindowOpenPercent: percent is 17
05-30 19:00:56.028  3507  3507 D BYDAutoBodyworkDevice: getWindowOpenPercent: percent is 0
05-30 19:00:56.028  3507  3507 D BYDAutoBodyworkDevice: getWindowOpenPercent: percent is 0
05-30 19:00:56.069  3507  3507 E OrientationUtil: isAppInMultiWindowMode: splitScreenStatus=-1
05-30 19:00:56.252  3507  3507 E ye0     : onWindowOpenPercentChanged setAllWindowState::: area = 3   percent = 19   callback carlib.lb0$b@ad4f4a0
05-30 19:00:56.252  3507  3507 E ye0     : CarHandler setAllWindowState WorkDeviceListener::FeatureId = 19   mLeftRearWindowTemp = 17
05-30 19:00:56.253  3507  3507 E MyCar_lb0: [main]onWindowDoorPercentChanged control 百分比 ::area = 8   percent = 19
05-30 19:00:56.253  3507  3507 E MyCar_lb0: [main]onWindowDoorMotionWayChanged 运动状态 ::area = 8   value = 2
05-30 19:00:56.354  3507  3507 E ye0     : onWindowOpenPercentChanged setAllWindowState::: area = 3   percent = 22   callback carlib.lb0$b@ad4f4a0
05-30 19:00:56.355  3507  3507 E ye0     : CarHandler setAllWindowState WorkDeviceListener::FeatureId = 22   mLeftRearWindowTemp = 19
05-30 19:00:56.355  3507  3507 E MyCar_lb0: [main]onWindowDoorPercentChanged control 百分比 ::area = 8   percent = 22
05-30 19:00:56.355  3507  3507 E MyCar_lb0: [main]onWindowDoorMotionWayChanged 运动状态 ::area = 8   value = 2
05-30 19:00:56.460  3507  3507 E ye0     : onWindowOpenPercentChanged setAllWindowState::: area = 3   percent = 25   callback carlib.lb0$b@ad4f4a0
05-30 19:00:56.460  3507  3507 E ye0     : CarHandler setAllWindowState WorkDeviceListener::FeatureId = 25   mLeftRearWindowTemp = 22
05-30 19:00:56.461  3507  3507 E MyCar_lb0: [main]onWindowDoorPercentChanged control 百分比 ::area = 8   percent = 25
05-30 19:00:56.461  3507  3507 E MyCar_lb0: [main]onWindowDoorMotionWayChanged 运动状态 ::area = 8   value = 2
05-30 19:00:56.579  3507  3507 E ye0     : onWindowOpenPercentChanged setAllWindowState::: area = 3   percent = 29   callback carlib.lb0$b@ad4f4a0
05-30 19:00:56.579  3507  3507 E ye0     : CarHandler setAllWindowState WorkDeviceListener::FeatureId = 29   mLeftRearWindowTemp = 25
05-30 19:00:56.579  3507  3507 E MyCar_lb0: [main]onWindowDoorPercentChanged control 百分比 ::area = 8   percent = 29
05-30 19:00:56.579  3507  3507 E MyCar_lb0: [main]onWindowDoorMotionWayChanged 运动状态 ::area = 8   value = 2
05-30 19:00:56.689  3507  3507 E ye0     : onWindowOpenPercentChanged setAllWindowState::: area = 3   percent = 33   callback carlib.lb0$b@ad4f4a0
05-30 19:00:56.689  3507  3507 E ye0     : CarHandler setAllWindowState WorkDeviceListener::FeatureId = 33   mLeftRearWindowTemp = 29
05-30 19:00:56.690  3507  3507 E MyCar_lb0: [main]onWindowDoorPercentChanged control 百分比 ::area = 8   percent = 33
05-30 19:00:56.690  3507  3507 E MyCar_lb0: [main]onWindowDoorMotionWayChanged 运动状态 ::area = 8   value = 2
05-30 19:00:56.788  3507  3507 E ye0     : onWindowOpenPercentChanged setAllWindowState::: area = 3   percent = 37   callback carlib.lb0$b@ad4f4a0
05-30 19:00:56.788  3507  3507 E ye0     : CarHandler setAllWindowState WorkDeviceListener::FeatureId = 37   mLeftRearWindowTemp = 33
05-30 19:00:56.789  3507  3507 E MyCar_lb0: [main]onWindowDoorPercentChanged control 百分比 ::area = 8   percent = 37
05-30 19:00:56.789  3507  3507 E MyCar_lb0: [main]onWindowDoorMotionWayChanged 运动状态 ::area = 8   value = 2
05-30 19:00:56.893  3507  3507 E ye0     : onWindowOpenPercentChanged setAllWindowState::: area = 3   percent = 41   callback carlib.lb0$b@ad4f4a0
05-30 19:00:56.893  3507  3507 E ye0     : CarHandler setAllWindowState WorkDeviceListener::FeatureId = 41   mLeftRearWindowTemp = 37
05-30 19:00:56.894  3507  3507 E MyCar_lb0: [main]onWindowDoorPercentChanged control 百分比 ::area = 8   percent = 41
05-30 19:00:56.894  3507  3507 E MyCar_lb0: [main]onWindowDoorMotionWayChanged 运动状态 ::area = 8   value = 2
05-30 19:00:57.000  3507  3507 E ye0     : onWindowOpenPercentChanged setAllWindowState::: area = 3   percent = 45   callback carlib.lb0$b@ad4f4a0
05-30 19:00:57.000  3507  3507 E ye0     : CarHandler setAllWindowState WorkDeviceListener::FeatureId = 45   mLeftRearWindowTemp = 41
05-30 19:00:57.001  3507  3507 E MyCar_lb0: [main]onWindowDoorPercentChanged control 百分比 ::area = 8   percent = 45
05-30 19:00:57.001  3507  3507 E MyCar_lb0: [main]onWindowDoorMotionWayChanged 运动状态 ::area = 8   value = 2
05-30 19:00:57.108  3507  3507 E ye0     : onWindowOpenPercentChanged setAllWindowState::: area = 3   percent = 49   callback carlib.lb0$b@ad4f4a0
05-30 19:00:57.109  3507  3507 E ye0     : CarHandler setAllWindowState WorkDeviceListener::FeatureId = 49   mLeftRearWindowTemp = 45
05-30 19:00:57.109  3507  3507 E MyCar_lb0: [main]onWindowDoorPercentChanged control 百分比 ::area = 8   percent = 49
05-30 19:00:57.109  3507  3507 E MyCar_lb0: [main]onWindowDoorMotionWayChanged 运动状态 ::area = 8   value = 2
05-30 19:00:57.213  3507  3507 E ye0     : onWindowOpenPercentChanged setAllWindowState::: area = 3   percent = 53   callback carlib.lb0$b@ad4f4a0
05-30 19:00:57.213  3507  3507 E ye0     : CarHandler setAllWindowState WorkDeviceListener::FeatureId = 53   mLeftRearWindowTemp = 49
05-30 19:00:57.214  3507  3507 E MyCar_lb0: [main]onWindowDoorPercentChanged control 百分比 ::area = 8   percent = 53
