05-30 19:00:14.325 18964 12266 D CarSettings-VisibleFromSelfLearnUtil: [Thread:CsThreadPool-1-Thread-5][fileInfo:VisibleFromSelfLearnUtil.java(117) updateFunctionIdDb] updateFunctionIdDb FunctionLearnEntity {"function_class_name":"com.byd.vehiclesettings.doorwindowlock.view.LongPressInchingOpen","function_id":"00601001400000","function_state":0,"id":0,"parent_function_class_name":"com.byd.carsettings.door.fragment.Di5IviXWindowSubFragment","parent_function_id":"00400200000000"} Already exists!!!
05-30 19:00:14.326 18964 12266 D CarSettings-HotWordsRegister: [Thread:CsThreadPool-1-Thread-5][fileInfo:HotWordsRegister.java(56) register] register SearchDataEntity SearchDataEntity{门窗与锁 Doors 车窗 Window 长按微动开关解锁开窗 Press and hold handle switch to unlock and open windows 00601001400000 0} Already exists!!!
05-30 19:00:14.326 18964 12266 D CarSettings-VisibleFromSelfLearnUtil: [Thread:CsThreadPool-1-Thread-5][fileInfo:VisibleFromSelfLearnUtil.java(117) updateFunctionIdDb] updateFunctionIdDb FunctionLearnEntity {"function_class_name":"com.byd.carsettings.door.fragment.Di5IviXWindowSubFragment","function_id":"00400200000000","function_state":0,"id":0,"parent_function_class_name":"com.byd.carsettings.door.Di5IviXDoorFragment","parent_function_id":"00400000000000"} Already exists!!!
05-30 19:00:14.326 18964 12266 D CarSettings-VisibleFromSelfLearnUtil: [Thread:CsThreadPool-1-Thread-5][fileInfo:VisibleFromSelfLearnUtil.java(117) updateFunctionIdDb] updateFunctionIdDb FunctionLearnEntity {"function_class_name":"com.byd.vehiclesettings.doorwindowlock.view.RemoteUnlock","function_id":"00601000080000","function_state":0,"id":0,"parent_function_class_name":"com.byd.carsettings.door.fragment.Di5IviXLockSubFragment","parent_function_id":"00400100000000"} Already exists!!!
05-30 19:00:14.329 18964 12266 D CarSettings-VisibleFromSelfLearnUtil: [Thread:CsThreadPool-1-Thread-5][fileInfo:VisibleFromSelfLearnUtil.java(117) updateFunctionIdDb] updateFunctionIdDb FunctionLearnEntity {"function_class_name":"com.byd.vehiclesettings.doorwindowlock.view.RearControlScreenLock","function_id":"00601001600000","function_state":0,"id":0,"parent_function_class_name":"com.byd.carsettings.door.fragment.Di5IviXLockSubFragment","parent_function_id":"00400100000000"} Already exists!!!
05-30 19:00:14.330 18964 12266 D CarSettings-VisibleFromSelfLearnUtil: [Thread:CsThreadPool-1-Thread-5][fileInfo:VisibleFromSelfLearnUtil.java(117) updateFunctionIdDb] updateFunctionIdDb FunctionLearnEntity {"function_class_name":"com.byd.vehiclesettings.doorwindowlock.view.IntelligentUnlock","function_id":"00601001700000","function_state":1,"id":0,"parent_function_class_name":"com.byd.carsettings.door.fragment.Di5IviXLockSubFragment","parent_function_id":"00400100000000"} Already exists!!!
05-30 19:00:14.332 18964 12266 D CarSettings-VisibleFromSelfLearnUtil: [Thread:CsThreadPool-1-Thread-5][fileInfo:VisibleFromSelfLearnUtil.java(117) updateFunctionIdDb] updateFunctionIdDb FunctionLearnEntity {"function_class_name":"com.byd.vehiclesettings.doorwindowlock.view.IntelligentLock","function_id":"00601001800000","function_state":1,"id":0,"parent_function_class_name":"com.byd.carsettings.door.fragment.Di5IviXLockSubFragment","parent_function_id":"00400100000000"} Already exists!!!
05-30 19:00:14.335 18964 12266 D CarSettings-VisibleFromSelfLearnUtil: [Thread:CsThreadPool-1-Thread-5][fileInfo:VisibleFromSelfLearnUtil.java(117) updateFunctionIdDb] updateFunctionIdDb FunctionLearnEntity {"function_class_name":"com.byd.vehiclesettings.doorwindowlock.view.DrivingAutoLock","function_id":"00601000090000","function_state":1,"id":0,"parent_function_class_name":"com.byd.carsettings.door.fragment.Di5IviXLockSubFragment","parent_function_id":"00400100000000"} Already exists!!!
05-30 19:00:14.337 18964 12266 D CarSettings-VisibleFromSelfLearnUtil: [Thread:CsThreadPool-1-Thread-5][fileInfo:VisibleFromSelfLearnUtil.java(117) updateFunctionIdDb] updateFunctionIdDb FunctionLearnEntity {"function_class_name":"com.byd.vehiclesettings.doorwindowlock.view.DigitalKey","function_id":"00601000030000","function_state":0,"id":0,"parent_function_class_name":"com.byd.carsettings.door.fragment.Di5IviXLockSubFragment","parent_function_id":"00400100000000"} Already exists!!!
05-30 19:00:14.379 18964 12266 I CarSettings-DrivingAdjustVisibleUtils: [Thread:CsThreadPool-1-Thread-5][fileInfo:DrivingAdjustVisibleUtils.java(58) isDriftModeDynaVisible] isDriftModeDynaVisible mcuState = -2147483648 visible = false
05-30 19:00:14.382 18964 12266 I CarSettings-DrivingAdjustVisibleUtils: [Thread:CsThreadPool-1-Thread-5][fileInfo:DrivingAdjustVisibleUtils.java(58) isDriftModeDynaVisible] isDriftModeDynaVisible mcuState = -2147483648 visible = false
05-30 19:00:14.442 18964 12266 I CarSettings-DrivingAdjustVisibleUtils: [Thread:CsThreadPool-1-Thread-5][fileInfo:DrivingAdjustVisibleUtils.java(58) isDriftModeDynaVisible] isDriftModeDynaVisible mcuState = -2147483648 visible = false
05-30 19:00:14.444 18964 12266 I CarSettings-DrivingAdjustVisibleUtils: [Thread:CsThreadPool-1-Thread-5][fileInfo:DrivingAdjustVisibleUtils.java(58) isDriftModeDynaVisible] isDriftModeDynaVisible mcuState = -2147483648 visible = false
05-30 19:00:14.508  1090  1166 D WindowManager: getTopPackageName =com.byd.carsettings
05-30 19:00:14.554 18964 12266 D CarSettings-VisibleFromSelfLearnUtil: [Thread:CsThreadPool-1-Thread-5][fileInfo:VisibleFromSelfLearnUtil.java(117) updateFunctionIdDb] updateFunctionIdDb FunctionLearnEntity {"function_class_name":"com.byd.vehiclesettings.doorwindowlock.view.SmartPowerOn","function_id":"00601000010000","function_state":0,"id":0,"parent_function_class_name":"com.byd.carsettings.driving.fragment.Di5IviXSubDrivingComfortableUseCarFragment","parent_function_id":"00800300000000"} Already exists!!!
05-30 19:00:14.555 18964 12266 D CarSettings-VisibleFromSelfLearnUtil: [Thread:CsThreadPool-1-Thread-5][fileInfo:VisibleFromSelfLearnUtil.java(117) updateFunctionIdDb] updateFunctionIdDb FunctionLearnEntity {"function_class_name":"com.byd.vehiclesettings.doorwindowlock.view.SmartPowerOff","function_id":"00601000020000","function_state":0,"id":0,"parent_function_class_name":"com.byd.carsettings.driving.fragment.Di5IviXSubDrivingComfortableUseCarFragment","parent_function_id":"00800300000000"} Already exists!!!
05-30 19:00:14.572  1090  1742 D StreamFocusControl: streamType is STREAM_NAVI or STREAM_SYSTEM
05-30 19:00:14.734 18964 18964 E CarSettings-VisibleFromSelfLearnUtil: [Thread:main][fileInfo:VisibleFromSelfLearnUtil.java(151) readSecondMenuVisibleFromSelfLearn] readSecondMenuVisibleFromSelfLearn mItemClass: class com.byd.vehiclesettings.hud.view.HudSwitch result == true
05-30 19:00:14.734 18964 18964 D CarSettings-Di5IviXDisplayHudFragment: [Thread:main][fileInfo:SubBaseFragment.java(178) readVisibleFromSelfLearn] SubBaseFragment readVisibleFromSelfLearn : true
05-30 19:00:14.734 18964 18964 D CarSettings-Di5IviXSoundAndDisplayFragment: [Thread:main][fileInfo:AbsBaseMenuFragment.java(100) initTitleAndFragmentList] initTitleAndFragmentList add Di5IviXDisplayHudFragment{172d0d0} (c846a4a7-9eee-4e59-869f-2a15cba686d9)
05-30 19:00:15.314  1090  1166 D WindowManager: getTopPackageName =com.byd.carsettings
05-30 19:00:15.411 18964 18964 D CarSettings-HudModeChangeSetup: [Thread:main][fileInfo:HudModeChangeSetup.java(164) isGhyHudMode] getGhyHudMode:0
05-30 19:00:15.411 18964 18964 D CarSettings-HudModeChangeSetup: [Thread:main][fileInfo:HudModeChangeSetup.java(164) isGhyHudMode] getGhyHudMode:0
05-30 19:00:15.413 18964 18964 D CarSettings-HudModeChangeSetup: [Thread:main][fileInfo:HudModeChangeSetup.java(164) isGhyHudMode] getGhyHudMode:0
05-30 19:00:15.414 18964 18964 D CarSettings-HudModeChangeSetup: [Thread:main][fileInfo:HudModeChangeSetup.java(164) isGhyHudMode] getGhyHudMode:0
05-30 19:00:15.415 18964 18964 D CarSettings-HudModeChangeSetup: [Thread:main][fileInfo:HudModeChangeSetup.java(164) isGhyHudMode] getGhyHudMode:0
05-30 19:00:15.416 18964 18964 D CarSettings-HudModeChangeSetup: [Thread:main][fileInfo:HudModeChangeSetup.java(164) isGhyHudMode] getGhyHudMode:0
05-30 19:00:15.418 18964 18964 D CarSettings-HudModeChangeSetup: [Thread:main][fileInfo:HudModeChangeSetup.java(164) isGhyHudMode] getGhyHudMode:0
05-30 19:00:15.426 18964 18964 D CarSettings-Di5IviXDisplayHudFragment: [Thread:main][fileInfo:SubBaseFragment.java(256) onCreateView] onCreateView time exec 35 ...
05-30 19:00:15.427 18964 18964 D CarSettings-Di5IviXDisplayHudFragment: [Thread:main][fileInfo:SubBaseFragment.java(294) onStart] onStart
05-30 19:00:15.446 18964 18964 I CarSettings-HudSwitchModel: [Thread:main][fileInfo:HudSwitchModel.java(94) getHudSwitchState] getHudSwitchState newState = true mcuState = 1
05-30 19:00:15.447 18964 18964 I CarSettings-HudHeightAdjust: [Thread:main][fileInfo:HudHeightAdjust.java(112) connectCallBack] hudSwitch status = true
05-30 19:00:15.447 18964 18964 I CarSettings-HudNavigationFuse: [Thread:main][fileInfo:HudNavigationFuse.java(121) connectCallBack] hudSwitch status = true
05-30 19:00:15.448 18964 18964 I CarSettings-HudImageTextFuse: [Thread:main][fileInfo:HudImageTextFuse.java(122) connectCallBack] hudSwitch status = true
05-30 19:00:15.448 18964 18964 I CarSettings-HudSafetyDrivingFuse: [Thread:main][fileInfo:HudSafetyDrivingFuse.java(128) connectCallBack] hudSwitch status = true
05-30 19:00:15.448 18964 18964 I CarSettings-HUDNavigationMap: [Thread:main][fileInfo:HudNavigationMap.java(92) connectCallBack] hudSwitch status = true
05-30 19:00:15.449 18964 18964 I CarSettings-HudModeChangeSetup: [Thread:main][fileInfo:HudModeChangeSetup.java(119) connectCallBack] hudSwitch status = true
05-30 19:00:15.450 18964 18964 D CarSettings-HudModeChangeSetup: [Thread:main][fileInfo:HudModeChangeSetup.java(164) isGhyHudMode] getGhyHudMode:0
05-30 19:00:15.450 18964 18964 I CarSettings-HudThemeMode: [Thread:main][fileInfo:HudThemeMode.java(109) connectCallBack] hudSwitch status = true
05-30 19:00:15.451 18964 18964 I CarSettings-HudRotateAdjust: [Thread:main][fileInfo:HudRotateAdjust.java(124) connectCallBack] hudSwitch status = true
05-30 19:00:15.451 18964 18964 I CarSettings-HudMultimediaFuse: [Thread:main][fileInfo:HudMultimediaFuse.java(122) connectCallBack] hudSwitch status = true
05-30 19:00:15.451 18964 18964 I CarSettings-HudBrightnessAdjust: [Thread:main][fileInfo:HudBrightnessAdjust.java(141) connectCallBack] hudSwitch status = true
05-30 19:00:15.451 18964 18964 I CarSettings-HudOptionDisplay: [Thread:main][fileInfo:HudOptionDisplay.java(121) connectCallBack] hudSwitch status = true
05-30 19:00:15.452 18964 18964 I CarSettings-HudSwitchModel: [Thread:main][fileInfo:HudSwitchModel.java(94) getHudSwitchState] getHudSwitchState newState = true mcuState = 1
05-30 19:00:15.452 18964 18964 I CarSettings-HudSwitchModel: [Thread:main][fileInfo:HudSwitchModel.java(73) registerListener] registerListener
05-30 19:00:15.453  1090  1742 D StreamFocusControl: streamType is STREAM_NAVI or STREAM_SYSTEM
05-30 19:00:15.453 18964 18964 I CarSettings-HudHeightModel: [Thread:main][fileInfo:HudHeightModel.java(70) getHudHeightState] getHudHeightState newState = 11 mcuState = 11
05-30 19:00:15.453 18964 18964 D CarSettings-HudHeightAdjust: [Thread:main][fileInfo:AbsSeekBarGroup.java(253) onResume] initView progress 10
05-30 19:00:15.454 18964 18964 D CarSettings-HudHeightAdjust: [Thread:main][fileInfo:AbsSeekBarGroup.java(107) onProgressChanged] onProgressChanged 10 mRightTextView 0,fromUser:false
05-30 19:00:15.456 18964 18964 I CarSettings-HudHeightModel: [Thread:main][fileInfo:HudHeightModel.java(104) registerListener] registerListener
05-30 19:00:15.457 18964 18964 I CarSettings-HudBrightnessModel: [Thread:main][fileInfo:HudBrightnessModel.java(88) getHudBrightnessState] getHudBrightnessState newState = 10 mcuState = 10
05-30 19:00:15.457 18964 18964 D CarSettings-HudBrightnessAdjust: [Thread:main][fileInfo:AbsSeekBarGroup.java(253) onResume] initView progress 9
05-30 19:00:15.457 18964 18964 D CarSettings-HudBrightnessAdjust: [Thread:main][fileInfo:AbsSeekBarGroup.java(107) onProgressChanged] onProgressChanged 9 mRightTextView 9,fromUser:false
05-30 19:00:15.457 18964 18964 I CarSettings-HudBrightnessAdjust: [Thread:main][fileInfo:HudBrightnessAdjust.java(90) getSeekBarIconByProgress] getSeekBarIconByProgress progress = 9 realProgress = 90
05-30 19:00:15.462 18964 18964 I CarSettings-HudBrightnessAdjust: [Thread:main][fileInfo:HudBrightnessAdjust.java(90) getSeekBarIconByProgress] getSeekBarIconByProgress progress = 9 realProgress = 90
05-30 19:00:15.465 18964 18964 I CarSettings-HudBrightnessModel: [Thread:main][fileInfo:HudBrightnessModel.java(72) registerListener] registerListener
05-30 19:00:15.466 18964 18964 I CarSettings-HudRotateModel: [Thread:main][fileInfo:HudRotateModel.java(71) getHudRotateState] getHudRotateState newState = -1.2000000476837158 mcuState = -1.2000000476837158
05-30 19:00:15.466 18964 18964 D CarSettings-HudRotateAdjust: [Thread:main][fileInfo:HudRotateAdjust.java(138) rotate2Progress] rotate2Progress result : 2
05-30 19:00:15.466 18964 18964 D CarSettings-HudRotateAdjust: [Thread:main][fileInfo:AbsSeekBarGroup.java(253) onResume] initView progress 2
05-30 19:00:15.467 18964 18964 I CarSettings-HudRotateAdjust: [Thread:main][fileInfo:HudRotateAdjust.java(85) getRightTextView] getRightTextView = 2
05-30 19:00:15.467 18964 18964 D CarSettings-HudRotateAdjust: [Thread:main][fileInfo:AbsSeekBarGroup.java(107) onProgressChanged] onProgressChanged 2 mRightTextView -1.2°,fromUser:false
05-30 19:00:15.467 18964 18964 I CarSettings-HudRotateAdjust: [Thread:main][fileInfo:HudRotateAdjust.java(85) getRightTextView] getRightTextView = 2
05-30 19:00:15.468 18964 18964 I CarSettings-HudRotateAdjust: [Thread:main][fileInfo:HudRotateAdjust.java(85) getRightTextView] getRightTextView = 2
05-30 19:00:15.469 18964 18964 I CarSettings-HudRotateModel: [Thread:main][fileInfo:HudRotateModel.java(104) registerListener] registerListener
05-30 19:00:15.470 18964 18964 I CarSettings-HudThemeModel: [Thread:main][fileInfo:HudThemeModel.java(70) getHudThemeState] getHudThemeState newState = 2 mcuState = 2
05-30 19:00:15.470 18964 18964 I CarSettings-HudThemeModel: [Thread:main][fileInfo:HudThemeModel.java(93) registerListener] registerListener
05-30 19:00:15.471 18964 18964 I CarSettings-HudModeChangeModel: [Thread:main][fileInfo:HudModeChangeModel.java(70) getHudModeChangeState] getHudModeChangeState newState = 1 mcuState = 1
05-30 19:00:15.472 18964 18964 D CarSettings-HudModeChangeSetup: [Thread:main][fileInfo:HudModeChangeSetup.java(164) isGhyHudMode] getGhyHudMode:0
05-30 19:00:15.472 18964 18964 I CarSettings-HudModeChangeModel: [Thread:main][fileInfo:HudModeChangeModel.java(70) getHudModeChangeState] getHudModeChangeState newState = 1 mcuState = 1
05-30 19:00:15.472 18964 18964 I CarSettings-HudModeChangeModel: [Thread:main][fileInfo:HudModeChangeModel.java(94) registerListener] registerListener
05-30 19:00:15.475 18964 18964 I CarSettings-HudSafetyDrivingFuseModel: [Thread:main][fileInfo:HudSafetyDrivingFuseModel.java(73) getHudSafetyDrivingFuseState] getHudSafetyDrivingFuseState newState = true mcuState = 2
05-30 19:00:15.477 18964 18964 I CarSettings-HudSafetyDrivingFuseModel: [Thread:main][fileInfo:HudSafetyDrivingFuseModel.java(97) registerListener] registerListener
05-30 19:00:15.479 18964 18964 I CarSettings-HudNavigationFuseModel: [Thread:main][fileInfo:HudNavigationFuseModel.java(71) getHudNavigationFuseState] getHudNavigationFuseState newState = true mcuState = 2
05-30 19:00:15.481 18964 18964 I CarSettings-HudNavigationFuseModel: [Thread:main][fileInfo:HudNavigationFuseModel.java(95) registerListener] registerListener
05-30 19:00:15.482 18964 18964 D CarSettings-Di5IviXDisplayHudFragment: [Thread:main][fileInfo:SubBaseFragment.java(208) onResume] onResume time exec 37 ...
05-30 19:00:15.484 18964 18964 I CarSettings-HudSwitchModel: [Thread:main][fileInfo:HudSwitchModel.java(94) getHudSwitchState] getHudSwitchState newState = true mcuState = 1
05-30 19:00:15.485 18964 12266 D CarSettings-CarImageUtils: [Thread:CsThreadPool-1-Thread-5][fileInfo:CarBodyImageUtils.java(87) doRun] updateCarBodyImageJsonPagPriorityRemote  setting_hud_on_di5_ivi_dy_0x9e
05-30 19:00:15.485 18964 12266 I CarSettings-CarBodyImage-RemoteResourceLoader: [Thread:CsThreadPool-1-Thread-5][fileInfo:RemoteResourceLoader.java(127) getResourceID] getResourceID type = drawable filedName = setting_hud_on_di5_ivi_dy_0x9e
05-30 19:00:15.486 18964 12266 E CarSettings-AbsResourceLoader: [Thread:CsThreadPool-1-Thread-5][fileInfo:AbsResourceLoader.java(36) getResourceID] getResourceID drawable setting_hud_on_di5_ivi_dy_0x9e Throwable 
05-30 19:00:15.486 18964 12266 E CarSettings-AbsResourceLoader: java.lang.NoSuchFieldException: setting_hud_on_di5_ivi_dy_0x9e
05-30 19:00:15.486 18964 12266 D CarSettings-CarBodyImage-RemoteResourceLoader: [Thread:CsThreadPool-1-Thread-5][fileInfo:RemoteResourceLoader.java(129) getResourceID] Plugin fieldName setting_hud_on_di5_ivi_dy_0x9e resID 7dffffff
05-30 19:00:15.486 18964 12266 D CarSettings-CarImageUtils: [Thread:CsThreadPool-1-Thread-5][fileInfo:CarBodyImageUtils.java(204) getDrawableResId] getDrawableResId REMOTE , setting_hud_on_di5_ivi_dy_0x9e , 2113929215
05-30 19:00:15.486 18964 12266 I CarSettings-CarBodyImage-PluginResourceLoader: [Thread:CsThreadPool-1-Thread-5][fileInfo:PluginResourceLoader.java(98) getResourceID] getResourceID type = drawable filedName = setting_hud_on_di5_ivi_dy_0x9e
05-30 19:00:15.486 18964 12266 D CarSettings-AbsResourceLoader: [Thread:CsThreadPool-1-Thread-5][fileInfo:AbsResourceLoader.java(34) getResourceID] CarBody fieldName setting_hud_on_di5_ivi_dy_0x9e resID 7f0100fa
05-30 19:00:15.486 18964 12266 D CarSettings-CarBodyImage-PluginResourceLoader: [Thread:CsThreadPool-1-Thread-5][fileInfo:PluginResourceLoader.java(100) getResourceID] Plugin fieldName setting_hud_on_di5_ivi_dy_0x9e resID 7e0100fa
05-30 19:00:15.486 18964 12266 D CarSettings-CarImageUtils: [Thread:CsThreadPool-1-Thread-5][fileInfo:CarBodyImageUtils.java(204) getDrawableResId] getDrawableResId PLUGIN , setting_hud_on_di5_ivi_dy_0x9e , 2113995002
05-30 19:00:15.486 18964 12266 I CarSettings-AbsCarBodyViewGroup: [Thread:CsThreadPool-1-Thread-5][fileInfo:AbsCarBodyViewGroup.java(165) doUpdateCarBody] doUpdateCarBody = CAR_BODY_IMAGE_TYPE_IMG setting_hud_on_di5_ivi_dy_0x9e
05-30 19:00:15.587 23747 11431 E NaviController: [TBTNotify]onUpdateCruiseInfo roadName =
05-30 19:00:16.611 23747 11431 E NaviController: [TBTNotify]onUpdateCruiseInfo roadName =
05-30 19:00:16.972  1090  1166 D WindowManager: getTopPackageName =com.byd.carsettings
05-30 19:00:17.035 18964 18964 D CarSettings-HudSwitch: [Thread:main][fileInfo:AbsSwitchGroup.java(152) onInterceptTouchEvent] onInterceptTouchEvent isChecked : false
05-30 19:00:17.040 18964 18964 D CarSettings-HudSwitch: [Thread:main][fileInfo:AbsSwitchGroup.java(190) lambda$initView$2$AbsSwitchGroup] bydSwitch setOnCheckedChangeListener false
05-30 19:00:17.044  1090  1742 D StreamFocusControl: streamType is STREAM_NAVI or STREAM_SYSTEM
05-30 19:00:17.112  1090  1206 I ActivityManager: nofication for fg :ServiceRecord{c1d6f07 u0 com.byd.launchermap/com.byd.automap.MyNavigationService}
05-30 19:00:17.255 18964 18964 I CarSettings-HudSwitchModel: [Thread:main][fileInfo:HudSwitchModel.java(101) setHudSwitchState] setHudSwitchState newState = false mcuState = 2
05-30 19:00:17.257 18964 18964 I CarSettings-HudHeightAdjust: [Thread:main][fileInfo:HudHeightAdjust.java(112) connectCallBack] hudSwitch status = false
05-30 19:00:17.257 18964 18964 I CarSettings-HudNavigationFuse: [Thread:main][fileInfo:HudNavigationFuse.java(121) connectCallBack] hudSwitch status = false
05-30 19:00:17.257 18964 18964 I CarSettings-HudImageTextFuse: [Thread:main][fileInfo:HudImageTextFuse.java(122) connectCallBack] hudSwitch status = false
05-30 19:00:17.257 18964 18964 I CarSettings-HudSafetyDrivingFuse: [Thread:main][fileInfo:HudSafetyDrivingFuse.java(128) connectCallBack] hudSwitch status = false
05-30 19:00:17.257 18964 18964 I CarSettings-HUDNavigationMap: [Thread:main][fileInfo:HudNavigationMap.java(92) connectCallBack] hudSwitch status = false
05-30 19:00:17.257 18964 18964 I CarSettings-HudModeChangeSetup: [Thread:main][fileInfo:HudModeChangeSetup.java(119) connectCallBack] hudSwitch status = false
05-30 19:00:17.258 18964 18964 D CarSettings-HudModeChangeSetup: [Thread:main][fileInfo:HudModeChangeSetup.java(164) isGhyHudMode] getGhyHudMode:0
05-30 19:00:17.258 18964 18964 I CarSettings-HudThemeMode: [Thread:main][fileInfo:HudThemeMode.java(109) connectCallBack] hudSwitch status = false
05-30 19:00:17.258 18964 18964 I CarSettings-HudRotateAdjust: [Thread:main][fileInfo:HudRotateAdjust.java(124) connectCallBack] hudSwitch status = false
05-30 19:00:17.258 18964 18964 I CarSettings-HudMultimediaFuse: [Thread:main][fileInfo:HudMultimediaFuse.java(122) connectCallBack] hudSwitch status = false
05-30 19:00:17.258 18964 18964 I CarSettings-HudBrightnessAdjust: [Thread:main][fileInfo:HudBrightnessAdjust.java(141) connectCallBack] hudSwitch status = false
05-30 19:00:17.258 18964 18964 I CarSettings-HudOptionDisplay: [Thread:main][fileInfo:HudOptionDisplay.java(121) connectCallBack] hudSwitch status = false
05-30 19:00:17.259 18964 12266 D CarSettings-CarImageUtils: [Thread:CsThreadPool-1-Thread-5][fileInfo:CarBodyImageUtils.java(87) doRun] updateCarBodyImageJsonPagPriorityRemote  setting_hud_off_di5_ivi_dy_0x9e
05-30 19:00:17.259 18964 12266 I CarSettings-CarBodyImage-RemoteResourceLoader: [Thread:CsThreadPool-1-Thread-5][fileInfo:RemoteResourceLoader.java(127) getResourceID] getResourceID type = drawable filedName = setting_hud_off_di5_ivi_dy_0x9e
05-30 19:00:17.259 18964 12266 E CarSettings-AbsResourceLoader: [Thread:CsThreadPool-1-Thread-5][fileInfo:AbsResourceLoader.java(36) getResourceID] getResourceID drawable setting_hud_off_di5_ivi_dy_0x9e Throwable 
05-30 19:00:17.259 18964 12266 E CarSettings-AbsResourceLoader: java.lang.NoSuchFieldException: setting_hud_off_di5_ivi_dy_0x9e
05-30 19:00:17.259 18964 12266 D CarSettings-CarBodyImage-RemoteResourceLoader: [Thread:CsThreadPool-1-Thread-5][fileInfo:RemoteResourceLoader.java(129) getResourceID] Plugin fieldName setting_hud_off_di5_ivi_dy_0x9e resID 7dffffff
05-30 19:00:17.259 18964 12266 D CarSettings-CarImageUtils: [Thread:CsThreadPool-1-Thread-5][fileInfo:CarBodyImageUtils.java(204) getDrawableResId] getDrawableResId REMOTE , setting_hud_off_di5_ivi_dy_0x9e , 2113929215
05-30 19:00:17.259 18964 12266 I CarSettings-CarBodyImage-PluginResourceLoader: [Thread:CsThreadPool-1-Thread-5][fileInfo:PluginResourceLoader.java(98) getResourceID] getResourceID type = drawable filedName = setting_hud_off_di5_ivi_dy_0x9e
05-30 19:00:17.259 18964 12266 D CarSettings-AbsResourceLoader: [Thread:CsThreadPool-1-Thread-5][fileInfo:AbsResourceLoader.java(34) getResourceID] CarBody fieldName setting_hud_off_di5_ivi_dy_0x9e resID 7f0100f4
05-30 19:00:17.259 18964 12266 D CarSettings-CarBodyImage-PluginResourceLoader: [Thread:CsThreadPool-1-Thread-5][fileInfo:PluginResourceLoader.java(100) getResourceID] Plugin fieldName setting_hud_off_di5_ivi_dy_0x9e resID 7e0100f4
05-30 19:00:17.259 18964 12266 D CarSettings-CarImageUtils: [Thread:CsThreadPool-1-Thread-5][fileInfo:CarBodyImageUtils.java(204) getDrawableResId] getDrawableResId PLUGIN , setting_hud_off_di5_ivi_dy_0x9e , 2113994996
05-30 19:00:17.259 18964 12266 I CarSettings-AbsCarBodyViewGroup: [Thread:CsThreadPool-1-Thread-5][fileInfo:AbsCarBodyViewGroup.java(165) doUpdateCarBody] doUpdateCarBody = CAR_BODY_IMAGE_TYPE_IMG setting_hud_off_di5_ivi_dy_0x9e
05-30 19:00:17.343  1940  1940 D InterruptionStateProvider: No bubble up: not allowed to bubble: 0|com.byd.amapservice|2|null|1000
05-30 19:00:17.343  1940  1940 D InterruptionStateProvider: No bubble up: not allowed to bubble: 0|android|0|com.android.server.wm.AlertWindowNotification - com.van.diplus|1000
05-30 19:00:17.343  1940  1940 D InterruptionStateProvider: No bubble up: not allowed to bubble: 0|android|0|com.android.server.wm.AlertWindowNotification - com.bydmate.app|1000
05-30 19:00:17.344 18964 18964 I CarSettings-AbsBYDAutoSettingListener: [Thread:main][fileInfo:HudSwitchModel.java(36) onDataEventChanged] onDataEventChanged newState = false mcuState = 2
05-30 19:00:17.344 18964 18964 E CarSettings-HudSwitch: [Thread:main][fileInfo:AbsSwitchGroup.java(440) setViewState] setViewState isRunning state false
05-30 19:00:17.344 18964 18964 I CarSettings-HudHeightAdjust: [Thread:main][fileInfo:HudHeightAdjust.java(112) connectCallBack] hudSwitch status = false
05-30 19:00:17.344 18964 18964 I CarSettings-HudNavigationFuse: [Thread:main][fileInfo:HudNavigationFuse.java(121) connectCallBack] hudSwitch status = false
05-30 19:00:17.344 18964 18964 I CarSettings-HudImageTextFuse: [Thread:main][fileInfo:HudImageTextFuse.java(122) connectCallBack] hudSwitch status = false
05-30 19:00:17.344 18964 18964 I CarSettings-HudSafetyDrivingFuse: [Thread:main][fileInfo:HudSafetyDrivingFuse.java(128) connectCallBack] hudSwitch status = false
05-30 19:00:17.344 18964 18964 I CarSettings-HUDNavigationMap: [Thread:main][fileInfo:HudNavigationMap.java(92) connectCallBack] hudSwitch status = false
05-30 19:00:17.344 18964 18964 I CarSettings-HudModeChangeSetup: [Thread:main][fileInfo:HudModeChangeSetup.java(119) connectCallBack] hudSwitch status = false
05-30 19:00:17.345 18964 18964 D CarSettings-HudModeChangeSetup: [Thread:main][fileInfo:HudModeChangeSetup.java(164) isGhyHudMode] getGhyHudMode:0
05-30 19:00:17.345 18964 18964 I CarSettings-HudThemeMode: [Thread:main][fileInfo:HudThemeMode.java(109) connectCallBack] hudSwitch status = false
05-30 19:00:17.345 18964 18964 I CarSettings-HudRotateAdjust: [Thread:main][fileInfo:HudRotateAdjust.java(124) connectCallBack] hudSwitch status = false
05-30 19:00:17.345 18964 18964 I CarSettings-HudMultimediaFuse: [Thread:main][fileInfo:HudMultimediaFuse.java(122) connectCallBack] hudSwitch status = false
05-30 19:00:17.345 18964 18964 I CarSettings-HudBrightnessAdjust: [Thread:main][fileInfo:HudBrightnessAdjust.java(141) connectCallBack] hudSwitch status = false
05-30 19:00:17.345 18964 18964 I CarSettings-HudOptionDisplay: [Thread:main][fileInfo:HudOptionDisplay.java(121) connectCallBack] hudSwitch status = false
05-30 19:00:17.345 18964 18964 I CarSettings-HudHeightAdjust: [Thread:main][fileInfo:HudHeightAdjust.java(112) connectCallBack] hudSwitch status = false
05-30 19:00:17.345 18964 18964 I CarSettings-HudNavigationFuse: [Thread:main][fileInfo:HudNavigationFuse.java(121) connectCallBack] hudSwitch status = false
05-30 19:00:17.345 18964 18964 I CarSettings-HudImageTextFuse: [Thread:main][fileInfo:HudImageTextFuse.java(122) connectCallBack] hudSwitch status = false
05-30 19:00:17.345 18964 18964 I CarSettings-HudSafetyDrivingFuse: [Thread:main][fileInfo:HudSafetyDrivingFuse.java(128) connectCallBack] hudSwitch status = false
05-30 19:00:17.345 18964 18964 I CarSettings-HUDNavigationMap: [Thread:main][fileInfo:HudNavigationMap.java(92) connectCallBack] hudSwitch status = false
05-30 19:00:17.345 18964 18964 I CarSettings-HudModeChangeSetup: [Thread:main][fileInfo:HudModeChangeSetup.java(119) connectCallBack] hudSwitch status = false
05-30 19:00:17.346 18964 18964 D CarSettings-HudModeChangeSetup: [Thread:main][fileInfo:HudModeChangeSetup.java(164) isGhyHudMode] getGhyHudMode:0
05-30 19:00:17.346 18964 18964 I CarSettings-HudThemeMode: [Thread:main][fileInfo:HudThemeMode.java(109) connectCallBack] hudSwitch status = false
05-30 19:00:17.346 18964 18964 I CarSettings-HudRotateAdjust: [Thread:main][fileInfo:HudRotateAdjust.java(124) connectCallBack] hudSwitch status = false
05-30 19:00:17.346 18964 18964 I CarSettings-HudMultimediaFuse: [Thread:main][fileInfo:HudMultimediaFuse.java(122) connectCallBack] hudSwitch status = false
05-30 19:00:17.346 18964 18964 I CarSettings-HudBrightnessAdjust: [Thread:main][fileInfo:HudBrightnessAdjust.java(141) connectCallBack] hudSwitch status = false
05-30 19:00:17.346 18964 18964 I CarSettings-HudOptionDisplay: [Thread:main][fileInfo:HudOptionDisplay.java(121) connectCallBack] hudSwitch status = false
05-30 19:00:17.346 18964 12266 D CarSettings-CarImageUtils: [Thread:CsThreadPool-1-Thread-5][fileInfo:CarBodyImageUtils.java(87) doRun] updateCarBodyImageJsonPagPriorityRemote  setting_hud_off_di5_ivi_dy_0x9e
05-30 19:00:17.347 18964 12266 D CarSettings-CarBodyImage-RemoteResourceLoader: [Thread:CsThreadPool-1-Thread-5][fileInfo:RemoteResourceLoader.java(124) getResourceID] Plugin From Map fieldName setting_hud_off_di5_ivi_dy_0x9e resID 7dffffff
05-30 19:00:17.347 18964 12266 D CarSettings-CarImageUtils: [Thread:CsThreadPool-1-Thread-5][fileInfo:CarBodyImageUtils.java(204) getDrawableResId] getDrawableResId REMOTE , setting_hud_off_di5_ivi_dy_0x9e , 2113929215
05-30 19:00:17.347 18964 12266 D CarSettings-CarBodyImage-PluginResourceLoader: [Thread:CsThreadPool-1-Thread-5][fileInfo:PluginResourceLoader.java(94) getResourceID] Plugin From Map fieldName setting_hud_off_di5_ivi_dy_0x9e resID 7e0100f4
05-30 19:00:17.347 18964 12266 D CarSettings-CarImageUtils: [Thread:CsThreadPool-1-Thread-5][fileInfo:CarBodyImageUtils.java(204) getDrawableResId] getDrawableResId PLUGIN , setting_hud_off_di5_ivi_dy_0x9e , 2113994996
05-30 19:00:17.347 18964 12266 I CarSettings-AbsCarBodyViewGroup: [Thread:CsThreadPool-1-Thread-5][fileInfo:AbsCarBodyViewGroup.java(165) doUpdateCarBody] doUpdateCarBody = CAR_BODY_IMAGE_TYPE_IMG setting_hud_off_di5_ivi_dy_0x9e
05-30 19:00:17.362  1940  1940 I Con--HUDItem: AbsBYDAutoLightListener eventType :951058460 intValue=2
05-30 19:00:17.362  1940  1940 D ConItemView: updateView spec=hud isDragStart=false
05-30 19:00:17.903  2018  2657 E BufferQueueProducer:   05:0xb400007947136a00 crop=[0,0,1920,1080] xform=0x00 time=16797.1771 scale=SCALE_TO_WINDOW
05-30 19:00:18.077  1090  1166 D WindowManager: getTopPackageName =com.byd.carsettings
05-30 19:00:18.145 18964 18964 D CarSettings-HudSwitch: [Thread:main][fileInfo:AbsSwitchGroup.java(152) onInterceptTouchEvent] onInterceptTouchEvent isChecked : true
05-30 19:00:18.157 18964 18964 D CarSettings-HudSwitch: [Thread:main][fileInfo:AbsSwitchGroup.java(190) lambda$initView$2$AbsSwitchGroup] bydSwitch setOnCheckedChangeListener true
05-30 19:00:18.170  1090  1742 D StreamFocusControl: streamType is STREAM_NAVI or STREAM_SYSTEM
05-30 19:00:18.357 18964 18964 I CarSettings-HudSwitchModel: [Thread:main][fileInfo:HudSwitchModel.java(101) setHudSwitchState] setHudSwitchState newState = true mcuState = 1
05-30 19:00:18.359 18964 18964 I CarSettings-HudHeightAdjust: [Thread:main][fileInfo:HudHeightAdjust.java(112) connectCallBack] hudSwitch status = true
05-30 19:00:18.360 18964 18964 I CarSettings-HudNavigationFuse: [Thread:main][fileInfo:HudNavigationFuse.java(121) connectCallBack] hudSwitch status = true
05-30 19:00:18.361 18964 18964 I CarSettings-HudImageTextFuse: [Thread:main][fileInfo:HudImageTextFuse.java(122) connectCallBack] hudSwitch status = true
05-30 19:00:18.361 18964 18964 I CarSettings-HudSafetyDrivingFuse: [Thread:main][fileInfo:HudSafetyDrivingFuse.java(128) connectCallBack] hudSwitch status = true
05-30 19:00:18.361 18964 18964 I CarSettings-HUDNavigationMap: [Thread:main][fileInfo:HudNavigationMap.java(92) connectCallBack] hudSwitch status = true
05-30 19:00:18.362 18964 18964 I CarSettings-HudModeChangeSetup: [Thread:main][fileInfo:HudModeChangeSetup.java(119) connectCallBack] hudSwitch status = true
05-30 19:00:18.362 18964 18964 D CarSettings-HudModeChangeSetup: [Thread:main][fileInfo:HudModeChangeSetup.java(164) isGhyHudMode] getGhyHudMode:0
05-30 19:00:18.362 18964 18964 I CarSettings-HudThemeMode: [Thread:main][fileInfo:HudThemeMode.java(109) connectCallBack] hudSwitch status = true
05-30 19:00:18.362 18964 18964 I CarSettings-HudRotateAdjust: [Thread:main][fileInfo:HudRotateAdjust.java(124) connectCallBack] hudSwitch status = true
05-30 19:00:18.362 18964 18964 I CarSettings-HudMultimediaFuse: [Thread:main][fileInfo:HudMultimediaFuse.java(122) connectCallBack] hudSwitch status = true
05-30 19:00:18.362 18964 18964 I CarSettings-HudBrightnessAdjust: [Thread:main][fileInfo:HudBrightnessAdjust.java(141) connectCallBack] hudSwitch status = true
05-30 19:00:18.363 18964 18964 I CarSettings-HudOptionDisplay: [Thread:main][fileInfo:HudOptionDisplay.java(121) connectCallBack] hudSwitch status = true
05-30 19:00:18.363 18964 12266 D CarSettings-CarImageUtils: [Thread:CsThreadPool-1-Thread-5][fileInfo:CarBodyImageUtils.java(87) doRun] updateCarBodyImageJsonPagPriorityRemote  setting_hud_on_di5_ivi_dy_0x9e
05-30 19:00:18.363 18964 12266 D CarSettings-CarBodyImage-RemoteResourceLoader: [Thread:CsThreadPool-1-Thread-5][fileInfo:RemoteResourceLoader.java(124) getResourceID] Plugin From Map fieldName setting_hud_on_di5_ivi_dy_0x9e resID 7dffffff
05-30 19:00:18.363 18964 12266 D CarSettings-CarImageUtils: [Thread:CsThreadPool-1-Thread-5][fileInfo:CarBodyImageUtils.java(204) getDrawableResId] getDrawableResId REMOTE , setting_hud_on_di5_ivi_dy_0x9e , 2113929215
05-30 19:00:18.363 18964 12266 D CarSettings-CarBodyImage-PluginResourceLoader: [Thread:CsThreadPool-1-Thread-5][fileInfo:PluginResourceLoader.java(94) getResourceID] Plugin From Map fieldName setting_hud_on_di5_ivi_dy_0x9e resID 7e0100fa
05-30 19:00:18.363 18964 12266 D CarSettings-CarImageUtils: [Thread:CsThreadPool-1-Thread-5][fileInfo:CarBodyImageUtils.java(204) getDrawableResId] getDrawableResId PLUGIN , setting_hud_on_di5_ivi_dy_0x9e , 2113995002
05-30 19:00:18.363 18964 12266 I CarSettings-AbsCarBodyViewGroup: [Thread:CsThreadPool-1-Thread-5][fileInfo:AbsCarBodyViewGroup.java(165) doUpdateCarBody] doUpdateCarBody = CAR_BODY_IMAGE_TYPE_IMG setting_hud_on_di5_ivi_dy_0x9e
05-30 19:00:18.444 18964 18964 I CarSettings-AbsBYDAutoSettingListener: [Thread:main][fileInfo:HudSwitchModel.java(36) onDataEventChanged] onDataEventChanged newState = true mcuState = 1
05-30 19:00:18.444  1940  1940 I Con--HUDItem: AbsBYDAutoLightListener eventType :951058460 intValue=1
05-30 19:00:18.444 18964 18964 E CarSettings-HudSwitch: [Thread:main][fileInfo:AbsSwitchGroup.java(440) setViewState] setViewState isRunning state true
05-30 19:00:18.444  1940  1940 D ConItemView: updateView spec=hud isDragStart=false
05-30 19:00:18.444 18964 18964 I CarSettings-HudHeightAdjust: [Thread:main][fileInfo:HudHeightAdjust.java(112) connectCallBack] hudSwitch status = true
05-30 19:00:18.444 18964 18964 I CarSettings-HudNavigationFuse: [Thread:main][fileInfo:HudNavigationFuse.java(121) connectCallBack] hudSwitch status = true
05-30 19:00:18.444 18964 18964 I CarSettings-HudImageTextFuse: [Thread:main][fileInfo:HudImageTextFuse.java(122) connectCallBack] hudSwitch status = true
05-30 19:00:18.445 18964 18964 I CarSettings-HudSafetyDrivingFuse: [Thread:main][fileInfo:HudSafetyDrivingFuse.java(128) connectCallBack] hudSwitch status = true
05-30 19:00:18.445 18964 18964 I CarSettings-HUDNavigationMap: [Thread:main][fileInfo:HudNavigationMap.java(92) connectCallBack] hudSwitch status = true
05-30 19:00:18.445 18964 18964 I CarSettings-HudModeChangeSetup: [Thread:main][fileInfo:HudModeChangeSetup.java(119) connectCallBack] hudSwitch status = true
05-30 19:00:18.445 18964 18964 D CarSettings-HudModeChangeSetup: [Thread:main][fileInfo:HudModeChangeSetup.java(164) isGhyHudMode] getGhyHudMode:0
05-30 19:00:18.445 18964 18964 I CarSettings-HudThemeMode: [Thread:main][fileInfo:HudThemeMode.java(109) connectCallBack] hudSwitch status = true
05-30 19:00:18.445 18964 18964 I CarSettings-HudRotateAdjust: [Thread:main][fileInfo:HudRotateAdjust.java(124) connectCallBack] hudSwitch status = true
05-30 19:00:18.445 18964 18964 I CarSettings-HudMultimediaFuse: [Thread:main][fileInfo:HudMultimediaFuse.java(122) connectCallBack] hudSwitch status = true
05-30 19:00:18.445 18964 18964 I CarSettings-HudBrightnessAdjust: [Thread:main][fileInfo:HudBrightnessAdjust.java(141) connectCallBack] hudSwitch status = true
05-30 19:00:18.445 18964 18964 I CarSettings-HudOptionDisplay: [Thread:main][fileInfo:HudOptionDisplay.java(121) connectCallBack] hudSwitch status = true
05-30 19:00:18.445 18964 18964 I CarSettings-HudHeightAdjust: [Thread:main][fileInfo:HudHeightAdjust.java(112) connectCallBack] hudSwitch status = true
05-30 19:00:18.445 18964 18964 I CarSettings-HudNavigationFuse: [Thread:main][fileInfo:HudNavigationFuse.java(121) connectCallBack] hudSwitch status = true
05-30 19:00:18.445 18964 18964 I CarSettings-HudImageTextFuse: [Thread:main][fileInfo:HudImageTextFuse.java(122) connectCallBack] hudSwitch status = true
05-30 19:00:18.445 18964 18964 I CarSettings-HudSafetyDrivingFuse: [Thread:main][fileInfo:HudSafetyDrivingFuse.java(128) connectCallBack] hudSwitch status = true
05-30 19:00:18.445 18964 18964 I CarSettings-HUDNavigationMap: [Thread:main][fileInfo:HudNavigationMap.java(92) connectCallBack] hudSwitch status = true
05-30 19:00:18.445 18964 18964 I CarSettings-HudModeChangeSetup: [Thread:main][fileInfo:HudModeChangeSetup.java(119) connectCallBack] hudSwitch status = true
05-30 19:00:18.446 18964 18964 D CarSettings-HudModeChangeSetup: [Thread:main][fileInfo:HudModeChangeSetup.java(164) isGhyHudMode] getGhyHudMode:0
05-30 19:00:18.446 18964 18964 I CarSettings-HudThemeMode: [Thread:main][fileInfo:HudThemeMode.java(109) connectCallBack] hudSwitch status = true
05-30 19:00:18.446 18964 18964 I CarSettings-HudRotateAdjust: [Thread:main][fileInfo:HudRotateAdjust.java(124) connectCallBack] hudSwitch status = true
05-30 19:00:18.446 18964 18964 I CarSettings-HudMultimediaFuse: [Thread:main][fileInfo:HudMultimediaFuse.java(122) connectCallBack] hudSwitch status = true
05-30 19:00:18.446 18964 18964 I CarSettings-HudBrightnessAdjust: [Thread:main][fileInfo:HudBrightnessAdjust.java(141) connectCallBack] hudSwitch status = true
05-30 19:00:18.446 18964 18964 I CarSettings-HudOptionDisplay: [Thread:main][fileInfo:HudOptionDisplay.java(121) connectCallBack] hudSwitch status = true
05-30 19:00:18.446 18964 12266 D CarSettings-CarImageUtils: [Thread:CsThreadPool-1-Thread-5][fileInfo:CarBodyImageUtils.java(87) doRun] updateCarBodyImageJsonPagPriorityRemote  setting_hud_on_di5_ivi_dy_0x9e
05-30 19:00:18.446 18964 12266 D CarSettings-CarBodyImage-RemoteResourceLoader: [Thread:CsThreadPool-1-Thread-5][fileInfo:RemoteResourceLoader.java(124) getResourceID] Plugin From Map fieldName setting_hud_on_di5_ivi_dy_0x9e resID 7dffffff
05-30 19:00:18.446 18964 12266 D CarSettings-CarImageUtils: [Thread:CsThreadPool-1-Thread-5][fileInfo:CarBodyImageUtils.java(204) getDrawableResId] getDrawableResId REMOTE , setting_hud_on_di5_ivi_dy_0x9e , 2113929215
05-30 19:00:18.446 18964 12266 D CarSettings-CarBodyImage-PluginResourceLoader: [Thread:CsThreadPool-1-Thread-5][fileInfo:PluginResourceLoader.java(94) getResourceID] Plugin From Map fieldName setting_hud_on_di5_ivi_dy_0x9e resID 7e0100fa
05-30 19:00:18.446 18964 12266 D CarSettings-CarImageUtils: [Thread:CsThreadPool-1-Thread-5][fileInfo:CarBodyImageUtils.java(204) getDrawableResId] getDrawableResId PLUGIN , setting_hud_on_di5_ivi_dy_0x9e , 2113995002
05-30 19:00:18.446 18964 12266 I CarSettings-AbsCarBodyViewGroup: [Thread:CsThreadPool-1-Thread-5][fileInfo:AbsCarBodyViewGroup.java(165) doUpdateCarBody] doUpdateCarBody = CAR_BODY_IMAGE_TYPE_IMG setting_hud_on_di5_ivi_dy_0x9e
05-30 19:00:18.490  2620  2620 D [Cluster]-AmapService: receive action:android.gpsinfo.fix.action.ALTITUDE_CHANGED
05-30 19:00:19.286  1090  1166 D WindowManager: getTopPackageName =com.byd.carsettings
05-30 19:00:20.138  1090  1166 D WindowManager: getTopPackageName =com.byd.carsettings
05-30 19:00:20.157 18964 18964 I CarSettings-HudSwitchModel: [Thread:main][fileInfo:HudSwitchModel.java(94) getHudSwitchState] getHudSwitchState newState = true mcuState = 1
05-30 19:00:20.158 18964 18964 I CarSettings-HudHeightAdjust: [Thread:main][fileInfo:HudHeightAdjust.java(112) connectCallBack] hudSwitch status = true
05-30 19:00:20.158 18964 18964 I CarSettings-HudNavigationFuse: [Thread:main][fileInfo:HudNavigationFuse.java(121) connectCallBack] hudSwitch status = true
05-30 19:00:20.158 18964 18964 I CarSettings-HudImageTextFuse: [Thread:main][fileInfo:HudImageTextFuse.java(122) connectCallBack] hudSwitch status = true
05-30 19:00:20.158 18964 18964 I CarSettings-HudSafetyDrivingFuse: [Thread:main][fileInfo:HudSafetyDrivingFuse.java(128) connectCallBack] hudSwitch status = true
05-30 19:00:20.158 18964 18964 I CarSettings-HUDNavigationMap: [Thread:main][fileInfo:HudNavigationMap.java(92) connectCallBack] hudSwitch status = true
05-30 19:00:20.158 18964 18964 I CarSettings-HudModeChangeSetup: [Thread:main][fileInfo:HudModeChangeSetup.java(119) connectCallBack] hudSwitch status = true
05-30 19:00:20.158 18964 18964 D CarSettings-HudModeChangeSetup: [Thread:main][fileInfo:HudModeChangeSetup.java(164) isGhyHudMode] getGhyHudMode:0
05-30 19:00:20.158 18964 18964 I CarSettings-HudThemeMode: [Thread:main][fileInfo:HudThemeMode.java(109) connectCallBack] hudSwitch status = true
05-30 19:00:20.158 18964 18964 I CarSettings-HudRotateAdjust: [Thread:main][fileInfo:HudRotateAdjust.java(124) connectCallBack] hudSwitch status = true
05-30 19:00:20.158 18964 18964 I CarSettings-HudMultimediaFuse: [Thread:main][fileInfo:HudMultimediaFuse.java(122) connectCallBack] hudSwitch status = true
05-30 19:00:20.158 18964 18964 I CarSettings-HudBrightnessAdjust: [Thread:main][fileInfo:HudBrightnessAdjust.java(141) connectCallBack] hudSwitch status = true
05-30 19:00:20.158 18964 18964 I CarSettings-HudOptionDisplay: [Thread:main][fileInfo:HudOptionDisplay.java(121) connectCallBack] hudSwitch status = true
05-30 19:00:20.159 18964 18964 I CarSettings-HudSwitchModel: [Thread:main][fileInfo:HudSwitchModel.java(94) getHudSwitchState] getHudSwitchState newState = true mcuState = 1
05-30 19:00:20.159 18964 18964 E CarSettings-HudSwitch: [Thread:main][fileInfo:AbsSwitchGroup.java(444) setViewState] bydSwitch.isChecked() == state true
05-30 19:00:20.161  1090  1090 W WindowManager: removeWindowToken: Attempted to remove non-existing token: android.os.Binder@b3f1e70
05-30 19:00:20.210 18964 18964 D CarSettings-HudThemeMode: [Thread:main][fileInfo:AbsRadioGroup.java(136) onInterceptTouchEvent] onInterceptTouchEvent selectPosition : 0
05-30 19:00:20.210 18964 18964 D CarSettings-HudThemeMode: [Thread:main][fileInfo:AbsRadioGroup.java(223) lambda$addTab$0$AbsRadioGroup] onClick
05-30 19:00:20.215  1090  1742 D StreamFocusControl: streamType is STREAM_NAVI or STREAM_SYSTEM
05-30 19:00:20.411 18964 18964 I CarSettings-HudThemeModel: [Thread:main][fileInfo:HudThemeModel.java(77) setHudThemeState] setHudThemeState newState = 1 mcuState = 1
05-30 19:00:20.467 18964 18964 I CarSettings-AbsBYDAutoSettingListener: [Thread:main][fileInfo:HudThemeModel.java(35) onDataEventChanged] onDataEventChanged newState = 1 mcuState = 1
05-30 19:00:20.467 18964 18964 E CarSettings-HudThemeMode: [Thread:main][fileInfo:AbsRadioGroup.java(475) setViewChecked] setViewState isRunning state 0
05-30 19:00:20.529 23747 11431 E NaviController: [TBTNotify]onUpdateCruiseInfo roadName =
05-30 19:00:20.879  1090  1166 D WindowManager: getTopPackageName =com.byd.carsettings
05-30 19:00:20.962 18964 18964 D CarSettings-HudThemeMode: [Thread:main][fileInfo:AbsRadioGroup.java(136) onInterceptTouchEvent] onInterceptTouchEvent selectPosition : 1
05-30 19:00:20.963 18964 18964 D CarSettings-HudThemeMode: [Thread:main][fileInfo:AbsRadioGroup.java(223) lambda$addTab$0$AbsRadioGroup] onClick
05-30 19:00:20.971  1090  1742 D StreamFocusControl: streamType is STREAM_NAVI or STREAM_SYSTEM
05-30 19:00:21.163 18964 18964 I CarSettings-HudThemeModel: [Thread:main][fileInfo:HudThemeModel.java(77) setHudThemeState] setHudThemeState newState = 2 mcuState = 2
05-30 19:00:21.221  2018  2657 E BufferQueueProducer:   03:0xb40000794711df00 crop=[0,0,1920,1080] xform=0x00 time=16800.5025 scale=SCALE_TO_WINDOW
05-30 19:00:21.271 18964 18964 I CarSettings-AbsBYDAutoSettingListener: [Thread:main][fileInfo:HudThemeModel.java(35) onDataEventChanged] onDataEventChanged newState = 2 mcuState = 2
05-30 19:00:21.271 18964 18964 E CarSettings-HudThemeMode: [Thread:main][fileInfo:AbsRadioGroup.java(475) setViewChecked] setViewState isRunning state 1
05-30 19:00:21.322  1090  1166 D WindowManager: getTopPackageName =com.byd.carsettings
05-30 19:00:21.437 18964 18964 D CarSettings-HudModeChangeSetup: [Thread:main][fileInfo:AbsRadioGroup.java(136) onInterceptTouchEvent] onInterceptTouchEvent selectPosition : 1
05-30 19:00:21.437 18964 18964 D CarSettings-HudModeChangeSetup: [Thread:main][fileInfo:AbsRadioGroup.java(223) lambda$addTab$0$AbsRadioGroup] onClick
05-30 19:00:21.444  1090  1742 D StreamFocusControl: streamType is STREAM_NAVI or STREAM_SYSTEM
05-30 19:00:21.536 23747 11431 E NaviController: [TBTNotify]onUpdateCruiseInfo roadName =
05-30 19:00:21.639 18964 18964 I CarSettings-HudModeChangeModel: [Thread:main][fileInfo:HudModeChangeModel.java(77) setHudModeChangeState] setHudModeChangeState newState = 2 mcuState = 2
05-30 19:00:21.640 18964 18964 D CarSettings-HudModeChangeSetup: [Thread:main][fileInfo:HudModeChangeSetup.java(164) isGhyHudMode] getGhyHudMode:0
05-30 19:00:21.671 18964 18964 I CarSettings-AbsBYDAutoSettingListener: [Thread:main][fileInfo:HudModeChangeModel.java(35) onDataEventChanged] onDataEventChanged newState = 2 mcuState = 2
05-30 19:00:21.671 18964 18964 E CarSettings-HudModeChangeSetup: [Thread:main][fileInfo:AbsRadioGroup.java(475) setViewChecked] setViewState isRunning state 1
05-30 19:00:21.671 18964 18964 D CarSettings-HudModeChangeSetup: [Thread:main][fileInfo:HudModeChangeSetup.java(164) isGhyHudMode] getGhyHudMode:0
05-30 19:00:21.977  1090  1166 D WindowManager: getTopPackageName =com.byd.carsettings
05-30 19:00:22.038 18964 18964 D CarSettings-HudModeChangeSetup: [Thread:main][fileInfo:AbsRadioGroup.java(136) onInterceptTouchEvent] onInterceptTouchEvent selectPosition : 0
05-30 19:00:22.039 18964 18964 D CarSettings-HudModeChangeSetup: [Thread:main][fileInfo:AbsRadioGroup.java(223) lambda$addTab$0$AbsRadioGroup] onClick
05-30 19:00:22.050  1090  1742 D StreamFocusControl: streamType is STREAM_NAVI or STREAM_SYSTEM
05-30 19:00:22.239 18964 18964 I CarSettings-HudModeChangeModel: [Thread:main][fileInfo:HudModeChangeModel.java(77) setHudModeChangeState] setHudModeChangeState newState = 1 mcuState = 1
05-30 19:00:22.241 18964 18964 D CarSettings-HudModeChangeSetup: [Thread:main][fileInfo:HudModeChangeSetup.java(164) isGhyHudMode] getGhyHudMode:0
05-30 19:00:22.277 18964 18964 I CarSettings-AbsBYDAutoSettingListener: [Thread:main][fileInfo:HudModeChangeModel.java(35) onDataEventChanged] onDataEventChanged newState = 1 mcuState = 1
05-30 19:00:22.277 18964 18964 E CarSettings-HudModeChangeSetup: [Thread:main][fileInfo:AbsRadioGroup.java(475) setViewChecked] setViewState isRunning state 0
05-30 19:00:22.278 18964 18964 D CarSettings-HudModeChangeSetup: [Thread:main][fileInfo:HudModeChangeSetup.java(164) isGhyHudMode] getGhyHudMode:0
05-30 19:00:22.688  1090  1166 D WindowManager: getTopPackageName =com.byd.carsettings
05-30 19:00:22.691  2018  2657 E BufferQueueProducer:   16:0xb400007947141b00 crop=[0,0,1920,1080] xform=0x00 time=16801.9729 scale=SCALE_TO_WINDOW
05-30 19:00:22.765 18964 18964 D CarSettings-HudNavigationFuse: [Thread:main][fileInfo:AbsSwitchGroup.java(152) onInterceptTouchEvent] onInterceptTouchEvent isChecked : false
05-30 19:00:22.769 18964 18964 D CarSettings-HudNavigationFuse: [Thread:main][fileInfo:AbsSwitchGroup.java(190) lambda$initView$2$AbsSwitchGroup] bydSwitch setOnCheckedChangeListener false
05-30 19:00:22.777  1090  1742 D StreamFocusControl: streamType is STREAM_NAVI or STREAM_SYSTEM
05-30 19:00:22.969 18964 18964 I CarSettings-HudThemeModel: [Thread:main][fileInfo:HudThemeModel.java(70) getHudThemeState] getHudThemeState newState = 2 mcuState = 2
05-30 19:00:22.969 18964 18964 E CarSettings-HudThemeMode: [Thread:main][fileInfo:AbsRadioGroup.java(479) setViewChecked] bydRadioGroup.getCheckedRadioButtonId() == position 1
05-30 19:00:22.985 18964 18964 I CarSettings-HudNavigationFuseModel: [Thread:main][fileInfo:HudNavigationFuseModel.java(78) setHudNavigationFuseState] setHudNavigationFuseState newState = false mcuState = 1
05-30 19:00:23.050 18964 12266 D CarSettings-CarBodyImage-RemoteResourceLoader: [Thread:CsThreadPool-1-Thread-5][fileInfo:RemoteResourceLoader.java(104) preCache] preCache put setting_doorwindow_autolock_di5_ivi_dy_0x9e 7d01000a
05-30 19:00:23.050 18964 12266 D CarSettings-CarBodyImage-RemoteResourceLoader: [Thread:CsThreadPool-1-Thread-5][fileInfo:RemoteResourceLoader.java(104) preCache] preCache put setting_doorwindow_back_di5_ivi_dy_0x9e 7d01000b
05-30 19:00:23.050 18964 12266 D CarSettings-CarBodyImage-RemoteResourceLoader: [Thread:CsThreadPool-1-Thread-5][fileInfo:RemoteResourceLoader.java(104) preCache] preCache put setting_doorwindow_longunlock_di5_ivi_dy_0x9e 7d01000c
05-30 19:00:23.050 18964 12266 D CarSettings-CarBodyImage-RemoteResourceLoader: [Thread:CsThreadPool-1-Thread-5][fileInfo:RemoteResourceLoader.java(104) preCache] preCache put setting_doorwindow_mainseat_di5_ivi_dy_0x9e 7d01000d
05-30 19:00:23.050 18964 12266 D CarSettings-CarBodyImage-RemoteResourceLoader: [Thread:CsThreadPool-1-Thread-5][fileInfo:RemoteResourceLoader.java(104) preCache] preCache put setting_doorwindow_remoteunlock_di5_ivi_dy_0x9e 7d01000e
05-30 19:00:23.051 18964 12266 E CarSettings-CarBodyImage-RemoteResourceLoader: java.lang.ClassNotFoundException: Didn't find class "com.byd.carsettings.res.remote.R$raw" on path: DexPathList[[zip file "/sdcard/carbody/CarSettings/CarSettings.skin"],nativeLibraryDirectories=[/system/lib64, /vendor/lib64, /system_ext/lib64, /vendor/FissionCluster_5_15_10/lib64, /vendor/FissionCluster_6_5_5/lib64]]
