05-30 19:00:04.528  1940  1940 D SceneModeManager: setActivityNameForStatusAndNavigaitonBar currentIviActivityName=com.android.launcher3.home.MainActivity name=com.android.launcher3.home.MainActivity
05-30 19:00:04.529  1090  1169 D InsetsPolicy: focusedWin : com.android.launcher3, Window{28714b3 u0 com.android.launcher3/com.android.launcher3.home.MainActivity}
05-30 19:00:04.529  1090  1169 D InsetsPolicy: statusControlTarget : com.android.launcher3, Window{28714b3 u0 com.android.launcher3/com.android.launcher3.home.MainActivity}, System ui Visible : true
05-30 19:00:04.529  1090  1169 D WindowManager: debug_draw commitFinishDrawingLocked: mDrawState=READY_TO_SHOW for:Window{28714b3 u0 com.android.launcher3/com.android.launcher3.home.MainActivity}
05-30 19:00:04.529  1090  1169 D WindowManager: debug_draw WSC#showRobustly window=com.byd.dogwallpaper.VideoDogWallPaperService
05-30 19:00:04.531  1940  1940 D BarIconController: setActivityNameForStatusAndNavigaitonBar name=com.android.launcher3.home.MainActivity
05-30 19:00:04.531  1090  1169 D InsetsPolicy: focusedWin : com.android.launcher3, Window{28714b3 u0 com.android.launcher3/com.android.launcher3.home.MainActivity}
05-30 19:00:04.531  1090  1169 D InsetsPolicy: statusControlTarget : com.android.launcher3, Window{28714b3 u0 com.android.launcher3/com.android.launcher3.home.MainActivity}, System ui Visible : true
05-30 19:00:04.531  1090  1169 D WindowManager: debug_draw commitFinishDrawingLocked: mDrawState=READY_TO_SHOW for:Window{28714b3 u0 com.android.launcher3/com.android.launcher3.home.MainActivity}
05-30 19:00:04.532  1090  1169 D WindowManager: debug_draw performShowLocked:mDrawState=HAS_DRAWN in:Window{28714b3 u0 com.android.launcher3/com.android.launcher3.home.MainActivity}
05-30 19:00:04.532  1090  1169 D WindowManager: debug_draw WSC#showRobustly window=com.android.launcher3/com.android.launcher3.home.MainActivity
05-30 19:00:04.534  1090  1169 D InsetsPolicy: focusedWin : com.android.launcher3, Window{28714b3 u0 com.android.launcher3/com.android.launcher3.home.MainActivity}
05-30 19:00:04.534  1090  1169 D InsetsPolicy: statusControlTarget : com.android.launcher3, Window{28714b3 u0 com.android.launcher3/com.android.launcher3.home.MainActivity}, System ui Visible : true
05-30 19:00:04.534  1090  2456 D InputDispatcher: debug_focus setFocusedWindow request for 28714b3 com.android.launcher3/com.android.launcher3.home.MainActivity 
05-30 19:00:04.534  1090  2456 D FocusResolver: debug_focus Waiting for window 28714b3 com.android.launcher3/com.android.launcher3.home.MainActivity because NOT_VISIBLE
05-30 19:00:04.536  1940  3143 D BarIconController: setActivityNameForStatusAndNavigaitonBar mRolePackageName=com.android.launcher3
05-30 19:00:04.541   379   379 D Layer   : de_layer destroy layer name=Surface(name=e00ce4d NavigationBar0)/@0x23f5619 - animation-leash of insets_animation#1, layerId=3314, ownerUid=1000, pid=1090
05-30 19:00:04.541   379   379 D SurfaceFlinger: debug_focus 7 visible 0 window=bbq-wrapper#2#110(show:na,0), bbq-wrapper#1#78(show:na,0), c5c54ea com.byd.launchermap#3186(show:na,0), SurfaceView[](BLAST)#0#3189(show:na,0), e00ce4d NavigationBar0#105(show:na,0), 1f0427b StatusBar#106(show:na,0), 19a2894 com.van.diplus#3233(show:na,0), ced5dca com.bydmate.app#3202(show:na,0), 98a2e94 com.android.launcher3/com.android.launcher3.Launcher#3312(show:na,0), 198612a ActivityRecordInputSink com.android.launcher3/.Launcher#3287(show:na,0), 7559524 ActivityRecordInputSink com.alphainventor.filemanager/.activity.MainActivity#3302(hide:ActivityRecord{a75ea42 u0 com.alphainventor.filemanager/.activity.MainActivity#0#3296,0), 28714b3 com.android.launcher3/com.android.launcher3.home.MainActivity#3322(show:na,1), a07e18f ActivityRecordInputSink com.android.launcher3/.home.MainActivity#3164(show:na,0), Wallpaper BBQ wrapper#0#76(show:na,0), 8c2a94f com.byd.dogwallpaper.VideoDogWallP
05-30 19:00:04.541   379   379 D SurfaceFlinger: debug_focus 7 visible 1 window=aperService#75(show:na,0), 
05-30 19:00:04.546  4374  8049 D AppMangerBaseUtils: checkAppInstalled Pakage NameNotFound pkgName=com.byd.naviauto
05-30 19:00:04.546  1090  2456 D FocusResolver: debug_focus updateFocusedWindow 28714b3 com.android.launcher3/com.android.launcher3.home.MainActivity, reason: Window became focusable. Previous reason: NOT_VISIBLE
05-30 19:00:04.546  1090  2456 D InputDispatcher: debug_focus setInputWindowsLocked onFocusChangedLocked, reason: Window became focusable. Previous reason: NOT_VISIBLE
05-30 19:00:04.547  1090  1109 D InsetsPolicy: focusedWin : com.android.launcher3, Window{28714b3 u0 com.android.launcher3/com.android.launcher3.home.MainActivity}
05-30 19:00:04.547  1090  1109 D InsetsPolicy: statusControlTarget : com.android.launcher3, Window{28714b3 u0 com.android.launcher3/com.android.launcher3.home.MainActivity}, System ui Visible : true
05-30 19:00:04.547 15587 15587 I Home.Launcher.MainActivity: onWindowFocusChanged true
05-30 19:00:04.547 15587 15587 I Home.IviHomeActivity: activity onWindowFocusChanged hasFocs true
05-30 19:00:04.556  1090  1169 D InsetsPolicy: focusedWin : com.android.launcher3, Window{28714b3 u0 com.android.launcher3/com.android.launcher3.home.MainActivity}
05-30 19:00:04.556  1090  1169 D InsetsPolicy: statusControlTarget : com.android.launcher3, Window{28714b3 u0 com.android.launcher3/com.android.launcher3.home.MainActivity}, System ui Visible : true
05-30 19:00:04.570  4374  8049 D AppMangerBaseUtils: checkAppInstalled Pakage NameNotFound pkgName=com.byd.naviauto
05-30 19:00:04.570  4374  8049 D AppMangerBaseUtils: checkAppInstalled Pakage NameNotFound pkgName=com.byd.naviauto
05-30 19:00:04.571  1090  1169 D InsetsPolicy: focusedWin : com.android.launcher3, Window{28714b3 u0 com.android.launcher3/com.android.launcher3.home.MainActivity}
05-30 19:00:04.571  1090  1169 D InsetsPolicy: statusControlTarget : com.android.launcher3, Window{28714b3 u0 com.android.launcher3/com.android.launcher3.home.MainActivity}, System ui Visible : true
05-30 19:00:04.577  1090  1168 I WindowManager:  gww setNewFocusStatusForDvider 
05-30 19:00:04.579  1940  1940 I SplitScreenCtrl: setNewFocusStatus is not MultiWindowMode mView is null
05-30 19:00:04.590  1940  1940 D NavigationBar: setImeWindowStatus mImeShown = false
05-30 19:00:04.596 15587 17589 D PackageUtils: getTopActivityFromRunningTask windowMode 1
05-30 19:00:04.596 15587 17589 D PackageUtils: getTopActivityFromRunningTask windowMode 1
05-30 19:00:04.599  1940  3143 D BarIconController: setActivityNameForStatusAndNavigaitonBar displayId:0
05-30 19:00:04.600  1940  1940 I BarIconController: updateStatusNaviBarBackground :mPackageName:com.android.launcher3 mActivityName:com.android.launcher3.home.MainActivity
05-30 19:00:04.600  1940  1940 D BarIconController: setNavigationBarBackground packageName  = com.android.launcher3 , activityName = com.android.launcher3.home.MainActivity mDivider = false
05-30 19:00:04.600  1940  1940 D Custom_NavigationBarController: updateNavBarIcon packageName = com.android.launcher3 , activityName = com.android.launcher3.home.MainActivity
05-30 19:00:04.600  1940  1940 D Custom_NavigationBarController: updateNaviIconColor colorId = 2131100140 , mColorId = 2131100140
05-30 19:00:04.600  1940  1940 D Custom_NavigationBarController: isThirdApp, isTransparentStatusNaviBar return false
05-30 19:00:04.600  1940  1940 D Custom_NavigationBarController: isBlur, packageName = com.android.launcher3, activityName = com.android.launcher3.home.MainActivity
05-30 19:00:04.600  1940  1940 D Custom_NavigationBarView: setBackgroundBlur isAdd = true
05-30 19:00:04.600  1940  1940 D BarIconController: setActivityNameForStatusAndNavigaitonBar isThirdApp:false
05-30 19:00:04.607 15587 15587 I Card.CardBarWindowDelegate: window ui state = 1002 (CARD_UI_SHOW=1002,CARD_UI_HIDE=1003),hasGuaranteeMsg=false
05-30 19:00:04.607 15587 15587 I Card.BaseFloatingWindow:  animShow 
05-30 19:00:04.607 15587 15587 I Card.BaseFloatingWindow:  animShow start
05-30 19:00:04.607 15587 15587 I Card.BaseFloatingWindow: mAlphaShowAnimator onAnimationStart
05-30 19:00:04.609 15587 15587 W ContextImpl: Calling a method in the system process without a qualified user: android.app.ContextImpl.sendBroadcast:1189 com.android.launcher3.cardwindow.domain.CardBarViewModel.setCardUiState:356 com.android.launcher3.cardwindow.domain.CardBarViewModel.access$setCardUiState:75 com.android.launcher3.cardwindow.domain.CardBarViewModel$mUpdateTopActivityRunnable$1$4.onNext:127 com.android.launcher3.cardwindow.domain.CardBarViewModel$mUpdateTopActivityRunnable$1$4.onNext:124 
05-30 19:00:04.628  1090  1792 D WindowManager: debug_draw createSurface:mDrawState=DRAW_PENDING for:Window{5ef92b8 u0 BydLauncher_CardBarwindow}
05-30 19:00:04.628  1090  1792 D WindowManager: debug_draw resetDrawState: mDrawState=DRAW_PENDING for:Window{5ef92b8 u0 BydLauncher_CardBarwindow}
05-30 19:00:04.628  1090  1792 D WindowManager: debug_draw makeSurface with name:BydLauncher_CardBarwindow
05-30 19:00:04.629   379   401 D Layer   : de_layer create layer name=BydLauncher_CardBarwindow#0, layerId=3326, ownerUid=1000, pid=15587
05-30 19:00:04.630  1090  1792 V WindowManager: debug_draw Created surface WindowStateAnimator{4d8c6ab BydLauncher_CardBarwindow}
05-30 19:00:04.631  1090  1792 D InsetsPolicy: focusedWin : com.android.launcher3, Window{28714b3 u0 com.android.launcher3/com.android.launcher3.home.MainActivity}
05-30 19:00:04.631  1090  1792 D InsetsPolicy: statusControlTarget : com.android.launcher3, Window{28714b3 u0 com.android.launcher3/com.android.launcher3.home.MainActivity}, System ui Visible : true
05-30 19:00:04.635 15587 15587 D BLASTBufferQueue: BLASTBufferQueue use 3 dequeued buffer, com.android.launcher3:ViewRootImpl[BydLauncher_CardBarwindow]
05-30 19:00:04.637 15587 15587 D ViewRootImpl[BydLauncher_CardBarwindow]: debug_draw draw for:com.android.launcher3.lib_base.ui.drag.DragSourceLayout{ca3cf8b V.E...... ......ID 0,0-1920,1080 #7f0901e9 app:id/rootLayout} of com.android.launcher3
05-30 19:00:04.641   379   379 D SurfaceFlinger: debug_focus 7 visible 0 window=bbq-wrapper#2#110(show:na,0), bbq-wrapper#1#78(show:na,0), c5c54ea com.byd.launchermap#3186(show:na,0), SurfaceView[](BLAST)#0#3189(show:na,0), e00ce4d NavigationBar0#105(show:na,0), 1f0427b StatusBar#106(show:na,0), 19a2894 com.van.diplus#3233(show:na,0), ced5dca com.bydmate.app#3202(show:na,0), BydLauncher_CardBarwindow#0#3326(hide:BydLauncher_CardBarwindow#0#3326,0), 98a2e94 com.android.launcher3/com.android.launcher3.Launcher#3312(show:na,0), 198612a ActivityRecordInputSink com.android.launcher3/.Launcher#3287(show:na,0), 7559524 ActivityRecordInputSink com.alphainventor.filemanager/.activity.MainActivity#3302(hide:ActivityRecord{a75ea42 u0 com.alphainventor.filemanager/.activity.MainActivity#0#3296,0), 28714b3 com.android.launcher3/com.android.launcher3.home.MainActivity#3322(show:na,1), a07e18f ActivityRecordInputSink com.android.launcher3/.home.MainActivity#3164(show:na,0), Wallpa
05-30 19:00:04.641   379   379 D SurfaceFlinger: debug_focus 7 visible 1 window=per BBQ wrapper#0#76(show:na,0), 8c2a94f com.byd.dogwallpaper.VideoDogWallPaperService#75(show:na,0), 
05-30 19:00:04.643  1090  1792 D InsetsPolicy: focusedWin : com.android.launcher3, Window{28714b3 u0 com.android.launcher3/com.android.launcher3.home.MainActivity}
05-30 19:00:04.643  1090  1792 D InsetsPolicy: statusControlTarget : com.android.launcher3, Window{28714b3 u0 com.android.launcher3/com.android.launcher3.home.MainActivity}, System ui Visible : true
05-30 19:00:04.644 15587 15587 I Card.OnComputeInternalInsetsMonitor: setWindowTouchRegion SkRegion((0,792,1920,1080))
05-30 19:00:04.645  1090  1792 D WindowManager: debug_draw finishDrawingWindow: mDrawState =DRAW_PENDING for:Window{5ef92b8 u0 BydLauncher_CardBarwindow}
05-30 19:00:04.645  1090  1792 D WindowManager: debug_draw finishDrawingLocked: mDrawState=COMMIT_DRAW_PENDING for:Window{5ef92b8 u0 BydLauncher_CardBarwindow}
05-30 19:00:04.650  1090  1169 D InsetsPolicy: focusedWin : com.android.launcher3, Window{28714b3 u0 com.android.launcher3/com.android.launcher3.home.MainActivity}
05-30 19:00:04.650  1090  1169 D InsetsPolicy: statusControlTarget : com.android.launcher3, Window{28714b3 u0 com.android.launcher3/com.android.launcher3.home.MainActivity}, System ui Visible : true
05-30 19:00:04.650  1090  1169 D WindowManager: debug_draw commitFinishDrawingLocked: mDrawState=READY_TO_SHOW for:Window{5ef92b8 u0 BydLauncher_CardBarwindow}
05-30 19:00:04.650  1090  1169 D WindowManager: debug_draw performShowLocked:mDrawState=HAS_DRAWN in:Window{5ef92b8 u0 BydLauncher_CardBarwindow}
05-30 19:00:04.650  1090  1169 D WindowManager: debug_draw WSC#showRobustly window=BydLauncher_CardBarwindow
05-30 19:00:04.658   379   379 D SurfaceFlinger: debug_focus 7 visible 0 window=bbq-wrapper#2#110(show:na,0), bbq-wrapper#1#78(show:na,0), c5c54ea com.byd.launchermap#3186(show:na,0), SurfaceView[](BLAST)#0#3189(show:na,0), e00ce4d NavigationBar0#105(show:na,0), 1f0427b StatusBar#106(show:na,0), 19a2894 com.van.diplus#3233(show:na,0), ced5dca com.bydmate.app#3202(show:na,0), 5ef92b8 BydLauncher_CardBarwindow#3326(show:na,0), 98a2e94 com.android.launcher3/com.android.launcher3.Launcher#3312(show:na,0), 198612a ActivityRecordInputSink com.android.launcher3/.Launcher#3287(show:na,0), 7559524 ActivityRecordInputSink com.alphainventor.filemanager/.activity.MainActivity#3302(hide:ActivityRecord{a75ea42 u0 com.alphainventor.filemanager/.activity.MainActivity#0#3296,0), 28714b3 com.android.launcher3/com.android.launcher3.home.MainActivity#3322(show:na,1), a07e18f ActivityRecordInputSink com.android.launcher3/.home.MainActivity#3164(show:na,0), Wallpaper BBQ wrapper#0#76(sho
05-30 19:00:04.658   379   379 D SurfaceFlinger: debug_focus 7 visible 1 window=w:na,0), 8c2a94f com.byd.dogwallpaper.VideoDogWallPaperService#75(show:na,0), 
05-30 19:00:04.662 15587 15587 D BlurUtils: CrossWindowBlurEnabled = true
05-30 19:00:04.662 15587 15587 D BlurUtils: CrossWindowBlurEnabled = true
05-30 19:00:04.663 15587 15587 D BlurUtils: CrossWindowBlurEnabled = true
05-30 19:00:04.663 15587 15587 D BlurUtils: CrossWindowBlurEnabled = true
05-30 19:00:04.663 15587 15587 D BlurUtils: CrossWindowBlurEnabled = true
05-30 19:00:04.663 15587 15587 D BlurUtils: CrossWindowBlurEnabled = true
05-30 19:00:04.663 15587 15587 D BlurUtils: CrossWindowBlurEnabled = true
05-30 19:00:04.746  1090  1169 D InsetsPolicy: focusedWin : com.android.launcher3, Window{28714b3 u0 com.android.launcher3/com.android.launcher3.home.MainActivity}
05-30 19:00:04.746  1090  1169 D InsetsPolicy: statusControlTarget : com.android.launcher3, Window{28714b3 u0 com.android.launcher3/com.android.launcher3.home.MainActivity}, System ui Visible : true
05-30 19:00:04.746  1090  1169 D WindowManager: debug_draw WSC#hideSurface window=com.android.launcher3/com.android.launcher3.Launcher
05-30 19:00:04.749  1090  1169 D InsetsPolicy: focusedWin : com.android.launcher3, Window{28714b3 u0 com.android.launcher3/com.android.launcher3.home.MainActivity}
05-30 19:00:04.749  1090  1169 D InsetsPolicy: statusControlTarget : com.android.launcher3, Window{28714b3 u0 com.android.launcher3/com.android.launcher3.home.MainActivity}, System ui Visible : true
05-30 19:00:04.758   379   379 D SurfaceFlinger: debug_focus 7 visible 0 window=bbq-wrapper#2#110(show:na,0), bbq-wrapper#1#78(show:na,0), c5c54ea com.byd.launchermap#3186(show:na,0), SurfaceView[](BLAST)#0#3189(show:na,0), e00ce4d NavigationBar0#105(show:na,0), 1f0427b StatusBar#106(show:na,0), 19a2894 com.van.diplus#3233(show:na,0), ced5dca com.bydmate.app#3202(show:na,0), 5ef92b8 BydLauncher_CardBarwindow#3326(show:na,0), 98a2e94 com.android.launcher3/com.android.launcher3.Launcher#3312(hide:ActivityRecord{66334b8 u0 com.android.launcher3/.Launcher#0#3282,0), 198612a ActivityRecordInputSink com.android.launcher3/.Launcher#3287(hide:ActivityRecord{66334b8 u0 com.android.launcher3/.Launcher#0#3282,0), 7559524 ActivityRecordInputSink com.alphainventor.filemanager/.activity.MainActivity#3302(hide:ActivityRecord{a75ea42 u0 com.alphainventor.filemanager/.activity.MainActivity#0#3296,0), 28714b3 com.android.launcher3/com.android.launcher3.home.MainActivity#3322(show:na,
05-30 19:00:04.758   379   379 D SurfaceFlinger: debug_focus 7 visible 1 window=1), a07e18f ActivityRecordInputSink com.android.launcher3/.home.MainActivity#3164(show:na,0), Wallpaper BBQ wrapper#0#76(show:na,0), 8c2a94f com.byd.dogwallpaper.VideoDogWallPaperService#75(show:na,0), 
05-30 19:00:04.759  1090  1169 D InsetsPolicy: focusedWin : com.android.launcher3, Window{28714b3 u0 com.android.launcher3/com.android.launcher3.home.MainActivity}
05-30 19:00:04.759  1090  1169 D InsetsPolicy: statusControlTarget : com.android.launcher3, Window{28714b3 u0 com.android.launcher3/com.android.launcher3.home.MainActivity}, System ui Visible : true
05-30 19:00:04.782  1090  1109 D InsetsPolicy: focusedWin : com.android.launcher3, Window{28714b3 u0 com.android.launcher3/com.android.launcher3.home.MainActivity}
05-30 19:00:04.782  1090  1109 D InsetsPolicy: statusControlTarget : com.android.launcher3, Window{28714b3 u0 com.android.launcher3/com.android.launcher3.home.MainActivity}, System ui Visible : true
05-30 19:00:04.786  1090 22092 D WindowManager: debug_draw destroySurface for:Window{98a2e94 u0 com.android.launcher3/com.android.launcher3.Launcher}
05-30 19:00:04.792   379   379 D SurfaceFlinger: debug_focus 7 visible 0 window=bbq-wrapper#2#110(show:na,0), bbq-wrapper#1#78(show:na,0), c5c54ea com.byd.launchermap#3186(show:na,0), SurfaceView[](BLAST)#0#3189(show:na,0), e00ce4d NavigationBar0#105(show:na,0), 1f0427b StatusBar#106(show:na,0), 19a2894 com.van.diplus#3233(show:na,0), ced5dca com.bydmate.app#3202(show:na,0), 5ef92b8 BydLauncher_CardBarwindow#3326(show:na,0), 198612a ActivityRecordInputSink com.android.launcher3/.Launcher#3287(hide:ActivityRecord{66334b8 u0 com.android.launcher3/.Launcher#0#3282,0), 7559524 ActivityRecordInputSink com.alphainventor.filemanager/.activity.MainActivity#3302(hide:ActivityRecord{a75ea42 u0 com.alphainventor.filemanager/.activity.MainActivity#0#3296,0), 28714b3 com.android.launcher3/com.android.launcher3.home.MainActivity#3322(show:na,1), a07e18f ActivityRecordInputSink com.android.launcher3/.home.MainActivity#3164(show:na,0), Wallpaper BBQ wrapper#0#76(show:na,0), 8c2a94f
05-30 19:00:04.792   379   379 D SurfaceFlinger: debug_focus 7 visible 1 window= com.byd.dogwallpaper.VideoDogWallPaperService#75(show:na,0), 
05-30 19:00:04.925 15587 15587 I Card.BaseFloatingWindow: mAlphaShowAnimator onAnimationEnd
05-30 19:00:04.955  1090  1675 D InputDispatcher: debug_input pos:[97,1061], deviceId:3, displayId:0, pid:1940, e00ce4d NavigationBar0
05-30 19:00:04.956  1940  1940 D Custom_NaviItemView: dispatchTouchEvent ev.getAction() -> 0
05-30 19:00:04.956  1940  1940 D Custom_BaseNaviItem: updateNaviItemPressVisibility
05-30 19:00:04.956  1940  1940 D Custom_BackItem: setNaviItemPressVisibility visibility :true
05-30 19:00:04.957  1940  1940 D Custom_NaviItemView: onTouchEvent ev.getAction() = 0 , ev.getX() = 61.0
05-30 19:00:04.957  1090  1166 D WindowManager: getTopPackageName =com.android.launcher3
05-30 19:00:04.976  1940  1940 D Custom_NaviItemView: dispatchTouchEvent ev.getAction() -> 2
05-30 19:00:04.976  1940  1940 D Custom_NaviItemView: onTouchEvent ev.getAction() = 2 , ev.getX() = 61.0
05-30 19:00:04.992  1940  1940 D Custom_NaviItemView: dispatchTouchEvent ev.getAction() -> 2
05-30 19:00:04.992  1940  1940 D Custom_NaviItemView: onTouchEvent ev.getAction() = 2 , ev.getX() = 61.0
05-30 19:00:05.008  1940  1940 D Custom_NaviItemView: dispatchTouchEvent ev.getAction() -> 2
05-30 19:00:05.008  1940  1940 D Custom_NaviItemView: onTouchEvent ev.getAction() = 2 , ev.getX() = 61.0
05-30 19:00:05.022  1940  1940 D Custom_NaviItemView: dispatchTouchEvent ev.getAction() -> 2
05-30 19:00:05.022  1940  1940 D Custom_NaviItemView: onTouchEvent ev.getAction() = 2 , ev.getX() = 61.0
05-30 19:00:05.022  1940  1940 D Custom_NaviItemView: dispatchTouchEvent ev.getAction() -> 1
05-30 19:00:05.022  1940  1940 D Custom_BaseNaviItem: updateNaviItemPressVisibility
05-30 19:00:05.022  1940  1940 D Custom_BackItem: setNaviItemPressVisibility visibility :false
05-30 19:00:05.022  1940  1940 D Custom_NavigationBarController: cancelGesture
05-30 19:00:05.022  1940  1940 D Custom_NavigationBarController: cancelGesture cancel
05-30 19:00:05.022  1940  1940 D Custom_NaviGestureDetectorCompat: cancelGesture
05-30 19:00:05.022  1940  1940 D Custom_NaviGestureDetectorCompat: cancelTaps
05-30 19:00:05.022  1940  1940 D Custom_NaviItemView: dispatchTouchEvent edit = false , upDistanceX = 0 , upDistanceY = 0 , upTime 65 , tapTime = 480
05-30 19:00:05.023  1940  1940 D Custom_BaseNaviItem: onItemClick
05-30 19:00:05.024  1940  1940 D Custom_BaseNaviItem: closeAllDialog isIgnoreCloseStatusBarDialog = true
05-30 19:00:05.024  1940  1940 D Custom_BackItem: onNaviItemClick
05-30 19:00:05.024  1940  1940 D Custom_NavigationBarController: getCurrentClickSplitTime = 0
05-30 19:00:05.025  1090 22092 D WindowManager: interceptKeyTq keycode=4 interactive=true keyguardActive=false policyFlags=2b000000
05-30 19:00:05.026  1940  1940 D Custom_NaviItemView: onTouchEvent ev.getAction() = 1 , ev.getX() = 61.0
05-30 19:00:05.026  1090  1675 D WindowManager: interceptKeyTi keyCode=4 down=true repeatCount=0 keyguardOn=false canceled=false
05-30 19:00:05.027  1090  1675 D WindowManager: isInPowerOnGuide bootBusiness:activatedbootSubBusiness:null
05-30 19:00:05.028  1940  1940 D CustomStatusBarController: removeWirelessChargeWindow is removing or not is added
05-30 19:00:05.031 15587 15587 I Card.CardWindowService: onBusEvent,what=2000001,data=android.intent.action.BYD_ACTION_KEY_BACK
05-30 19:00:05.031 15587 15587 I Card.BaseFloatingWindow: onBusEvent,what=2000001,data=android.intent.action.BYD_ACTION_KEY_BACK
05-30 19:00:05.031 15587 15587 I Card.CardBarWindowDelegate: onBusEvent,what=2000001,event=android.intent.action.BYD_ACTION_KEY_BACK
05-30 19:00:05.031 15587 15587 I Card.CardBarWindowDelegate: cardModeType0
05-30 19:00:05.039  1090  1742 D StreamFocusControl: streamType is STREAM_NAVI or STREAM_SYSTEM
05-30 19:00:05.045  1090 22092 D WindowManager: interceptKeyTq keycode=4 interactive=true keyguardActive=false policyFlags=2b000000
05-30 19:00:05.046  1090  1675 D WindowManager: interceptKeyTi keyCode=4 down=false repeatCount=0 keyguardOn=false canceled=false
05-30 19:00:05.048  1090  1675 D WindowManager: isInPowerOnGuide bootBusiness:activatedbootSubBusiness:null
05-30 19:00:06.672  1090  1166 D WindowManager: getTopPackageName =com.android.launcher3
05-30 19:00:06.704  1090  1742 D StreamFocusControl: streamType is STREAM_NAVI or STREAM_SYSTEM
05-30 19:00:06.749 15587 15587 I Card.CardWindowService: onBusEvent,what=2010015,data=com.byd.launchermap
05-30 19:00:06.749 15587 15587 I Card.BaseFloatingWindow: onBusEvent,what=2010015,data=com.byd.launchermap
05-30 19:00:06.749 15587 15587 I Card.CardBarWindowDelegate: onBusEvent,what=2010015,event=com.byd.launchermap
05-30 19:00:06.749 15587 15587 I Card.CardBarWindowDelegate: cardModeType0
05-30 19:00:06.768  1090  2025 D WindowManager: Launch home on display: 0
05-30 19:00:06.772  1090  2025 D WindowManager: Launch home on display: 0
05-30 19:00:06.772  1090  2025 D WindowManager: Launch home on display: 0
05-30 19:00:06.777  1090  2025 D WindowManager: Launch home on display: 0
05-30 19:00:06.796  1090  2025 D WindowManager: rotationForOrientation orientation: -1 runningPkg: com.byd.launchermap lastRotation: 0
05-30 19:00:06.796  1090  2025 D WindowManager: debug_draw rotationForActivityInDifferentOrientation currentRotation:0 rotation:0
05-30 19:00:06.796  1090  2025 D WindowManager: rotationForOrientation orientation: -1 runningPkg: com.byd.launchermap lastRotation: 0
05-30 19:00:06.796  1090  2025 D WindowManager: rotationForOrientation orientation: -1 runningPkg: com.byd.launchermap lastRotation: 0
05-30 19:00:06.796  1090  2025 D WindowManager: debug_draw rotationForActivityInDifferentOrientation currentRotation:0 rotation:0
05-30 19:00:06.798  1090  2025 W WindowManager: debug_focus Changing focus from Window{28714b3 u0 com.android.launcher3/com.android.launcher3.home.MainActivity} to null displayId=0 Callers=com.android.server.wm.RootWindowContainer.updateFocusedWindowLocked:525 com.android.server.wm.WindowManagerService.updateFocusedWindowLocked:6098 com.android.server.wm.ActivityTaskManagerService.setResumedActivityUncheckLocked:4794 com.android.server.wm.TaskFragment.onActivityStateChanged:598 
05-30 19:00:06.798  1090  2025 D InsetsPolicy: focusedWin : com.android.launcher3, Window{28714b3 u0 com.android.launcher3/com.android.launcher3.home.MainActivity}
05-30 19:00:06.798  1090  2025 D InsetsPolicy: statusControlTarget : com.android.launcher3, Window{28714b3 u0 com.android.launcher3/com.android.launcher3.home.MainActivity}, System ui Visible : true
05-30 19:00:06.799  1090  2025 D WindowManager: Defer requestTraversal mDeferDepth=1
05-30 19:00:06.800  1940  1940 D BarIconController: setPackageNameForStatusAndNaviationBar name=com.byd.launchermap
05-30 19:00:06.800  1090  2025 D InsetsPolicy: focusedWin : com.android.launcher3, Window{28714b3 u0 com.android.launcher3/com.android.launcher3.home.MainActivity}
05-30 19:00:06.800  1090  2025 D InsetsPolicy: statusControlTarget : com.android.launcher3, Window{28714b3 u0 com.android.launcher3/com.android.launcher3.home.MainActivity}, System ui Visible : true
05-30 19:00:06.805  1940  1940 D BydNavigationBar: setSplitNavViewShow isShow =false
05-30 19:00:06.805  1940  1940 I BarIconController: updateStatusNaviBarBackground :mPackageName:com.byd.launchermap mActivityName:com.android.launcher3.home.MainActivity
05-30 19:00:06.805  1940  1940 D BarIconController: setNavigationBarBackground packageName  = com.byd.launchermap , activityName = com.android.launcher3.home.MainActivity mDivider = false
05-30 19:00:06.805  1940  1940 D Custom_NavigationBarController: updateNavBarIcon packageName = com.byd.launchermap , activityName = com.android.launcher3.home.MainActivity
05-30 19:00:06.805  1940  1940 D Custom_NavigationBarController: updateNaviIconColor colorId = 2131100140 , mColorId = 2131100140
05-30 19:00:06.805  1940  1940 D Custom_NavigationBarController: isThirdApp, isTransparentStatusNaviBar return false
05-30 19:00:06.806  1940  1940 D Custom_NavigationBarController: isBlur, packageName = com.byd.launchermap, activityName = com.android.launcher3.home.MainActivity
05-30 19:00:06.806  1940  1940 D Custom_NavigationBarView: setBackgroundBlur isAdd = true
05-30 19:00:06.806  1940  1940 D BarIconController: setPackageNameForStatusAndNaviationBar isThirdApp:false
05-30 19:00:06.810  2279  2639 D AppTaskManager: handleTaskStackChanged: default display top app = AppTaskInfo{taskId=123, displayId=0, topChildTaskId=124, topActivity=ComponentInfo{com.byd.launchermap/com.byd.automap.activity.MainActivity}, realActivity=null, windowingMode=1, isPinned=false, isVisible=true, childTaskBounds=[Rect(0, 0 - 1920, 1080), Rect(0, 0 - 1920, 1080)], orientation=2}
05-30 19:00:06.810  2279  2639 D AppTaskManager: handleTaskStackChanged: default display second app = AppTaskInfo{taskId=130, displayId=0, topChildTaskId=130, topActivity=ComponentInfo{com.android.launcher3/com.android.launcher3.Launcher}, realActivity=ComponentInfo{com.android.launcher3/com.android.launcher3.Launcher}, windowingMode=1, isPinned=false, isVisible=false, childTaskBounds=[Rect(0, 0 - 1920, 1080)], orientation=2}
05-30 19:00:06.810  2279  2639 D AppTaskManager: handleTaskStackChanged: default display third app = AppTaskInfo{taskId=131, displayId=0, topChildTaskId=131, topActivity=ComponentInfo{com.alphainventor.filemanager/com.alphainventor.filemanager.activity.MainActivity}, realActivity=ComponentInfo{com.alphainventor.filemanager/com.alphainventor.filemanager.activity.MainActivity}, windowingMode=1, isPinned=false, isVisible=false, childTaskBounds=[Rect(0, 0 - 1920, 1080)], orientation=2}
05-30 19:00:06.813   379   379 D SurfaceFlinger: debug_focus 7 visible 0 window=bbq-wrapper#2#110(show:na,0), bbq-wrapper#1#78(show:na,0), c5c54ea com.byd.launchermap#3186(show:na,0), SurfaceView[](BLAST)#0#3189(show:na,0), e00ce4d NavigationBar0#105(show:na,0), 1f0427b StatusBar#106(show:na,0), 19a2894 com.van.diplus#3233(show:na,0), ced5dca com.bydmate.app#3202(show:na,0), 5ef92b8 BydLauncher_CardBarwindow#3326(show:na,0), 198612a ActivityRecordInputSink com.android.launcher3/.Launcher#3287(hide:ActivityRecord{66334b8 u0 com.android.launcher3/.Launcher#0#3282,0), 7559524 ActivityRecordInputSink com.alphainventor.filemanager/.activity.MainActivity#3302(hide:ActivityRecord{a75ea42 u0 com.alphainventor.filemanager/.activity.MainActivity#0#3296,0), 28714b3 com.android.launcher3/com.android.launcher3.home.MainActivity#3322(show:na,0), a07e18f ActivityRecordInputSink com.android.launcher3/.home.MainActivity#3164(show:na,0), Wallpaper BBQ wrapper#0#76(show:na,0), 8c2a94f
05-30 19:00:06.813   379   379 D SurfaceFlinger: debug_focus 7 visible 1 window= com.byd.dogwallpaper.VideoDogWallPaperService#75(show:na,0), 
05-30 19:00:06.815   379   401 D Layer   : de_layer create layer name=WindowToken{fc645e9 android.os.Binder@b3f1e70}#0, layerId=3329, ownerUid=1000, pid=1090
05-30 19:00:06.831  2279 24365 D AppTaskManager: onTaskMovedToFront: TaskInfo{userId=0 taskId=132 displayId=0 isRunning=true baseIntent=Intent { act=android.intent.action.MAIN cat=[android.intent.category.HOME_ONLY] flg=0x10200000 cmp=com.byd.launchermap/com.byd.automap.activity.MainActivity } baseActivity=ComponentInfo{com.byd.launchermap/com.byd.automap.activity.MainActivity} topActivity=ComponentInfo{com.byd.launchermap/com.byd.automap.activity.MainActivity} origActivity=null realActivity=ComponentInfo{com.byd.launchermap/com.byd.automap.activity.MainActivity} numActivities=1 lastActiveTime=71973840 supportsSplitScreenMultiWindow=true supportsMultiWindow=true resizeMode=2 isResizeable=true token=WCT{android.window.IWindowContainerToken$Stub$Proxy@390b3f3} topActivityType=2 pictureInPictureParams=PictureInPictureParams( aspectRatio=null sourceRectHint=null hasSetActions=false isAutoPipEnabled=false isSeamlessResizeEnabled=true) displayCutoutSafeInsets=null topActivityInfo=ActivityInfo{c62d8b0 com.byd.automap.activity.MainActivity} launchCookies=[] positionInParent=Point(0, 0) parentTaskId=-1 isFocused=false isVisible=false isSleeping=false topActivityInSizeCompat=false locusId=null displayAreaFeatureId=1}
05-30 19:00:06.832  1090  1109 D InputDispatcher: debug_focus setInputWindowsLocked onFocusChangedLocked, reason: NO_WINDOW
05-30 19:00:06.833 15587 15587 I Home.Launcher.MainActivity: onWindowFocusChanged false
05-30 19:00:06.833 15587 15587 I Home.IviHomeActivity: activity onWindowFocusChanged hasFocs false
05-30 19:00:06.835  1090 23277 D WindowManager: debug_draw addWindow callingPid:1940 type:2005
05-30 19:00:06.838  1090 23277 D WindowManager: debug_draw addWindow window:Window{b457a5 u0 Toast}
05-30 19:00:06.848  1090 23277 D WindowManager: debug_draw createSurface:mDrawState=DRAW_PENDING for:Window{b457a5 u0 Toast}
05-30 19:00:06.848  1090 23277 D WindowManager: debug_draw resetDrawState: mDrawState=DRAW_PENDING for:Window{b457a5 u0 Toast}
05-30 19:00:06.848  1090 23277 D WindowManager: debug_draw makeSurface with name:Toast
05-30 19:00:06.852  1090 23277 V WindowManager: debug_draw Created surface WindowStateAnimator{2744b88 Toast}
05-30 19:00:06.854  1090 23277 D InsetsPolicy: focusedWin : com.android.launcher3, Window{28714b3 u0 com.android.launcher3/com.android.launcher3.home.MainActivity}
05-30 19:00:06.854  1090 23277 D InsetsPolicy: statusControlTarget : com.android.launcher3, Window{28714b3 u0 com.android.launcher3/com.android.launcher3.home.MainActivity}, System ui Visible : true
05-30 19:00:06.856  4374  8049 D AppMangerBaseUtils: checkAppInstalled Pakage NameNotFound pkgName=com.byd.naviauto
05-30 19:00:06.859  4374  8049 D AppMangerBaseUtils: checkAppInstalled Pakage NameNotFound pkgName=com.byd.naviauto
05-30 19:00:06.863   379   379 D SurfaceFlinger: debug_focus 7 visible 0 window=bbq-wrapper#2#110(show:na,0), bbq-wrapper#1#78(show:na,0), c5c54ea com.byd.launchermap#3186(show:na,0), SurfaceView[](BLAST)#0#3189(show:na,0), e00ce4d NavigationBar0#105(show:na,0), 1f0427b StatusBar#106(show:na,0), 19a2894 com.van.diplus#3233(show:na,0), ced5dca com.bydmate.app#3202(show:na,0), Toast#0#3331(hide:Toast#0#3331,0), 5ef92b8 BydLauncher_CardBarwindow#3326(show:na,0), 198612a ActivityRecordInputSink com.android.launcher3/.Launcher#3287(hide:ActivityRecord{66334b8 u0 com.android.launcher3/.Launcher#0#3282,0), 7559524 ActivityRecordInputSink com.alphainventor.filemanager/.activity.MainActivity#3302(hide:ActivityRecord{a75ea42 u0 com.alphainventor.filemanager/.activity.MainActivity#0#3296,0), 28714b3 com.android.launcher3/com.android.launcher3.home.MainActivity#3322(show:na,0), a07e18f ActivityRecordInputSink com.android.launcher3/.home.MainActivity#3164(show:na,0), Wallpaper B
05-30 19:00:06.863   379   379 D SurfaceFlinger: debug_focus 7 visible 1 window=BQ wrapper#0#76(show:na,0), 8c2a94f com.byd.dogwallpaper.VideoDogWallPaperService#75(show:na,0), 
05-30 19:00:06.871 23747 23747 E DPIUtil : [main]isMultiWindowMode false
05-30 19:00:06.871 23747 24025 E MainMapViewManager: [Default Executor#4]preLoadView isInMultiWindowMode :false
05-30 19:00:06.872 23747 23747 E DPIUtil : [main]isMultiWindowMode false
05-30 19:00:06.875 23747 23747 E UiStyleResourceWrapper: updateConfiguration config:{1.0 111000003byd_theme250mcc1mnc [en_US] ldltr sw720dp w1280dp h604dp 240dpi lrg long hdr land night finger -keyb/v/h -nav/h winConfig={ mBounds=Rect(0, 0 - 1920, 1080) mAppBounds=Rect(0, 0 - 1920, 990) mMaxBounds=Rect(0, 0 - 1920, 1080) mWindowingMode=fullscreen mDisplayWindowingMode=fullscreen mActivityType=home mAlwaysOnTop=undefined mMagicWindowMode=MAGIC_MODE_FULLSCREEN  mRotation=ROTATION_0} s.2 fontWeightAdjustment=0}
05-30 19:00:06.875 23747 23747 E UiStyleResourceWrapper: updateConfiguration config:{1.0 111000003byd_theme250mcc1mnc [en_US] ldltr sw720dp w1280dp h604dp 240dpi lrg long hdr land night finger -keyb/v/h -nav/h winConfig={ mBounds=Rect(0, 0 - 1920, 1080) mAppBounds=Rect(0, 0 - 1920, 990) mMaxBounds=Rect(0, 0 - 1920, 1080) mWindowingMode=fullscreen mDisplayWindowingMode=fullscreen mActivityType=home mAlwaysOnTop=undefined mMagicWindowMode=MAGIC_MODE_FULLSCREEN  mRotation=ROTATION_0} s.2 fontWeightAdjustment=0}
05-30 19:00:06.877  1090 23277 D WindowManager: debug_draw finishDrawingWindow: mDrawState =DRAW_PENDING for:Window{b457a5 u0 Toast}
05-30 19:00:06.877  1090 23277 D WindowManager: debug_draw finishDrawingLocked: mDrawState=COMMIT_DRAW_PENDING for:Window{b457a5 u0 Toast}
05-30 19:00:06.879  1090  1169 D InsetsPolicy: focusedWin : com.android.launcher3, Window{28714b3 u0 com.android.launcher3/com.android.launcher3.home.MainActivity}
05-30 19:00:06.879  1090  1169 D InsetsPolicy: statusControlTarget : com.android.launcher3, Window{28714b3 u0 com.android.launcher3/com.android.launcher3.home.MainActivity}, System ui Visible : true
05-30 19:00:06.879  1090  1169 D WindowManager: debug_draw commitFinishDrawingLocked: mDrawState=READY_TO_SHOW for:Window{b457a5 u0 Toast}
05-30 19:00:06.879  1090  1169 D WindowManager: debug_draw performShowLocked:mDrawState=HAS_DRAWN in:Window{b457a5 u0 Toast}
05-30 19:00:06.879  1090  1169 D WindowManager: debug_draw WSC#showRobustly window=Toast
05-30 19:00:06.880   379   379 D SurfaceFlinger: debug_focus 7 visible 0 window=bbq-wrapper#2#110(show:na,0), bbq-wrapper#1#78(show:na,0), c5c54ea com.byd.launchermap#3186(show:na,0), SurfaceView[](BLAST)#0#3189(show:na,0), e00ce4d NavigationBar0#105(show:na,0), 1f0427b StatusBar#106(show:na,0), 19a2894 com.van.diplus#3233(show:na,0), ced5dca com.bydmate.app#3202(show:na,0), b457a5 Toast#3331(hide:Toast#0#3331,0), 5ef92b8 BydLauncher_CardBarwindow#3326(show:na,0), 198612a ActivityRecordInputSink com.android.launcher3/.Launcher#3287(hide:ActivityRecord{66334b8 u0 com.android.launcher3/.Launcher#0#3282,0), 7559524 ActivityRecordInputSink com.alphainventor.filemanager/.activity.MainActivity#3302(hide:ActivityRecord{a75ea42 u0 com.alphainventor.filemanager/.activity.MainActivity#0#3296,0), 28714b3 com.android.launcher3/com.android.launcher3.home.MainActivity#3322(show:na,0), a07e18f ActivityRecordInputSink com.android.launcher3/.home.MainActivity#3164(show:na,0), Wallpa
05-30 19:00:06.880   379   379 D SurfaceFlinger: debug_focus 7 visible 1 window=per BBQ wrapper#0#76(show:na,0), 8c2a94f com.byd.dogwallpaper.VideoDogWallPaperService#75(show:na,0), 
05-30 19:00:06.896   379   379 D SurfaceFlinger: debug_focus 7 visible 0 window=bbq-wrapper#2#110(show:na,0), bbq-wrapper#1#78(show:na,0), c5c54ea com.byd.launchermap#3186(show:na,0), SurfaceView[](BLAST)#0#3189(show:na,0), e00ce4d NavigationBar0#105(show:na,0), 1f0427b StatusBar#106(show:na,0), 19a2894 com.van.diplus#3233(show:na,0), ced5dca com.bydmate.app#3202(show:na,0), b457a5 Toast#3331(show:na,0), 5ef92b8 BydLauncher_CardBarwindow#3326(show:na,0), 198612a ActivityRecordInputSink com.android.launcher3/.Launcher#3287(hide:ActivityRecord{66334b8 u0 com.android.launcher3/.Launcher#0#3282,0), 7559524 ActivityRecordInputSink com.alphainventor.filemanager/.activity.MainActivity#3302(hide:ActivityRecord{a75ea42 u0 com.alphainventor.filemanager/.activity.MainActivity#0#3296,0), 28714b3 com.android.launcher3/com.android.launcher3.home.MainActivity#3322(show:na,0), a07e18f ActivityRecordInputSink com.android.launcher3/.home.MainActivity#3164(show:na,0), Wallpaper BBQ wr
05-30 19:00:06.896   379   379 D SurfaceFlinger: debug_focus 7 visible 1 window=apper#0#76(show:na,0), 8c2a94f com.byd.dogwallpaper.VideoDogWallPaperService#75(show:na,0), 
05-30 19:00:06.904 15587 15587 I Card.CardWindowService: onBusEvent,what=2010000,data=com.byd.launchermap
05-30 19:00:06.904 15587 15587 I Card.BaseFloatingWindow: onBusEvent,what=2010000,data=com.byd.launchermap
05-30 19:00:06.904 15587 15587 I Card.CardBarWindowDelegate: onBusEvent,what=2010000,event=com.byd.launchermap
05-30 19:00:06.957 15587 17589 D PackageUtils: getTopActivityFromRunningTask windowMode 1
05-30 19:00:06.957 15587 17589 D PackageUtils: getTopActivityFromRunningTask windowMode 1
05-30 19:00:07.042 23747 23747 E MapPermissionManager: [main]startMyNavigationServiceForeground
05-30 19:00:07.073 23747 23747 E CarPlayNaviManager: [main]registerCarPlayReceiver
05-30 19:00:07.074 23747 24330 E ProtocolService: [SYNC_SDK_IO_HANDLE Executor#1][activeCallBack] result:0
05-30 19:00:07.078  3734  3734 E AmapService: [main]mIsBydBaiduMap :false ,hashCode :2021073342 ,isAccOff :false
05-30 19:00:07.078  3734  3734 E AmapService: [main]action = AUTONAVI_STANDARD_BROADCAST_SEND,mIsBydMap=true,mIsBYDMapNaving=false,mIsGAODENaving=false
05-30 19:00:07.078  3734  3734 E AmapService: [main]mIsShutdown :false
05-30 19:00:07.078  3734  3734 E AmapService: [main]reSetGuideInfo()
05-30 19:00:07.078  3734  3734 E AmapService: [main]BroadcastReceiver KEY_TYPE = 10019
05-30 19:00:07.078  3734  3734 E AmapService: [main]EXTRA_STATE naviState =9
05-30 19:00:07.078  3734  3734 E AmapService: [main]reSetGuideInfo()
05-30 19:00:07.078  3734  3734 E AmapService: [main]停止 
05-30 19:00:07.078  3734  3734 E AmapService: [main]Send :true
05-30 19:00:07.078  3734  3734 E AmapService: [main]sendNaviToCluster mClusterType=1,mIsBydMap=true,mIsBYDMapNaving=false,mIsGAODENaving=false
05-30 19:00:07.078  3734  3734 E AmapService: [main]********send to independent CAN  start********
05-30 19:00:07.078  3734  3734 E AmapService: [main]ToCAN naviState : 1
05-30 19:00:07.079  4480  4480 D BluetoothCallService: Received :AUTONAVI_STANDARD_BROADCAST_SEND
05-30 19:00:07.081  2372  2372 D TunnelReceiver: onReceive:AUTONAVI_STANDARD_BROADCAST_SEND
05-30 19:00:07.081 23747 23747 E MainActivity: [main]onResume: dpiChangedBackground=false,inMultiWindowMode=false,isNaviTop=false
05-30 19:00:07.086  3734  3734 E AmapService: [main]GAODE nextTurnIcon :-1 ; preNextTurnIcon :-1
05-30 19:00:07.086  3734  3734 E AmapService: [main]GuideInfo.preStringEtaArrivalTime :-1
05-30 19:00:07.086  3734  3734 E AmapService: [main]GuideInfo.preNextToSegmentDist :-1
05-30 19:00:07.086  3734  3734 E AmapService: [main]nextToSegmentDist:-1米
05-30 19:00:07.086  3734  3734 E AmapService: [main]0x00ffffff
05-30 19:00:07.091  1940  1940 D Scene-BusinessScenePresenter: action=AUTONAVI_STANDARD_BROADCAST_SEND
05-30 19:00:07.091  1090 23277 D WindowManager: debug_draw addWindow callingPid:23747 type:1
05-30 19:00:07.091  1940  1940 D Scene-BusinessScenePresenter: autonavi state=9
05-30 19:00:07.094  1090 23277 D WindowManager: debug_draw addWindow window:Window{685551b u0 com.byd.launchermap/com.byd.automap.activity.MainActivity}
05-30 19:00:07.094  3734  3734 E AmapService: [main]GAODE nextNextTurnIcon :-1 ; preNextNextTurnIcon :-1
05-30 19:00:07.094  3734  3734 E AmapService: [main]********send to independent CAN  end********
05-30 19:00:07.100 23747 23747 E MyNavigationService: [main]onCreate
05-30 19:00:07.106 23747 23747 E MyNavigationService: [main]onStartCommand
05-30 19:00:07.106  1940  1940 D SceneModeManager: setActivityNameForStatusAndNavigaitonBar currentIviActivityName=com.byd.automap.activity.MainActivity name=com.byd.automap.activity.MainActivity
05-30 19:00:07.106  2372  2372 D InsufficientTyrePressureListener: KEY_TYPE: 10019 mIsNavigationing: false
05-30 19:00:07.109  1940  1940 D BarIconController: setActivityNameForStatusAndNavigaitonBar name=com.byd.automap.activity.MainActivity
05-30 19:00:07.111 15587 15587 I Card.CardWindowService: onBusEvent,what=2010001,data=com.byd.launchermap/com.byd.automap.activity.MainActivity
05-30 19:00:07.111 15587 15587 I Card.BaseFloatingWindow: onBusEvent,what=2010001,data=com.byd.launchermap/com.byd.automap.activity.MainActivity
05-30 19:00:07.111 15587 15587 I Card.CardBarWindowDelegate: onBusEvent,what=2010001,event=com.byd.launchermap/com.byd.automap.activity.MainActivity
05-30 19:00:07.111  1090  1206 I ActivityManager: nofication for fg :ServiceRecord{c1d6f07 u0 com.byd.launchermap/com.byd.automap.MyNavigationService}
05-30 19:00:07.113  1940  3143 D BarIconController: setActivityNameForStatusAndNavigaitonBar mRolePackageName=com.byd.launchermap
05-30 19:00:07.114  1090  1206 I ActivityManager: nofication for fg :ServiceRecord{c1d6f07 u0 com.byd.launchermap/com.byd.automap.MyNavigationService}
05-30 19:00:07.130 23747 12165 D mapcore : [519256210608][doChooseEGLConfigFunc][1569]EGL_PBUFFER_BIT|EGL_WINDOW_BIT m_eglConfig=0x78801e9700
05-30 19:00:07.130 23747 12165 D mapcore : [519256210608][doChooseEGLConfigFunc][1633]EGL_PBUFFER_BIT|EGL_WINDOW_BIT m_eglConfig=0x78801e9700
05-30 19:00:07.161  1940  3143 D BarIconController: setActivityNameForStatusAndNavigaitonBar displayId:0
05-30 19:00:07.162  1940  1940 I BarIconController: updateStatusNaviBarBackground :mPackageName:com.byd.launchermap mActivityName:com.byd.automap.activity.MainActivity
05-30 19:00:07.163  1940  1940 D BarIconController: setNavigationBarBackground packageName  = com.byd.launchermap , activityName = com.byd.automap.activity.MainActivity mDivider = false
05-30 19:00:07.163  1940  1940 D Custom_NavigationBarController: updateNavBarIcon packageName = com.byd.launchermap , activityName = com.byd.automap.activity.MainActivity
05-30 19:00:07.163  1940  1940 D Custom_NavigationBarController: updateNaviIconColor colorId = 2131100140 , mColorId = 2131100140
05-30 19:00:07.163  1940  1940 D Custom_NavigationBarController: isThirdApp, isTransparentStatusNaviBar return false
05-30 19:00:07.163  1940  1940 D Custom_NavigationBarController: isBlur, packageName = com.byd.launchermap, activityName = com.byd.automap.activity.MainActivity
05-30 19:00:07.163  1940  1940 D Custom_NavigationBarView: setBackgroundBlur isAdd = true
05-30 19:00:07.163  1940  1940 D BarIconController: setActivityNameForStatusAndNavigaitonBar isThirdApp:false
05-30 19:00:07.178 15587 17589 D PackageUtils: getTopActivityFromRunningTask windowMode 1
05-30 19:00:07.178 15587 17589 D PackageUtils: getTopActivityFromRunningTask windowMode 1
05-30 19:00:07.229 23747 23747 E MapLayer: [main]setCarPosition nSegmCur:0, nLinkCur:0, nPostCur:0, nNaviRouteId:0 
05-30 19:00:07.231 23747 23747 E MapController: [main]setProjectionCenterPercent: surfaceViewID == 1, percentX == 0.5, percentY == 0.56
05-30 19:00:07.238 23747 23747 E ProtocolService: [main][activeCallBack] result:0
05-30 19:00:07.253 23747 23747 E PresentationUtil: [main]getDisplay name:fission_bg_XDJAScreenProjection, id:2
05-30 19:00:07.254 23747 24024 E PlatformUtils: [Default Executor#3]getNaviType:2
05-30 19:00:07.275  1090  1109 D WindowManager: debug_draw createSurface:mDrawState=DRAW_PENDING for:Window{685551b u0 com.byd.launchermap/com.byd.automap.activity.MainActivity}
05-30 19:00:07.276  1090  1109 D WindowManager: debug_draw resetDrawState: mDrawState=DRAW_PENDING for:Window{685551b u0 com.byd.launchermap/com.byd.automap.activity.MainActivity}
05-30 19:00:07.276  1090  1109 D WindowManager: debug_draw makeSurface with name:com.byd.launchermap/com.byd.automap.activity.MainActivity
05-30 19:00:07.278  1090  1109 V WindowManager: debug_draw Created surface WindowStateAnimator{c483fce com.byd.launchermap/com.byd.automap.activity.MainActivity}
05-30 19:00:07.279  1090  1109 D InsetsPolicy: focusedWin : com.android.launcher3, Window{28714b3 u0 com.android.launcher3/com.android.launcher3.home.MainActivity}
05-30 19:00:07.279  1090  1109 D InsetsPolicy: statusControlTarget : com.android.launcher3, Window{28714b3 u0 com.android.launcher3/com.android.launcher3.home.MainActivity}, System ui Visible : true
05-30 19:00:07.280   379   379 D SurfaceFlinger: debug_focus 7 visible 0 window=bbq-wrapper#2#110(show:na,0), bbq-wrapper#1#78(show:na,0), c5c54ea com.byd.launchermap#3186(show:na,0), SurfaceView[](BLAST)#0#3189(show:na,0), e00ce4d NavigationBar0#105(show:na,0), 1f0427b StatusBar#106(show:na,0), 19a2894 com.van.diplus#3233(show:na,0), ced5dca com.bydmate.app#3202(show:na,0), b457a5 Toast#3331(show:na,0), 5ef92b8 BydLauncher_CardBarwindow#3326(show:na,0), 198612a ActivityRecordInputSink com.android.launcher3/.Launcher#3287(hide:ActivityRecord{66334b8 u0 com.android.launcher3/.Launcher#0#3282,0), 7559524 ActivityRecordInputSink com.alphainventor.filemanager/.activity.MainActivity#3302(hide:ActivityRecord{a75ea42 u0 com.alphainventor.filemanager/.activity.MainActivity#0#3296,0), com.byd.launchermap/com.byd.automap.activity.MainActivity#0#3333(hide:ActivityRecord{6aba604 u0 com.byd.launchermap/com.byd.automap.activity.MainActivity#0#3328,0), 28714b3 com.android.launcher
05-30 19:00:07.281   379   379 D SurfaceFlinger: debug_focus 7 visible 1 window=3/com.android.launcher3.home.MainActivity#3322(show:na,0), a07e18f ActivityRecordInputSink com.android.launcher3/.home.MainActivity#3164(show:na,0), Wallpaper BBQ wrapper#0#76(show:na,0), 8c2a94f com.byd.dogwallpaper.VideoDogWallPaperService#75(show:na,0), 
05-30 19:00:07.285  1090  1109 W WindowManager: debug_focus Changing focus from null to Window{685551b u0 com.byd.launchermap/com.byd.automap.activity.MainActivity} displayId=0 Callers=com.android.server.wm.RootWindowContainer.updateFocusedWindowLocked:525 com.android.server.wm.WindowManagerService.updateFocusedWindowLocked:6098 com.android.server.wm.WindowManagerService.relayoutWindow:2536 com.android.server.wm.Session.relayout:244 
05-30 19:00:07.288   379   401 D Layer   : de_layer create layer name=Surface(name=e00ce4d NavigationBar0)/@0x23f5619 - animation-leash of insets_animation#1, layerId=3335, ownerUid=1000, pid=1090
05-30 19:00:07.289  1090  1109 D InsetsPolicy: focusedWin : com.byd.launchermap, Window{685551b u0 com.byd.launchermap/com.byd.automap.activity.MainActivity}
05-30 19:00:07.289  1090  1109 D InsetsPolicy: statusControlTarget : com.byd.launchermap, Window{685551b u0 com.byd.launchermap/com.byd.automap.activity.MainActivity}, System ui Visible : true
05-30 19:00:07.289  1090  1109 D InputMonitor: debug_focus Input focus has changed to Window{685551b u0 com.byd.launchermap/com.byd.automap.activity.MainActivity}  on display:0
05-30 19:00:07.291  1090  1169 D InputMonitor: debug_focus Focus requested for window:685551b com.byd.launchermap/com.byd.automap.activity.MainActivity
05-30 19:00:07.298   379   379 D SurfaceFlinger: debug_focus 7 visible 0 window=bbq-wrapper#2#110(show:na,0), bbq-wrapper#1#78(show:na,0), c5c54ea com.byd.launchermap#3186(show:na,0), SurfaceView[](BLAST)#0#3189(show:na,0), e00ce4d NavigationBar0#105(show:na,0), 1f0427b StatusBar#106(show:na,0), 19a2894 com.van.diplus#3233(show:na,0), ced5dca com.bydmate.app#3202(show:na,0), b457a5 Toast#3331(show:na,0), 5ef92b8 BydLauncher_CardBarwindow#3326(show:na,0), 198612a ActivityRecordInputSink com.android.launcher3/.Launcher#3287(hide:ActivityRecord{66334b8 u0 com.android.launcher3/.Launcher#0#3282,0), 7559524 ActivityRecordInputSink com.alphainventor.filemanager/.activity.MainActivity#3302(hide:ActivityRecord{a75ea42 u0 com.alphainventor.filemanager/.activity.MainActivity#0#3296,0), SurfaceView[com.byd.launchermap/com.byd.automap.activity.MainActivity](BLAST)#0#3338(hide:ActivityRecord{6aba604 u0 com.byd.launchermap/com.byd.automap.activity.MainActivity#0#3328,0), com.byd.
