05-26 19:34:55.190   689 13653 I NormalHal3CamDevice: [frameworks/av/services/bmmcamera/device/src/NormalHal3CamDevice.cpp]:[processFrame]: E, 497 dqzcheckframerate process frame:20808
05-26 19:34:55.196   689 13743 I NormalHal3CamDevice: [frameworks/av/services/bmmcamera/device/src/NormalHal3CamDevice.cpp]:[processFrame]: E, 497 dqzcheckframerate process frame:20813
05-26 19:34:55.200   321 32147 I SDM     : StcManager::ProcessModeRenderIntent():637 Cannot find mode (gamut 255 gamma 255 intent 65535) in mode list
05-26 19:34:55.205   344 13850 I QC2C2DEngine: calcYSize: unsupported or RGB color format, RGBA8888_UBWC(-1040187392)
05-26 19:34:55.206  5591  5591 D BYDAutoYunDevice: postEvent device_type: 1034, event_type =99000021, value = [0, 0, 0, -116, 0, 1, 89, -19, 1, -50, 0, 80, 0, 0, -80, 2, -3, 80]
05-26 19:34:55.210  5591  5591 D BYDAutoSensorDevice: postEvent device_type: 1043, event_type =40200008, value = -43
05-26 19:34:55.211  5591  5591 D BYDAutoSettingDevice: postEvent device_type: 1023, event_type =48600040, value = 1
05-26 19:34:55.211  5591  5591 D BYDAutoSettingDevice: postEvent device_type: 1023, event_type =40200037, value = 1
05-26 19:34:55.211 31234 31316 E BufferQueueProducer: waitForFreeSlotThenRelock timeout=0, - BufferQueue mMaxAcquiredBufferCount=1 mMaxDequeuedBufferCount=17
05-26 19:34:55.211 31234 31316 E BufferQueueProducer:   mDequeueBufferCannotBlock=0 mAsyncMode=0
05-26 19:34:55.211 31234 31316 E BufferQueueProducer:   mQueueBufferCanDrop=0 mLegacyBufferDrop=1
05-26 19:34:55.211 31234 31316 E BufferQueueProducer:   default-size=[1920x1080] default-format=2   transform-hint=00 frame-counter=336749
05-26 19:34:55.211 31234 31316 E BufferQueueProducer:   mTransformHintInUse=00 mAutoPrerotation=0
05-26 19:34:55.211 31234 31316 E BufferQueueProducer: FIFO(0):
05-26 19:34:55.211 31234 31316 E BufferQueueProducer: (mConsumerName=Wallpaper#0(BLAST Consumer)0, mConnectedApi=3, mConsumerUsageBits=2304, mId=7a0200000000, producer=[31234:com.byd.dogwallpaper], consumer=[31234:com.byd.dogwallpaper])
05-26 19:34:55.211 31234 31316 E BufferQueueProducer: Slots:
05-26 19:34:55.211 31234 31316 E BufferQueueProducer:   [12:0xb4000073ac759500] state=DEQUEUED 0xb40000739c5317e0 frame=336739 [1920x1088:1920,7FA30C06]
05-26 19:34:55.211 31234 31316 E BufferQueueProducer:   [13:0xb40000739c4a6200] state=DEQUEUED 0xb40000739c532ab0 frame=336736 [1920x1088:1920,7FA30C06]
05-26 19:34:55.211 31234 31316 E BufferQueueProducer:   [14:0xb40000739c4a6900] state=DEQUEUED 0xb40000739c532c70 frame=336747 [1920x1088:1920,7FA30C06]
05-26 19:34:55.211 31234 31316 E BufferQueueProducer:   [15:0xb40000739c4a6e00] state=DEQUEUED 0xb40000739c532e30 frame=336740 [1920x1088:1920,7FA30C06]
05-26 19:34:55.211 31234 31316 E BufferQueueProducer:   [16:0xb40000739c4a6f00] state=DEQUEUED 0xb40000739c531a10 frame=336743 [1920x1088:1920,7FA30C06]
05-26 19:34:55.211 31234 31316 E BufferQueueProducer:   [17:0xb
05-26 19:34:55.216  5591  5591 D BYDAutoStatisticDevice: postEvent device_type: 1014, event_type =44a00020, value = 5009
05-26 19:34:55.216 13531 14477 D bt_btif : LCB lcb=1 event=UL_MSG_EVT state=LCB_OPEN_ST
05-26 19:34:55.216  5591  5591 D BYDAutoYunDevice: postEvent device_type: 1034, event_type =99000021, value = [0, 0, 0, -116, 0, 1, 89, -19, 1, -30, 0, 96, 0, 0, -80, 2, -19, 96]
05-26 19:34:55.217  5591  5591 D BYDAutoYunDevice: postEvent device_type: 1034, event_type =99000021, value = [0, 0, 3, -39, 5, 0, 89, -19, 1, -30, 5, -88, -101, 2, -8, 79, 74, -82]
05-26 19:34:55.217  5591  5591 D BYDAutoYunDevice: postEvent device_type: 1034, event_type =99000021, value = [0, 0, 3, -39, 5, 2, 89, -19, 1, -29, 5, -88, -101, 2, -8, 79, 74, -82]
05-26 19:34:55.221  5591  5591 D BYDAutoYunDevice: postEvent device_type: 1034, event_type =99000021, value = [0, 0, 1, 45, 0, 0, 89, -19, 1, -27, -96, 40, 0, 34, 12, 49, 127, 89]
05-26 19:34:55.223 31234 31316 E BufferQueueProducer: waitForFreeSlotThenRelock timeout=0, - BufferQueue mMaxAcquiredBufferCount=1 mMaxDequeuedBufferCount=17
05-26 19:34:55.223 31234 31316 E BufferQueueProducer:   mDequeueBufferCannotBlock=0 mAsyncMode=0
05-26 19:34:55.223 31234 31316 E BufferQueueProducer:   mQueueBufferCanDrop=0 mLegacyBufferDrop=1
05-26 19:34:55.223 31234 31316 E BufferQueueProducer:   default-size=[1920x1080] default-format=2   transform-hint=00 frame-counter=336749
05-26 19:34:55.223 31234 31316 E BufferQueueProducer:   mTransformHintInUse=00 mAutoPrerotation=0
05-26 19:34:55.223 31234 31316 E BufferQueueProducer: FIFO(0):
05-26 19:34:55.223 31234 31316 E BufferQueueProducer: (mConsumerName=Wallpaper#0(BLAST Consumer)0, mConnectedApi=3, mConsumerUsageBits=2304, mId=7a0200000000, producer=[31234:com.byd.dogwallpaper], consumer=[31234:com.byd.dogwallpaper])
05-26 19:34:55.223 31234 31316 E BufferQueueProducer: Slots:
05-26 19:34:55.223 31234 31316 E BufferQueueProducer:   [12:0xb4000073ac759500] state=DEQUEUED 0xb40000739c5317e0 frame=336739 [1920x1088:1920,7FA30C06]
05-26 19:34:55.223 31234 31316 E BufferQueueProducer:   [13:0xb40000739c4a6200] state=DEQUEUED 0xb40000739c532ab0 frame=336736 [1920x1088:1920,7FA30C06]
05-26 19:34:55.223 31234 31316 E BufferQueueProducer:   [14:0xb40000739c4a6900] state=DEQUEUED 0xb40000739c532c70 frame=336747 [1920x1088:1920,7FA30C06]
05-26 19:34:55.223 31234 31316 E BufferQueueProducer:   [15:0xb40000739c4a6e00] state=DEQUEUED 0xb40000739c532e30 frame=336740 [1920x1088:1920,7FA30C06]
05-26 19:34:55.223 31234 31316 E BufferQueueProducer:   [16:0xb40000739c4a6f00] state=DEQUEUED 0xb40000739c531a10 frame=336743 [1920x1088:1920,7FA30C06]
05-26 19:34:55.223 31234 31316 E BufferQueueProducer:   [17:0xb
05-26 19:34:55.223   689 13653 I NormalHal3CamDevice: [frameworks/av/services/bmmcamera/device/src/NormalHal3CamDevice.cpp]:[processFrame]: E, 497 dqzcheckframerate process frame:20809
05-26 19:34:55.227   689 13743 I NormalHal3CamDevice: [frameworks/av/services/bmmcamera/device/src/NormalHal3CamDevice.cpp]:[processFrame]: E, 497 dqzcheckframerate process frame:20814
05-26 19:34:55.229   199 16348 I CamX    : [CORE_CFG][HAL    ] camxhal3.cpp:1384 process_capture_request() frame_number 20820, settings 0x0, num_output_buffers 1, cameraId 0
05-26 19:34:55.229   199  1512 E CamX    : [ERROR][ISP    ] camxifenode.cpp:6293 ExecuteProcessRequest() zzsFrameID = 20820 ,cameraid = 0
05-26 19:34:55.231  5591  5591 D BYDAutoYunDevice: postEvent device_type: 1034, event_type =99000021, value = [0, 0, 2, 111, 0, 0, 89, -19, 1, -14, -1, -1, 63, -126, 1, 19, 0, 44]
05-26 19:34:55.232   198 14466 I vendor.qti.bluetooth@1.0-ibs_handler: ProcessIbsCmd: Received IBS_WAKE_IND: 0xFD
05-26 19:34:55.232   198 14466 I vendor.qti.bluetooth@1.0-ibs_handler: ProcessIbsCmd: Writing IBS_WAKE_ACK
05-26 19:34:55.233   321 32147 I SDM     : StcManager::ProcessModeRenderIntent():637 Cannot find mode (gamut 255 gamma 255 intent 65535) in mode list
05-26 19:34:55.236 31234 31316 E BufferQueueProducer: waitForFreeSlotThenRelock timeout=0, - BufferQueue mMaxAcquiredBufferCount=1 mMaxDequeuedBufferCount=17
05-26 19:34:55.236 31234 31316 E BufferQueueProducer:   mDequeueBufferCannotBlock=0 mAsyncMode=0
05-26 19:34:55.236 31234 31316 E BufferQueueProducer:   mQueueBufferCanDrop=0 mLegacyBufferDrop=1
05-26 19:34:55.236 31234 31316 E BufferQueueProducer:   default-size=[1920x1080] default-format=2   transform-hint=00 frame-counter=336750
05-26 19:34:55.236 31234 31316 E BufferQueueProducer:   mTransformHintInUse=00 mAutoPrerotation=0
05-26 19:34:55.236 31234 31316 E BufferQueueProducer: FIFO(0):
05-26 19:34:55.236 31234 31316 E BufferQueueProducer: (mConsumerName=Wallpaper#0(BLAST Consumer)0, mConnectedApi=3, mConsumerUsageBits=2304, mId=7a0200000000, producer=[31234:com.byd.dogwallpaper], consumer=[31234:com.byd.dogwallpaper])
05-26 19:34:55.236 31234 31316 E BufferQueueProducer: Slots:
05-26 19:34:55.236 31234 31316 E BufferQueueProducer:   [12:0xb4000073ac759500] state=DEQUEUED 0xb40000739c5317e0 frame=336739 [1920x1088:1920,7FA30C06]
05-26 19:34:55.236 31234 31316 E BufferQueueProducer:   [13:0xb40000739c4a6200] state=DEQUEUED 0xb40000739c532ab0 frame=336736 [1920x1088:1920,7FA30C06]
05-26 19:34:55.236 31234 31316 E BufferQueueProducer:   [14:0xb40000739c4a6900] state=DEQUEUED 0xb40000739c532c70 frame=336747 [1920x1088:1920,7FA30C06]
05-26 19:34:55.236 31234 31316 E BufferQueueProducer:   [15:0xb40000739c4a6e00] state=DEQUEUED 0xb40000739c532e30 frame=336740 [1920x1088:1920,7FA30C06]
05-26 19:34:55.236 31234 31316 E BufferQueueProducer:   [16:0xb40000739c4a6f00] state=DEQUEUED 0xb40000739c531a10 frame=336743 [1920x1088:1920,7FA30C06]
05-26 19:34:55.236 31234 31316 E BufferQueueProducer:   [17:0xb
05-26 19:34:55.241   344 13850 I QC2C2DEngine: calcYSize: unsupported or RGB color format, RGBA8888_UBWC(-1040187392)
05-26 19:34:55.241  5591  5591 D BYDAutoYunDevice: postEvent device_type: 1034, event_type =99000021, value = [0, 0, 2, -108, 0, 0, 89, -19, 1, -12, 85, 0, 86, 3, 76, 34, 6, -35]
05-26 19:34:55.243 13531 14477 D bt_btif : LCB lcb=1 event=LL_MSG_EVT state=LCB_OPEN_ST
05-26 19:34:55.243 13531 14477 D bt_btif : bta_av_rc_msg_cback handle: 1 opcode=0x0
05-26 19:34:55.243 13531 14477 D bt_btif : bta_av_rc_msg_cback data_len: 13
05-26 19:34:55.243  5591  5591 D BYDAutoYunDevice: postEvent device_type: 1034, event_type =99000021, value = [0, 0, 2, -108, 0, 2, 89, -19, 1, -11, 85, 0, 86, 3, 76, 34, 6, -35]
05-26 19:34:55.243 13531 13890 D bt_btif : btif_av_state_opened_handler: event: BTA_AV_META_MSG_EVT, flags: 2, peer_sep: 0, index: 0 reconfig_event: 0, codec_cfg_change: 0, reconfig_pending: 0, reconfig_a2dp: 0, is_retry_reconfig: 0
05-26 19:34:55.243 13531 13890 D bt_btif : btif_rc_handler: event: BTA_AV_META_MSG_EVT
05-26 19:34:55.243 13531 13890 I BluetoothAvrcpControllerJni: btavrcp_play_position_changed_callback
05-26 19:34:55.243 13531 13890 D AvrcpControllerService: onPlayPositionChanged pos 0
05-26 19:34:55.244 13531 27429 D AvrcpControllerStateMachine: handleMessage: E msg.what=206
05-26 19:34:55.244 13531 27429 D AvrcpControllerStateMachine: processMsg: Connected
05-26 19:34:55.244 13531 27429 D AvrcpControllerStateMachine: Avrcp.ConnectedAvrcpController processMessage 206
05-26 19:34:55.244 13531 27429 D AvrcpPlayer: getPlayBackState state 1 time 0
05-26 19:34:55.244 13531 27429 D BluetoothMediaBrowserService: notifyChanged PlaybackStatePlaybackState {state=1, position=0, buffered position=0, speed=0.0, updated=232540664, actions=55, custom actions=[], active item id=0, error=null}
05-26 19:34:55.247  5591  5591 D BYDAutoYunDevice: postEvent device_type: 1034, event_type =99000021, value = [0, 0, 0, -116, 0, 1, 89, -19, 1, -10, 0, 112, 0, 0, -80, 2, -35, 112]
05-26 19:34:55.247  5591  5591 D BYDAutoYunDevice: postEvent device_type: 1034, event_type =99000021, value = [0, 0, 3, -51, 0, 0, 89, -19, 1, -9, 0, 0, 1, 1, 88, 2, 0, 0]
05-26 19:34:55.247  5591  5591 D BYDAutoSensorDevice: postEvent device_type: 1043, event_type =3bd00158, value = 558
05-26 19:34:55.247 13531 27429 D AvrcpTrackInfo:  TrackInfo Metadata [artist= trackTitle= N**********d albumTitle=  genre=  trackNum= 1 track_len : 0 TotalTracks 1 mCoverArtHandle= mImageLocation :]
05-26 19:34:55.247  5591  5591 D BYDAutoYunDevice: postEvent device_type: 1034, event_type =99000021, value = [0, 0, 3, 30, 0, 0, 89, -19, 1, -6, 19, 8, 0, 0, -96, 0, 0, 68]
05-26 19:34:55.247  5591  5591 D BYDAutoYunDevice: postEvent device_type: 1034, event_type =99000021, value = [0, 0, 4, -91, 7, 0, 89, -19, 1, -2, 7, -1, -37, -113, 0, -4, -1, -1]
05-26 19:34:55.247 13531 27429 D AvrcpPlayer: getPlayBackState state 1 time 0
05-26 19:34:55.247 13531 27429 D AvrcpControllerStateMachine: meta title =N**********d,playbackstate = 1
05-26 19:34:55.247 13531 27429 D AvrcpControllerStateMachine: handleMessage: X
05-26 19:34:55.256  5591  5591 D BYDAutoYunDevice: postEvent device_type: 1034, event_type =99000021, value = [0, 0, 0, -116, 0, 1, 89, -19, 2, 10, 0, -128, 0, 0, -80, 2, -51, -128]
05-26 19:34:55.256   689 13653 I NormalHal3CamDevice: [frameworks/av/services/bmmcamera/device/src/NormalHal3CamDevice.cpp]:[processFrame]: E, 497 dqzcheckframerate process frame:20810
05-26 19:34:55.256  5591  5591 D BYDAutoYunDevice: postEvent device_type: 1034, event_type =99000021, value = [0, 0, 3, 71, 0, 0, 89, -19, 2, 12, 3, 0, 0, 57, 1, -1, -1, -60]
05-26 19:34:55.259   689  7036 I DataCallbackProcessor: threadLoop:processor not receive frame for 500ms! something may be error
05-26 19:34:55.262   689 13743 I NormalHal3CamDevice: [frameworks/av/services/bmmcamera/device/src/NormalHal3CamDevice.cpp]:[processFrame]: E, 497 dqzcheckframerate process frame:20815
05-26 19:34:55.263   199  1511 I CamX    : [REQMAP][CORE   ] camxsession.cpp:4797 ProcessRequest() chiFrameNum: 20820  <==>  requestId: 20821  <==>  sequenceId: 20820  <==> CSLSyncId: 20821 -- PreviewYUVCameraForCam0_0
05-26 19:34:55.267   321 32147 I SDM     : StcManager::ProcessModeRenderIntent():637 Cannot find mode (gamut 255 gamma 255 intent 65535) in mode list
05-26 19:34:55.271   344 13850 I QC2C2DEngine: calcYSize: unsupported or RGB color format, RGBA8888_UBWC(-1040187392)
05-26 19:34:55.274   198 14466 I vendor.qti.bluetooth@1.0-ibs_handler: ProcessIbsCmd: Received IBS_SLEEP_IND: 0xFE
05-26 19:34:55.274  4313  4313 D BYDAutoSafetyBeltDevice: postEvent device_type: 1042, event_type =12d0003f, value = 1
05-26 19:34:55.275  5591  5591 D BYDAutoYunDevice: postEvent device_type: 1034, event_type =99000021, value = [0, 0, 1, 45, 0, 0, 89, -19, 2, 24, -96, 40, 0, 34, 12, 49, -113, 73]
05-26 19:34:55.275 29160 29160 D BYDAutoSafetyBeltDevice: postEvent device_type: 1042, event_type =12d0003f, value = 1
05-26 19:34:55.280  5591  5591 D BYDAutoYunDevice: postEvent device_type: 1034, event_type =99000021, value = [0, 0, 0, -116, 0, 1, 89, -19, 2, 30, 0, -112, 0, 0, -80, 2, -67, -112]
05-26 19:34:55.284  5591  5591 D BYDAutoYunDevice: postEvent device_type: 1034, event_type =99000021, value = [0, 0, 2, 111, 0, 0, 89, -19, 2, 36, -1, -1, 63, -126, 1, 19, 16, 28]
05-26 19:34:55.288  3268  9116 W MediaProvider: isAppCloneUserPair for user -1: false
05-26 19:34:55.288  5591  5591 D BYDAutoYunDevice: postEvent device_type: 1034, event_type =99000021, value = [0, 0, 2, -108, 0, 0, 89, -19, 2, 39, 85, 0, 86, 3, 76, 34, 7, -36]
05-26 19:34:55.288  5591  5591 D BYDAutoYunDevice: postEvent device_type: 1034, event_type =99000021, value = [0, 0, 2, -108, 0, 2, 89, -19, 2, 40, 85, 0, 86, 3, 76, 34, 7, -36]
05-26 19:34:55.288  5591  5591 D BYDAutoYunDevice: postEvent device_type: 1034, event_type =99000021, value = [0, 0, 3, -51, 0, 0, 89, -19, 2, 42, 0, 0, 1, 1, 88, 2, 0, 0]
05-26 19:34:55.290   689 13653 I NormalHal3CamDevice: [frameworks/av/services/bmmcamera/device/src/NormalHal3CamDevice.cpp]:[processFrame]: E, 497 dqzcheckframerate process frame:20811
05-26 19:34:55.296   689 13743 I NormalHal3CamDevice: [frameworks/av/services/bmmcamera/device/src/NormalHal3CamDevice.cpp]:[processFrame]: E, 497 dqzcheckframerate process frame:20816
05-26 19:34:55.299  5591  5591 D BYDAutoYunDevice: postEvent device_type: 1034, event_type =99000021, value = [0, 0, 4, 7, 0, 0, 89, -19, 2, 44, 85, -106, 24, 16, -11, -107, 34, -126]
05-26 19:34:55.300   321 32147 I SDM     : StcManager::ProcessModeRenderIntent():637 Cannot find mode (gamut 255 gamma 255 intent 65535) in mode list
05-26 19:34:55.303  3268  9116 D BydMediaProviderObserver: notifyInsertOrUpdateScan: uri=content://media/4a21-0000/file
05-26 19:34:55.303  3268  9116 D BydMediaProviderObserver: notifyInsertOrUpdateScan:filePath=/storage/4A21-0000/Download/hud_test_20260526_193451/MzFfc2VuZF9ndWlkZV9sZWZ0LnR4dA==
05-26 19:34:55.303  3268  9116 D AbsBYDCrossDevice: set featureID is 0x1f30001f
05-26 19:34:55.304   667   888 D BYDCrossService: PubSubManager::Pub: 1F 30 00 1F 00 00 00 4B 2F 73 74 6F 72 61 67 65 2F 34 41 32 31 2D 30 30 30 30 2F 44 6F 77 6E 6C 6F 61 64 2F 68 75 64 5F 74 65 73 74 5F 32 30 32 36 30 35 32 36 5F 31 39 33 34 35 31 2F 33 31 5F 73 65 6E 64 5F 67 75 69 64 65 5F 6C 65 66 74 2E 74 78 74 [83/83]
05-26 19:34:55.304  3268  9116 I BydMediaProviderObserver: notifyScanFile: publish scan file:/storage/4A21-0000/Download/hud_test_20260526_193451/MzFfc2VuZF9ndWlkZV9sZWZ0LnR4dA==
05-26 19:34:55.304  3268  9116 I BydMediaProviderObserver: , deviceType=1, ret = 0
05-26 19:34:55.306  5591  5591 D BYDAutoStatisticDevice: postEvent device_type: 1014, event_type =34500018, value = 2459
05-26 19:34:55.306  5591  5591 D BYDAutoYunDevice: postEvent device_type: 1034, event_type =99000021, value = [0, 0, 0, -116, 0, 1, 89, -19, 2, 50, 0, -96, 0, 0, -80, 2, -83, -96]
05-26 19:34:55.305  4313  5408 I ARC     : [0:] face_result: result_valid=1, face_id=6, face_rect={657,366,923,632}, return_status=0
05-26 19:34:55.306   344 13850 I QC2C2DEngine: calcYSize: unsupported or RGB color format, RGBA8888_UBWC(-1040187392)
05-26 19:34:55.313  5591  5591 D BYDAutoYunDevice: postEvent device_type: 1034, event_type =99000021, value = [0, 0, 4, -21, 6, 0, 89, -19, 2, 66, 6, -102, 0, 64, 63, 0, 0, 2]
05-26 19:34:55.315 31234 31316 E BufferQueueProducer: waitForFreeSlotThenRelock timeout=0, - BufferQueue mMaxAcquiredBufferCount=1 mMaxDequeuedBufferCount=17
05-26 19:34:55.315 31234 31316 E BufferQueueProducer:   mDequeueBufferCannotBlock=0 mAsyncMode=0
05-26 19:34:55.315 31234 31316 E BufferQueueProducer:   mQueueBufferCanDrop=0 mLegacyBufferDrop=1
05-26 19:34:55.315 31234 31316 E BufferQueueProducer:   default-size=[1920x1080] default-format=2   transform-hint=00 frame-counter=336752
05-26 19:34:55.315 31234 31316 E BufferQueueProducer:   mTransformHintInUse=00 mAutoPrerotation=0
05-26 19:34:55.315 31234 31316 E BufferQueueProducer: FIFO(0):
05-26 19:34:55.315 31234 31316 E BufferQueueProducer: (mConsumerName=Wallpaper#0(BLAST Consumer)0, mConnectedApi=3, mConsumerUsageBits=2304, mId=7a0200000000, producer=[31234:com.byd.dogwallpaper], consumer=[31234:com.byd.dogwallpaper])
05-26 19:34:55.315 31234 31316 E BufferQueueProducer: Slots:
05-26 19:34:55.315 31234 31316 E BufferQueueProducer:   [12:0xb4000073ac759500] state=DEQUEUED 0xb40000739c5317e0 frame=336739 [1920x1088:1920,7FA30C06]
05-26 19:34:55.315 31234 31316 E BufferQueueProducer:   [13:0xb40000739c4a6200] state=DEQUEUED 0xb40000739c532ab0 frame=336736 [1920x1088:1920,7FA30C06]
05-26 19:34:55.315 31234 31316 E BufferQueueProducer:   [14:0xb40000739c4a6900] state=DEQUEUED 0xb40000739c532c70 frame=336747 [1920x1088:1920,7FA30C06]
05-26 19:34:55.315 31234 31316 E BufferQueueProducer:   [15:0xb40000739c4a6e00] state=DEQUEUED 0xb40000739c532e30 frame=336740 [1920x1088:1920,7FA30C06]
05-26 19:34:55.315 31234 31316 E BufferQueueProducer:   [16:0xb40000739c4a6f00] state=DEQUEUED 0xb40000739c531a10 frame=336743 [1920x1088:1920,7FA30C06]
05-26 19:34:55.315 31234 31316 E BufferQueueProducer:   [17:0xb
05-26 19:34:55.319  5591  5591 D BYDAutoStatisticDevice: postEvent device_type: 1014, event_type =44a00020, value = 5008
05-26 19:34:55.319  5591  5591 D BYDAutoYunDevice: postEvent device_type: 1034, event_type =99000021, value = [0, 0, 0, -116, 0, 1, 89, -19, 2, 70, 0, -80, 0, 0, -80, 2, -99, -80]
05-26 19:34:55.319  5591  5591 D BYDAutoYunDevice: postEvent device_type: 1034, event_type =99000021, value = [0, 0, 4, -91, 8, 0, 89, -19, 2, 73, 8, -1, -1, -65, 1, 0, 28, 0]
05-26 19:34:55.321  9205  9205 D ProcessState: Binder ioctl to enable oneway spam detection failed: Invalid argument
05-26 19:34:55.322  9205  9205 W cmd     : Failure calling service activity: Failed transaction (2147483646)
05-26 19:34:55.324   689 13653 I NormalHal3CamDevice: [frameworks/av/services/bmmcamera/device/src/NormalHal3CamDevice.cpp]:[processFrame]: E, 497 dqzcheckframerate process frame:20812
05-26 19:34:55.326  5591  5591 D BYDAutoYunDevice: postEvent device_type: 1034, event_type =99000021, value = [0, 0, 1, 45, 0, 0, 89, -19, 2, 76, -96, 40, 0, 34, 12, 49, -97, 57]
05-26 19:34:55.329 31234 31316 E BufferQueueProducer: waitForFreeSlotThenRelock timeout=0, - BufferQueue mMaxAcquiredBufferCount=1 mMaxDequeuedBufferCount=17
05-26 19:34:55.329 31234 31316 E BufferQueueProducer:   mDequeueBufferCannotBlock=0 mAsyncMode=0
05-26 19:34:55.329 31234 31316 E BufferQueueProducer:   mQueueBufferCanDrop=0 mLegacyBufferDrop=1
05-26 19:34:55.329 31234 31316 E BufferQueueProducer:   default-size=[1920x1080] default-format=2   transform-hint=00 frame-counter=336752
05-26 19:34:55.329 31234 31316 E BufferQueueProducer:   mTransformHintInUse=00 mAutoPrerotation=0
05-26 19:34:55.329 31234 31316 E BufferQueueProducer: FIFO(0):
05-26 19:34:55.329 31234 31316 E BufferQueueProducer: (mConsumerName=Wallpaper#0(BLAST Consumer)0, mConnectedApi=3, mConsumerUsageBits=2304, mId=7a0200000000, producer=[31234:com.byd.dogwallpaper], consumer=[31234:com.byd.dogwallpaper])
05-26 19:34:55.329 31234 31316 E BufferQueueProducer: Slots:
05-26 19:34:55.329 31234 31316 E BufferQueueProducer:   [12:0xb4000073ac759500] state=DEQUEUED 0xb40000739c5317e0 frame=336739 [1920x1088:1920,7FA30C06]
05-26 19:34:55.329 31234 31316 E BufferQueueProducer:   [13:0xb40000739c4a6200] state=DEQUEUED 0xb40000739c532ab0 frame=336736 [1920x1088:1920,7FA30C06]
05-26 19:34:55.329 31234 31316 E BufferQueueProducer:   [14:0xb40000739c4a6900] state=DEQUEUED 0xb40000739c532c70 frame=336747 [1920x1088:1920,7FA30C06]
05-26 19:34:55.329 31234 31316 E BufferQueueProducer:   [15:0xb40000739c4a6e00] state=DEQUEUED 0xb40000739c532e30 frame=336740 [1920x1088:1920,7FA30C06]
05-26 19:34:55.329 31234 31316 E BufferQueueProducer:   [16:0xb40000739c4a6f00] state=DEQUEUED 0xb40000739c531a10 frame=336743 [1920x1088:1920,7FA30C06]
05-26 19:34:55.329 31234 31316 E BufferQueueProducer:   [17:0xb
05-26 19:34:55.329   689 13743 I NormalHal3CamDevice: [frameworks/av/services/bmmcamera/device/src/NormalHal3CamDevice.cpp]:[processFrame]: E, 497 dqzcheckframerate process frame:20817
05-26 19:34:55.334   321 32147 I SDM     : StcManager::ProcessModeRenderIntent():637 Cannot find mode (gamut 255 gamma 255 intent 65535) in mode list
05-26 19:34:55.335  5591  5591 D BYDAutoYunDevice: postEvent device_type: 1034, event_type =99000021, value = [0, 0, 3, -39, 7, 0, 89, -19, 2, 84, 7, -1, -1, -1, -49, 1, -1, -1]
05-26 19:34:55.335  5591  5591 D BYDAutoYunDevice: postEvent device_type: 1034, event_type =99000021, value = [0, 0, 3, -39, 7, 2, 89, -19, 2, 85, 7, -1, -1, -1, -49, 1, -1, -1]
05-26 19:34:55.339  5591  5591 D BYDAutoYunDevice: postEvent device_type: 1034, event_type =99000021, value = [0, 0, 2, 111, 0, 0, 89, -19, 2, 87, -1, -1, 63, -126, 1, 19, 32, 12]
05-26 19:34:55.339   344 13850 I QC2C2DEngine: calcYSize: unsupported or RGB color format, RGBA8888_UBWC(-1040187392)
05-26 19:34:55.339  5591  5591 D BYDAutoYunDevice: postEvent device_type: 1034, event_type =99000021, value = [0, 0, 0, -116, 0, 1, 89, -19, 2, 90, 0, -64, 0, 0, -80, 2, -115, -64]
05-26 19:34:55.341  5591  5591 D BYDAutoYunDevice: postEvent device_type: 1034, event_type =99000021, value = [0, 0, 2, -108, 0, 0, 89, -19, 2, 90, 85, 0, 86, 3, 76, 34, 8, -37]
05-26 19:34:55.341  5591  5591 D BYDAutoYunDevice: postEvent device_type: 1034, event_type =99000021, value = [0, 0, 2, -108, 0, 2, 89, -19, 2, 91, 85, 0, 86, 3, 76, 34, 8, -37]
05-26 19:34:55.343  5591  5591 D BYDAutoYunDevice: postEvent device_type: 1034, event_type =99000021, value = [0, 0, 4, 69, 0, 2, 89, -19, 2, 93, 23, -92, -1, -1, 0, 32, 78, -40]
05-26 19:34:55.343 31234 31316 E BufferQueueProducer: waitForFreeSlotThenRelock timeout=0, - BufferQueue mMaxAcquiredBufferCount=1 mMaxDequeuedBufferCount=17
05-26 19:34:55.343 31234 31316 E BufferQueueProducer:   mDequeueBufferCannotBlock=0 mAsyncMode=0
05-26 19:34:55.343 31234 31316 E BufferQueueProducer:   mQueueBufferCanDrop=0 mLegacyBufferDrop=1
05-26 19:34:55.343 31234 31316 E BufferQueueProducer:   default-size=[1920x1080] default-format=2   transform-hint=00 frame-counter=336753
05-26 19:34:55.343 31234 31316 E BufferQueueProducer:   mTransformHintInUse=00 mAutoPrerotation=0
05-26 19:34:55.343 31234 31316 E BufferQueueProducer: FIFO(0):
05-26 19:34:55.343 31234 31316 E BufferQueueProducer: (mConsumerName=Wallpaper#0(BLAST Consumer)0, mConnectedApi=3, mConsumerUsageBits=2304, mId=7a0200000000, producer=[31234:com.byd.dogwallpaper], consumer=[31234:com.byd.dogwallpaper])
05-26 19:34:55.343 31234 31316 E BufferQueueProducer: Slots:
05-26 19:34:55.343 31234 31316 E BufferQueueProducer:   [12:0xb4000073ac759500] state=DEQUEUED 0xb40000739c5317e0 frame=336739 [1920x1088:1920,7FA30C06]
05-26 19:34:55.343 31234 31316 E BufferQueueProducer:  >[13:0xb40000739c4a6200] state=ACQUIRED 0xb40000739c532ab0 frame=336753 [1920x1088:1920,7FA30C06]
05-26 19:34:55.343 31234 31316 E BufferQueueProducer:   [14:0xb40000739c4a6900] state=DEQUEUED 0xb40000739c532c70 frame=336747 [1920x1088:1920,7FA30C06]
05-26 19:34:55.343 31234 31316 E BufferQueueProducer:   [15:0xb40000739c4a6e00] state=DEQUEUED 0xb40000739c532e30 frame=336740 [1920x1088:1920,7FA30C06]
05-26 19:34:55.343 31234 31316 E BufferQueueProducer:   [16:0xb40000739c4a6f00] state=DEQUEUED 0xb40000739c531a10 frame=336743 [1920x1088:1920,7FA30C06]
05-26 19:34:55.343 31234 31316 E BufferQueueProducer:   [17:0xb
05-26 19:34:55.356   689 13653 I NormalHal3CamDevice: [frameworks/av/services/bmmcamera/device/src/NormalHal3CamDevice.cpp]:[processFrame]: E, 497 dqzcheckframerate process frame:20813
05-26 19:34:55.356  5591  5591 D BYDAutoYunDevice: postEvent device_type: 1034, event_type =99000021, value = [0, 0, 0, -116, 0, 1, 89, -19, 2, 110, 0, -48, 0, 0, -80, 2, 125, -48]
05-26 19:34:55.363   689 13743 I NormalHal3CamDevice: [frameworks/av/services/bmmcamera/device/src/NormalHal3CamDevice.cpp]:[processFrame]: E, 497 dqzcheckframerate process frame:20818
05-26 19:34:55.365  5591  5591 D BYDAutoYunDevice: postEvent device_type: 1034, event_type =99000021, value = [0, 0, 3, 71, 0, 0, 89, -19, 2, 113, 3, 0, 0, 57, 1, -1, -1, -60]
05-26 19:34:55.367   321 32147 I SDM     : StcManager::ProcessModeRenderIntent():637 Cannot find mode (gamut 255 gamma 255 intent 65535) in mode list
05-26 19:34:55.372   344 13850 I QC2C2DEngine: calcYSize: unsupported or RGB color format, RGBA8888_UBWC(-1040187392)
05-26 19:34:55.373  5591  5591 D BYDAutoYunDevice: postEvent device_type: 1034, event_type =99000021, value = [0, 0, 4, 51, 0, 0, 89, -19, 2, 124, 85, -123, -107, -42, 89, 3, -128, 0]
05-26 19:34:55.374  5591  5591 D BYDAutoYunDevice: postEvent device_type: 1034, event_type =99000021, value = [0, 0, 1, 45, 0, 0, 89, -19, 2, 125, -96, 40, 0, 34, 12, 49, -81, 41]
05-26 19:34:55.376  5591  5591 D BYDAutoYunDevice: postEvent device_type: 1034, event_type =99000021, value = [0, 0, 0, -116, 0, 1, 89, -19, 2, -126, 0, -32, 0, 0, -80, 2, 109, -32]
05-26 19:34:55.386  5591  5591 D BYDAutoYunDevice: postEvent device_type: 1034, event_type =99000021, value = [0, 0, 2, 111, 0, 0, 89, -19, 2, -119, -1, -1, 63, -126, 1, 19, 48, -4]
05-26 19:34:55.386  5591  5591 D BYDAutoYunDevice: postEvent device_type: 1034, event_type =99000021, value = [0, 0, 2, -108, 0, 0, 89, -19, 2, -116, 85, 0, 86, 3, 76, 34, 9, -38]
05-26 19:34:55.390   689 13653 I NormalHal3CamDevice: [frameworks/av/services/bmmcamera/device/src/NormalHal3CamDevice.cpp]:[processFrame]: E, 497 dqzcheckframerate process frame:20814
05-26 19:34:55.392   199   199 I CamX    : [CORE_CFG][HAL    ] camxhal3.cpp:1384 process_capture_request() frame_number 20820, settings 0x0, num_output_buffers 1, cameraId 2
05-26 19:34:55.392   199  1511 E CamX    : [ERROR][ISP    ] camxifenode.cpp:6293 ExecuteProcessRequest() zzsFrameID = 20820 ,cameraid = 3
05-26 19:34:55.393  3368  3586 D CrossControl::Service: handleMessage MSG_SEND_RSE_IP_TO_FSE
05-26 19:34:55.394  5591  5591 D BYDAutoYunDevice: postEvent device_type: 1034, event_type =99000021, value = [0, 0, 2, -108, 0, 2, 89, -19, 2, -113, 85, 0, 86, 3, 76, 34, 9, -38]
05-26 19:34:55.396   689 13743 I NormalHal3CamDevice: [frameworks/av/services/bmmcamera/device/src/NormalHal3CamDevice.cpp]:[processFrame]: E, 497 dqzcheckframerate process frame:20819
05-26 19:34:55.399  5591  5591 D BYDAutoYunDevice: postEvent device_type: 1034, event_type =99000021, value = [0, 0, 0, -116, 0, 1, 89, -19, 2, -106, 0, -16, 0, 0, -80, 2, 93, -16]
05-26 19:34:55.400   321 32147 I SDM     : StcManager::ProcessModeRenderIntent():637 Cannot find mode (gamut 255 gamma 255 intent 65535) in mode list
05-26 19:34:55.400  3368  3586 D CrossControl::Service: sendWifiIpToFse getConnectState : 0 mDeviceAddr : {}
05-26 19:34:55.400  3368  3586 E CrossControl::Service: sendWifiIpToFse: mDeviceAddr is {}
05-26 19:34:55.400  3368  3586 D CrossControl::Service: sendLeftRseIp : CROSS_DEFAULT
05-26 19:34:55.400  3368  3586 D AbsBYDCrossDevice: set featureID is 0xff300040
05-26 19:34:55.401  4617 13842 W CDR     : FileWriterRunnable: addData: the data size is 3
05-26 19:34:55.402   667   888 D BYDCrossService: PubSubManager::Pub: FF 30 00 40 00 00 00 0D 43 52 4F 53 53 5F 44 45 46 41 55 4C 54 [21/21]
05-26 19:34:55.403  3368  3586 D CrossControl::Service: sendRightRseIp : CROSS_DEFAULT
05-26 19:34:55.404  3368  3586 D AbsBYDCrossDevice: set featureID is 0xff300041
05-26 19:34:55.404   667   888 D BYDCrossService: PubSubManager::Pub: FF 30 00 41 00 00 00 0D 43 52 4F 53 53 5F 44 45 46 41 55 4C 54 [21/21]
05-26 19:34:55.405   344 13850 I QC2C2DEngine: calcYSize: unsupported or RGB color format, RGBA8888_UBWC(-1040187392)
05-26 19:34:55.405  5591  5591 D BYDAutoYunDevice: postEvent device_type: 1034, event_type =99000021, value = [0, 0, 4, 39, 5, 0, 89, -19, 2, -98, 5, -4, 0, 0, 0, 0, 0, -1]
05-26 19:34:55.405  3368  3586 D CrossControl::Service: sendRcsIp : CROSS_DEFAULT
05-26 19:34:55.405  5591  5591 D BYDAutoYunDevice: postEvent device_type: 1034, event_type =99000021, value = [0, 0, 3, -120, 0, 0, 89, -19, 2, -98, 0, 0, 12, 0, 15, 0, 102, 0]
05-26 19:34:55.405  3368  3586 D AbsBYDCrossDevice: set featureID is 0xff300042
05-26 19:34:55.406   667   888 D BYDCrossService: PubSubManager::Pub: FF 30 00 42 00 00 00 0D 43 52 4F 53 53 5F 44 45 46 41 55 4C 54 [21/21]
05-26 19:34:55.406  3368  3586 D CrossControl::Service: needReSendWifiIpToFse mFseRecWifiIpState = 0
05-26 19:34:55.406  3546  8586 D AbsBYDAutoDevice: set featureIDs is int[]: [6dc00826, 6dc00810, 6dc00818, 6dc00808, 6dc00827, ] intArrayValue is int[]: [1, 50e, 1, 67, 0, ]
05-26 19:34:55.410  3546  8586 D GpsInfoUpdateRunnable: LocationEnabled true setLocationInfo result = -1 autoSettingDevice result = 0
05-26 19:34:55.410  3546  8586 D GpsInfoUpdateRunnable:  {MCUInfo {latType:2, longType:1, lat:464680, lon:670574, alt:1294.1619, altSmoothValue:1300, bear:142.3, fix:0, gpsSpeed:55.7, carSpeed:.0, altToMcu:1300.0, refreshTime:cache loc info, inUsedNum:0, availableNum:35, AllNum:35}}
05-26 19:34:55.412  5591  5591 D BYDAutoYunDevice: postEvent device_type: 1034, event_type =99000021, value = [0, 0, 4, 68, 0, 2, 89, -19, 2, -96, 20, 2, -112, 19, 97, 63, -92, 2]
05-26 19:34:55.412  5591  5591 D BYDAutoYunDevice: postEvent device_type: 1034, event_type =99000021, value = [0, 0, 3, -38, 0, 0, 89, -19, 2, -93, 2, -112, 5, -96, 0, 10, 0, -16]
05-26 19:34:55.415  5591  5591 D BYDAutoYunDevice: postEvent device_type: 1034, event_type =99000021, value = [0, 0, 0, -116, 0, 1, 89, -19, 2, -86, 0, 0, 0, 0, -80, 2, 77, 0]
05-26 19:34:55.421  5591  5591 D BYDAutoYunDevice: postEvent device_type: 1034, event_type =99000021, value = [0, 0, 1, 45, 0, 0, 89, -19, 2, -80, -96, 40, 0, 34, 12, 49, -65, 25]
05-26 19:34:55.423 31234 31316 E BufferQueueProducer: waitForFreeSlotThenRelock timeout=0, - BufferQueue mMaxAcquiredBufferCount=1 mMaxDequeuedBufferCount=17
05-26 19:34:55.423 31234 31316 E BufferQueueProducer:   mDequeueBufferCannotBlock=0 mAsyncMode=0
05-26 19:34:55.423 31234 31316 E BufferQueueProducer:   mQueueBufferCanDrop=0 mLegacyBufferDrop=1
05-26 19:34:55.423 31234 31316 E BufferQueueProducer:   default-size=[1920x1080] default-format=2   transform-hint=00 frame-counter=336755
05-26 19:34:55.423 31234 31316 E BufferQueueProducer:   mTransformHintInUse=00 mAutoPrerotation=0
05-26 19:34:55.423 31234 31316 E BufferQueueProducer: FIFO(0):
05-26 19:34:55.423 31234 31316 E BufferQueueProducer: (mConsumerName=Wallpaper#0(BLAST Consumer)0, mConnectedApi=3, mConsumerUsageBits=2304, mId=7a0200000000, producer=[31234:com.byd.dogwallpaper], consumer=[31234:com.byd.dogwallpaper])
05-26 19:34:55.423 31234 31316 E BufferQueueProducer: Slots:
05-26 19:34:55.423 31234 31316 E BufferQueueProducer:   [12:0xb4000073ac759500] state=DEQUEUED 0xb40000739c5317e0 frame=336739 [1920x1088:1920,7FA30C06]
05-26 19:34:55.423 31234 31316 E BufferQueueProducer:   [13:0xb40000739c4a6200] state=DEQUEUED 0xb40000739c532ab0 frame=336753 [1920x1088:1920,7FA30C06]
05-26 19:34:55.423 31234 31316 E BufferQueueProducer:   [14:0xb40000739c4a6900] state=DEQUEUED 0xb40000739c532c70 frame=336747 [1920x1088:1920,7FA30C06]
05-26 19:34:55.423 31234 31316 E BufferQueueProducer:   [15:0xb40000739c4a6e00] state=DEQUEUED 0xb40000739c532e30 frame=336740 [1920x1088:1920,7FA30C06]
05-26 19:34:55.423 31234 31316 E BufferQueueProducer:   [16:0xb40000739c4a6f00] state=DEQUEUED 0xb40000739c531a10 frame=336743 [1920x1088:1920,7FA30C06]
05-26 19:34:55.423 31234 31316 E BufferQueueProducer:   [17:0xb
05-26 19:34:55.423   689 13653 I NormalHal3CamDevice: [frameworks/av/services/bmmcamera/device/src/NormalHal3CamDevice.cpp]:[processFrame]: E, 497 dqzcheckframerate process frame:20815
05-26 19:34:55.424   199  1512 I CamX    : [REQMAP][CORE   ] camxsession.cpp:4797 ProcessRequest() chiFrameNum: 20820  <==>  requestId: 20821  <==>  sequenceId: 20820  <==> CSLSyncId: 20821 -- PreviewYUVCameraForCam3_0
05-26 19:34:55.425   199  1514 E CHIMEMCPY: [ERROR  ] camxchinodememcpy.cpp:1780 ConvertYuvCopyImage() copy image for rear processed frame 20820
05-26 19:34:55.428   199  1512 I CamX    : [CORE_CFG][HAL    ] camxhal3.cpp:1649 process_capture_result() dqzdbg result frame_number:20820 for buffer:0xb40000784de1bad8
05-26 19:34:55.429   689 13743 I NormalHal3CamDevice: [frameworks/av/services/bmmcamera/device/src/NormalHal3CamDevice.cpp]:[processFrame]: E, 497 dqzcheckframerate process frame:20820
05-26 19:34:55.430  5591  5591 D BYDAutoYunDevice: postEvent device_type: 1034, event_type =99000021, value = [0, 0, 1, -47, 0, 1, 89, -19, 2, -74, 0, -8, 15, -64, -1, -113, 18, -104]
05-26 19:34:55.434   321 32147 I SDM     : StcManager::ProcessModeRenderIntent():637 Cannot find mode (gamut 255 gamma 255 intent 65535) in mode list
05-26 19:34:55.436 31234 31316 E BufferQueueProducer: waitForFreeSlotThenRelock timeout=0, - BufferQueue mMaxAcquiredBufferCount=1 mMaxDequeuedBufferCount=17
05-26 19:34:55.436 31234 31316 E BufferQueueProducer:   mDequeueBufferCannotBlock=0 mAsyncMode=0
05-26 19:34:55.436 31234 31316 E BufferQueueProducer:   mQueueBufferCanDrop=0 mLegacyBufferDrop=1
05-26 19:34:55.436 31234 31316 E BufferQueueProducer:   default-size=[1920x1080] default-format=2   transform-hint=00 frame-counter=336756
05-26 19:34:55.436 31234 31316 E BufferQueueProducer:   mTransformHintInUse=00 mAutoPrerotation=0
05-26 19:34:55.436 31234 31316 E BufferQueueProducer: FIFO(0):
05-26 19:34:55.436 31234 31316 E BufferQueueProducer: (mConsumerName=Wallpaper#0(BLAST Consumer)0, mConnectedApi=3, mConsumerUsageBits=2304, mId=7a0200000000, producer=[31234:com.byd.dogwallpaper], consumer=[31234:com.byd.dogwallpaper])
05-26 19:34:55.436 31234 31316 E BufferQueueProducer: Slots:
05-26 19:34:55.436 31234 31316 E BufferQueueProducer:  >[12:0xb4000073ac759500] state=ACQUIRED 0xb40000739c5317e0 frame=336756 [1920x1088:1920,7FA30C06]
05-26 19:34:55.436 31234 31316 E BufferQueueProducer:   [13:0xb40000739c4a6200] state=DEQUEUED 0xb40000739c532ab0 frame=336753 [1920x1088:1920,7FA30C06]
05-26 19:34:55.436 31234 31316 E BufferQueueProducer:   [14:0xb40000739c4a6900] state=DEQUEUED 0xb40000739c532c70 frame=336747 [1920x1088:1920,7FA30C06]
05-26 19:34:55.436 31234 31316 E BufferQueueProducer:   [15:0xb40000739c4a6e00] state=DEQUEUED 0xb40000739c532e30 frame=336740 [1920x1088:1920,7FA30C06]
05-26 19:34:55.436 31234 31316 E BufferQueueProducer:   [16:0xb40000739c4a6f00] state=DEQUEUED 0xb40000739c531a10 frame=336743 [1920x1088:1920,7FA30C06]
05-26 19:34:55.436 31234 31316 E BufferQueueProducer:   [17:0xb
05-26 19:34:55.438  5591  5591 D BYDAutoYunDevice: postEvent device_type: 1034, event_type =99000021, value = [0, 0, 2, 111, 0, 0, 89, -19, 2, -69, -1, -1, 63, -126, 1, 19, 64, -20]
05-26 19:34:55.439  5591  5591 D BYDAutoYunDevice: postEvent device_type: 1034, event_type =99000021, value = [0, 0, 0, -116, 0, 1, 89, -19, 2, -66, 0, 16, 0, 0, -80, 2, 61, 16]
05-26 19:34:55.442   344 13850 I QC2C2DEngine: calcYSize: unsupported or RGB color format, RGBA8888_UBWC(-1040187392)
05-26 19:34:55.444  5591  5591 D BYDAutoYunDevice: postEvent device_type: 1034, event_type =99000021, value = [0, 0, 2, -108, 0, 0, 89, -19, 2, -66, 85, 0, 86, 3, 76, 34, 10, -39]
05-26 19:34:55.444  5591  5591 D BYDAutoYunDevice: postEvent device_type: 1034, event_type =99000021, value = [0, 0, 2, -108, 0, 2, 89, -19, 2, -65, 85, 0, 86, 3, 76, 34, 10, -39]
05-26 19:34:55.446  5591  5591 D BYDAutoYunDevice: postEvent device_type: 1034, event_type =99000021, value = [0, 0, 3, -39, 4, 2, 89, -19, 2, -58, 4, 105, -15, -1, -1, 55, 18, 125]
05-26 19:34:55.446  5591  5591 D BYDAutoYunDevice: postEvent device_type: 1034, event_type =99000021, value = [0, 0, 3, -39, 4, 0, 89, -19, 2, -58, 4, 105, -15, -1, -1, 55, 18, 125]
05-26 19:34:55.446   667   912 D BYDCrossService: PubSubManager::Pub: FF 30 00 04 00 00 00 0D 43 52 4F 53 53 5F 44 45 46 41 55 4C 54 [21/21]
05-26 19:34:55.453  5591  5591 D BYDAutoYunDevice: postEvent device_type: 1034, event_type =99000021, value = [0, 0, 4, 70, 0, 2, 89, -19, 2, -48, 23, -9, 12, 65, 36, -1, 12, 117]
05-26 19:34:55.456   689 13653 I NormalHal3CamDevice: [frameworks/av/services/bmmcamera/device/src/NormalHal3CamDevice.cpp]:[processFrame]: E, 497 dqzcheckframerate process frame:20816
05-26 19:34:55.460  5591  5591 D BYDAutoYunDevice: postEvent device_type: 1034, event_type =99000021, value = [0, 0, 0, -116, 0, 1, 89, -19, 2, -46, 0, 32, 0, 0, -80, 2, 45, 32]
05-26 19:34:55.460  5591  5591 D BYDAutoSettingDevice: postEvent device_type: 1023, event_type =42f00037, value = 1
05-26 19:34:55.460  5591  5591 D BYDAutoYunDevice: postEvent device_type: 1034, event_type =99000021, value = [0, 0, 3, 71, 0, 0, 89, -19, 2, -43, 3, 0, 0, 57, 1, -1, -1, -60]
05-26 19:34:55.463   689 13743 I NormalHal3CamDevice: [frameworks/av/services/bmmcamera/device/src/NormalHal3CamDevice.cpp]:[processFrame]: E, 497 dqzcheckframerate process frame:20821
05-26 19:34:55.467   321 32147 I SDM     : StcManager::ProcessModeRenderIntent():637 Cannot find mode (gamut 255 gamma 255 intent 65535) in mode list
05-26 19:34:55.470  4617 13842 W CDR     : FileWriterRunnable: addData: the data size is 4
05-26 19:34:55.471  4617 13842 W CDR     : FileWriterRunnable: addData: the data size is 5
05-26 19:34:55.472   344 13850 I QC2C2DEngine: calcYSize: unsupported or RGB color format, RGBA8888_UBWC(-1040187392)
05-26 19:34:55.472  5591  5591 D BYDAutoYunDevice: postEvent device_type: 1034, event_type =99000021, value = [0, 0, 1, 45, 0, 0, 89, -19, 2, -30, -96, 40, 0, 34, 12, 49, -49, 9]
05-26 19:34:55.476  5591  5591 D BYDAutoYunDevice: postEvent device_type: 1034, event_type =99000021, value = [0, 0, 2, -64, 0, 0, 89, -19, 2, -27, 0, 16, 10, 0, 0, 0, 111, 118]
05-26 19:34:55.477  5591  5591 D BYDAutoYunDevice: postEvent device_type: 1034, event_type =99000021, value = [0, 0, 0, -116, 0, 1, 89, -19, 2, -26, 0, 48, 0, 0, -80, 2, 29, 48]
05-26 19:34:55.477  5591  5591 D BYDAutoYunDevice: postEvent device_type: 1034, event_type =99000021, value = [0, 0, 3, 68, 0, 2, 89, -19, 2, -25, -122, 65, 31, 0, 0, -128, 8, -111]
05-26 19:34:55.483  5591  5591 D BYDAutoYunDevice: postEvent device_type: 1034, event_type =99000021, value = [0, 0, 2, 111, 0, 0, 89, -19, 2, -19, -1, -1, 63, -126, 1, 19, 80, -36]
05-26 19:34:55.485  5591  5591 D BYDAutoYunDevice: postEvent device_type: 1034, event_type =99000021, value = [0, 0, 2, -108, 0, 0, 89, -19, 2, -16, 85, 0, 86, 3, 76, 34, 11, -40]
05-26 19:34:55.490   689 13653 I NormalHal3CamDevice: [frameworks/av/services/bmmcamera/device/src/NormalHal3CamDevice.cpp]:[processFrame]: E, 497 dqzcheckframerate process frame:20817
05-26 19:34:55.496   689 13743 I NormalHal3CamDevice: [frameworks/av/services/bmmcamera/device/src/NormalHal3CamDevice.cpp]:[processFrame]: E, 497 dqzcheckframerate process frame:20822
05-26 19:34:55.498  5591  5591 D BYDAutoYunDevice: postEvent device_type: 1034, event_type =99000021, value = [0, 0, 2, -108, 0, 2, 89, -19, 2, -12, 85, 0, 86, 3, 76, 34, 11, -40]
05-26 19:34:55.498  5591  5591 D BYDAutoYunDevice: postEvent device_type: 1034, event_type =99000021, value = [0, 0, 0, -116, 0, 1, 89, -19, 2, -6, 0, 64, 0, 0, -80, 2, 13, 64]
05-26 19:34:55.500  5591  5591 D BYDAutoStatisticDevice: postEvent device_type: 1014, event_type =34500018, value = 2463
05-26 19:34:55.500   388   388 D SurfaceFlinger: de_display refresh layer=5/196, count=3704580, region(0, 0, 0, 0)
05-26 19:34:55.501   321 32147 I SDM     : StcManager::ProcessModeRenderIntent():637 Cannot find mode (gamut 255 gamma 255 intent 65535) in mode list
05-26 19:34:55.505   344 13850 I QC2C2DEngine: calcYSize: unsupported or RGB color format, RGBA8888_UBWC(-1040187392)
05-26 19:34:55.511  5591  5591 D BYDAutoYunDevice: postEvent device_type: 1034, event_type =99000021, value = [0, 0, 4, 41, 0, 0, 89, -19, 3, 8, 65, 0, 0, 0, 0, 0, 0, 0]
05-26 19:34:55.515 31234 31316 E BufferQueueProducer: waitForFreeSlotThenRelock timeout=0, - BufferQueue mMaxAcquiredBufferCount=1 mMaxDequeuedBufferCount=17
05-26 19:34:55.515 31234 31316 E BufferQueueProducer:   mDequeueBufferCannotBlock=0 mAsyncMode=0
05-26 19:34:55.515 31234 31316 E BufferQueueProducer:   mQueueBufferCanDrop=0 mLegacyBufferDrop=1
05-26 19:34:55.515 31234 31316 E BufferQueueProducer:   default-size=[1920x1080] default-format=2   transform-hint=00 frame-counter=336758
05-26 19:34:55.515 31234 31316 E BufferQueueProducer:   mTransformHintInUse=00 mAutoPrerotation=0
05-26 19:34:55.515 31234 31316 E BufferQueueProducer: FIFO(0):
05-26 19:34:55.515 31234 31316 E BufferQueueProducer: (mConsumerName=Wallpaper#0(BLAST Consumer)0, mConnectedApi=3, mConsumerUsageBits=2304, mId=7a0200000000, producer=[31234:com.byd.dogwallpaper], consumer=[31234:com.byd.dogwallpaper])
05-26 19:34:55.515 31234 31316 E BufferQueueProducer: Slots:
05-26 19:34:55.515 31234 31316 E BufferQueueProducer:   [12:0xb4000073ac759500] state=DEQUEUED 0xb40000739c5317e0 frame=336756 [1920x1088:1920,7FA30C06]
05-26 19:34:55.515 31234 31316 E BufferQueueProducer:   [13:0xb40000739c4a6200] state=DEQUEUED 0xb40000739c532ab0 frame=336753 [1920x1088:1920,7FA30C06]
05-26 19:34:55.515 31234 31316 E BufferQueueProducer:   [14:0xb40000739c4a6900] state=DEQUEUED 0xb40000739c532c70 frame=336747 [1920x1088:1920,7FA30C06]
05-26 19:34:55.515 31234 31316 E BufferQueueProducer:  >[15:0xb40000739c4a6e00] state=ACQUIRED 0xb40000739c532e30 frame=336757 [1920x1088:1920,7FA30C06]
05-26 19:34:55.515 31234 31316 E BufferQueueProducer:   [16:0xb40000739c4a6f00] state=DEQUEUED 0xb40000739c531a10 frame=336743 [1920x1088:1920,7FA30C06]
05-26 19:34:55.515 31234 31316 E BufferQueueProducer:   [17:0xb
05-26 19:34:55.518  5591  5591 D BYDAutoYunDevice: postEvent device_type: 1034, event_type =99000021, value = [0, 0, 0, -116, 0, 1, 89, -19, 3, 14, 0, 80, 0, 0, -80, 2, -3, 80]
05-26 19:34:55.518   321 32147 I SDM     : StcManager::ProcessModeRenderIntent():637 Cannot find mode (gamut 255 gamma 255 intent 65535) in mode list
05-26 19:34:55.523   689 13653 I NormalHal3CamDevice: [frameworks/av/services/bmmcamera/device/src/NormalHal3CamDevice.cpp]:[processFrame]: E, 497 dqzcheckframerate process frame:20818
05-26 19:34:55.524  5591  5591 D BYDAutoYunDevice: postEvent device_type: 1034, event_type =99000021, value = [0, 0, 1, 45, 0, 0, 89, -19, 3, 20, -96, 40, 0, 34, 12, 49, -33, -7]
05-26 19:34:55.527 31234 31316 E BufferQueueProducer: waitForFreeSlotThenRelock timeout=0, - BufferQueue mMaxAcquiredBufferCount=1 mMaxDequeuedBufferCount=17
05-26 19:34:55.527 31234 31316 E BufferQueueProducer:   mDequeueBufferCannotBlock=0 mAsyncMode=0
05-26 19:34:55.527 31234 31316 E BufferQueueProducer:   mQueueBufferCanDrop=0 mLegacyBufferDrop=1
05-26 19:34:55.527 31234 31316 E BufferQueueProducer:   default-size=[1920x1080] default-format=2   transform-hint=00 frame-counter=336759
05-26 19:34:55.527 31234 31316 E BufferQueueProducer:   mTransformHintInUse=00 mAutoPrerotation=0
05-26 19:34:55.527 31234 31316 E BufferQueueProducer: FIFO(0):
05-26 19:34:55.527 31234 31316 E BufferQueueProducer: (mConsumerName=Wallpaper#0(BLAST Consumer)0, mConnectedApi=3, mConsumerUsageBits=2304, mId=7a0200000000, producer=[31234:com.byd.dogwallpaper], consumer=[31234:com.byd.dogwallpaper])
05-26 19:34:55.527 31234 31316 E BufferQueueProducer: Slots:
05-26 19:34:55.527 31234 31316 E BufferQueueProducer:   [12:0xb4000073ac759500] state=DEQUEUED 0xb40000739c5317e0 frame=336756 [1920x1088:1920,7FA30C06]
05-26 19:34:55.527 31234 31316 E BufferQueueProducer:   [13:0xb40000739c4a6200] state=DEQUEUED 0xb40000739c532ab0 frame=336753 [1920x1088:1920,7FA30C06]
05-26 19:34:55.527 31234 31316 E BufferQueueProducer:   [14:0xb40000739c4a6900] state=DEQUEUED 0xb40000739c532c70 frame=336747 [1920x1088:1920,7FA30C06]
05-26 19:34:55.527 31234 31316 E BufferQueueProducer:  >[15:0xb40000739c4a6e00] state=ACQUIRED 0xb40000739c532e30 frame=336757 [1920x1088:1920,7FA30C06]
05-26 19:34:55.527 31234 31316 E BufferQueueProducer:   [16:0xb40000739c4a6f00] state=DEQUEUED 0xb40000739c531a10 frame=336743 [1920x1088:1920,7FA30C06]
05-26 19:34:55.527 31234 31316 E BufferQueueProducer:   [17:0xb
05-26 19:34:55.528   689 13743 I NormalHal3CamDevice: [frameworks/av/services/bmmcamera/device/src/NormalHal3CamDevice.cpp]:[processFrame]: E, 497 dqzcheckframerate process frame:20823
05-26 19:34:55.533  5591  5591 D BYDAutoYunDevice: postEvent device_type: 1034, event_type =99000021, value = [0, 0, 2, 111, 0, 0, 89, -19, 3, 31, -1, -1, 63, -126, 1, 19, 96, -52]
05-26 19:34:55.534   321 32147 I SDM     : StcManager::ProcessModeRenderIntent():637 Cannot find mode (gamut 255 gamma 255 intent 65535) in mode list
05-26 19:34:55.536  5591  5591 D BYDAutoYunDevice: postEvent device_type: 1034, event_type =99000021, value = [0, 0, 0, -116, 0, 1, 89, -19, 3, 34, 0, 96, 0, 0, -80, 2, -19, 96]
05-26 19:34:55.538  5591  5591 D BYDAutoYunDevice: postEvent device_type: 1034, event_type =99000021, value = [0, 0, 2, -108, 0, 0, 89, -19, 3, 34, 85, 0, 86, 3, 76, 34, 12, -41]
05-26 19:34:55.538  5591  5591 D BYDAutoYunDevice: postEvent device_type: 1034, event_type =99000021, value = [0, 0, 2, -108, 0, 2, 89, -19, 3, 35, 85, 0, 86, 3, 76, 34, 12, -41]
05-26 19:34:55.539   344 13850 I QC2C2DEngine: calcYSize: unsupported or RGB color format, RGBA8888_UBWC(-1040187392)
05-26 19:34:55.540 31234 31316 E BufferQueueProducer: waitForFreeSlotThenRelock timeout=0, - BufferQueue mMaxAcquiredBufferCount=1 mMaxDequeuedBufferCount=17
05-26 19:34:55.540 31234 31316 E BufferQueueProducer:   mDequeueBufferCannotBlock=0 mAsyncMode=0
05-26 19:34:55.540 31234 31316 E BufferQueueProducer:   mQueueBufferCanDrop=0 mLegacyBufferDrop=1
05-26 19:34:55.540 31234 31316 E BufferQueueProducer:   default-size=[1920x1080] default-format=2   transform-hint=00 frame-counter=336759
05-26 19:34:55.540 31234 31316 E BufferQueueProducer:   mTransformHintInUse=00 mAutoPrerotation=0
05-26 19:34:55.540 31234 31316 E BufferQueueProducer: FIFO(0):
05-26 19:34:55.540 31234 31316 E BufferQueueProducer: (mConsumerName=Wallpaper#0(BLAST Consumer)0, mConnectedApi=3, mConsumerUsageBits=2304, mId=7a0200000000, producer=[31234:com.byd.dogwallpaper], consumer=[31234:com.byd.dogwallpaper])
05-26 19:34:55.540 31234 31316 E BufferQueueProducer: Slots:
05-26 19:34:55.540 31234 31316 E BufferQueueProducer:   [12:0xb4000073ac759500] state=DEQUEUED 0xb40000739c5317e0 frame=336756 [1920x1088:1920,7FA30C06]
05-26 19:34:55.540 31234 31316 E BufferQueueProducer:   [13:0xb40000739c4a6200] state=DEQUEUED 0xb40000739c532ab0 frame=336753 [1920x1088:1920,7FA30C06]
05-26 19:34:55.540 31234 31316 E BufferQueueProducer:   [14:0xb40000739c4a6900] state=DEQUEUED 0xb40000739c532c70 frame=336747 [1920x1088:1920,7FA30C06]
05-26 19:34:55.540 31234 31316 E BufferQueueProducer:   [15:0xb40000739c4a6e00] state=DEQUEUED 0xb40000739c532e30 frame=336757 [1920x1088:1920,7FA30C06]
05-26 19:34:55.540 31234 31316 E BufferQueueProducer:   [16:0xb40000739c4a6f00] state=DEQUEUED 0xb40000739c531a10 frame=336743 [1920x1088:1920,7FA30C06]
05-26 19:34:55.540 31234 31316 E BufferQueueProducer:   [17:0xb
05-26 19:34:55.542  5591  5591 D BYDAutoYunDevice: postEvent device_type: 1034, event_type =99000021, value = [0, 0, 4, -91, 2, 0, 89, -19, 3, 38, 2, -88, -101, 2, -24, -1, 65, 90]
05-26 19:34:55.551 31234 31316 E BufferQueueProducer: waitForFreeSlotThenRelock timeout=0, - BufferQueue mMaxAcquiredBufferCount=1 mMaxDequeuedBufferCount=17
05-26 19:34:55.551 31234 31316 E BufferQueueProducer:   mDequeueBufferCannotBlock=0 mAsyncMode=0
05-26 19:34:55.551 31234 31316 E BufferQueueProducer:   mQueueBufferCanDrop=0 mLegacyBufferDrop=1
05-26 19:34:55.551 31234 31316 E BufferQueueProducer:   default-size=[1920x1080] default-format=2   transform-hint=00 frame-counter=336759
05-26 19:34:55.551 31234 31316 E BufferQueueProducer:   mTransformHintInUse=00 mAutoPrerotation=0
05-26 19:34:55.551 31234 31316 E BufferQueueProducer: FIFO(0):
05-26 19:34:55.551 31234 31316 E BufferQueueProducer: (mConsumerName=Wallpaper#0(BLAST Consumer)0, mConnectedApi=3, mConsumerUsageBits=2304, mId=7a0200000000, producer=[31234:com.byd.dogwallpaper], consumer=[31234:com.byd.dogwallpaper])
05-26 19:34:55.551 31234 31316 E BufferQueueProducer: Slots:
