05-26 19:34:53.111  5591  5591 D BYDAutoYunDevice: postEvent device_type: 1034, event_type =99000021, value = [0, 0, 4, -91, 5, 0, 89, -20, -7, -95, 5, -1, 127, -115, -124, -111, 118, 82]
05-26 19:34:53.112  5591  5591 D BYDAutoYunDevice: postEvent device_type: 1034, event_type =99000021, value = [0, 0, 2, 111, 0, 0, 89, -20, -7, -92, -1, -1, 63, -126, 1, 19, 96, -52]
05-26 19:34:53.113  1101  4859 I WifiService: getDhcpInfo uid=10017
05-26 19:34:53.115  5591  5591 D BYDAutoYunDevice: postEvent device_type: 1034, event_type =99000021, value = [0, 0, 3, 54, 0, 0, 89, -20, -7, -84, 4, 3, 0, -1, 63, 0, 24, 1]
05-26 19:34:53.116  5591  5591 D BYDAutoYunDevice: postEvent device_type: 1034, event_type =99000021, value = [0, 0, 0, -116, 0, 1, 89, -20, -7, -82, 0, -48, 0, 0, -80, 2, 125, -48]
05-26 19:34:53.121  1101  4859 I WifiService: getConnectionInfo uid=10017
05-26 19:34:53.121  9187  9187 D ProcessState: Binder ioctl to enable oneway spam detection failed: Invalid argument
05-26 19:34:53.122 31234 31316 E BufferQueueProducer: waitForFreeSlotThenRelock timeout=0, - BufferQueue mMaxAcquiredBufferCount=1 mMaxDequeuedBufferCount=17
05-26 19:34:53.122 31234 31316 E BufferQueueProducer:   mDequeueBufferCannotBlock=0 mAsyncMode=0
05-26 19:34:53.122 31234 31316 E BufferQueueProducer:   mQueueBufferCanDrop=0 mLegacyBufferDrop=1
05-26 19:34:53.122 31234 31316 E BufferQueueProducer:   default-size=[1920x1080] default-format=2   transform-hint=00 frame-counter=336687
05-26 19:34:53.122 31234 31316 E BufferQueueProducer:   mTransformHintInUse=00 mAutoPrerotation=0
05-26 19:34:53.122 31234 31316 E BufferQueueProducer: FIFO(0):
05-26 19:34:53.122 31234 31316 E BufferQueueProducer: (mConsumerName=Wallpaper#0(BLAST Consumer)0, mConnectedApi=3, mConsumerUsageBits=2304, mId=7a0200000000, producer=[31234:com.byd.dogwallpaper], consumer=[31234:com.byd.dogwallpaper])
05-26 19:34:53.122 31234 31316 E BufferQueueProducer: Slots:
05-26 19:34:53.122 31234 31316 E BufferQueueProducer:   [12:0xb4000073ac759500] state=DEQUEUED 0xb40000739c5317e0 frame=336683 [1920x1088:1920,7FA30C06]
05-26 19:34:53.122 31234 31316 E BufferQueueProducer:  >[13:0xb40000739c4a6200] state=ACQUIRED 0xb40000739c532ab0 frame=336685 [1920x1088:1920,7FA30C06]
05-26 19:34:53.122 31234 31316 E BufferQueueProducer:   [14:0xb40000739c4a6900] state=DEQUEUED 0xb40000739c532c70 frame=336676 [1920x1088:1920,7FA30C06]
05-26 19:34:53.122 31234 31316 E BufferQueueProducer:  >[15:0xb40000739c4a6e00] state=ACQUIRED 0xb40000739c532e30 frame=336687 [1920x1088:1920,7FA30C06]
05-26 19:34:53.122 31234 31316 E BufferQueueProducer:   [16:0xb40000739c4a6f00] state=DEQUEUED 0xb40000739c531a10 frame=336672 [1920x1088:1920,7FA30C06]
05-26 19:34:53.122 31234 31316 E BufferQueueProducer:   [17:0xb
05-26 19:34:53.123   388   414 W DisplayIdentification: Invalid EDID: falling back to serial number due to missing display name.
05-26 19:34:53.123   388   414 W DisplayIdentification: Invalid EDID: falling back to ASCII text due to missing serial number.
05-26 19:34:53.123   321 32147 I SDM     : HWCColorModeStc::GetColorModeCount: Supported color mode count = 1
05-26 19:34:53.123   321 32147 I SDM     : HWCColorModeStc::GetColorModes: Color mode = 0 is supported
05-26 19:34:53.123  1101  4859 V WifiPermissionsWrapper: getUidPermission(android.permission.LOCAL_MAC_ADDRESS, 10017): false
05-26 19:34:53.123  1101  4859 V WifiPermissionsWrapper: getUidPermission(android.permission.NETWORK_SETTINGS, 10017): false
05-26 19:34:53.123  1101  4859 V WifiService: Clearing REDACT_FOR_ACCESS_FINE_LOCATION for com.baidu.map.location(uid=10017)
05-26 19:34:53.123  1101  4859 V WifiPermissionsWrapper: getUidPermission(android.permission.NETWORK_SETTINGS, 10017): false
05-26 19:34:53.123  1101  4859 V WifiPermissionsWrapper: getUidPermission(android.permission.NETWORK_SETUP_WIZARD, 10017): false
05-26 19:34:53.123  1101  4859 V WifiPermissionsWrapper: getUidPermission(android.permission.NETWORK_MANAGED_PROVISIONING, 10017): false
05-26 19:34:53.123  1101  4859 V WifiPermissionsWrapper: getUidPermission(android.permission.NETWORK_STACK, 10017): false
05-26 19:34:53.123  1101  4859 V WifiPermissionsWrapper: getUidPermission(android.permission.MAINLINE_NETWORK_STACK, 10017): false
05-26 19:34:53.123  1101  4859 V WifiPermissionsWrapper: getUidPermission(android.permission.RADIO_SCAN_WITHOUT_LOCATION, 10017): false
05-26 19:34:53.124  1101  4859 V WifiPermissionsWrapper: getUidPermission(android.permission.PEERS_MAC_ADDRESS, 10017): false
05-26 19:34:53.124  1101  4859 V WifiPermissionsWrapper: getUidPermission(android.permission.ACCESS_FINE_LOCATION, 10017): true
05-26 19:34:53.124  1101  4859 V WifiPermissionsUtil: checkCallersLocationPermission(com.baidu.map.location): ok because uid 10017 has app-op android:fine_location
05-26 19:34:53.125   689 13653 I NormalHal3CamDevice: [frameworks/av/services/bmmcamera/device/src/NormalHal3CamDevice.cpp]:[processFrame]: E, 497 dqzcheckframerate process frame:20746
05-26 19:34:53.129   689 13743 I NormalHal3CamDevice: [frameworks/av/services/bmmcamera/device/src/NormalHal3CamDevice.cpp]:[processFrame]: E, 497 dqzcheckframerate process frame:20751
05-26 19:34:53.130   388   414 D DisplayDevice: getVsyncPeriodFromHWC: Called HWC getDisplayVsyncPeriod. No error. period=16666666
05-26 19:34:53.130  5591  5591 D BYDAutoSensorDevice: postEvent device_type: 1043, event_type =40200008, value = -44
05-26 19:34:53.130  5591  5591 D BYDAutoSettingDevice: postEvent device_type: 1023, event_type =48600040, value = 0
05-26 19:34:53.130  5591  5591 D BYDAutoSettingDevice: postEvent device_type: 1023, event_type =40200037, value = 0
05-26 19:34:53.130  5591  5591 D BYDAutoSettingDevice: postEvent device_type: 1023, event_type =42f00037, value = 0
05-26 19:34:53.131  3268  8543 W MediaProvider: isAppCloneUserPair for user -1: false
05-26 19:34:53.135  5591  5591 D BYDAutoYunDevice: postEvent device_type: 1034, event_type =99000021, value = [0, 0, 0, -116, 0, 1, 89, -20, -7, -62, 0, -32, 0, 0, -80, 2, 109, -32]
05-26 19:34:53.136  3268  8543 D BydMediaProviderObserver: notifyInsertOrUpdateScan: uri=content://media/4a21-0000/file
05-26 19:34:53.136  3268  8543 D BydMediaProviderObserver: notifyInsertOrUpdateScan:filePath=/storage/4A21-0000/Download/hud_test_20260526_193451/MjFfc2ZfaHVkX2JlZm9yZS50eHQ=
05-26 19:34:53.136  3268  8543 D AbsBYDCrossDevice: set featureID is 0x1f30001f
05-26 19:34:53.141   667   888 D BYDCrossService: PubSubManager::Pub: 1F 30 00 1F 00 00 00 49 2F 73 74 6F 72 61 67 65 2F 34 41 32 31 2D 30 30 30 30 2F 44 6F 77 6E 6C 6F 61 64 2F 68 75 64 5F 74 65 73 74 5F 32 30 32 36 30 35 32 36 5F 31 39 33 34 35 31 2F 32 31 5F 73 66 5F 68 75 64 5F 62 65 66 6F 72 65 2E 74 78 74 [81/81]
05-26 19:34:53.141  3268  8543 I BydMediaProviderObserver: notifyScanFile: publish scan file:/storage/4A21-0000/Download/hud_test_20260526_193451/MjFfc2ZfaHVkX2JlZm9yZS50eHQ=
05-26 19:34:53.141  3268  8543 I BydMediaProviderObserver: , deviceType=1, ret = 0
05-26 19:34:53.141  5591  5591 D BYDAutoYunDevice: postEvent device_type: 1034, event_type =99000021, value = [0, 0, 1, 45, 0, 0, 89, -20, -7, -60, -96, 40, 0, 34, 12, 49, -17, -23]
05-26 19:34:53.143   344 13850 I QC2C2DEngine: calcYSize: unsupported or RGB color format, RGBA8888_UBWC(-1040187392)
05-26 19:34:53.146  5591  5591 D BYDAutoYunDevice: postEvent device_type: 1034, event_type =99000021, value = [0, 0, 3, 71, 0, 0, 89, -20, -7, -55, 3, 0, 0, 57, 1, -1, -1, -60]
05-26 19:34:53.149  5591  5591 D BYDAutoYunDevice: postEvent device_type: 1034, event_type =99000021, value = [0, 0, 2, -108, 0, 0, 89, -20, -7, -49, 85, 0, 86, 3, 76, 34, 13, -42]
05-26 19:34:53.152  5591  5591 D BYDAutoYunDevice: postEvent device_type: 1034, event_type =99000021, value = [0, 0, 2, -108, 0, 2, 89, -20, -7, -48, 85, 0, 86, 3, 76, 34, 13, -42]
05-26 19:34:53.157   689 13653 I NormalHal3CamDevice: [frameworks/av/services/bmmcamera/device/src/NormalHal3CamDevice.cpp]:[processFrame]: E, 497 dqzcheckframerate process frame:20747
05-26 19:34:53.158  5591  5591 D BYDAutoYunDevice: postEvent device_type: 1034, event_type =99000021, value = [0, 0, 0, -116, 0, 1, 89, -20, -7, -42, 0, -16, 0, 0, -80, 2, 93, -16]
05-26 19:34:53.163   689 13743 I NormalHal3CamDevice: [frameworks/av/services/bmmcamera/device/src/NormalHal3CamDevice.cpp]:[processFrame]: E, 497 dqzcheckframerate process frame:20752
05-26 19:34:53.165   321 32147 I SDM     : StcManager::ProcessModeRenderIntent():637 Cannot find mode (gamut 255 gamma 255 intent 65535) in mode list
05-26 19:34:53.166   388   388 I perflog : sf_consume interval=17ms what=0 walltime=39ms tinfo=<running=0ms runnable=0ms blkio=0ms swapin=0ms free=0ms thrash=0ms alloc=0ms cpu=5,2400,2400:5,2400,2400 wake_s=0,0ms,0ms,0 wake_d=0,0ms,0ms,0>
05-26 19:34:53.172  5591  5591 D BYDAutoYunDevice: postEvent device_type: 1034, event_type =99000021, value = [0, 0, 2, 111, 0, 0, 89, -20, -7, -40, -1, -1, 63, -126, 1, 19, 112, -68]
05-26 19:34:53.172  5591  5591 D BYDAutoYunDevice: postEvent device_type: 1034, event_type =99000021, value = [0, 0, 4, 4, 0, 0, 89, -20, -7, -26, 33, 86, 1, 92, 22, 22, -107, 109]
05-26 19:34:53.176   344 13850 I QC2C2DEngine: calcYSize: unsupported or RGB color format, RGBA8888_UBWC(-1040187392)
05-26 19:34:53.178   321 32147 I SDM     : StcManager::ProcessModeRenderIntent():637 Cannot find mode (gamut 255 gamma 255 intent 65535) in mode list
05-26 19:34:53.181  5591  5591 D BYDAutoYunDevice: postEvent device_type: 1034, event_type =99000021, value = [0, 0, 0, -116, 0, 1, 89, -20, -7, -22, 0, 0, 0, 0, -80, 2, 77, 0]
05-26 19:34:53.190   689 13653 I NormalHal3CamDevice: [frameworks/av/services/bmmcamera/device/src/NormalHal3CamDevice.cpp]:[processFrame]: E, 497 dqzcheckframerate process frame:20748
05-26 19:34:53.195  5591  5591 D BYDAutoSensorDevice: postEvent device_type: 1043, event_type =3ff00036, value = 2280
05-26 19:34:53.195   321 32147 I SDM     : StcManager::ProcessModeRenderIntent():637 Cannot find mode (gamut 255 gamma 255 intent 65535) in mode list
05-26 19:34:53.197   689 13743 I NormalHal3CamDevice: [frameworks/av/services/bmmcamera/device/src/NormalHal3CamDevice.cpp]:[processFrame]: E, 497 dqzcheckframerate process frame:20753
05-26 19:34:53.198  5591  5591 D BYDAutoYunDevice: postEvent device_type: 1034, event_type =99000021, value = [0, 0, 1, 45, 0, 0, 89, -20, -7, -8, -96, 40, 0, 34, 12, 49, -1, -39]
05-26 19:34:53.198  5591  5591 D BYDAutoYunDevice: postEvent device_type: 1034, event_type =99000021, value = [0, 0, 0, -116, 0, 1, 89, -20, -7, -2, 0, 16, 0, 0, -80, 2, 61, 16]
05-26 19:34:53.205   344 13850 I QC2C2DEngine: calcYSize: unsupported or RGB color format, RGBA8888_UBWC(-1040187392)
05-26 19:34:53.211  5591  5591 D BYDAutoYunDevice: postEvent device_type: 1034, event_type =99000021, value = [0, 0, 2, -108, 0, 0, 89, -20, -6, 0, 85, 0, 86, 3, 76, 34, 14, -43]
05-26 19:34:53.211  5591  5591 D BYDAutoYunDevice: postEvent device_type: 1034, event_type =99000021, value = [0, 0, 2, -108, 0, 2, 89, -20, -6, 1, 85, 0, 86, 3, 76, 34, 14, -43]
05-26 19:34:53.212 31234 31316 E BufferQueueProducer: waitForFreeSlotThenRelock timeout=0, - BufferQueue mMaxAcquiredBufferCount=1 mMaxDequeuedBufferCount=17
05-26 19:34:53.212 31234 31316 E BufferQueueProducer:   mDequeueBufferCannotBlock=0 mAsyncMode=0
05-26 19:34:53.212 31234 31316 E BufferQueueProducer:   mQueueBufferCanDrop=0 mLegacyBufferDrop=1
05-26 19:34:53.212 31234 31316 E BufferQueueProducer:   default-size=[1920x1080] default-format=2   transform-hint=00 frame-counter=336689
05-26 19:34:53.212 31234 31316 E BufferQueueProducer:   mTransformHintInUse=00 mAutoPrerotation=0
05-26 19:34:53.212 31234 31316 E BufferQueueProducer: FIFO(0):
05-26 19:34:53.212 31234 31316 E BufferQueueProducer: (mConsumerName=Wallpaper#0(BLAST Consumer)0, mConnectedApi=3, mConsumerUsageBits=2304, mId=7a0200000000, producer=[31234:com.byd.dogwallpaper], consumer=[31234:com.byd.dogwallpaper])
05-26 19:34:53.212 31234 31316 E BufferQueueProducer: Slots:
05-26 19:34:53.212 31234 31316 E BufferQueueProducer:   [12:0xb4000073ac759500] state=DEQUEUED 0xb40000739c5317e0 frame=336683 [1920x1088:1920,7FA30C06]
05-26 19:34:53.212 31234 31316 E BufferQueueProducer:   [13:0xb40000739c4a6200] state=DEQUEUED 0xb40000739c532ab0 frame=336685 [1920x1088:1920,7FA30C06]
05-26 19:34:53.212 31234 31316 E BufferQueueProducer:   [14:0xb40000739c4a6900] state=DEQUEUED 0xb40000739c532c70 frame=336676 [1920x1088:1920,7FA30C06]
05-26 19:34:53.212 31234 31316 E BufferQueueProducer:   [15:0xb40000739c4a6e00] state=DEQUEUED 0xb40000739c532e30 frame=336687 [1920x1088:1920,7FA30C06]
05-26 19:34:53.212 31234 31316 E BufferQueueProducer:  >[16:0xb40000739c4a6f00] state=ACQUIRED 0xb40000739c531a10 frame=336689 [1920x1088:1920,7FA30C06]
05-26 19:34:53.212 31234 31316 E BufferQueueProducer:   [17:0xb
05-26 19:34:53.212  5591  5591 D BYDAutoYunDevice: postEvent device_type: 1034, event_type =99000021, value = [0, 0, 2, 111, 0, 0, 89, -20, -6, 10, -1, -1, 63, -126, 1, 19, -128, -84]
05-26 19:34:53.212  5591  5591 D BYDAutoSensorDevice: postEvent device_type: 1043, event_type =40200008, value = -43
05-26 19:34:53.212  5591  5591 D BYDAutoSettingDevice: postEvent device_type: 1023, event_type =48600040, value = 1
05-26 19:34:53.212  5591  5591 D BYDAutoSettingDevice: postEvent device_type: 1023, event_type =40200037, value = 1
05-26 19:34:53.214  5591  5591 D BYDAutoSensorDevice: postEvent device_type: 1043, event_type =3bd00148, value = 2280
05-26 19:34:53.215  5591  5591 D BYDAutoYunDevice: postEvent device_type: 1034, event_type =99000021, value = [0, 0, 3, 30, 0, 0, 89, -20, -6, 17, 19, 8, 0, 0, -96, 0, 0, 68]
05-26 19:34:53.215  5591  5591 D BYDAutoYunDevice: postEvent device_type: 1034, event_type =99000021, value = [0, 0, 0, -116, 0, 1, 89, -20, -6, 18, 0, 32, 0, 0, -80, 2, 45, 32]
05-26 19:34:53.216 13531 14477 D bt_btif : LCB lcb=1 event=UL_MSG_EVT state=LCB_OPEN_ST
05-26 19:34:53.217  1101  5930 I WifiService: getScanResults uid=10017
05-26 19:34:53.217  1101  5930 V WifiPermissionsWrapper: getUidPermission(android.permission.NETWORK_SETTINGS, 10017): false
05-26 19:34:53.217  1101  5930 V WifiPermissionsWrapper: getUidPermission(android.permission.NETWORK_SETUP_WIZARD, 10017): false
05-26 19:34:53.217  1101  5930 V WifiPermissionsWrapper: getUidPermission(android.permission.NETWORK_MANAGED_PROVISIONING, 10017): false
05-26 19:34:53.217  1101  5930 V WifiPermissionsWrapper: getUidPermission(android.permission.NETWORK_STACK, 10017): false
05-26 19:34:53.218  1101  5930 V WifiPermissionsWrapper: getUidPermission(android.permission.MAINLINE_NETWORK_STACK, 10017): false
05-26 19:34:53.218  1101  5930 V WifiPermissionsWrapper: getUidPermission(android.permission.RADIO_SCAN_WITHOUT_LOCATION, 10017): false
05-26 19:34:53.218  1101  5930 V WifiPermissionsWrapper: getUidPermission(android.permission.PEERS_MAC_ADDRESS, 10017): false
05-26 19:34:53.218  1101  5930 V WifiPermissionsWrapper: getUidPermission(android.permission.ACCESS_FINE_LOCATION, 10017): true
05-26 19:34:53.218  1101  5930 V WifiPermissionsUtil: checkCallersLocationPermission(com.baidu.map.location): ok because uid 10017 has app-op android:fine_location
05-26 19:34:53.220   198 14466 I vendor.qti.bluetooth@1.0-ibs_handler: ProcessIbsCmd: Received IBS_WAKE_IND: 0xFD
05-26 19:34:53.220   198 14466 I vendor.qti.bluetooth@1.0-ibs_handler: ProcessIbsCmd: Writing IBS_WAKE_ACK
05-26 19:34:53.221  3268  9116 W MediaProvider: isAppCloneUserPair for user -1: false
05-26 19:34:53.223   689 13653 I NormalHal3CamDevice: [frameworks/av/services/bmmcamera/device/src/NormalHal3CamDevice.cpp]:[processFrame]: E, 497 dqzcheckframerate process frame:20749
05-26 19:34:53.224 31234 31316 E BufferQueueProducer: waitForFreeSlotThenRelock timeout=0, - BufferQueue mMaxAcquiredBufferCount=1 mMaxDequeuedBufferCount=17
05-26 19:34:53.224 31234 31316 E BufferQueueProducer:   mDequeueBufferCannotBlock=0 mAsyncMode=0
05-26 19:34:53.224 31234 31316 E BufferQueueProducer:   mQueueBufferCanDrop=0 mLegacyBufferDrop=1
05-26 19:34:53.224 31234 31316 E BufferQueueProducer:   default-size=[1920x1080] default-format=2   transform-hint=00 frame-counter=336690
05-26 19:34:53.224 31234 31316 E BufferQueueProducer:   mTransformHintInUse=00 mAutoPrerotation=0
05-26 19:34:53.224 31234 31316 E BufferQueueProducer: FIFO(0):
05-26 19:34:53.224 31234 31316 E BufferQueueProducer: (mConsumerName=Wallpaper#0(BLAST Consumer)0, mConnectedApi=3, mConsumerUsageBits=2304, mId=7a0200000000, producer=[31234:com.byd.dogwallpaper], consumer=[31234:com.byd.dogwallpaper])
05-26 19:34:53.224 31234 31316 E BufferQueueProducer: Slots:
05-26 19:34:53.224 31234 31316 E BufferQueueProducer:   [12:0xb4000073ac759500] state=DEQUEUED 0xb40000739c5317e0 frame=336683 [1920x1088:1920,7FA30C06]
05-26 19:34:53.224 31234 31316 E BufferQueueProducer:   [13:0xb40000739c4a6200] state=DEQUEUED 0xb40000739c532ab0 frame=336685 [1920x1088:1920,7FA30C06]
05-26 19:34:53.224 31234 31316 E BufferQueueProducer:   [14:0xb40000739c4a6900] state=DEQUEUED 0xb40000739c532c70 frame=336676 [1920x1088:1920,7FA30C06]
05-26 19:34:53.224 31234 31316 E BufferQueueProducer:   [15:0xb40000739c4a6e00] state=DEQUEUED 0xb40000739c532e30 frame=336687 [1920x1088:1920,7FA30C06]
05-26 19:34:53.224 31234 31316 E BufferQueueProducer:  >[16:0xb40000739c4a6f00] state=ACQUIRED 0xb40000739c531a10 frame=336689 [1920x1088:1920,7FA30C06]
05-26 19:34:53.224 31234 31316 E BufferQueueProducer:   [17:0xb
05-26 19:34:53.226  5591  5591 D BYDAutoYunDevice: postEvent device_type: 1034, event_type =99000021, value = [0, 0, 3, -39, 5, 0, 89, -20, -6, 21, 5, -88, -101, 2, -8, 79, 74, -114]
05-26 19:34:53.226  5591  5591 D BYDAutoYunDevice: postEvent device_type: 1034, event_type =99000021, value = [0, 0, 3, -39, 5, 2, 89, -20, -6, 22, 5, -88, -101, 2, -8, 79, 74, -114]
05-26 19:34:53.227 31570 31570 I NLP     : Location result:[location successful by Baidu], reason:[network location] locType=161, NetworkLocationType = wf
05-26 19:34:53.228 31570 31570 I NLP     : byd return Usually connected to the network channel 
05-26 19:34:53.228 31570 31570 D NLP     : mContext == null2 is false or has network
05-26 19:34:53.228   321 32147 I SDM     : StcManager::ProcessModeRenderIntent():637 Cannot find mode (gamut 255 gamma 255 intent 65535) in mode list
05-26 19:34:53.230   689 13743 I NormalHal3CamDevice: [frameworks/av/services/bmmcamera/device/src/NormalHal3CamDevice.cpp]:[processFrame]: E, 497 dqzcheckframerate process frame:20754
05-26 19:34:53.231   199 16348 I CamX    : [CORE_CFG][HAL    ] camxhal3.cpp:1384 process_capture_request() frame_number 20760, settings 0x0, num_output_buffers 1, cameraId 0
05-26 19:34:53.232   199  1513 E CamX    : [ERROR][ISP    ] camxifenode.cpp:6293 ExecuteProcessRequest() zzsFrameID = 20760 ,cameraid = 0
05-26 19:34:53.234 13510 13510 E LocationInstrumentController: [main]netLocation:  33332e343539323039   34342e353831313732  false
05-26 19:34:53.234 13510 13510 E LocationInstrumentController: [main]distance:21230.4  33332e363730373838363131313131313134  34342e3436343438313338383838383839
05-26 19:34:53.234  3268  9116 D BydMediaProviderObserver: notifyInsertOrUpdateScan: uri=content://media/4a21-0000/file
05-26 19:34:53.234  3268  9116 D BydMediaProviderObserver: notifyInsertOrUpdateScan:filePath=/storage/4A21-0000/Download/hud_test_20260526_193451/MzBfc2VuZF9tYXBzdGF0ZV9uYXZpLnR4dA==
05-26 19:34:53.234  3268  9116 D AbsBYDCrossDevice: set featureID is 0x1f30001f
05-26 19:34:53.235   667   888 D BYDCrossService: PubSubManager::Pub: 1F 30 00 1F 00 00 00 4E 2F 73 74 6F 72 61 67 65 2F 34 41 32 31 2D 30 30 30 30 2F 44 6F 77 6E 6C 6F 61 64 2F 68 75 64 5F 74 65 73 74 5F 32 30 32 36 30 35 32 36 5F 31 39 33 34 35 31 2F 33 30 5F 73 65 6E 64 5F 6D 61 70 73 74 61 74 65 5F 6E 61 76 69 2E 74 78 74 [86/86]
05-26 19:34:53.235  3268  9116 I BydMediaProviderObserver: notifyScanFile: publish scan file:/storage/4A21-0000/Download/hud_test_20260526_193451/MzBfc2VuZF9tYXBzdGF0ZV9uYXZpLnR4dA==
05-26 19:34:53.235  3268  9116 I BydMediaProviderObserver: , deviceType=1, ret = 0
05-26 19:34:53.237  5591  5591 D BYDAutoYunDevice: postEvent device_type: 1034, event_type =99000021, value = [0, 0, 0, -116, 0, 1, 89, -20, -6, 38, 0, 48, 0, 0, -80, 2, 29, 48]
05-26 19:34:53.239 31234 31316 E BufferQueueProducer: waitForFreeSlotThenRelock timeout=0, - BufferQueue mMaxAcquiredBufferCount=1 mMaxDequeuedBufferCount=17
05-26 19:34:53.239 31234 31316 E BufferQueueProducer:   mDequeueBufferCannotBlock=0 mAsyncMode=0
05-26 19:34:53.239 31234 31316 E BufferQueueProducer:   mQueueBufferCanDrop=0 mLegacyBufferDrop=1
05-26 19:34:53.239 31234 31316 E BufferQueueProducer:   default-size=[1920x1080] default-format=2   transform-hint=00 frame-counter=336690
05-26 19:34:53.239 31234 31316 E BufferQueueProducer:   mTransformHintInUse=00 mAutoPrerotation=0
05-26 19:34:53.239 31234 31316 E BufferQueueProducer: FIFO(0):
05-26 19:34:53.239 31234 31316 E BufferQueueProducer: (mConsumerName=Wallpaper#0(BLAST Consumer)0, mConnectedApi=3, mConsumerUsageBits=2304, mId=7a0200000000, producer=[31234:com.byd.dogwallpaper], consumer=[31234:com.byd.dogwallpaper])
05-26 19:34:53.239 31234 31316 E BufferQueueProducer: Slots:
05-26 19:34:53.239 31234 31316 E BufferQueueProducer:   [12:0xb4000073ac759500] state=DEQUEUED 0xb40000739c5317e0 frame=336683 [1920x1088:1920,7FA30C06]
05-26 19:34:53.239 31234 31316 E BufferQueueProducer:   [13:0xb40000739c4a6200] state=DEQUEUED 0xb40000739c532ab0 frame=336685 [1920x1088:1920,7FA30C06]
05-26 19:34:53.239 31234 31316 E BufferQueueProducer:   [14:0xb40000739c4a6900] state=DEQUEUED 0xb40000739c532c70 frame=336676 [1920x1088:1920,7FA30C06]
05-26 19:34:53.239 31234 31316 E BufferQueueProducer:   [15:0xb40000739c4a6e00] state=DEQUEUED 0xb40000739c532e30 frame=336687 [1920x1088:1920,7FA30C06]
05-26 19:34:53.239 31234 31316 E BufferQueueProducer:  >[16:0xb40000739c4a6f00] state=ACQUIRED 0xb40000739c531a10 frame=336689 [1920x1088:1920,7FA30C06]
05-26 19:34:53.239 31234 31316 E BufferQueueProducer:   [17:0xb
05-26 19:34:53.241   344 13850 I QC2C2DEngine: calcYSize: unsupported or RGB color format, RGBA8888_UBWC(-1040187392)
05-26 19:34:53.245 29160 29160 D BYDAutoSafetyBeltDevice: postEvent device_type: 1042, event_type =12d0003f, value = 0
05-26 19:34:53.245  4313  4313 D BYDAutoSafetyBeltDevice: postEvent device_type: 1042, event_type =12d0003f, value = 0
05-26 19:34:53.247  5591  5591 D BYDAutoYunDevice: postEvent device_type: 1034, event_type =99000021, value = [0, 0, 1, 45, 0, 0, 89, -20, -6, 44, -96, 40, 0, 34, 12, 49, 15, -55]
05-26 19:34:53.247  5591  5591 D BYDAutoYunDevice: postEvent device_type: 1034, event_type =99000021, value = [0, 0, 3, 71, 0, 0, 89, -20, -6, 46, 3, 0, 0, 57, 1, -1, -1, -60]
05-26 19:34:53.248  5591  5591 D BYDAutoYunDevice: postEvent device_type: 1034, event_type =99000021, value = [0, 0, 4, -91, 7, 0, 89, -20, -6, 48, 7, -1, -37, -113, 0, -4, -1, -1]
05-26 19:34:53.251 31234 31316 E BufferQueueProducer: waitForFreeSlotThenRelock timeout=0, - BufferQueue mMaxAcquiredBufferCount=1 mMaxDequeuedBufferCount=17
05-26 19:34:53.251 31234 31316 E BufferQueueProducer:   mDequeueBufferCannotBlock=0 mAsyncMode=0
05-26 19:34:53.251 31234 31316 E BufferQueueProducer:   mQueueBufferCanDrop=0 mLegacyBufferDrop=1
05-26 19:34:53.251 31234 31316 E BufferQueueProducer:   default-size=[1920x1080] default-format=2   transform-hint=00 frame-counter=336690
05-26 19:34:53.251 31234 31316 E BufferQueueProducer:   mTransformHintInUse=00 mAutoPrerotation=0
05-26 19:34:53.251 31234 31316 E BufferQueueProducer: FIFO(0):
05-26 19:34:53.251 31234 31316 E BufferQueueProducer: (mConsumerName=Wallpaper#0(BLAST Consumer)0, mConnectedApi=3, mConsumerUsageBits=2304, mId=7a0200000000, producer=[31234:com.byd.dogwallpaper], consumer=[31234:com.byd.dogwallpaper])
05-26 19:34:53.251 31234 31316 E BufferQueueProducer: Slots:
05-26 19:34:53.251 31234 31316 E BufferQueueProducer:   [12:0xb4000073ac759500] state=DEQUEUED 0xb40000739c5317e0 frame=336683 [1920x1088:1920,7FA30C06]
05-26 19:34:53.251 31234 31316 E BufferQueueProducer:   [13:0xb40000739c4a6200] state=DEQUEUED 0xb40000739c532ab0 frame=336685 [1920x1088:1920,7FA30C06]
05-26 19:34:53.251 31234 31316 E BufferQueueProducer:   [14:0xb40000739c4a6900] state=DEQUEUED 0xb40000739c532c70 frame=336676 [1920x1088:1920,7FA30C06]
05-26 19:34:53.251 31234 31316 E BufferQueueProducer:   [15:0xb40000739c4a6e00] state=DEQUEUED 0xb40000739c532e30 frame=336687 [1920x1088:1920,7FA30C06]
05-26 19:34:53.251 31234 31316 E BufferQueueProducer:  >[16:0xb40000739c4a6f00] state=ACQUIRED 0xb40000739c531a10 frame=336689 [1920x1088:1920,7FA30C06]
05-26 19:34:53.251 31234 31316 E BufferQueueProducer:   [17:0xb
05-26 19:34:53.252  9191  9191 D ProcessState: Binder ioctl to enable oneway spam detection failed: Invalid argument
05-26 19:34:53.253 13531 14477 D bt_btif : LCB lcb=1 event=LL_MSG_EVT state=LCB_OPEN_ST
05-26 19:34:53.254 13531 14477 D bt_btif : bta_av_rc_msg_cback handle: 1 opcode=0x0
05-26 19:34:53.254 13531 14477 D bt_btif : bta_av_rc_msg_cback data_len: 13
05-26 19:34:53.254 13531 13890 D bt_btif : btif_av_state_opened_handler: event: BTA_AV_META_MSG_EVT, flags: 2, peer_sep: 0, index: 0 reconfig_event: 0, codec_cfg_change: 0, reconfig_pending: 0, reconfig_a2dp: 0, is_retry_reconfig: 0
05-26 19:34:53.254 13531 13890 D bt_btif : btif_rc_handler: event: BTA_AV_META_MSG_EVT
05-26 19:34:53.254 13531 13890 I BluetoothAvrcpControllerJni: btavrcp_play_position_changed_callback
05-26 19:34:53.254 13531 13890 D AvrcpControllerService: onPlayPositionChanged pos 0
05-26 19:34:53.255 13531 27429 D AvrcpControllerStateMachine: handleMessage: E msg.what=206
05-26 19:34:53.255 13531 27429 D AvrcpControllerStateMachine: processMsg: Connected
05-26 19:34:53.255 13531 27429 D AvrcpControllerStateMachine: Avrcp.ConnectedAvrcpController processMessage 206
05-26 19:34:53.255 13531 27429 D AvrcpPlayer: getPlayBackState state 1 time 0
05-26 19:34:53.255 13531 27429 D BluetoothMediaBrowserService: notifyChanged PlaybackStatePlaybackState {state=1, position=0, buffered position=0, speed=0.0, updated=232538675, actions=55, custom actions=[], active item id=0, error=null}
05-26 19:34:53.255  5591  5591 D BYDAutoYunDevice: postEvent device_type: 1034, event_type =99000021, value = [0, 0, 2, -108, 0, 0, 89, -20, -6, 53, 85, 0, 86, 3, 76, 34, 15, -44]
05-26 19:34:53.256  5591  5591 D BYDAutoYunDevice: postEvent device_type: 1034, event_type =99000021, value = [0, 0, 2, -108, 0, 2, 89, -20, -6, 54, 85, 0, 86, 3, 76, 34, 15, -44]
05-26 19:34:53.256 13531 27429 D AvrcpTrackInfo:  TrackInfo Metadata [artist= trackTitle= N**********d albumTitle=  genre=  trackNum= 1 track_len : 0 TotalTracks 1 mCoverArtHandle= mImageLocation :]
05-26 19:34:53.256  9191  9191 W cmd     : Failure calling service activity: Failed transaction (2147483646)
05-26 19:34:53.256 13531 27429 D AvrcpPlayer: getPlayBackState state 1 time 0
05-26 19:34:53.256 13531 27429 D AvrcpControllerStateMachine: meta title =N**********d,playbackstate = 1
05-26 19:34:53.257 13531 27429 D AvrcpControllerStateMachine: handleMessage: X
05-26 19:34:53.257   689 13653 I NormalHal3CamDevice: [frameworks/av/services/bmmcamera/device/src/NormalHal3CamDevice.cpp]:[processFrame]: E, 497 dqzcheckframerate process frame:20750
05-26 19:34:53.257   689  7036 I DataCallbackProcessor: threadLoop:processor not receive frame for 500ms! something may be error
05-26 19:34:53.258  5591  5591 D BYDAutoYunDevice: postEvent device_type: 1034, event_type =99000021, value = [0, 0, 0, -116, 0, 1, 89, -20, -6, 58, 0, 64, 0, 0, -80, 2, 13, 64]
05-26 19:34:53.259  5591  5591 D BYDAutoYunDevice: postEvent device_type: 1034, event_type =99000021, value = [0, 0, 2, 111, 0, 0, 89, -20, -6, 60, -1, -1, 63, -126, 1, 19, -112, -100]
05-26 19:34:53.262   689 13743 I NormalHal3CamDevice: [frameworks/av/services/bmmcamera/device/src/NormalHal3CamDevice.cpp]:[processFrame]: E, 497 dqzcheckframerate process frame:20755
05-26 19:34:53.262   321 32147 I SDM     : StcManager::ProcessModeRenderIntent():637 Cannot find mode (gamut 255 gamma 255 intent 65535) in mode list
05-26 19:34:53.262   199  1514 I CamX    : [REQMAP][CORE   ] camxsession.cpp:4797 ProcessRequest() chiFrameNum: 20760  <==>  requestId: 20761  <==>  sequenceId: 20760  <==> CSLSyncId: 20761 -- PreviewYUVCameraForCam0_0
05-26 19:34:53.267  4313  5408 I ARC     : [0:] face_result: result_valid=1, face_id=6, face_rect={636,386,906,656}, return_status=0
05-26 19:34:53.273   344 13850 I QC2C2DEngine: calcYSize: unsupported or RGB color format, RGBA8888_UBWC(-1040187392)
05-26 19:34:53.275  5591  5591 D BYDAutoYunDevice: postEvent device_type: 1034, event_type =99000021, value = [0, 0, 0, -116, 0, 1, 89, -20, -6, 78, 0, 80, 0, 0, -80, 2, -3, 80]
05-26 19:34:53.286  5591  5591 D BYDAutoYunDevice: postEvent device_type: 1034, event_type =99000021, value = [0, 0, 4, 7, 0, 0, 89, -20, -6, 90, 85, -106, 24, 16, -11, -107, 34, -126]
05-26 19:34:53.289   689 13653 I NormalHal3CamDevice: [frameworks/av/services/bmmcamera/device/src/NormalHal3CamDevice.cpp]:[processFrame]: E, 497 dqzcheckframerate process frame:20751
05-26 19:34:53.292   198 14466 I vendor.qti.bluetooth@1.0-ibs_handler: ProcessIbsCmd: Received IBS_SLEEP_IND: 0xFE
05-26 19:34:53.295   321 32147 I SDM     : StcManager::ProcessModeRenderIntent():637 Cannot find mode (gamut 255 gamma 255 intent 65535) in mode list
05-26 19:34:53.296   689 13743 I NormalHal3CamDevice: [frameworks/av/services/bmmcamera/device/src/NormalHal3CamDevice.cpp]:[processFrame]: E, 497 dqzcheckframerate process frame:20756
05-26 19:34:53.296  5591  5591 D BYDAutoYunDevice: postEvent device_type: 1034, event_type =99000021, value = [0, 0, 1, 45, 0, 0, 89, -20, -6, 95, -96, 40, 0, 34, 12, 49, 31, -71]
05-26 19:34:53.300  5591  5591 D BYDAutoYunDevice: postEvent device_type: 1034, event_type =99000021, value = [0, 0, 0, -116, 0, 1, 89, -20, -6, 98, 0, 96, 0, 0, -80, 2, -19, 96]
05-26 19:34:53.300  5591  5591 D BYDAutoYunDevice: postEvent device_type: 1034, event_type =99000021, value = [0, 0, 4, -21, 6, 0, 89, -20, -6, 102, 6, -102, 0, 64, 63, 0, 0, 2]
05-26 19:34:53.304   344 13850 I QC2C2DEngine: calcYSize: unsupported or RGB color format, RGBA8888_UBWC(-1040187392)
05-26 19:34:53.305  5591  5591 D BYDAutoYunDevice: postEvent device_type: 1034, event_type =99000021, value = [0, 0, 2, -108, 0, 0, 89, -20, -6, 104, 85, 0, 86, 3, 76, 34, 0, -29]
05-26 19:34:53.306  5591  5591 D BYDAutoYunDevice: postEvent device_type: 1034, event_type =99000021, value = [0, 0, 2, -108, 0, 2, 89, -20, -6, 105, 85, 0, 86, 3, 76, 34, 0, -29]
05-26 19:34:53.308  5591  5591 D BYDAutoYunDevice: postEvent device_type: 1034, event_type =99000021, value = [0, 0, 2, 111, 0, 0, 89, -20, -6, 109, -1, -1, 63, -126, 1, 19, -96, -116]
05-26 19:34:53.316  5591  5591 D BYDAutoYunDevice: postEvent device_type: 1034, event_type =99000021, value = [0, 0, 0, -116, 0, 1, 89, -20, -6, 118, 0, 112, 0, 0, -80, 2, -35, 112]
05-26 19:34:53.316  4313  5408 I ARC     : [0:] face_result: result_valid=1, face_id=6, face_rect={636,364,910,638}, return_status=0
05-26 19:34:53.318  5591  5591 D BYDAutoYunDevice: postEvent device_type: 1034, event_type =99000021, value = [0, 0, 4, -91, 8, 0, 89, -20, -6, 122, 8, -1, -1, -65, 1, 0, 28, 0]
05-26 19:34:53.322   689 13653 I NormalHal3CamDevice: [frameworks/av/services/bmmcamera/device/src/NormalHal3CamDevice.cpp]:[processFrame]: E, 497 dqzcheckframerate process frame:20752
05-26 19:34:53.328   689 13743 I NormalHal3CamDevice: [frameworks/av/services/bmmcamera/device/src/NormalHal3CamDevice.cpp]:[processFrame]: E, 497 dqzcheckframerate process frame:20757
05-26 19:34:53.329   321 32147 I SDM     : StcManager::ProcessModeRenderIntent():637 Cannot find mode (gamut 255 gamma 255 intent 65535) in mode list
05-26 19:34:53.337   344 13850 I QC2C2DEngine: calcYSize: unsupported or RGB color format, RGBA8888_UBWC(-1040187392)
05-26 19:34:53.338  5591  5591 D BYDAutoYunDevice: postEvent device_type: 1034, event_type =99000021, value = [0, 0, 0, -116, 0, 1, 89, -20, -6, -118, 0, -128, 0, 0, -80, 2, -51, -128]
05-26 19:34:53.338  5591  5591 D BYDAutoYunDevice: postEvent device_type: 1034, event_type =99000021, value = [0, 0, 3, -39, 7, 0, 89, -20, -6, -118, 7, -1, -1, -1, -49, 1, -1, -1]
05-26 19:34:53.339 31234 31316 E BufferQueueProducer: waitForFreeSlotThenRelock timeout=0, - BufferQueue mMaxAcquiredBufferCount=1 mMaxDequeuedBufferCount=17
05-26 19:34:53.339 31234 31316 E BufferQueueProducer:   mDequeueBufferCannotBlock=0 mAsyncMode=0
05-26 19:34:53.339 31234 31316 E BufferQueueProducer:   mQueueBufferCanDrop=0 mLegacyBufferDrop=1
05-26 19:34:53.339 31234 31316 E BufferQueueProducer:   default-size=[1920x1080] default-format=2   transform-hint=00 frame-counter=336693
05-26 19:34:53.339 31234 31316 E BufferQueueProducer:   mTransformHintInUse=00 mAutoPrerotation=0
05-26 19:34:53.339 31234 31316 E BufferQueueProducer: FIFO(0):
05-26 19:34:53.339 31234 31316 E BufferQueueProducer: (mConsumerName=Wallpaper#0(BLAST Consumer)0, mConnectedApi=3, mConsumerUsageBits=2304, mId=7a0200000000, producer=[31234:com.byd.dogwallpaper], consumer=[31234:com.byd.dogwallpaper])
05-26 19:34:53.339 31234 31316 E BufferQueueProducer: Slots:
05-26 19:34:53.339 31234 31316 E BufferQueueProducer:   [12:0xb4000073ac759500] state=DEQUEUED 0xb40000739c5317e0 frame=336683 [1920x1088:1920,7FA30C06]
05-26 19:34:53.339 31234 31316 E BufferQueueProducer:   [13:0xb40000739c4a6200] state=DEQUEUED 0xb40000739c532ab0 frame=336685 [1920x1088:1920,7FA30C06]
05-26 19:34:53.339 31234 31316 E BufferQueueProducer:  >[14:0xb40000739c4a6900] state=ACQUIRED 0xb40000739c532c70 frame=336693 [1920x1088:1920,7FA30C06]
05-26 19:34:53.339 31234 31316 E BufferQueueProducer:   [15:0xb40000739c4a6e00] state=DEQUEUED 0xb40000739c532e30 frame=336687 [1920x1088:1920,7FA30C06]
05-26 19:34:53.339 31234 31316 E BufferQueueProducer:   [16:0xb40000739c4a6f00] state=DEQUEUED 0xb40000739c531a10 frame=336689 [1920x1088:1920,7FA30C06]
05-26 19:34:53.339 31234 31316 E BufferQueueProducer:   [17:0xb
05-26 19:34:53.343  5591  5591 D BYDAutoYunDevice: postEvent device_type: 1034, event_type =99000021, value = [0, 0, 3, -39, 7, 2, 89, -20, -6, -116, 7, -1, -1, -1, -49, 1, -1, -1]
05-26 19:34:53.345  5591  5591 D BYDAutoYunDevice: postEvent device_type: 1034, event_type =99000021, value = [0, 0, 1, 45, 0, 0, 89, -20, -6, -111, -96, 40, 0, 34, 12, 49, 47, -87]
05-26 19:34:53.346  5591  5591 D BYDAutoYunDevice: postEvent device_type: 1034, event_type =99000021, value = [0, 0, 3, 71, 0, 0, 89, -20, -6, -109, 3, 0, 0, 57, 1, -1, -1, -60]
05-26 19:34:53.348  4313  5408 I ARC     : [0:] face_result: result_valid=1, face_id=6, face_rect={632,351,910,629}, return_status=0
05-26 19:34:53.351 31234 31316 E BufferQueueProducer: waitForFreeSlotThenRelock timeout=0, - BufferQueue mMaxAcquiredBufferCount=1 mMaxDequeuedBufferCount=17
05-26 19:34:53.351 31234 31316 E BufferQueueProducer:   mDequeueBufferCannotBlock=0 mAsyncMode=0
05-26 19:34:53.351 31234 31316 E BufferQueueProducer:   mQueueBufferCanDrop=0 mLegacyBufferDrop=1
05-26 19:34:53.351 31234 31316 E BufferQueueProducer:   default-size=[1920x1080] default-format=2   transform-hint=00 frame-counter=336693
05-26 19:34:53.351 31234 31316 E BufferQueueProducer:   mTransformHintInUse=00 mAutoPrerotation=0
05-26 19:34:53.351 31234 31316 E BufferQueueProducer: FIFO(0):
05-26 19:34:53.351 31234 31316 E BufferQueueProducer: (mConsumerName=Wallpaper#0(BLAST Consumer)0, mConnectedApi=3, mConsumerUsageBits=2304, mId=7a0200000000, producer=[31234:com.byd.dogwallpaper], consumer=[31234:com.byd.dogwallpaper])
05-26 19:34:53.351 31234 31316 E BufferQueueProducer: Slots:
05-26 19:34:53.351 31234 31316 E BufferQueueProducer:   [12:0xb4000073ac759500] state=DEQUEUED 0xb40000739c5317e0 frame=336683 [1920x1088:1920,7FA30C06]
05-26 19:34:53.351 31234 31316 E BufferQueueProducer:   [13:0xb40000739c4a6200] state=DEQUEUED 0xb40000739c532ab0 frame=336685 [1920x1088:1920,7FA30C06]
05-26 19:34:53.351 31234 31316 E BufferQueueProducer:  >[14:0xb40000739c4a6900] state=ACQUIRED 0xb40000739c532c70 frame=336693 [1920x1088:1920,7FA30C06]
05-26 19:34:53.351 31234 31316 E BufferQueueProducer:   [15:0xb40000739c4a6e00] state=DEQUEUED 0xb40000739c532e30 frame=336687 [1920x1088:1920,7FA30C06]
05-26 19:34:53.351 31234 31316 E BufferQueueProducer:   [16:0xb40000739c4a6f00] state=DEQUEUED 0xb40000739c531a10 frame=336689 [1920x1088:1920,7FA30C06]
05-26 19:34:53.351 31234 31316 E BufferQueueProducer:   [17:0xb
05-26 19:34:53.352  3368  3586 D CrossControl::Service: handleMessage MSG_SEND_RSE_IP_TO_FSE
05-26 19:34:53.353   198 14466 I vendor.qti.bluetooth@1.0-ibs_handler: ProcessIbsCmd: Received IBS_WAKE_IND: 0xFD
05-26 19:34:53.353   198 14466 I vendor.qti.bluetooth@1.0-ibs_handler: ProcessIbsCmd: Writing IBS_WAKE_ACK
05-26 19:34:53.354 13531 13890 D BtGatt.GattService: onServerPhyUpdate() - connId=5, status=0
05-26 19:34:53.355 13531 13890 D BtGatt.GattService: onClientPhyUpdate() - connId=6, status=0
05-26 19:34:53.355 13531 13890 D BtGatt.GattService: onServerPhyUpdate() - connId=7, status=0
05-26 19:34:53.355 13510  7794 D BluetoothGattServer: onPhyUpdate() - device=74:38:**:**:1E:66, txPHy=2, rxPHy=2
05-26 19:34:53.355 16416 16591 D BluetoothGatt: onPhyUpdate() - status=0 address=74:38:**:**:1E:66 txPhy=2 rxPhy=2
05-26 19:34:53.356 17607 17635 D BluetoothGattServer: onPhyUpdate() - device=74:38:**:**:1E:66, txPHy=2, rxPHy=2
05-26 19:34:53.357   689 13653 I NormalHal3CamDevice: [frameworks/av/services/bmmcamera/device/src/NormalHal3CamDevice.cpp]:[processFrame]: E, 497 dqzcheckframerate process frame:20753
05-26 19:34:53.358  5591  5591 D BYDAutoSensorDevice: postEvent device_type: 1043, event_type =22300008, value = 809
05-26 19:34:53.360  3368  3586 D CrossControl::Service: sendWifiIpToFse getConnectState : 0 mDeviceAddr : {}
05-26 19:34:53.360  3368  3586 E CrossControl::Service: sendWifiIpToFse: mDeviceAddr is {}
05-26 19:34:53.360  3368  3586 D CrossControl::Service: sendLeftRseIp : CROSS_DEFAULT
05-26 19:34:53.360  3368  3586 D AbsBYDCrossDevice: set featureID is 0xff300040
05-26 19:34:53.360   667   888 D BYDCrossService: PubSubManager::Pub: FF 30 00 40 00 00 00 0D 43 52 4F 53 53 5F 44 45 46 41 55 4C 54 [21/21]
05-26 19:34:53.361  3368  3586 D CrossControl::Service: sendRightRseIp : CROSS_DEFAULT
05-26 19:34:53.361  3368  3586 D AbsBYDCrossDevice: set featureID is 0xff300041
05-26 19:34:53.362   321 32147 I SDM     : StcManager::ProcessModeRenderIntent():637 Cannot find mode (gamut 255 gamma 255 intent 65535) in mode list
05-26 19:34:53.362   689 13743 I NormalHal3CamDevice: [frameworks/av/services/bmmcamera/device/src/NormalHal3CamDevice.cpp]:[processFrame]: E, 497 dqzcheckframerate process frame:20758
05-26 19:34:53.364   667   888 D BYDCrossService: PubSubManager::Pub: FF 30 00 41 00 00 00 0D 43 52 4F 53 53 5F 44 45 46 41 55 4C 54 [21/21]
05-26 19:34:53.364  3368  3586 D CrossControl::Service: sendRcsIp : CROSS_DEFAULT
05-26 19:34:53.364  3368  3586 D AbsBYDCrossDevice: set featureID is 0xff300042
05-26 19:34:53.365   667   888 D BYDCrossService: PubSubManager::Pub: FF 30 00 42 00 00 00 0D 43 52 4F 53 53 5F 44 45 46 41 55 4C 54 [21/21]
05-26 19:34:53.367  5591  5591 D BYDAutoStatisticDevice: postEvent device_type: 1014, event_type =44500830, value = 20005
05-26 19:34:53.367  5591  5591 D BYDAutoYunDevice: postEvent device_type: 1034, event_type =99000021, value = [0, 0, 4, 69, 0, 2, 89, -20, -6, -102, 23, -92, -1, -1, 0, 37, 78, -45]
05-26 19:34:53.367  5591  5591 D BYDAutoYunDevice: postEvent device_type: 1034, event_type =99000021, value = [0, 0, 2, -108, 0, 0, 89, -20, -6, -101, 85, 0, 86, 3, 76, 34, 1, -30]
05-26 19:34:53.367  5591  5591 D BYDAutoYunDevice: postEvent device_type: 1034, event_type =99000021, value = [0, 0, 2, -108, 0, 2, 89, -20, -6, -101, 85, 0, 86, 3, 76, 34, 1, -30]
05-26 19:34:53.367  5591  5591 D BYDAutoYunDevice: postEvent device_type: 1034, event_type =99000021, value = [0, 0, 0, -116, 0, 1, 89, -20, -6, -98, 0, -112, 0, 0, -80, 2, -67, -112]
05-26 19:34:53.367  5591  5591 D BYDAutoYunDevice: postEvent device_type: 1034, event_type =99000021, value = [0, 0, 2, 111, 0, 0, 89, -20, -6, -97, -1, -1, 63, -126, 1, 19, -80, 124]
05-26 19:34:53.369  5591  5591 D BYDAutoYunDevice: postEvent device_type: 1034, event_type =99000021, value = [0, 0, 4, 51, 0, 0, 89, -20, -6, -89, 85, -123, -107, -42, 89, 3, -128, 0]
05-26 19:34:53.372  3368  3586 D CrossControl::Service: needReSendWifiIpToFse mFseRecWifiIpState = 0
05-26 19:34:53.375   344 13850 I QC2C2DEngine: calcYSize: unsupported or RGB color format, RGBA8888_UBWC(-1040187392)
05-26 19:34:53.377  5591  5591 D BYDAutoYunDevice: postEvent device_type: 1034, event_type =99000021, value = [0, 0, 0, -116, 0, 1, 89, -20, -6, -78, 0, -96, 0, 0, -80, 2, -83, -96]
05-26 19:34:53.384  4313  5408 I ARC     : [0:] face_result: result_valid=1, face_id=6, face_rect={631,337,915,621}, return_status=0
05-26 19:34:53.387 16636  9184 E ClientWebSocket: onError ex=java.net.NoRouteToHostException: Host unreachable
05-26 19:34:53.387 16636  9184 D ClientWebSocket: onClose code=-1, reason=Host unreachable, remote=false
05-26 19:34:53.390   689 13653 I NormalHal3CamDevice: [frameworks/av/services/bmmcamera/device/src/NormalHal3CamDevice.cpp]:[processFrame]: E, 497 dqzcheckframerate process frame:20754
05-26 19:34:53.391   199   199 I CamX    : [CORE_CFG][HAL    ] camxhal3.cpp:1384 process_capture_request() frame_number 20760, settings 0x0, num_output_buffers 1, cameraId 2
05-26 19:34:53.394  3546  8586 D AbsBYDAutoDevice: set featureIDs is int[]: [6dc00826, 6dc00810, 6dc00818, 6dc00808, 6dc00827, ] intArrayValue is int[]: [1, 50e, 1, 67, 0, ]
05-26 19:34:53.394  5591  5591 D BYDAutoYunDevice: postEvent device_type: 1034, event_type =99000021, value = [0, 0, 4, 68, 0, 2, 89, -20, -6, -62, 20, 2, -112, 19, 97, 63, -92, 2]
05-26 19:34:53.394   199  1512 E CamX    : [ERROR][ISP    ] camxifenode.cpp:6293 ExecuteProcessRequest() zzsFrameID = 20760 ,cameraid = 3
05-26 19:34:53.396   321 32147 I SDM     : StcManager::ProcessModeRenderIntent():637 Cannot find mode (gamut 255 gamma 255 intent 65535) in mode list
05-26 19:34:53.396   689 13743 I NormalHal3CamDevice: [frameworks/av/services/bmmcamera/device/src/NormalHal3CamDevice.cpp]:[processFrame]: E, 497 dqzcheckframerate process frame:20759
05-26 19:34:53.399  3546  8586 D GpsInfoUpdateRunnable: LocationEnabled true setLocationInfo result = -1 autoSettingDevice result = 0
05-26 19:34:53.399  3546  8586 D GpsInfoUpdateRunnable:  {MCUInfo {latType:2, longType:1, lat:464680, lon:670574, alt:1294.1619, altSmoothValue:1300, bear:142.3, fix:0, gpsSpeed:55.7, carSpeed:.0, altToMcu:1300.0, refreshTime:cache loc info, inUsedNum:0, availableNum:36, AllNum:36}}
05-26 19:34:53.399  5591  5591 D BYDAutoYunDevice: postEvent device_type: 1034, event_type =99000021, value = [0, 0, 1, 45, 0, 0, 89, -20, -6, -60, -96, 40, 0, 34, 12, 49, 63, -103]
05-26 19:34:53.403  5591  5591 D BYDAutoYunDevice: postEvent device_type: 1034, event_type =99000021, value = [0, 0, 0, -116, 0, 1, 89, -20, -6, -58, 0, -80, 0, 0, -80, 2, -99, -80]
05-26 19:34:53.404  5591  5591 D BYDAutoYunDevice: postEvent device_type: 1034, event_type =99000021, value = [0, 0, 3, -120, 0, 0, 89, -20, -6, -54, 0, 0, 12, 0, 15, 0, 102, 0]
05-26 19:34:53.404  5591  5591 D BYDAutoYunDevice: postEvent device_type: 1034, event_type =99000021, value = [0, 0, 2, -108, 0, 0, 89, -20, -6, -52, 85, 0, 86, 3, 76, 34, 2, -31]
05-26 19:34:53.404  5591  5591 D BYDAutoYunDevice: postEvent device_type: 1034, event_type =99000021, value = [0, 0, 2, -108, 0, 2, 89, -20, -6, -51, 85, 0, 86, 3, 76, 34, 2, -31]
05-26 19:34:53.404  5591  5591 D BYDAutoStatisticDevice: postEvent device_type: 1014, event_type =44a00020, value = 5009
05-26 19:34:53.404  5591  5591 D BYDAutoYunDevice: postEvent device_type: 1034, event_type =99000021, value = [0, 0, 3, -38, 0, 0, 89, -20, -6, -50, 2, -112, 5, -96, 0, 10, 0, -16]
05-26 19:34:53.406  5591  5591 D BYDAutoYunDevice: postEvent device_type: 1034, event_type =99000021, value = [0, 0, 4, 39, 5, 0, 89, -20, -6, -49, 5, -4, 0, 0, 0, 0, 0, -1]
05-26 19:34:53.406   344 13850 I QC2C2DEngine: calcYSize: unsupported or RGB color format, RGBA8888_UBWC(-1040187392)
05-26 19:34:53.411  5591  5591 D BYDAutoYunDevice: postEvent device_type: 1034, event_type =99000021, value = [0, 0, 2, 111, 0, 0, 89, -20, -6, -46, -1, -1, 63, -126, 1, 19, -64, 108]
05-26 19:34:53.419  5591  5591 D BYDAutoYunDevice: postEvent device_type: 1034, event_type =99000021, value = [0, 0, 0, -116, 0, 1, 89, -20, -6, -38, 0, -64, 0, 0, -80, 2, -115, -64]
05-26 19:34:53.421  4313  5408 I ARC     : [0:] face_result: result_valid=1, face_id=6, face_rect={635,330,915,610}, return_status=0
05-26 19:34:53.423   689 13653 I NormalHal3CamDevice: [frameworks/av/services/bmmcamera/device/src/NormalHal3CamDevice.cpp]:[processFrame]: E, 497 dqzcheckframerate process frame:20755
05-26 19:34:53.424   198 14466 I vendor.qti.bluetooth@1.0-ibs_handler: ProcessIbsCmd: Received IBS_SLEEP_IND: 0xFE
05-26 19:34:53.424   199  1511 I CamX    : [REQMAP][CORE   ] camxsession.cpp:4797 ProcessRequest() chiFrameNum: 20760  <==>  requestId: 20761  <==>  sequenceId: 20760  <==> CSLSyncId: 20761 -- PreviewYUVCameraForCam3_0
05-26 19:34:53.425   199  1514 E CHIMEMCPY: [ERROR  ] camxchinodememcpy.cpp:1780 ConvertYuvCopyImage() copy image for rear processed frame 20760
05-26 19:34:53.427   199  1511 I CamX    : [CORE_CFG][HAL    ] camxhal3.cpp:1649 process_capture_result() dqzdbg result frame_number:20760 for buffer:0xb40000784ce26258
05-26 19:34:53.428   689 13743 I NormalHal3CamDevice: [frameworks/av/services/bmmcamera/device/src/NormalHal3CamDevice.cpp]:[processFrame]: E, 497 dqzcheckframerate process frame:20760
05-26 19:34:53.429   321 32147 I SDM     : StcManager::ProcessModeRenderIntent():637 Cannot find mode (gamut 255 gamma 255 intent 65535) in mode list
05-26 19:34:53.432 31234 31316 E BufferQueueProducer: waitForFreeSlotThenRelock timeout=0, - BufferQueue mMaxAcquiredBufferCount=1 mMaxDequeuedBufferCount=17
05-26 19:34:53.432 31234 31316 E BufferQueueProducer:   mDequeueBufferCannotBlock=0 mAsyncMode=0
05-26 19:34:53.432 31234 31316 E BufferQueueProducer:   mQueueBufferCanDrop=0 mLegacyBufferDrop=1
05-26 19:34:53.432 31234 31316 E BufferQueueProducer:   default-size=[1920x1080] default-format=2   transform-hint=00 frame-counter=336696
05-26 19:34:53.432 31234 31316 E BufferQueueProducer:   mTransformHintInUse=00 mAutoPrerotation=0
05-26 19:34:53.432 31234 31316 E BufferQueueProducer: FIFO(0):
05-26 19:34:53.432 31234 31316 E BufferQueueProducer: (mConsumerName=Wallpaper#0(BLAST Consumer)0, mConnectedApi=3, mConsumerUsageBits=2304, mId=7a0200000000, producer=[31234:com.byd.dogwallpaper], consumer=[31234:com.byd.dogwallpaper])
05-26 19:34:53.432 31234 31316 E BufferQueueProducer: Slots:
05-26 19:34:53.432 31234 31316 E BufferQueueProducer:   [12:0xb4000073ac759500] state=DEQUEUED 0xb40000739c5317e0 frame=336683 [1920x1088:1920,7FA30C06]
05-26 19:34:53.432 31234 31316 E BufferQueueProducer:   [13:0xb40000739c4a6200] state=DEQUEUED 0xb40000739c532ab0 frame=336685 [1920x1088:1920,7FA30C06]
05-26 19:34:53.432 31234 31316 E BufferQueueProducer:   [14:0xb40000739c4a6900] state=DEQUEUED 0xb40000739c532c70 frame=336693 [1920x1088:1920,7FA30C06]
05-26 19:34:53.432 31234 31316 E BufferQueueProducer:   [15:0xb40000739c4a6e00] state=DEQUEUED 0xb40000739c532e30 frame=336687 [1920x1088:1920,7FA30C06]
05-26 19:34:53.432 31234 31316 E BufferQueueProducer:   [16:0xb40000739c4a6f00] state=DEQUEUED 0xb40000739c531a10 frame=336689 [1920x1088:1920,7FA30C06]
05-26 19:34:53.432 31234 31316 E BufferQueueProducer:   [17:0xb
05-26 19:34:53.435  5591  5591 D BYDAutoYunDevice: postEvent device_type: 1034, event_type =99000021, value = [0, 0, 0, -116, 0, 1, 89, -20, -6, -18, 0, -48, 0, 0, -80, 2, 125, -48]
05-26 19:34:53.438   344 13850 I QC2C2DEngine: calcYSize: unsupported or RGB color format, RGBA8888_UBWC(-1040187392)
05-26 19:34:53.439  5591  5591 D BYDAutoOTAdevice: postEvent device_type: 1032, event_type =44900018, value = 13.627451
05-26 19:34:53.440  5591  5591 D BYDAutoYunDevice: postEvent device_type: 1034, event_type =99000021, value = [0, 0, 4, 73, 0, 2, 89, -20, -6, -15, 5, -74, -51, 100, 93, -36, 2, 3]
05-26 19:34:53.443  5591  5591 D BYDAutoYunDevice: postEvent device_type: 1034, event_type =99000021, value = [0, 0, 1, 45, 0, 0, 89, -20, -6, -10, -96, 40, 0, 34, 12, 49, 79, -119]
05-26 19:34:53.444 31234 31316 E BufferQueueProducer: waitForFreeSlotThenRelock timeout=0, - BufferQueue mMaxAcquiredBufferCount=1 mMaxDequeuedBufferCount=17
05-26 19:34:53.444 31234 31316 E BufferQueueProducer:   mDequeueBufferCannotBlock=0 mAsyncMode=0
05-26 19:34:53.444 31234 31316 E BufferQueueProducer:   mQueueBufferCanDrop=0 mLegacyBufferDrop=1
05-26 19:34:53.444 31234 31316 E BufferQueueProducer:   default-size=[1920x1080] default-format=2   transform-hint=00 frame-counter=336696
05-26 19:34:53.444 31234 31316 E BufferQueueProducer:   mTransformHintInUse=00 mAutoPrerotation=0
05-26 19:34:53.444 31234 31316 E BufferQueueProducer: FIFO(0):
05-26 19:34:53.444 31234 31316 E BufferQueueProducer: (mConsumerName=Wallpaper#0(BLAST Consumer)0, mConnectedApi=3, mConsumerUsageBits=2304, mId=7a0200000000, producer=[31234:com.byd.dogwallpaper], consumer=[31234:com.byd.dogwallpaper])
05-26 19:34:53.444 31234 31316 E BufferQueueProducer: Slots:
05-26 19:34:53.444 31234 31316 E BufferQueueProducer:   [12:0xb4000073ac759500] state=DEQUEUED 0xb40000739c5317e0 frame=336683 [1920x1088:1920,7FA30C06]
05-26 19:34:53.444 31234 31316 E BufferQueueProducer:   [13:0xb40000739c4a6200] state=DEQUEUED 0xb40000739c532ab0 frame=336685 [1920x1088:1920,7FA30C06]
05-26 19:34:53.444 31234 31316 E BufferQueueProducer:   [14:0xb40000739c4a6900] state=DEQUEUED 0xb40000739c532c70 frame=336693 [1920x1088:1920,7FA30C06]
