05-26 19:34:54.718 31234 31316 E BufferQueueProducer: (mConsumerName=Wallpaper#0(BLAST Consumer)0, mConnectedApi=3, mConsumerUsageBits=2304, mId=7a0200000000, producer=[31234:com.byd.dogwallpaper], consumer=[31234:com.byd.dogwallpaper])
05-26 19:34:54.718 31234 31316 E BufferQueueProducer: Slots:
05-26 19:34:54.718 31234 31316 E BufferQueueProducer:   [12:0xb4000073ac759500] state=DEQUEUED 0xb40000739c5317e0 frame=336722 [1920x1088:1920,7FA30C06]
05-26 19:34:54.718 31234 31316 E BufferQueueProducer:   [13:0xb40000739c4a6200] state=DEQUEUED 0xb40000739c532ab0 frame=336719 [1920x1088:1920,7FA30C06]
05-26 19:34:54.718 31234 31316 E BufferQueueProducer:   [14:0xb40000739c4a6900] state=DEQUEUED 0xb40000739c532c70 frame=336730 [1920x1088:1920,7FA30C06]
05-26 19:34:54.718 31234 31316 E BufferQueueProducer:   [15:0xb40000739c4a6e00] state=DEQUEUED 0xb40000739c532e30 frame=336721 [1920x1088:1920,7FA30C06]
05-26 19:34:54.718 31234 31316 E BufferQueueProducer:   [16:0xb40000739c4a6f00] state=DEQUEUED 0xb40000739c531a10 frame=336723 [1920x1088:1920,7FA30C06]
05-26 19:34:54.718 31234 31316 E BufferQueueProducer:   [17:0xb
05-26 19:34:54.724   689 13653 I NormalHal3CamDevice: [frameworks/av/services/bmmcamera/device/src/NormalHal3CamDevice.cpp]:[processFrame]: E, 497 dqzcheckframerate process frame:20794
05-26 19:34:54.727  5591  5591 D BYDAutoYunDevice: postEvent device_type: 1034, event_type =99000021, value = [0, 0, 2, 111, 0, 0, 89, -20, -1, -9, -1, -1, 63, -126, 1, 19, 96, -52]
05-26 19:34:54.729   689 13743 I NormalHal3CamDevice: [frameworks/av/services/bmmcamera/device/src/NormalHal3CamDevice.cpp]:[processFrame]: E, 497 dqzcheckframerate process frame:20799
05-26 19:34:54.730 31234 31316 E BufferQueueProducer: waitForFreeSlotThenRelock timeout=0, - BufferQueue mMaxAcquiredBufferCount=1 mMaxDequeuedBufferCount=17
05-26 19:34:54.730 31234 31316 E BufferQueueProducer:   mDequeueBufferCannotBlock=0 mAsyncMode=0
05-26 19:34:54.730 31234 31316 E BufferQueueProducer:   mQueueBufferCanDrop=0 mLegacyBufferDrop=1
05-26 19:34:54.730 31234 31316 E BufferQueueProducer:   default-size=[1920x1080] default-format=2   transform-hint=00 frame-counter=336735
05-26 19:34:54.730 31234 31316 E BufferQueueProducer:   mTransformHintInUse=00 mAutoPrerotation=0
05-26 19:34:54.730 31234 31316 E BufferQueueProducer: FIFO(0):
05-26 19:34:54.730 31234 31316 E BufferQueueProducer: (mConsumerName=Wallpaper#0(BLAST Consumer)0, mConnectedApi=3, mConsumerUsageBits=2304, mId=7a0200000000, producer=[31234:com.byd.dogwallpaper], consumer=[31234:com.byd.dogwallpaper])
05-26 19:34:54.730 31234 31316 E BufferQueueProducer: Slots:
05-26 19:34:54.730 31234 31316 E BufferQueueProducer:   [12:0xb4000073ac759500] state=DEQUEUED 0xb40000739c5317e0 frame=336722 [1920x1088:1920,7FA30C06]
05-26 19:34:54.730 31234 31316 E BufferQueueProducer:   [13:0xb40000739c4a6200] state=DEQUEUED 0xb40000739c532ab0 frame=336719 [1920x1088:1920,7FA30C06]
05-26 19:34:54.730 31234 31316 E BufferQueueProducer:   [14:0xb40000739c4a6900] state=DEQUEUED 0xb40000739c532c70 frame=336730 [1920x1088:1920,7FA30C06]
05-26 19:34:54.730 31234 31316 E BufferQueueProducer:   [15:0xb40000739c4a6e00] state=DEQUEUED 0xb40000739c532e30 frame=336721 [1920x1088:1920,7FA30C06]
05-26 19:34:54.730 31234 31316 E BufferQueueProducer:   [16:0xb40000739c4a6f00] state=DEQUEUED 0xb40000739c531a10 frame=336723 [1920x1088:1920,7FA30C06]
05-26 19:34:54.730 31234 31316 E BufferQueueProducer:   [17:0xb
05-26 19:34:54.732   321 32147 I SDM     : StcManager::ProcessModeRenderIntent():637 Cannot find mode (gamut 255 gamma 255 intent 65535) in mode list
05-26 19:34:54.738  5591  5591 D BYDAutoYunDevice: postEvent device_type: 1034, event_type =99000021, value = [0, 0, 0, -116, 0, 1, 89, -19, 0, 2, 0, -32, 0, 0, -80, 2, 109, -32]
05-26 19:34:54.738   344 13850 I QC2C2DEngine: calcYSize: unsupported or RGB color format, RGBA8888_UBWC(-1040187392)
05-26 19:34:54.743 31234 31316 E BufferQueueProducer: waitForFreeSlotThenRelock timeout=0, - BufferQueue mMaxAcquiredBufferCount=1 mMaxDequeuedBufferCount=17
05-26 19:34:54.743 31234 31316 E BufferQueueProducer:   mDequeueBufferCannotBlock=0 mAsyncMode=0
05-26 19:34:54.743 31234 31316 E BufferQueueProducer:   mQueueBufferCanDrop=0 mLegacyBufferDrop=1
05-26 19:34:54.743 31234 31316 E BufferQueueProducer:   default-size=[1920x1080] default-format=2   transform-hint=00 frame-counter=336735
05-26 19:34:54.743 31234 31316 E BufferQueueProducer:   mTransformHintInUse=00 mAutoPrerotation=0
05-26 19:34:54.743 31234 31316 E BufferQueueProducer: FIFO(0):
05-26 19:34:54.743 31234 31316 E BufferQueueProducer: (mConsumerName=Wallpaper#0(BLAST Consumer)0, mConnectedApi=3, mConsumerUsageBits=2304, mId=7a0200000000, producer=[31234:com.byd.dogwallpaper], consumer=[31234:com.byd.dogwallpaper])
05-26 19:34:54.743 31234 31316 E BufferQueueProducer: Slots:
05-26 19:34:54.743 31234 31316 E BufferQueueProducer:   [12:0xb4000073ac759500] state=DEQUEUED 0xb40000739c5317e0 frame=336722 [1920x1088:1920,7FA30C06]
05-26 19:34:54.743 31234 31316 E BufferQueueProducer:   [13:0xb40000739c4a6200] state=DEQUEUED 0xb40000739c532ab0 frame=336719 [1920x1088:1920,7FA30C06]
05-26 19:34:54.743 31234 31316 E BufferQueueProducer:   [14:0xb40000739c4a6900] state=DEQUEUED 0xb40000739c532c70 frame=336730 [1920x1088:1920,7FA30C06]
05-26 19:34:54.743 31234 31316 E BufferQueueProducer:   [15:0xb40000739c4a6e00] state=DEQUEUED 0xb40000739c532e30 frame=336721 [1920x1088:1920,7FA30C06]
05-26 19:34:54.743 31234 31316 E BufferQueueProducer:   [16:0xb40000739c4a6f00] state=DEQUEUED 0xb40000739c531a10 frame=336723 [1920x1088:1920,7FA30C06]
05-26 19:34:54.743 31234 31316 E BufferQueueProducer:   [17:0xb
05-26 19:34:54.756   689 13653 I NormalHal3CamDevice: [frameworks/av/services/bmmcamera/device/src/NormalHal3CamDevice.cpp]:[processFrame]: E, 497 dqzcheckframerate process frame:20795
05-26 19:34:54.758 31234 31316 E BufferQueueProducer: waitForFreeSlotThenRelock timeout=0, - BufferQueue mMaxAcquiredBufferCount=1 mMaxDequeuedBufferCount=17
05-26 19:34:54.758 31234 31316 E BufferQueueProducer:   mDequeueBufferCannotBlock=0 mAsyncMode=0
05-26 19:34:54.758 31234 31316 E BufferQueueProducer:   mQueueBufferCanDrop=0 mLegacyBufferDrop=1
05-26 19:34:54.758 31234 31316 E BufferQueueProducer:   default-size=[1920x1080] default-format=2   transform-hint=00 frame-counter=336736
05-26 19:34:54.758 31234 31316 E BufferQueueProducer:   mTransformHintInUse=00 mAutoPrerotation=0
05-26 19:34:54.758 31234 31316 E BufferQueueProducer: FIFO(1):
05-26 19:34:54.758 31234 31316 E BufferQueueProducer: (mConsumerName=Wallpaper#0(BLAST Consumer)0, mConnectedApi=3, mConsumerUsageBits=2304, mId=7a0200000000, producer=[31234:com.byd.dogwallpaper], consumer=[31234:com.byd.dogwallpaper])
05-26 19:34:54.758 31234 31316 E BufferQueueProducer:   13:0xb40000739c4a6200 crop=[0,0,1920,1080] xform=0x00 time=180321.1912 scale=SCALE_TO_WINDOW
05-26 19:34:54.758 31234 31316 E BufferQueueProducer: Slots:
05-26 19:34:54.758 31234 31316 E BufferQueueProducer:   [12:0xb4000073ac759500] state=DEQUEUED 0xb40000739c5317e0 frame=336722 [1920x1088:1920,7FA30C06]
05-26 19:34:54.758 31234 31316 E BufferQueueProducer:   [13:0xb40000739c4a6200] state=QUEUED   0xb40000739c532ab0 frame=336736 [1920x1088:1920,7FA30C06]
05-26 19:34:54.758 31234 31316 E BufferQueueProducer:   [14:0xb40000739c4a6900] state=DEQUEUED 0xb40000739c532c70 frame=336730 [1920x1088:1920,7FA30C06]
05-26 19:34:54.758 31234 31316 E BufferQueueProducer:   [15:0xb40000739c4a6e00] state=DEQUEUED 0xb40000739c532e30 frame=336721 [1920x1088:1920,7FA30C06]
05-26 19:34:54.758 31234 31316 E BufferQueueProducer:   [16:0xb4000
05-26 19:34:54.759   689  7036 I DataCallbackProcessor: threadLoop:processor not receive frame for 500ms! something may be error
05-26 19:34:54.761  5591  5591 D BYDAutoYunDevice: postEvent device_type: 1034, event_type =99000021, value = [0, 0, 3, 71, 0, 0, 89, -19, 0, 21, 3, 0, 0, 57, 1, -1, -1, -60]
05-26 19:34:54.761  5591  5591 D BYDAutoYunDevice: postEvent device_type: 1034, event_type =99000021, value = [0, 0, 0, -116, 0, 1, 89, -19, 0, 22, 0, -16, 0, 0, -80, 2, 93, -16]
05-26 19:34:54.761  5591  5591 D BYDAutoYunDevice: postEvent device_type: 1034, event_type =99000021, value = [0, 0, 1, 68, 0, 0, 89, -19, 0, 25, 0, -3, -1, -24, -45, -126, -112, 54]
05-26 19:34:54.761  5591  5591 D BYDAutoYunDevice: postEvent device_type: 1034, event_type =99000021, value = [0, 0, 1, 45, 0, 0, 89, -19, 0, 25, -96, 40, 0, 34, 12, 49, -17, -23]
05-26 19:34:54.762   689 13743 I NormalHal3CamDevice: [frameworks/av/services/bmmcamera/device/src/NormalHal3CamDevice.cpp]:[processFrame]: E, 497 dqzcheckframerate process frame:20800
05-26 19:34:54.766   321 32147 I SDM     : StcManager::ProcessModeRenderIntent():637 Cannot find mode (gamut 255 gamma 255 intent 65535) in mode list
05-26 19:34:54.767  5591  5591 D BYDAutoYunDevice: postEvent device_type: 1034, event_type =99000021, value = [0, 0, 2, -108, 0, 0, 89, -19, 0, 31, 85, 0, 86, 3, 76, 34, 13, -42]
05-26 19:34:54.767  5591  5591 D BYDAutoYunDevice: postEvent device_type: 1034, event_type =99000021, value = [0, 0, 2, -108, 0, 2, 89, -19, 0, 32, 85, 0, 86, 3, 76, 34, 13, -42]
05-26 19:34:54.772   344 13850 I QC2C2DEngine: calcYSize: unsupported or RGB color format, RGBA8888_UBWC(-1040187392)
05-26 19:34:54.776  5591  5591 D BYDAutoYunDevice: postEvent device_type: 1034, event_type =99000021, value = [0, 0, 2, 111, 0, 0, 89, -19, 0, 41, -1, -1, 63, -126, 1, 19, 112, -68]
05-26 19:34:54.776  5591  5591 D BYDAutoYunDevice: postEvent device_type: 1034, event_type =99000021, value = [0, 0, 0, -116, 0, 1, 89, -19, 0, 42, 0, 0, 0, 0, -80, 2, 77, 0]
05-26 19:34:54.790   689 13653 I NormalHal3CamDevice: [frameworks/av/services/bmmcamera/device/src/NormalHal3CamDevice.cpp]:[processFrame]: E, 497 dqzcheckframerate process frame:20796
05-26 19:34:54.793  5591  5591 D BYDAutoYunDevice: postEvent device_type: 1034, event_type =99000021, value = [0, 0, 3, -44, 0, 0, 89, -19, 0, 57, 0, 0, 0, -128, 14, 0, -30, 0, 0, 0, 0, 0, 0, 0, 0, 0, 0, 0, 0, 0, 0, 0, 0, 0, 0, 0, 0, 0, 0, 0, 0, 0, 0, 0, 0, 0, 0, 0, 0, 0, 0, 0, 0, 0, 0, 0, 0, -1, 0, 0, 0, 0, 0, -1, 0, 0, 0, 0, 0, 0, 0, -4, -1, -1]
05-26 19:34:54.793  4313  5408 I ARC     : [0:] face_result: result_valid=1, face_id=6, face_rect={658,349,920,611}, return_status=0
05-26 19:34:54.795   689 13743 I NormalHal3CamDevice: [frameworks/av/services/bmmcamera/device/src/NormalHal3CamDevice.cpp]:[processFrame]: E, 497 dqzcheckframerate process frame:20801
05-26 19:34:54.797  5591  5591 D BYDAutoYunDevice: postEvent device_type: 1034, event_type =99000021, value = [0, 0, 4, 28, 0, 0, 89, -19, 0, 60, 9, 69, 1, 81, 53, 0, 0, 0]
05-26 19:34:54.799   321 32147 I SDM     : StcManager::ProcessModeRenderIntent():637 Cannot find mode (gamut 255 gamma 255 intent 65535) in mode list
05-26 19:34:54.801  5591  5591 D BYDAutoYunDevice: postEvent device_type: 1034, event_type =99000021, value = [0, 0, 0, -116, 0, 1, 89, -19, 0, 62, 0, 16, 0, 0, -80, 2, 61, 16]
05-26 19:34:54.806   344 13850 I QC2C2DEngine: calcYSize: unsupported or RGB color format, RGBA8888_UBWC(-1040187392)
05-26 19:34:54.812  5591  5591 D BYDAutoYunDevice: postEvent device_type: 1034, event_type =99000021, value = [0, 0, 1, 45, 0, 0, 89, -19, 0, 77, -96, 40, 0, 34, 12, 49, -1, -39]
05-26 19:34:54.812  5591  5591 D BYDAutoStatisticDevice: postEvent device_type: 1014, event_type =44a00020, value = 5008
05-26 19:34:54.814  5591  5591 D BYDAutoYunDevice: postEvent device_type: 1034, event_type =99000021, value = [0, 0, 2, -108, 0, 0, 89, -19, 0, 81, 85, 0, 86, 3, 76, 34, 14, -43]
05-26 19:34:54.817  5591  5591 D BYDAutoYunDevice: postEvent device_type: 1034, event_type =99000021, value = [0, 0, 0, -116, 0, 1, 89, -19, 0, 82, 0, 32, 0, 0, -80, 2, 45, 32]
05-26 19:34:54.817  5591  5591 D BYDAutoYunDevice: postEvent device_type: 1034, event_type =99000021, value = [0, 0, 2, -108, 0, 2, 89, -19, 0, 82, 85, 0, 86, 3, 76, 34, 14, -43]
05-26 19:34:54.818  5591  5591 D BYDAutoYunDevice: postEvent device_type: 1034, event_type =99000021, value = [0, 0, 4, -10, 0, 0, 89, -19, 0, 83, -1, 5, -96, 0, -1, 73, -5, -1]
05-26 19:34:54.823   689 13653 I NormalHal3CamDevice: [frameworks/av/services/bmmcamera/device/src/NormalHal3CamDevice.cpp]:[processFrame]: E, 497 dqzcheckframerate process frame:20797
05-26 19:34:54.827  5591  5591 D BYDAutoYunDevice: postEvent device_type: 1034, event_type =99000021, value = [0, 0, 1, 33, 0, 1, 89, -19, 0, 91, 0, 0, 0, -112, -27, 5, -98, -25]
05-26 19:34:54.828  5591  5591 D BYDAutoYunDevice: postEvent device_type: 1034, event_type =99000021, value = [0, 0, 2, 111, 0, 0, 89, -19, 0, 92, -1, -1, 63, -126, 1, 19, -128, -84]
05-26 19:34:54.829   689 13743 I NormalHal3CamDevice: [frameworks/av/services/bmmcamera/device/src/NormalHal3CamDevice.cpp]:[processFrame]: E, 497 dqzcheckframerate process frame:20802
05-26 19:34:54.832   321 32147 I SDM     : StcManager::ProcessModeRenderIntent():637 Cannot find mode (gamut 255 gamma 255 intent 65535) in mode list
05-26 19:34:54.837   344 13850 I QC2C2DEngine: calcYSize: unsupported or RGB color format, RGBA8888_UBWC(-1040187392)
05-26 19:34:54.838  5591  5591 D BYDAutoYunDevice: postEvent device_type: 1034, event_type =99000021, value = [0, 0, 0, -116, 0, 1, 89, -19, 0, 102, 0, 48, 0, 0, -80, 2, 29, 48]
05-26 19:34:54.842 31234 31316 E BufferQueueProducer: waitForFreeSlotThenRelock timeout=0, - BufferQueue mMaxAcquiredBufferCount=1 mMaxDequeuedBufferCount=17
05-26 19:34:54.842 31234 31316 E BufferQueueProducer:   mDequeueBufferCannotBlock=0 mAsyncMode=0
05-26 19:34:54.842 31234 31316 E BufferQueueProducer:   mQueueBufferCanDrop=0 mLegacyBufferDrop=1
05-26 19:34:54.842 31234 31316 E BufferQueueProducer:   default-size=[1920x1080] default-format=2   transform-hint=00 frame-counter=336738
05-26 19:34:54.842 31234 31316 E BufferQueueProducer:   mTransformHintInUse=00 mAutoPrerotation=0
05-26 19:34:54.842 31234 31316 E BufferQueueProducer: FIFO(0):
05-26 19:34:54.842 31234 31316 E BufferQueueProducer: (mConsumerName=Wallpaper#0(BLAST Consumer)0, mConnectedApi=3, mConsumerUsageBits=2304, mId=7a0200000000, producer=[31234:com.byd.dogwallpaper], consumer=[31234:com.byd.dogwallpaper])
05-26 19:34:54.842 31234 31316 E BufferQueueProducer: Slots:
05-26 19:34:54.842 31234 31316 E BufferQueueProducer:   [12:0xb4000073ac759500] state=DEQUEUED 0xb40000739c5317e0 frame=336722 [1920x1088:1920,7FA30C06]
05-26 19:34:54.842 31234 31316 E BufferQueueProducer:   [13:0xb40000739c4a6200] state=DEQUEUED 0xb40000739c532ab0 frame=336736 [1920x1088:1920,7FA30C06]
05-26 19:34:54.842 31234 31316 E BufferQueueProducer:   [14:0xb40000739c4a6900] state=DEQUEUED 0xb40000739c532c70 frame=336730 [1920x1088:1920,7FA30C06]
05-26 19:34:54.842 31234 31316 E BufferQueueProducer:   [15:0xb40000739c4a6e00] state=DEQUEUED 0xb40000739c532e30 frame=336721 [1920x1088:1920,7FA30C06]
05-26 19:34:54.842 31234 31316 E BufferQueueProducer:   [16:0xb40000739c4a6f00] state=DEQUEUED 0xb40000739c531a10 frame=336723 [1920x1088:1920,7FA30C06]
05-26 19:34:54.842 31234 31316 E BufferQueueProducer:   [17:0xb
05-26 19:34:54.846  4270 25836 D a       : isNetWorkReachable:  end 
05-26 19:34:54.846  4270 25836 D a       : ping isNetWorkReachable: inetAddress.isReachable true www.tencent.com
05-26 19:34:54.846  4270 25836 E a       : netWrokCheck: end
05-26 19:34:54.846  4270 25836 D a       : StatueDao-update name = NETWORKSTATE,value =1
05-26 19:34:54.847  4843 22145 D a       : StatueDao-update name = NETWORKSTATE,value =1
05-26 19:34:54.847  4313  5408 I ARC     : [0:] face_result: result_valid=1, face_id=6, face_rect={658,355,918,615}, return_status=0
05-26 19:34:54.848  4792 20650 D BydTtsEngineImpl: onTransact() called with: code = [6], data = [android.os.Parcel@8b1eec1], reply = [android.os.Parcel@4c7a666], flags = [-2147483630]
05-26 19:34:54.848  4792 20650 D BydTtsEngineImpl: hasPermission() called with: binder = [com.byd.autovoice.b.b@5ee247b]
05-26 19:34:54.848  4792 20650 D BydTtsEngineImpl: getPackageName() called with: pid = [4270]
05-26 19:34:54.851  4792 20650 D BydTtsEngineImpl: hasPermission() called with: callerPackageName = [com.byd.autovoice], binder = [com.byd.autovoice.b.b@5ee247b]
05-26 19:34:54.851  4792 20650 D BydTtsEngineImpl: setParams() called with: ttsSource = [AutoVoice], data = [Bundle[mParcelledData.dataSize=136]]
05-26 19:34:54.851  4792 20650 D a       : StatueDao-update name = NETWORKSTATE,value =1
05-26 19:34:54.857   689 13653 I NormalHal3CamDevice: [frameworks/av/services/bmmcamera/device/src/NormalHal3CamDevice.cpp]:[processFrame]: E, 497 dqzcheckframerate process frame:20798
05-26 19:34:54.863   689 13743 I NormalHal3CamDevice: [frameworks/av/services/bmmcamera/device/src/NormalHal3CamDevice.cpp]:[processFrame]: E, 497 dqzcheckframerate process frame:20803
05-26 19:34:54.865  4313  4313 D BYDAutoSafetyBeltDevice: postEvent device_type: 1042, event_type =12d0003f, value = 0
05-26 19:34:54.865  5591  5591 D BYDAutoYunDevice: postEvent device_type: 1034, event_type =99000021, value = [0, 0, 3, 71, 0, 0, 89, -19, 0, 121, 3, 0, 0, 57, 1, -1, -1, -60]
05-26 19:34:54.865  5591  5591 D BYDAutoYunDevice: postEvent device_type: 1034, event_type =99000021, value = [0, 0, 0, -116, 0, 1, 89, -19, 0, 122, 0, 64, 0, 0, -80, 2, 13, 64]
05-26 19:34:54.866   321 32147 I SDM     : StcManager::ProcessModeRenderIntent():637 Cannot find mode (gamut 255 gamma 255 intent 65535) in mode list
05-26 19:34:54.870  5591  5591 D BYDAutoYunDevice: postEvent device_type: 1034, event_type =99000021, value = [0, 0, 4, 6, 1, 0, 89, -19, 0, 124, 1, -87, -108, 4, 0, 74, 89, 0]
05-26 19:34:54.871 29160 29160 D BYDAutoSafetyBeltDevice: postEvent device_type: 1042, event_type =12d0003f, value = 0
05-26 19:34:54.871  5591  5591 D BYDAutoYunDevice: postEvent device_type: 1034, event_type =99000021, value = [0, 0, 1, 45, 0, 0, 89, -19, 0, -128, -96, 40, 0, 34, 12, 49, 15, -55]
05-26 19:34:54.872  5591  5591 D BYDAutoYunDevice: postEvent device_type: 1034, event_type =99000021, value = [0, 0, 2, -108, 0, 0, 89, -19, 0, -122, 85, 0, 86, 3, 76, 34, 15, -44]
05-26 19:34:54.872  5591  5591 D BYDAutoYunDevice: postEvent device_type: 1034, event_type =99000021, value = [0, 0, 2, -108, 0, 2, 89, -19, 0, -121, 85, 0, 86, 3, 76, 34, 15, -44]
05-26 19:34:54.874   344 13850 I QC2C2DEngine: calcYSize: unsupported or RGB color format, RGBA8888_UBWC(-1040187392)
05-26 19:34:54.876  5591  5591 D BYDAutoYunDevice: postEvent device_type: 1034, event_type =99000021, value = [0, 0, 0, -116, 0, 1, 89, -19, 0, -114, 0, 80, 0, 0, -80, 2, -3, 80]
05-26 19:34:54.878  5591  5591 D BYDAutoYunDevice: postEvent device_type: 1034, event_type =99000021, value = [0, 0, 2, 111, 0, 0, 89, -19, 0, -114, -1, -1, 63, -126, 1, 19, -112, -100]
05-26 19:34:54.880  5591  5591 D BYDAutoYunDevice: postEvent device_type: 1034, event_type =99000021, value = [0, 0, 4, -91, 1, 0, 89, -19, 0, -110, 1, -1, -1, 15, 64, -92, -12, -31]
05-26 19:34:54.885  3368  3586 D CrossControl::Service: handleMessage MSG_SEND_RSE_IP_TO_FSE
05-26 19:34:54.886  3368  3586 D CrossControl::Service: sendWifiIpToFse getConnectState : 0 mDeviceAddr : {}
05-26 19:34:54.886  3368  3586 E CrossControl::Service: sendWifiIpToFse: mDeviceAddr is {}
05-26 19:34:54.886  3368  3586 D CrossControl::Service: sendLeftRseIp : CROSS_DEFAULT
05-26 19:34:54.886  3368  3586 D AbsBYDCrossDevice: set featureID is 0xff300040
05-26 19:34:54.887   667   888 D BYDCrossService: PubSubManager::Pub: FF 30 00 40 00 00 00 0D 43 52 4F 53 53 5F 44 45 46 41 55 4C 54 [21/21]
05-26 19:34:54.887  3368  3586 D CrossControl::Service: sendRightRseIp : CROSS_DEFAULT
05-26 19:34:54.887  3368  3586 D AbsBYDCrossDevice: set featureID is 0xff300041
05-26 19:34:54.888   667   888 D BYDCrossService: PubSubManager::Pub: FF 30 00 41 00 00 00 0D 43 52 4F 53 53 5F 44 45 46 41 55 4C 54 [21/21]
05-26 19:34:54.888  3368  3586 D CrossControl::Service: sendRcsIp : CROSS_DEFAULT
05-26 19:34:54.888  3368  3586 D AbsBYDCrossDevice: set featureID is 0xff300042
05-26 19:34:54.889   667   888 D BYDCrossService: PubSubManager::Pub: FF 30 00 42 00 00 00 0D 43 52 4F 53 53 5F 44 45 46 41 55 4C 54 [21/21]
05-26 19:34:54.890   689 13653 I NormalHal3CamDevice: [frameworks/av/services/bmmcamera/device/src/NormalHal3CamDevice.cpp]:[processFrame]: E, 497 dqzcheckframerate process frame:20799
05-26 19:34:54.891  3368  3586 D CrossControl::Service: needReSendWifiIpToFse mFseRecWifiIpState = 0
05-26 19:34:54.895   689 13743 I NormalHal3CamDevice: [frameworks/av/services/bmmcamera/device/src/NormalHal3CamDevice.cpp]:[processFrame]: E, 497 dqzcheckframerate process frame:20804
05-26 19:34:54.898  5591  5591 D BYDAutoYunDevice: postEvent device_type: 1034, event_type =99000021, value = [0, 0, 2, 64, 0, 2, 89, -19, 0, -99, 0, 66, 26, 52, 63, 9, -120, -97]
05-26 19:34:54.898  5591  5591 D BYDAutoStatisticDevice: postEvent device_type: 1014, event_type =34500018, value = 2463
05-26 19:34:54.898  5591  5591 D BYDAutoYunDevice: postEvent device_type: 1034, event_type =99000021, value = [0, 0, 0, -116, 0, 1, 89, -19, 0, -94, 0, 96, 0, 0, -80, 2, -19, 96]
05-26 19:34:54.899   321 32147 I SDM     : StcManager::ProcessModeRenderIntent():637 Cannot find mode (gamut 255 gamma 255 intent 65535) in mode list
05-26 19:34:54.904   344 13850 I QC2C2DEngine: calcYSize: unsupported or RGB color format, RGBA8888_UBWC(-1040187392)
05-26 19:34:54.905  5591  5591 D BYDAutoYunDevice: postEvent device_type: 1034, event_type =99000021, value = [0, 0, 3, 65, 0, 2, 89, -19, 0, -87, -48, -35, 0, -117, -1, -1, 2, -57]
05-26 19:34:54.914  5591  5591 D BYDAutoYunDevice: postEvent device_type: 1034, event_type =99000021, value = [0, 0, 1, 45, 0, 0, 89, -19, 0, -78, -96, 40, 0, 34, 12, 49, 31, -71]
05-26 19:34:54.915  5591  5591 D BYDAutoStatisticDevice: postEvent device_type: 1014, event_type =44a00020, value = 5009
05-26 19:34:54.917  5591  5591 D BYDAutoYunDevice: postEvent device_type: 1034, event_type =99000021, value = [0, 0, 0, -116, 0, 1, 89, -19, 0, -74, 0, 112, 0, 0, -80, 2, -35, 112]
05-26 19:34:54.917  4313  5408 I ARC     : [0:] face_result: result_valid=1, face_id=6, face_rect={657,357,919,619}, return_status=0
05-26 19:34:54.917  4313  5408 I ARC     : [0:] gazeaoi_result: result_valid=1, gazeaoi=0
05-26 19:34:54.917  5591  5591 D BYDAutoYunDevice: postEvent device_type: 1034, event_type =99000021, value = [0, 0, 4, -71, 0, 0, 89, -19, 0, -72, 101, 15, 0, 9, -128, -16, -1, 15]
05-26 19:34:54.917  5591  5591 D BYDAutoYunDevice: postEvent device_type: 1034, event_type =99000021, value = [0, 0, 2, -108, 0, 0, 89, -19, 0, -71, 85, 0, 86, 3, 76, 34, 0, -29]
05-26 19:34:54.917  5591  5591 D BYDAutoYunDevice: postEvent device_type: 1034, event_type =99000021, value = [0, 0, 2, -108, 0, 2, 89, -19, 0, -71, 85, 0, 86, 3, 76, 34, 0, -29]
05-26 19:34:54.921 31234 31316 E BufferQueueProducer: waitForFreeSlotThenRelock timeout=0, - BufferQueue mMaxAcquiredBufferCount=1 mMaxDequeuedBufferCount=17
05-26 19:34:54.921 31234 31316 E BufferQueueProducer:   mDequeueBufferCannotBlock=0 mAsyncMode=0
05-26 19:34:54.921 31234 31316 E BufferQueueProducer:   mQueueBufferCanDrop=0 mLegacyBufferDrop=1
05-26 19:34:54.921 31234 31316 E BufferQueueProducer:   default-size=[1920x1080] default-format=2   transform-hint=00 frame-counter=336741
05-26 19:34:54.921 31234 31316 E BufferQueueProducer:   mTransformHintInUse=00 mAutoPrerotation=0
05-26 19:34:54.921 31234 31316 E BufferQueueProducer: FIFO(0):
05-26 19:34:54.921 31234 31316 E BufferQueueProducer: (mConsumerName=Wallpaper#0(BLAST Consumer)0, mConnectedApi=3, mConsumerUsageBits=2304, mId=7a0200000000, producer=[31234:com.byd.dogwallpaper], consumer=[31234:com.byd.dogwallpaper])
05-26 19:34:54.921 31234 31316 E BufferQueueProducer: Slots:
05-26 19:34:54.921 31234 31316 E BufferQueueProducer:  >[12:0xb4000073ac759500] state=ACQUIRED 0xb40000739c5317e0 frame=336739 [1920x1088:1920,7FA30C06]
05-26 19:34:54.921 31234 31316 E BufferQueueProducer:   [13:0xb40000739c4a6200] state=DEQUEUED 0xb40000739c532ab0 frame=336736 [1920x1088:1920,7FA30C06]
05-26 19:34:54.921 31234 31316 E BufferQueueProducer:   [14:0xb40000739c4a6900] state=DEQUEUED 0xb40000739c532c70 frame=336730 [1920x1088:1920,7FA30C06]
05-26 19:34:54.921 31234 31316 E BufferQueueProducer:  >[15:0xb40000739c4a6e00] state=ACQUIRED 0xb40000739c532e30 frame=336740 [1920x1088:1920,7FA30C06]
05-26 19:34:54.921 31234 31316 E BufferQueueProducer:   [16:0xb40000739c4a6f00] state=DEQUEUED 0xb40000739c531a10 frame=336723 [1920x1088:1920,7FA30C06]
05-26 19:34:54.921 31234 31316 E BufferQueueProducer:   [17:0xb
05-26 19:34:54.923  5591  5591 D BYDAutoYunDevice: postEvent device_type: 1034, event_type =99000021, value = [0, 0, 4, 52, 0, 0, 89, -19, 0, -70, 0, 0, 8, 0, -120, 68, 50, -7]
05-26 19:34:54.923   689 13653 I NormalHal3CamDevice: [frameworks/av/services/bmmcamera/device/src/NormalHal3CamDevice.cpp]:[processFrame]: E, 497 dqzcheckframerate process frame:20800
05-26 19:34:54.928   689 13743 I NormalHal3CamDevice: [frameworks/av/services/bmmcamera/device/src/NormalHal3CamDevice.cpp]:[processFrame]: E, 497 dqzcheckframerate process frame:20805
05-26 19:34:54.931  5591  5591 D BYDAutoYunDevice: postEvent device_type: 1034, event_type =99000021, value = [0, 0, 2, 111, 0, 0, 89, -19, 0, -64, -1, -1, 63, -126, 1, 19, -96, -116]
05-26 19:34:54.932 31234 31316 E BufferQueueProducer: waitForFreeSlotThenRelock timeout=0, - BufferQueue mMaxAcquiredBufferCount=1 mMaxDequeuedBufferCount=17
05-26 19:34:54.932 31234 31316 E BufferQueueProducer:   mDequeueBufferCannotBlock=0 mAsyncMode=0
05-26 19:34:54.932 31234 31316 E BufferQueueProducer:   mQueueBufferCanDrop=0 mLegacyBufferDrop=1
05-26 19:34:54.932 31234 31316 E BufferQueueProducer:   default-size=[1920x1080] default-format=2   transform-hint=00 frame-counter=336741
05-26 19:34:54.932 31234 31316 E BufferQueueProducer:   mTransformHintInUse=00 mAutoPrerotation=0
05-26 19:34:54.932 31234 31316 E BufferQueueProducer: FIFO(0):
05-26 19:34:54.932 31234 31316 E BufferQueueProducer: (mConsumerName=Wallpaper#0(BLAST Consumer)0, mConnectedApi=3, mConsumerUsageBits=2304, mId=7a0200000000, producer=[31234:com.byd.dogwallpaper], consumer=[31234:com.byd.dogwallpaper])
05-26 19:34:54.932 31234 31316 E BufferQueueProducer: Slots:
05-26 19:34:54.932 31234 31316 E BufferQueueProducer:  >[12:0xb4000073ac759500] state=ACQUIRED 0xb40000739c5317e0 frame=336739 [1920x1088:1920,7FA30C06]
05-26 19:34:54.932 31234 31316 E BufferQueueProducer:   [13:0xb40000739c4a6200] state=DEQUEUED 0xb40000739c532ab0 frame=336736 [1920x1088:1920,7FA30C06]
05-26 19:34:54.932 31234 31316 E BufferQueueProducer:   [14:0xb40000739c4a6900] state=DEQUEUED 0xb40000739c532c70 frame=336730 [1920x1088:1920,7FA30C06]
05-26 19:34:54.932 31234 31316 E BufferQueueProducer:  >[15:0xb40000739c4a6e00] state=ACQUIRED 0xb40000739c532e30 frame=336740 [1920x1088:1920,7FA30C06]
05-26 19:34:54.932 31234 31316 E BufferQueueProducer:   [16:0xb40000739c4a6f00] state=DEQUEUED 0xb40000739c531a10 frame=336723 [1920x1088:1920,7FA30C06]
05-26 19:34:54.932 31234 31316 E BufferQueueProducer:   [17:0xb
05-26 19:34:54.932   321 32147 I SDM     : StcManager::ProcessModeRenderIntent():637 Cannot find mode (gamut 255 gamma 255 intent 65535) in mode list
05-26 19:34:54.936   344 13850 I QC2C2DEngine: calcYSize: unsupported or RGB color format, RGBA8888_UBWC(-1040187392)
05-26 19:34:54.936  5591  5591 D BYDAutoYunDevice: postEvent device_type: 1034, event_type =99000021, value = [0, 0, 3, 97, 0, 2, 89, -19, 0, -56, -47, -1, 10, 0, 0, 0, 0, 37]
05-26 19:34:54.938  5591  5591 D BYDAutoYunDevice: postEvent device_type: 1034, event_type =99000021, value = [0, 0, 0, -116, 0, 1, 89, -19, 0, -54, 0, -128, 0, 0, -80, 2, -51, -128]
05-26 19:34:54.940  5591  5591 D BYDAutoYunDevice: postEvent device_type: 1034, event_type =99000021, value = [0, 0, 4, 73, 0, 2, 89, -19, 0, -51, 5, -74, -50, 100, 93, -36, 2, 3]
05-26 19:34:54.947  3409  3466 D WlanUdpManager: wifiApInterface = eth0
05-26 19:34:54.947  3409  3466 D WlanUdpManager: mHostAddress is *.*.0.0
05-26 19:34:54.947  3368  3586 D CrossControl::Service: setLocalAddr is *.*.0.0 mDeviceType = 1
05-26 19:34:54.947  3368  3586 D AbsBYDCrossDevice: set featureID is 0xff300004
05-26 19:34:54.948  3368  3586 D CrossControl::Service: handleCross getConnectState : 0 mDeviceAddr : {}
05-26 19:34:54.948  3368  3586 E CrossControl::Service: handleCross: mDeviceAddr is {}
05-26 19:34:54.948  3368  3586 D CrossControl::Service: shouldResubWifiDevice() :  current online [ivi, fse, lrse, rrse, rcs, uav, pad1, pad2] = [true, false, false, false, false, false, false, false]
05-26 19:34:54.950  3368  3586 D CrossControl::Service: shouldResubEthernetDevice mDeviceType : 1 mRIESConfig:0 mLRSEConfig:2 mRRSEConfig:2 mFseEthernetStatus:-1 current online [ivi, fse, lrse, rrse, rcs, uav, pad1, pad2] = [true, false, false, false, false, false, false, false]
05-26 19:34:54.955  5591  5591 D BYDAutoSensorDevice: postEvent device_type: 1043, event_type =22300008, value = 808
05-26 19:34:54.957   689 13653 I NormalHal3CamDevice: [frameworks/av/services/bmmcamera/device/src/NormalHal3CamDevice.cpp]:[processFrame]: E, 497 dqzcheckframerate process frame:20801
05-26 19:34:54.959  5591  5591 D BYDAutoYunDevice: postEvent device_type: 1034, event_type =99000021, value = [0, 0, 3, 71, 0, 0, 89, -19, 0, -34, 3, 0, 0, 57, 1, -1, -1, -60]
05-26 19:34:54.961  5591  5591 D BYDAutoYunDevice: postEvent device_type: 1034, event_type =99000021, value = [0, 0, 0, -116, 0, 1, 89, -19, 0, -34, 0, -112, 0, 0, -80, 2, -67, -112]
05-26 19:34:54.963   689 13743 I NormalHal3CamDevice: [frameworks/av/services/bmmcamera/device/src/NormalHal3CamDevice.cpp]:[processFrame]: E, 497 dqzcheckframerate process frame:20806
05-26 19:34:54.966   321 32147 I SDM     : StcManager::ProcessModeRenderIntent():637 Cannot find mode (gamut 255 gamma 255 intent 65535) in mode list
05-26 19:34:54.967  5591  5591 D BYDAutoYunDevice: postEvent device_type: 1034, event_type =99000021, value = [0, 0, 4, -122, 0, 0, 89, -19, 0, -27, 8, 72, 0, 0, 0, 0, 0, 1]
05-26 19:34:54.967  5591  5591 D BYDAutoYunDevice: postEvent device_type: 1034, event_type =99000021, value = [0, 0, 1, 45, 0, 0, 89, -19, 0, -26, -96, 40, 0, 34, 12, 49, 47, -87]
05-26 19:34:54.971   344 13850 I QC2C2DEngine: calcYSize: unsupported or RGB color format, RGBA8888_UBWC(-1040187392)
05-26 19:34:54.975  5591  5591 D BYDAutoYunDevice: postEvent device_type: 1034, event_type =99000021, value = [0, 0, 2, -108, 0, 0, 89, -19, 0, -22, 85, 0, 86, 3, 76, 34, 1, -30]
05-26 19:34:54.975  5591  5591 D BYDAutoYunDevice: postEvent device_type: 1034, event_type =99000021, value = [0, 0, 2, -108, 0, 2, 89, -19, 0, -21, 85, 0, 86, 3, 76, 34, 1, -30]
05-26 19:34:54.976  5591  5591 D BYDAutoYunDevice: postEvent device_type: 1034, event_type =99000021, value = [0, 0, 0, -116, 0, 1, 89, -19, 0, -14, 0, -96, 0, 0, -80, 2, -83, -96]
05-26 19:34:54.976  5591  5591 D BYDAutoYunDevice: postEvent device_type: 1034, event_type =99000021, value = [0, 0, 2, 111, 0, 0, 89, -19, 0, -14, -1, -1, 63, -126, 1, 19, -80, 124]
05-26 19:34:54.984  5591  5591 D BYDAutoYunDevice: postEvent device_type: 1034, event_type =99000021, value = [0, 0, 4, 108, 0, 2, 89, -19, 0, -6, 16, 39, 16, 39, -1, -1, -1, -1]
05-26 19:34:54.990   689 13653 I NormalHal3CamDevice: [frameworks/av/services/bmmcamera/device/src/NormalHal3CamDevice.cpp]:[processFrame]: E, 497 dqzcheckframerate process frame:20802
05-26 19:34:54.996   689 13743 I NormalHal3CamDevice: [frameworks/av/services/bmmcamera/device/src/NormalHal3CamDevice.cpp]:[processFrame]: E, 497 dqzcheckframerate process frame:20807
05-26 19:34:54.997 31234 31311 D PipelineWatcher: DEBUG: elapsed 6 / 14
05-26 19:34:54.999   321 32147 I SDM     : StcManager::ProcessModeRenderIntent():637 Cannot find mode (gamut 255 gamma 255 intent 65535) in mode list
05-26 19:34:55.002  5591  5591 D BYDAutoYunDevice: postEvent device_type: 1034, event_type =99000021, value = [0, 0, 0, -116, 0, 1, 89, -19, 1, 6, 0, -80, 0, 0, -80, 2, -99, -80]
05-26 19:34:55.006   344 13850 I QC2C2DEngine: calcYSize: unsupported or RGB color format, RGBA8888_UBWC(-1040187392)
05-26 19:34:55.016  5591  5591 D BYDAutoStatisticDevice: postEvent device_type: 1014, event_type =44a00020, value = 5008
05-26 19:34:55.016  5591  5591 D BYDAutoYunDevice: postEvent device_type: 1034, event_type =99000021, value = [0, 0, 1, 45, 0, 0, 89, -19, 1, 24, -96, 40, 0, 34, 12, 49, 63, -103]
05-26 19:34:55.017  5591  5591 D BYDAutoYunDevice: postEvent device_type: 1034, event_type =99000021, value = [0, 0, 0, -116, 0, 1, 89, -19, 1, 26, 0, -64, 0, 0, -80, 2, -115, -64]
05-26 19:34:55.019   667   910 E BYDCrossService: PubSubManager::threadLoop zmq_recv failed errno(b)=Try again
05-26 19:34:55.021 31234 31316 E BufferQueueProducer: waitForFreeSlotThenRelock timeout=0, - BufferQueue mMaxAcquiredBufferCount=1 mMaxDequeuedBufferCount=17
05-26 19:34:55.021 31234 31316 E BufferQueueProducer:   mDequeueBufferCannotBlock=0 mAsyncMode=0
05-26 19:34:55.021 31234 31316 E BufferQueueProducer:   mQueueBufferCanDrop=0 mLegacyBufferDrop=1
05-26 19:34:55.021 31234 31316 E BufferQueueProducer:   default-size=[1920x1080] default-format=2   transform-hint=00 frame-counter=336743
05-26 19:34:55.021 31234 31316 E BufferQueueProducer:   mTransformHintInUse=00 mAutoPrerotation=0
05-26 19:34:55.021 31234 31316 E BufferQueueProducer: FIFO(0):
05-26 19:34:55.021 31234 31316 E BufferQueueProducer: (mConsumerName=Wallpaper#0(BLAST Consumer)0, mConnectedApi=3, mConsumerUsageBits=2304, mId=7a0200000000, producer=[31234:com.byd.dogwallpaper], consumer=[31234:com.byd.dogwallpaper])
05-26 19:34:55.021 31234 31316 E BufferQueueProducer: Slots:
05-26 19:34:55.021 31234 31316 E BufferQueueProducer:   [12:0xb4000073ac759500] state=DEQUEUED 0xb40000739c5317e0 frame=336739 [1920x1088:1920,7FA30C06]
05-26 19:34:55.021 31234 31316 E BufferQueueProducer:   [13:0xb40000739c4a6200] state=DEQUEUED 0xb40000739c532ab0 frame=336736 [1920x1088:1920,7FA30C06]
05-26 19:34:55.021 31234 31316 E BufferQueueProducer:   [14:0xb40000739c4a6900] state=DEQUEUED 0xb40000739c532c70 frame=336730 [1920x1088:1920,7FA30C06]
05-26 19:34:55.021 31234 31316 E BufferQueueProducer:   [15:0xb40000739c4a6e00] state=DEQUEUED 0xb40000739c532e30 frame=336740 [1920x1088:1920,7FA30C06]
05-26 19:34:55.021 31234 31316 E BufferQueueProducer:  >[16:0xb40000739c4a6f00] state=ACQUIRED 0xb40000739c531a10 frame=336743 [1920x1088:1920,7FA30C06]
05-26 19:34:55.021 31234 31316 E BufferQueueProducer:   [17:0xb
05-26 19:34:55.023   689 13653 I NormalHal3CamDevice: [frameworks/av/services/bmmcamera/device/src/NormalHal3CamDevice.cpp]:[processFrame]: E, 497 dqzcheckframerate process frame:20803
05-26 19:34:55.027  5591  5591 D BYDAutoYunDevice: postEvent device_type: 1034, event_type =99000021, value = [0, 0, 2, -108, 0, 0, 89, -19, 1, 28, 85, 0, 86, 3, 76, 34, 2, -31]
05-26 19:34:55.028   689 13743 I NormalHal3CamDevice: [frameworks/av/services/bmmcamera/device/src/NormalHal3CamDevice.cpp]:[processFrame]: E, 497 dqzcheckframerate process frame:20808
05-26 19:34:55.030  5591  5591 D BYDAutoYunDevice: postEvent device_type: 1034, event_type =99000021, value = [0, 0, 2, -108, 0, 2, 89, -19, 1, 29, 85, 0, 86, 3, 76, 34, 2, -31]
05-26 19:34:55.031  5591  5591 D BYDAutoYunDevice: postEvent device_type: 1034, event_type =99000021, value = [0, 0, 2, 111, 0, 0, 89, -19, 1, 36, -1, -1, 63, -126, 1, 19, -64, 108]
05-26 19:34:55.031  5591  5591 D BYDAutoYunDevice: postEvent device_type: 1034, event_type =99000021, value = [0, 0, 4, -91, 4, 0, 89, -19, 1, 39, 4, -1, -1, -1, -1, -1, -2, -17]
05-26 19:34:55.033   321 32147 I SDM     : StcManager::ProcessModeRenderIntent():637 Cannot find mode (gamut 255 gamma 255 intent 65535) in mode list
05-26 19:34:55.034  5591  5591 D BYDAutoSensorDevice: postEvent device_type: 1043, event_type =3bd00158, value = 552
05-26 19:34:55.037 31234 31316 E BufferQueueProducer: waitForFreeSlotThenRelock timeout=0, - BufferQueue mMaxAcquiredBufferCount=1 mMaxDequeuedBufferCount=17
05-26 19:34:55.037 31234 31316 E BufferQueueProducer:   mDequeueBufferCannotBlock=0 mAsyncMode=0
05-26 19:34:55.037 31234 31316 E BufferQueueProducer:   mQueueBufferCanDrop=0 mLegacyBufferDrop=1
05-26 19:34:55.037 31234 31316 E BufferQueueProducer:   default-size=[1920x1080] default-format=2   transform-hint=00 frame-counter=336744
05-26 19:34:55.037 31234 31316 E BufferQueueProducer:   mTransformHintInUse=00 mAutoPrerotation=0
05-26 19:34:55.037 31234 31316 E BufferQueueProducer: FIFO(0):
05-26 19:34:55.037 31234 31316 E BufferQueueProducer: (mConsumerName=Wallpaper#0(BLAST Consumer)0, mConnectedApi=3, mConsumerUsageBits=2304, mId=7a0200000000, producer=[31234:com.byd.dogwallpaper], consumer=[31234:com.byd.dogwallpaper])
05-26 19:34:55.037 31234 31316 E BufferQueueProducer: Slots:
05-26 19:34:55.037 31234 31316 E BufferQueueProducer:   [12:0xb4000073ac759500] state=DEQUEUED 0xb40000739c5317e0 frame=336739 [1920x1088:1920,7FA30C06]
05-26 19:34:55.037 31234 31316 E BufferQueueProducer:   [13:0xb40000739c4a6200] state=DEQUEUED 0xb40000739c532ab0 frame=336736 [1920x1088:1920,7FA30C06]
05-26 19:34:55.037 31234 31316 E BufferQueueProducer:   [14:0xb40000739c4a6900] state=DEQUEUED 0xb40000739c532c70 frame=336730 [1920x1088:1920,7FA30C06]
05-26 19:34:55.037 31234 31316 E BufferQueueProducer:   [15:0xb40000739c4a6e00] state=DEQUEUED 0xb40000739c532e30 frame=336740 [1920x1088:1920,7FA30C06]
05-26 19:34:55.037 31234 31316 E BufferQueueProducer:  >[16:0xb40000739c4a6f00] state=ACQUIRED 0xb40000739c531a10 frame=336743 [1920x1088:1920,7FA30C06]
05-26 19:34:55.037 31234 31316 E BufferQueueProducer:   [17:0xb
05-26 19:34:55.037   344 13850 I QC2C2DEngine: calcYSize: unsupported or RGB color format, RGBA8888_UBWC(-1040187392)
05-26 19:34:55.039  5591  5591 D BYDAutoYunDevice: postEvent device_type: 1034, event_type =99000021, value = [0, 0, 0, -116, 0, 1, 89, -19, 1, 46, 0, -48, 0, 0, -80, 2, 125, -48]
05-26 19:34:55.050  4313  5408 I ARC     : [0:] face_result: result_valid=1, face_id=6, face_rect={654,360,922,628}, return_status=0
05-26 19:34:55.055  5591  5591 D BYDAutoSensorDevice: postEvent device_type: 1043, event_type =22300008, value = 809
05-26 19:34:55.056   689 13653 I NormalHal3CamDevice: [frameworks/av/services/bmmcamera/device/src/NormalHal3CamDevice.cpp]:[processFrame]: E, 497 dqzcheckframerate process frame:20804
05-26 19:34:55.057  5591  5591 D BYDAutoYunDevice: postEvent device_type: 1034, event_type =99000021, value = [0, 0, 3, 71, 0, 0, 89, -19, 1, 66, 3, 0, 0, 57, 1, -1, -1, -60]
05-26 19:34:55.059  5591  5591 D BYDAutoYunDevice: postEvent device_type: 1034, event_type =99000021, value = [0, 0, 0, -116, 0, 1, 89, -19, 1, 66, 0, -32, 0, 0, -80, 2, 109, -32]
05-26 19:34:55.062   689 13743 I NormalHal3CamDevice: [frameworks/av/services/bmmcamera/device/src/NormalHal3CamDevice.cpp]:[processFrame]: E, 497 dqzcheckframerate process frame:20809
05-26 19:34:55.064  5591  5591 D BYDAutoYunDevice: postEvent device_type: 1034, event_type =99000021, value = [0, 0, 4, -6, 0, 0, 89, -19, 1, 72, 9, -128, -86, 0, 0, -127, -127, 34]
05-26 19:34:55.066   321 32147 I SDM     : StcManager::ProcessModeRenderIntent():637 Cannot find mode (gamut 255 gamma 255 intent 65535) in mode list
05-26 19:34:55.069  5591  5591 D BYDAutoYunDevice: postEvent device_type: 1034, event_type =99000021, value = [0, 0, 3, 35, 0, 0, 89, -19, 1, 73, 64, -1, -2, 15, -1, -1, 3, -78]
05-26 19:34:55.071   344 13850 I QC2C2DEngine: calcYSize: unsupported or RGB color format, RGBA8888_UBWC(-1040187392)
05-26 19:34:55.075  5591  5591 D BYDAutoYunDevice: postEvent device_type: 1034, event_type =99000021, value = [0, 0, 1, 45, 0, 0, 89, -19, 1, 78, -96, 40, 0, 34, 12, 49, 79, -119]
05-26 19:34:55.075  5591  5591 D BYDAutoYunDevice: postEvent device_type: 1034, event_type =99000021, value = [0, 0, 2, -108, 0, 0, 89, -19, 1, 84, 85, 0, 86, 3, 76, 34, 3, -32]
05-26 19:34:55.075  5591  5591 D BYDAutoYunDevice: postEvent device_type: 1034, event_type =99000021, value = [0, 0, 2, -108, 0, 2, 89, -19, 1, 85, 85, 0, 86, 3, 76, 34, 3, -32]
05-26 19:34:55.077  5591  5591 D BYDAutoYunDevice: postEvent device_type: 1034, event_type =99000021, value = [0, 0, 0, -116, 0, 1, 89, -19, 1, 86, 0, -16, 0, 0, -80, 2, 93, -16]
05-26 19:34:55.080  5591  5591 D BYDAutoYunDevice: postEvent device_type: 1034, event_type =99000021, value = [0, 0, 2, 111, 0, 0, 89, -19, 1, 90, -1, -1, 63, -126, 1, 19, -48, 92]
05-26 19:34:55.089   689 13653 I NormalHal3CamDevice: [frameworks/av/services/bmmcamera/device/src/NormalHal3CamDevice.cpp]:[processFrame]: E, 497 dqzcheckframerate process frame:20805
05-26 19:34:55.095   689 13743 I NormalHal3CamDevice: [frameworks/av/services/bmmcamera/device/src/NormalHal3CamDevice.cpp]:[processFrame]: E, 497 dqzcheckframerate process frame:20810
05-26 19:34:55.098  5591  5591 D BYDAutoYunDevice: postEvent device_type: 1034, event_type =99000021, value = [0, 0, 0, -116, 0, 1, 89, -19, 1, 106, 0, 0, 0, 0, -80, 2, 77, 0]
05-26 19:34:55.099   321 32147 I SDM     : StcManager::ProcessModeRenderIntent():637 Cannot find mode (gamut 255 gamma 255 intent 65535) in mode list
05-26 19:34:55.101  5591  5591 D BYDAutoYunDevice: postEvent device_type: 1034, event_type =99000021, value = [0, 0, 4, -91, 5, 0, 89, -19, 1, 110, 5, -1, 127, -115, -124, -111, 118, 82]
05-26 19:34:55.102  5591  5591 D BYDAutoYunDevice: postEvent device_type: 1034, event_type =99000021, value = [0, 0, 3, -39, 3, 0, 89, -19, 1, 112, 3, 0, 2, 4, -32, -1, -1, -1]
05-26 19:34:55.104   344 13850 I QC2C2DEngine: calcYSize: unsupported or RGB color format, RGBA8888_UBWC(-1040187392)
05-26 19:34:55.106  4617 13655 D [CDR_GPUCamera]: [CDR_EglEnvContainer][initBackgroundThread()][Camera FPS]33
05-26 19:34:55.106  5591  5591 D BYDAutoYunDevice: postEvent device_type: 1034, event_type =99000021, value = [0, 0, 3, -39, 3, 2, 89, -19, 1, 113, 3, 0, 2, 4, -32, -1, -1, -1]
05-26 19:34:55.116 31234 31316 E BufferQueueProducer: waitForFreeSlotThenRelock timeout=0, - BufferQueue mMaxAcquiredBufferCount=1 mMaxDequeuedBufferCount=17
05-26 19:34:55.116 31234 31316 E BufferQueueProducer:   mDequeueBufferCannotBlock=0 mAsyncMode=0
05-26 19:34:55.116 31234 31316 E BufferQueueProducer:   mQueueBufferCanDrop=0 mLegacyBufferDrop=1
05-26 19:34:55.116 31234 31316 E BufferQueueProducer:   default-size=[1920x1080] default-format=2   transform-hint=00 frame-counter=336746
05-26 19:34:55.116 31234 31316 E BufferQueueProducer:   mTransformHintInUse=00 mAutoPrerotation=0
05-26 19:34:55.116 31234 31316 E BufferQueueProducer: FIFO(0):
05-26 19:34:55.116 31234 31316 E BufferQueueProducer: (mConsumerName=Wallpaper#0(BLAST Consumer)0, mConnectedApi=3, mConsumerUsageBits=2304, mId=7a0200000000, producer=[31234:com.byd.dogwallpaper], consumer=[31234:com.byd.dogwallpaper])
05-26 19:34:55.116 31234 31316 E BufferQueueProducer: Slots:
05-26 19:34:55.116 31234 31316 E BufferQueueProducer:   [12:0xb4000073ac759500] state=DEQUEUED 0xb40000739c5317e0 frame=336739 [1920x1088:1920,7FA30C06]
05-26 19:34:55.116 31234 31316 E BufferQueueProducer:   [13:0xb40000739c4a6200] state=DEQUEUED 0xb40000739c532ab0 frame=336736 [1920x1088:1920,7FA30C06]
05-26 19:34:55.116 31234 31316 E BufferQueueProducer:   [14:0xb40000739c4a6900] state=DEQUEUED 0xb40000739c532c70 frame=336730 [1920x1088:1920,7FA30C06]
05-26 19:34:55.116 31234 31316 E BufferQueueProducer:   [15:0xb40000739c4a6e00] state=DEQUEUED 0xb40000739c532e30 frame=336740 [1920x1088:1920,7FA30C06]
05-26 19:34:55.116 31234 31316 E BufferQueueProducer:   [16:0xb40000739c4a6f00] state=DEQUEUED 0xb40000739c531a10 frame=336743 [1920x1088:1920,7FA30C06]
05-26 19:34:55.116 31234 31316 E BufferQueueProducer:  >[17:0xb
05-26 19:34:55.116  5591  5591 D BYDAutoYunDevice: postEvent device_type: 1034, event_type =99000021, value = [0, 0, 0, -116, 0, 1, 89, -19, 1, 126, 0, 16, 0, 0, -80, 2, 61, 16]
05-26 19:34:55.119  5591  5591 D BYDAutoYunDevice: postEvent device_type: 1034, event_type =99000021, value = [0, 0, 1, 45, 0, 0, 89, -19, 1, -128, -96, 40, 0, 34, 12, 49, 95, 121]
05-26 19:34:55.124   689 13653 I NormalHal3CamDevice: [frameworks/av/services/bmmcamera/device/src/NormalHal3CamDevice.cpp]:[processFrame]: E, 497 dqzcheckframerate process frame:20806
05-26 19:34:55.126  5591  5591 D BYDAutoYunDevice: postEvent device_type: 1034, event_type =99000021, value = [0, 0, 2, -108, 0, 0, 89, -19, 1, -121, 85, 0, 86, 3, 76, 34, 4, -33]
05-26 19:34:55.126  5591  5591 D BYDAutoYunDevice: postEvent device_type: 1034, event_type =99000021, value = [0, 0, 2, -108, 0, 2, 89, -19, 1, -120, 85, 0, 86, 3, 76, 34, 4, -33]
05-26 19:34:55.127 31234 31316 E BufferQueueProducer: waitForFreeSlotThenRelock timeout=0, - BufferQueue mMaxAcquiredBufferCount=1 mMaxDequeuedBufferCount=17
05-26 19:34:55.127 31234 31316 E BufferQueueProducer:   mDequeueBufferCannotBlock=0 mAsyncMode=0
05-26 19:34:55.127 31234 31316 E BufferQueueProducer:   mQueueBufferCanDrop=0 mLegacyBufferDrop=1
05-26 19:34:55.127 31234 31316 E BufferQueueProducer:   default-size=[1920x1080] default-format=2   transform-hint=00 frame-counter=336747
05-26 19:34:55.127 31234 31316 E BufferQueueProducer:   mTransformHintInUse=00 mAutoPrerotation=0
05-26 19:34:55.127 31234 31316 E BufferQueueProducer: FIFO(0):
05-26 19:34:55.127 31234 31316 E BufferQueueProducer: (mConsumerName=Wallpaper#0(BLAST Consumer)0, mConnectedApi=3, mConsumerUsageBits=2304, mId=7a0200000000, producer=[31234:com.byd.dogwallpaper], consumer=[31234:com.byd.dogwallpaper])
05-26 19:34:55.127 31234 31316 E BufferQueueProducer: Slots:
05-26 19:34:55.127 31234 31316 E BufferQueueProducer:   [12:0xb4000073ac759500] state=DEQUEUED 0xb40000739c5317e0 frame=336739 [1920x1088:1920,7FA30C06]
05-26 19:34:55.127 31234 31316 E BufferQueueProducer:   [13:0xb40000739c4a6200] state=DEQUEUED 0xb40000739c532ab0 frame=336736 [1920x1088:1920,7FA30C06]
05-26 19:34:55.127 31234 31316 E BufferQueueProducer:  >[14:0xb40000739c4a6900] state=ACQUIRED 0xb40000739c532c70 frame=336747 [1920x1088:1920,7FA30C06]
05-26 19:34:55.127 31234 31316 E BufferQueueProducer:   [15:0xb40000739c4a6e00] state=DEQUEUED 0xb40000739c532e30 frame=336740 [1920x1088:1920,7FA30C06]
05-26 19:34:55.127 31234 31316 E BufferQueueProducer:   [16:0xb40000739c4a6f00] state=DEQUEUED 0xb40000739c531a10 frame=336743 [1920x1088:1920,7FA30C06]
05-26 19:34:55.127 31234 31316 E BufferQueueProducer:  >[17:0xb
05-26 19:34:55.128  5591  5591 D BYDAutoSensorDevice: postEvent device_type: 1043, event_type =40200008, value = -44
05-26 19:34:55.128  5591  5591 D BYDAutoSettingDevice: postEvent device_type: 1023, event_type =48600040, value = 0
05-26 19:34:55.129   689 13743 I NormalHal3CamDevice: [frameworks/av/services/bmmcamera/device/src/NormalHal3CamDevice.cpp]:[processFrame]: E, 497 dqzcheckframerate process frame:20811
05-26 19:34:55.130  5591  5591 D BYDAutoSettingDevice: postEvent device_type: 1023, event_type =40200037, value = 0
05-26 19:34:55.132  5591  5591 D BYDAutoYunDevice: postEvent device_type: 1034, event_type =99000021, value = [0, 0, 2, 111, 0, 0, 89, -19, 1, -115, -1, -1, 63, -126, 1, 19, -32, 76]
05-26 19:34:55.132  5591  5591 D BYDAutoSettingDevice: postEvent device_type: 1023, event_type =42f00037, value = 0
05-26 19:34:55.133   321 32147 I SDM     : StcManager::ProcessModeRenderIntent():637 Cannot find mode (gamut 255 gamma 255 intent 65535) in mode list
05-26 19:34:55.135  5591  5591 D BYDAutoYunDevice: postEvent device_type: 1034, event_type =99000021, value = [0, 0, 0, -116, 0, 1, 89, -19, 1, -110, 0, 32, 0, 0, -80, 2, 45, 32]
05-26 19:34:55.138   344 13850 I QC2C2DEngine: calcYSize: unsupported or RGB color format, RGBA8888_UBWC(-1040187392)
05-26 19:34:55.140  5591  5591 D BYDAutoYunDevice: postEvent device_type: 1034, event_type =99000021, value = [0, 0, 3, 54, 0, 0, 89, -19, 1, -107, 4, 3, 0, -1, 63, 0, 24, 1]
05-26 19:34:55.156   689 13653 I NormalHal3CamDevice: [frameworks/av/services/bmmcamera/device/src/NormalHal3CamDevice.cpp]:[processFrame]: E, 497 dqzcheckframerate process frame:20807
05-26 19:34:55.160  5591  5591 D BYDAutoYunDevice: postEvent device_type: 1034, event_type =99000021, value = [0, 0, 0, -116, 0, 1, 89, -19, 1, -90, 0, 48, 0, 0, -80, 2, 29, 48]
05-26 19:34:55.160  5591  5591 D BYDAutoYunDevice: postEvent device_type: 1034, event_type =99000021, value = [0, 0, 3, 71, 0, 0, 89, -19, 1, -88, 3, 0, 0, 57, 1, -1, -1, -60]
05-26 19:34:55.162   689 13743 I NormalHal3CamDevice: [frameworks/av/services/bmmcamera/device/src/NormalHal3CamDevice.cpp]:[processFrame]: E, 497 dqzcheckframerate process frame:20812
05-26 19:34:55.166   321 32147 I SDM     : StcManager::ProcessModeRenderIntent():637 Cannot find mode (gamut 255 gamma 255 intent 65535) in mode list
05-26 19:34:55.170  5591  5591 D BYDAutoYunDevice: postEvent device_type: 1034, event_type =99000021, value = [0, 0, 1, 45, 0, 0, 89, -19, 1, -78, -96, 40, 0, 34, 12, 49, 111, 105]
05-26 19:34:55.171   344 13850 I QC2C2DEngine: calcYSize: unsupported or RGB color format, RGBA8888_UBWC(-1040187392)
05-26 19:34:55.176  5591  5591 D BYDAutoYunDevice: postEvent device_type: 1034, event_type =99000021, value = [0, 0, 0, -116, 0, 1, 89, -19, 1, -70, 0, 64, 0, 0, -80, 2, 13, 64]
05-26 19:34:55.176  5591  5591 D BYDAutoYunDevice: postEvent device_type: 1034, event_type =99000021, value = [0, 0, 4, 4, 0, 0, 89, -19, 1, -69, 33, 86, 1, 92, 22, 22, -107, -115]
05-26 19:34:55.177  5591  5591 D BYDAutoYunDevice: postEvent device_type: 1034, event_type =99000021, value = [0, 0, 2, -108, 0, 0, 89, -19, 1, -68, 85, 0, 86, 3, 76, 34, 5, -34]
05-26 19:34:55.177  5591  5591 D BYDAutoYunDevice: postEvent device_type: 1034, event_type =99000021, value = [0, 0, 2, -108, 0, 2, 89, -19, 1, -68, 85, 0, 86, 3, 76, 34, 5, -34]
05-26 19:34:55.181  5591  5591 D BYDAutoYunDevice: postEvent device_type: 1034, event_type =99000021, value = [0, 0, 2, 111, 0, 0, 89, -19, 1, -64, -1, -1, 63, -126, 1, 19, -16, 60]
