--------- beginning of main
05-26 19:34:51.863   689 13743 I NormalHal3CamDevice: [frameworks/av/services/bmmcamera/device/src/NormalHal3CamDevice.cpp]:[processFrame]: E, 497 dqzcheckframerate process frame:20713
05-26 19:34:51.870  5591  5591 D BYDAutoYunDevice: postEvent device_type: 1034, event_type =99000021, value = [0, 0, 1, 45, 0, 0, 89, -20, -12, -50, -96, 40, 0, 34, 12, 49, 95, 121]
05-26 19:34:51.872   344 13850 I QC2C2DEngine: calcYSize: unsupported or RGB color format, RGBA8888_UBWC(-1040187392)
05-26 19:34:51.874  5591  5591 D BYDAutoYunDevice: postEvent device_type: 1034, event_type =99000021, value = [0, 0, 4, -91, 1, 0, 89, -20, -12, -46, 1, -1, -1, 15, 64, -92, -12, -31]
05-26 19:34:51.875  5591  5591 D BYDAutoStatisticDevice: postEvent device_type: 1014, event_type =34500018, value = 2459
05-26 19:34:51.875  5591  5591 D BYDAutoYunDevice: postEvent device_type: 1034, event_type =99000021, value = [0, 0, 0, -116, 0, 1, 89, -20, -12, -42, 0, -16, 0, 0, -80, 2, 93, -16]
05-26 19:34:51.876  3546  6650 I GpsInfoNmeaFileUtils: write nmea to file is running
05-26 19:34:51.879  5591  5591 D BYDAutoYunDevice: postEvent device_type: 1034, event_type =99000021, value = [0, 0, 2, -108, 0, 0, 89, -20, -12, -39, 85, 0, 86, 3, 76, 34, 4, -33]
05-26 19:34:51.879  5591  5591 D BYDAutoYunDevice: postEvent device_type: 1034, event_type =99000021, value = [0, 0, 2, -108, 0, 2, 89, -20, -12, -39, 85, 0, 86, 3, 76, 34, 4, -33]
05-26 19:34:51.881 31234 31316 E BufferQueueProducer: waitForFreeSlotThenRelock timeout=0, - BufferQueue mMaxAcquiredBufferCount=1 mMaxDequeuedBufferCount=17
05-26 19:34:51.881 31234 31316 E BufferQueueProducer:   mDequeueBufferCannotBlock=0 mAsyncMode=0
05-26 19:34:51.881 31234 31316 E BufferQueueProducer:   mQueueBufferCanDrop=0 mLegacyBufferDrop=1
05-26 19:34:51.881 31234 31316 E BufferQueueProducer:   default-size=[1920x1080] default-format=2   transform-hint=00 frame-counter=336649
05-26 19:34:51.881 31234 31316 E BufferQueueProducer:   mTransformHintInUse=00 mAutoPrerotation=0
05-26 19:34:51.881 31234 31316 E BufferQueueProducer: FIFO(0):
05-26 19:34:51.881 31234 31316 E BufferQueueProducer: (mConsumerName=Wallpaper#0(BLAST Consumer)0, mConnectedApi=3, mConsumerUsageBits=2304, mId=7a0200000000, producer=[31234:com.byd.dogwallpaper], consumer=[31234:com.byd.dogwallpaper])
05-26 19:34:51.881 31234 31316 E BufferQueueProducer: Slots:
05-26 19:34:51.881 31234 31316 E BufferQueueProducer:  >[12:0xb4000073ac759500] state=ACQUIRED 0xb40000739c5317e0 frame=336649 [1920x1088:1920,7FA30C06]
05-26 19:34:51.881 31234 31316 E BufferQueueProducer:   [13:0xb40000739c4a6200] state=DEQUEUED 0xb40000739c532ab0 frame=336645 [1920x1088:1920,7FA30C06]
05-26 19:34:51.881 31234 31316 E BufferQueueProducer:   [14:0xb40000739c4a6900] state=DEQUEUED 0xb40000739c532c70 frame=336642 [1920x1088:1920,7FA30C06]
05-26 19:34:51.881 31234 31316 E BufferQueueProducer:   [15:0xb40000739c4a6e00] state=DEQUEUED 0xb40000739c532e30 frame=336634 [1920x1088:1920,7FA30C06]
05-26 19:34:51.881 31234 31316 E BufferQueueProducer:   [16:0xb40000739c4a6f00] state=DEQUEUED 0xb40000739c531a10 frame=336633 [1920x1088:1920,7FA30C06]
05-26 19:34:51.881 31234 31316 E BufferQueueProducer:   [17:0xb
05-26 19:34:51.885  4617 13655 D [CDR_GPUCamera]: [CDR_EglEnvContainer][initBackgroundThread()][Camera FPS]32
05-26 19:34:51.890   689 13653 I NormalHal3CamDevice: [frameworks/av/services/bmmcamera/device/src/NormalHal3CamDevice.cpp]:[processFrame]: E, 497 dqzcheckframerate process frame:20709
05-26 19:34:51.892   321 32147 I SDM     : StcManager::ProcessModeRenderIntent():637 Cannot find mode (gamut 255 gamma 255 intent 65535) in mode list
05-26 19:34:51.894 31234 31316 E BufferQueueProducer: waitForFreeSlotThenRelock timeout=0, - BufferQueue mMaxAcquiredBufferCount=1 mMaxDequeuedBufferCount=17
05-26 19:34:51.894 31234 31316 E BufferQueueProducer:   mDequeueBufferCannotBlock=0 mAsyncMode=0
05-26 19:34:51.894 31234 31316 E BufferQueueProducer:   mQueueBufferCanDrop=0 mLegacyBufferDrop=1
05-26 19:34:51.894 31234 31316 E BufferQueueProducer:   default-size=[1920x1080] default-format=2   transform-hint=00 frame-counter=336650
05-26 19:34:51.894 31234 31316 E BufferQueueProducer:   mTransformHintInUse=00 mAutoPrerotation=0
05-26 19:34:51.894 31234 31316 E BufferQueueProducer: FIFO(0):
05-26 19:34:51.894 31234 31316 E BufferQueueProducer: (mConsumerName=Wallpaper#0(BLAST Consumer)0, mConnectedApi=3, mConsumerUsageBits=2304, mId=7a0200000000, producer=[31234:com.byd.dogwallpaper], consumer=[31234:com.byd.dogwallpaper])
05-26 19:34:51.894 31234 31316 E BufferQueueProducer: Slots:
05-26 19:34:51.894 31234 31316 E BufferQueueProducer:  >[12:0xb4000073ac759500] state=ACQUIRED 0xb40000739c5317e0 frame=336649 [1920x1088:1920,7FA30C06]
05-26 19:34:51.894 31234 31316 E BufferQueueProducer:   [13:0xb40000739c4a6200] state=DEQUEUED 0xb40000739c532ab0 frame=336645 [1920x1088:1920,7FA30C06]
05-26 19:34:51.894 31234 31316 E BufferQueueProducer:   [14:0xb40000739c4a6900] state=DEQUEUED 0xb40000739c532c70 frame=336642 [1920x1088:1920,7FA30C06]
05-26 19:34:51.894 31234 31316 E BufferQueueProducer:   [15:0xb40000739c4a6e00] state=DEQUEUED 0xb40000739c532e30 frame=336634 [1920x1088:1920,7FA30C06]
05-26 19:34:51.894 31234 31316 E BufferQueueProducer:   [16:0xb40000739c4a6f00] state=DEQUEUED 0xb40000739c531a10 frame=336633 [1920x1088:1920,7FA30C06]
05-26 19:34:51.894 31234 31316 E BufferQueueProducer:   [17:0xb
05-26 19:34:51.897   689 13743 I NormalHal3CamDevice: [frameworks/av/services/bmmcamera/device/src/NormalHal3CamDevice.cpp]:[processFrame]: E, 497 dqzcheckframerate process frame:20714
05-26 19:34:51.897  5591  5591 D BYDAutoYunDevice: postEvent device_type: 1034, event_type =99000021, value = [0, 0, 2, 111, 0, 0, 89, -20, -12, -29, -1, -1, 63, -126, 1, 19, -32, 76]
05-26 19:34:51.897  5591  5591 D BYDAutoYunDevice: postEvent device_type: 1034, event_type =99000021, value = [0, 0, 2, 64, 0, 2, 89, -20, -12, -27, 0, 66, 26, 52, 63, 9, -88, 127]
05-26 19:34:51.897  5591  5591 D BYDAutoStatisticDevice: postEvent device_type: 1014, event_type =44a00020, value = 5007
05-26 19:34:51.900  5591  5591 D BYDAutoYunDevice: postEvent device_type: 1034, event_type =99000021, value = [0, 0, 0, -116, 0, 1, 89, -20, -12, -22, 0, 0, 0, 0, -80, 2, 77, 0]
05-26 19:34:51.908   344 13850 I QC2C2DEngine: calcYSize: unsupported or RGB color format, RGBA8888_UBWC(-1040187392)
05-26 19:34:51.910  5591  5591 D BYDAutoYunDevice: postEvent device_type: 1034, event_type =99000021, value = [0, 0, 3, 65, 0, 2, 89, -20, -12, -15, -48, -35, 0, -117, -1, -1, 2, -57]
05-26 19:34:51.911  5591  5591 D BYDAutoYunDevice: postEvent device_type: 1034, event_type =99000021, value = [0, 0, 4, -71, 0, 0, 89, -20, -12, -7, 101, 15, 0, 9, -128, -16, -1, 15]
05-26 19:34:51.917  5591  5591 D BYDAutoYunDevice: postEvent device_type: 1034, event_type =99000021, value = [0, 0, 0, -116, 0, 1, 89, -20, -12, -2, 0, 16, 0, 0, -80, 2, 61, 16]
05-26 19:34:51.918  5591  5591 D BYDAutoYunDevice: postEvent device_type: 1034, event_type =99000021, value = [0, 0, 4, 52, 0, 0, 89, -20, -11, 1, 0, 0, 8, 0, -120, 68, 2, 41]
05-26 19:34:51.923   689 13653 I NormalHal3CamDevice: [frameworks/av/services/bmmcamera/device/src/NormalHal3CamDevice.cpp]:[processFrame]: E, 497 dqzcheckframerate process frame:20710
05-26 19:34:51.924  5591  5591 D BYDAutoYunDevice: postEvent device_type: 1034, event_type =99000021, value = [0, 0, 1, 45, 0, 0, 89, -20, -11, 2, -96, 40, 0, 34, 12, 49, 111, 105]
05-26 19:34:51.925   321 32147 I SDM     : StcManager::ProcessModeRenderIntent():637 Cannot find mode (gamut 255 gamma 255 intent 65535) in mode list
05-26 19:34:51.929   689 13743 I NormalHal3CamDevice: [frameworks/av/services/bmmcamera/device/src/NormalHal3CamDevice.cpp]:[processFrame]: E, 497 dqzcheckframerate process frame:20715
05-26 19:34:51.930  5591  5591 D BYDAutoYunDevice: postEvent device_type: 1034, event_type =99000021, value = [0, 0, 2, -108, 0, 0, 89, -20, -11, 12, 85, 0, 86, 3, 76, 34, 5, -34]
05-26 19:34:51.934  5591  5591 D BYDAutoYunDevice: postEvent device_type: 1034, event_type =99000021, value = [0, 0, 2, -108, 0, 2, 89, -20, -11, 12, 85, 0, 86, 3, 76, 34, 5, -34]
05-26 19:34:51.936  5591  5591 D BYDAutoYunDevice: postEvent device_type: 1034, event_type =99000021, value = [0, 0, 3, 97, 0, 2, 89, -20, -11, 15, -47, -1, 10, 0, 0, 0, 0, 37]
05-26 19:34:51.936  5591  5591 D BYDAutoYunDevice: postEvent device_type: 1034, event_type =99000021, value = [0, 0, 3, 71, 0, 0, 89, -20, -11, 17, 3, 0, 0, 57, 1, -1, -1, -60]
05-26 19:34:51.936  5591  5591 D BYDAutoYunDevice: postEvent device_type: 1034, event_type =99000021, value = [0, 0, 0, -116, 0, 1, 89, -20, -11, 18, 0, 32, 0, 0, -80, 2, 45, 32]
05-26 19:34:51.938   344 13850 I QC2C2DEngine: calcYSize: unsupported or RGB color format, RGBA8888_UBWC(-1040187392)
05-26 19:34:51.940  5591  5591 D BYDAutoYunDevice: postEvent device_type: 1034, event_type =99000021, value = [0, 0, 4, 73, 0, 2, 89, -20, -11, 19, 5, -74, -50, 100, 93, -36, 2, 3]
05-26 19:34:51.940  5591  5591 D BYDAutoYunDevice: postEvent device_type: 1034, event_type =99000021, value = [0, 0, 2, 111, 0, 0, 89, -20, -11, 21, -1, -1, 63, -126, 1, 19, -16, 60]
05-26 19:34:51.943  3409  3466 D WlanUdpManager: wifiApInterface = eth0
05-26 19:34:51.944  3409  3466 D WlanUdpManager: mHostAddress is *.*.0.0
05-26 19:34:51.945  3368  3586 D CrossControl::Service: setLocalAddr is *.*.0.0 mDeviceType = 1
05-26 19:34:51.945  3368  3586 D AbsBYDCrossDevice: set featureID is 0xff300004
05-26 19:34:51.946  3368  3586 D CrossControl::Service: handleCross getConnectState : 0 mDeviceAddr : {}
05-26 19:34:51.946  3368  3586 E CrossControl::Service: handleCross: mDeviceAddr is {}
05-26 19:34:51.946  3368  3586 D CrossControl::Service: shouldResubWifiDevice() :  current online [ivi, fse, lrse, rrse, rcs, uav, pad1, pad2] = [true, false, false, false, false, false, false, false]
05-26 19:34:51.946  3368  3586 D CrossControl::Service: shouldResubEthernetDevice mDeviceType : 1 mRIESConfig:0 mLRSEConfig:2 mRRSEConfig:2 mFseEthernetStatus:-1 current online [ivi, fse, lrse, rrse, rcs, uav, pad1, pad2] = [true, false, false, false, false, false, false, false]
05-26 19:34:51.956   689 13653 I NormalHal3CamDevice: [frameworks/av/services/bmmcamera/device/src/NormalHal3CamDevice.cpp]:[processFrame]: E, 497 dqzcheckframerate process frame:20711
05-26 19:34:51.959   321 32147 I SDM     : StcManager::ProcessModeRenderIntent():637 Cannot find mode (gamut 255 gamma 255 intent 65535) in mode list
05-26 19:34:51.963   689 13743 I NormalHal3CamDevice: [frameworks/av/services/bmmcamera/device/src/NormalHal3CamDevice.cpp]:[processFrame]: E, 497 dqzcheckframerate process frame:20716
05-26 19:34:51.964  5591  5591 D BYDAutoYunDevice: postEvent device_type: 1034, event_type =99000021, value = [0, 0, 0, -116, 0, 1, 89, -20, -11, 38, 0, 48, 0, 0, -80, 2, 29, 48]
05-26 19:34:51.966  5591  5591 D BYDAutoYunDevice: postEvent device_type: 1034, event_type =99000021, value = [0, 0, 4, -122, 0, 0, 89, -20, -11, 46, 8, 72, 0, 0, 0, 0, 0, 1]
05-26 19:34:51.976  5591  5591 D BYDAutoYunDevice: postEvent device_type: 1034, event_type =99000021, value = [0, 0, 1, 45, 0, 0, 89, -20, -11, 52, -96, 40, 0, 34, 12, 49, 127, 89]
05-26 19:34:51.976  5591  5591 D BYDAutoStatisticDevice: postEvent device_type: 1014, event_type =34500018, value = 2463
05-26 19:34:51.977 31234 31316 E BufferQueueProducer: waitForFreeSlotThenRelock timeout=0, - BufferQueue mMaxAcquiredBufferCount=1 mMaxDequeuedBufferCount=17
05-26 19:34:51.977 31234 31316 E BufferQueueProducer:   mDequeueBufferCannotBlock=0 mAsyncMode=0
05-26 19:34:51.977 31234 31316 E BufferQueueProducer:   mQueueBufferCanDrop=0 mLegacyBufferDrop=1
05-26 19:34:51.977 31234 31316 E BufferQueueProducer:   default-size=[1920x1080] default-format=2   transform-hint=00 frame-counter=336652
05-26 19:34:51.977 31234 31316 E BufferQueueProducer:   mTransformHintInUse=00 mAutoPrerotation=0
05-26 19:34:51.977 31234 31316 E BufferQueueProducer: FIFO(0):
05-26 19:34:51.977 31234 31316 E BufferQueueProducer: (mConsumerName=Wallpaper#0(BLAST Consumer)0, mConnectedApi=3, mConsumerUsageBits=2304, mId=7a0200000000, producer=[31234:com.byd.dogwallpaper], consumer=[31234:com.byd.dogwallpaper])
05-26 19:34:51.977 31234 31316 E BufferQueueProducer: Slots:
05-26 19:34:51.977 31234 31316 E BufferQueueProducer:   [12:0xb4000073ac759500] state=DEQUEUED 0xb40000739c5317e0 frame=336649 [1920x1088:1920,7FA30C06]
05-26 19:34:51.977 31234 31316 E BufferQueueProducer:   [13:0xb40000739c4a6200] state=DEQUEUED 0xb40000739c532ab0 frame=336645 [1920x1088:1920,7FA30C06]
05-26 19:34:51.977 31234 31316 E BufferQueueProducer:   [14:0xb40000739c4a6900] state=DEQUEUED 0xb40000739c532c70 frame=336642 [1920x1088:1920,7FA30C06]
05-26 19:34:51.977 31234 31316 E BufferQueueProducer:  >[15:0xb40000739c4a6e00] state=ACQUIRED 0xb40000739c532e30 frame=336651 [1920x1088:1920,7FA30C06]
05-26 19:34:51.977 31234 31316 E BufferQueueProducer:  >[16:0xb40000739c4a6f00] state=ACQUIRED 0xb40000739c531a10 frame=336652 [1920x1088:1920,7FA30C06]
05-26 19:34:51.977 31234 31316 E BufferQueueProducer:   [17:0xb
05-26 19:34:51.982   344 13850 I QC2C2DEngine: calcYSize: unsupported or RGB color format, RGBA8888_UBWC(-1040187392)
05-26 19:34:51.985  5591  5591 D BYDAutoYunDevice: postEvent device_type: 1034, event_type =99000021, value = [0, 0, 0, -116, 0, 1, 89, -20, -11, 58, 0, 64, 0, 0, -80, 2, 13, 64]
05-26 19:34:51.985  5591  5591 D BYDAutoYunDevice: postEvent device_type: 1034, event_type =99000021, value = [0, 0, 1, 68, 0, 0, 89, -20, -11, 58, 0, -3, -1, -24, -45, -126, 80, 118]
05-26 19:34:51.985  5591  5591 D BYDAutoYunDevice: postEvent device_type: 1034, event_type =99000021, value = [0, 0, 2, -108, 0, 0, 89, -20, -11, 61, 85, 0, 86, 3, 76, 34, 6, -35]
05-26 19:34:51.986  5591  5591 D BYDAutoYunDevice: postEvent device_type: 1034, event_type =99000021, value = [0, 0, 2, -108, 0, 2, 89, -20, -11, 61, 85, 0, 86, 3, 76, 34, 6, -35]
05-26 19:34:51.987  5591  5591 D BYDAutoYunDevice: postEvent device_type: 1034, event_type =99000021, value = [0, 0, 4, 108, 0, 2, 89, -20, -11, 66, 16, 39, 16, 39, -1, -1, -1, -1]
05-26 19:34:51.989 31234 31316 E BufferQueueProducer: waitForFreeSlotThenRelock timeout=0, - BufferQueue mMaxAcquiredBufferCount=1 mMaxDequeuedBufferCount=17
05-26 19:34:51.989 31234 31316 E BufferQueueProducer:   mDequeueBufferCannotBlock=0 mAsyncMode=0
05-26 19:34:51.989 31234 31316 E BufferQueueProducer:   mQueueBufferCanDrop=0 mLegacyBufferDrop=1
05-26 19:34:51.989 31234 31316 E BufferQueueProducer:   default-size=[1920x1080] default-format=2   transform-hint=00 frame-counter=336653
05-26 19:34:51.989 31234 31316 E BufferQueueProducer:   mTransformHintInUse=00 mAutoPrerotation=0
05-26 19:34:51.989 31234 31316 E BufferQueueProducer: FIFO(0):
05-26 19:34:51.989 31234 31316 E BufferQueueProducer: (mConsumerName=Wallpaper#0(BLAST Consumer)0, mConnectedApi=3, mConsumerUsageBits=2304, mId=7a0200000000, producer=[31234:com.byd.dogwallpaper], consumer=[31234:com.byd.dogwallpaper])
05-26 19:34:51.989 31234 31316 E BufferQueueProducer: Slots:
05-26 19:34:51.989 31234 31316 E BufferQueueProducer:   [12:0xb4000073ac759500] state=DEQUEUED 0xb40000739c5317e0 frame=336649 [1920x1088:1920,7FA30C06]
05-26 19:34:51.989 31234 31316 E BufferQueueProducer:   [13:0xb40000739c4a6200] state=DEQUEUED 0xb40000739c532ab0 frame=336645 [1920x1088:1920,7FA30C06]
05-26 19:34:51.989 31234 31316 E BufferQueueProducer:   [14:0xb40000739c4a6900] state=DEQUEUED 0xb40000739c532c70 frame=336642 [1920x1088:1920,7FA30C06]
05-26 19:34:51.989 31234 31316 E BufferQueueProducer:  >[15:0xb40000739c4a6e00] state=ACQUIRED 0xb40000739c532e30 frame=336651 [1920x1088:1920,7FA30C06]
05-26 19:34:51.989 31234 31316 E BufferQueueProducer:  >[16:0xb40000739c4a6f00] state=ACQUIRED 0xb40000739c531a10 frame=336652 [1920x1088:1920,7FA30C06]
05-26 19:34:51.989 31234 31316 E BufferQueueProducer:   [17:0xb
05-26 19:34:51.990   689 13653 I NormalHal3CamDevice: [frameworks/av/services/bmmcamera/device/src/NormalHal3CamDevice.cpp]:[processFrame]: E, 497 dqzcheckframerate process frame:20712
05-26 19:34:51.990  5591  5591 D BYDAutoYunDevice: postEvent device_type: 1034, event_type =99000021, value = [0, 0, 2, 111, 0, 0, 89, -20, -11, 71, -1, -1, 63, -126, 1, 19, 0, 44]
05-26 19:34:51.992   321 32147 I SDM     : StcManager::ProcessModeRenderIntent():637 Cannot find mode (gamut 255 gamma 255 intent 65535) in mode list
05-26 19:34:51.995  4313  5249 D BydDms  : AVCameraDevice: onImageAvailable frame rate: 300
05-26 19:34:51.996   689 13743 I NormalHal3CamDevice: [frameworks/av/services/bmmcamera/device/src/NormalHal3CamDevice.cpp]:[processFrame]: E, 497 dqzcheckframerate process frame:20717
05-26 19:34:52.001  5591  5591 D BYDAutoStatisticDevice: postEvent device_type: 1014, event_type =44a00020, value = 5009
05-26 19:34:52.001  5591  5591 D BYDAutoYunDevice: postEvent device_type: 1034, event_type =99000021, value = [0, 0, 0, -116, 0, 1, 89, -20, -11, 78, 0, 80, 0, 0, -80, 2, -3, 80]
05-26 19:34:52.001 31234 31316 E BufferQueueProducer: waitForFreeSlotThenRelock timeout=0, - BufferQueue mMaxAcquiredBufferCount=1 mMaxDequeuedBufferCount=17
05-26 19:34:52.001 31234 31316 E BufferQueueProducer:   mDequeueBufferCannotBlock=0 mAsyncMode=0
05-26 19:34:52.001 31234 31316 E BufferQueueProducer:   mQueueBufferCanDrop=0 mLegacyBufferDrop=1
05-26 19:34:52.001 31234 31316 E BufferQueueProducer:   default-size=[1920x1080] default-format=2   transform-hint=00 frame-counter=336653
05-26 19:34:52.001 31234 31316 E BufferQueueProducer:   mTransformHintInUse=00 mAutoPrerotation=0
05-26 19:34:52.001 31234 31316 E BufferQueueProducer: FIFO(0):
05-26 19:34:52.001 31234 31316 E BufferQueueProducer: (mConsumerName=Wallpaper#0(BLAST Consumer)0, mConnectedApi=3, mConsumerUsageBits=2304, mId=7a0200000000, producer=[31234:com.byd.dogwallpaper], consumer=[31234:com.byd.dogwallpaper])
05-26 19:34:52.001 31234 31316 E BufferQueueProducer: Slots:
05-26 19:34:52.001 31234 31316 E BufferQueueProducer:   [12:0xb4000073ac759500] state=DEQUEUED 0xb40000739c5317e0 frame=336649 [1920x1088:1920,7FA30C06]
05-26 19:34:52.001 31234 31316 E BufferQueueProducer:   [13:0xb40000739c4a6200] state=DEQUEUED 0xb40000739c532ab0 frame=336645 [1920x1088:1920,7FA30C06]
05-26 19:34:52.001 31234 31316 E BufferQueueProducer:   [14:0xb40000739c4a6900] state=DEQUEUED 0xb40000739c532c70 frame=336642 [1920x1088:1920,7FA30C06]
05-26 19:34:52.001 31234 31316 E BufferQueueProducer:   [15:0xb40000739c4a6e00] state=DEQUEUED 0xb40000739c532e30 frame=336651 [1920x1088:1920,7FA30C06]
05-26 19:34:52.001 31234 31316 E BufferQueueProducer:  >[16:0xb40000739c4a6f00] state=ACQUIRED 0xb40000739c531a10 frame=336652 [1920x1088:1920,7FA30C06]
05-26 19:34:52.001 31234 31316 E BufferQueueProducer:   [17:0xb
05-26 19:34:52.006  5591  5591 D BYDAutoYunDevice: postEvent device_type: 1034, event_type =99000021, value = [0, 0, 1, 33, 0, 1, 89, -20, -11, 87, 0, 0, 0, -112, -27, 5, -111, -12]
05-26 19:34:52.010   344 13850 I QC2C2DEngine: calcYSize: unsupported or RGB color format, RGBA8888_UBWC(-1040187392)
05-26 19:34:52.013 31234 31316 E BufferQueueProducer: waitForFreeSlotThenRelock timeout=0, - BufferQueue mMaxAcquiredBufferCount=1 mMaxDequeuedBufferCount=17
05-26 19:34:52.013 31234 31316 E BufferQueueProducer:   mDequeueBufferCannotBlock=0 mAsyncMode=0
05-26 19:34:52.013 31234 31316 E BufferQueueProducer:   mQueueBufferCanDrop=0 mLegacyBufferDrop=1
05-26 19:34:52.013 31234 31316 E BufferQueueProducer:   default-size=[1920x1080] default-format=2   transform-hint=00 frame-counter=336653
05-26 19:34:52.013 31234 31316 E BufferQueueProducer:   mTransformHintInUse=00 mAutoPrerotation=0
05-26 19:34:52.013 31234 31316 E BufferQueueProducer: FIFO(0):
05-26 19:34:52.013 31234 31316 E BufferQueueProducer: (mConsumerName=Wallpaper#0(BLAST Consumer)0, mConnectedApi=3, mConsumerUsageBits=2304, mId=7a0200000000, producer=[31234:com.byd.dogwallpaper], consumer=[31234:com.byd.dogwallpaper])
05-26 19:34:52.013 31234 31316 E BufferQueueProducer: Slots:
05-26 19:34:52.013 31234 31316 E BufferQueueProducer:   [12:0xb4000073ac759500] state=DEQUEUED 0xb40000739c5317e0 frame=336649 [1920x1088:1920,7FA30C06]
05-26 19:34:52.013 31234 31316 E BufferQueueProducer:   [13:0xb40000739c4a6200] state=DEQUEUED 0xb40000739c532ab0 frame=336645 [1920x1088:1920,7FA30C06]
05-26 19:34:52.013 31234 31316 E BufferQueueProducer:   [14:0xb40000739c4a6900] state=DEQUEUED 0xb40000739c532c70 frame=336642 [1920x1088:1920,7FA30C06]
05-26 19:34:52.013 31234 31316 E BufferQueueProducer:   [15:0xb40000739c4a6e00] state=DEQUEUED 0xb40000739c532e30 frame=336651 [1920x1088:1920,7FA30C06]
05-26 19:34:52.013 31234 31316 E BufferQueueProducer:  >[16:0xb40000739c4a6f00] state=ACQUIRED 0xb40000739c531a10 frame=336652 [1920x1088:1920,7FA30C06]
05-26 19:34:52.013 31234 31316 E BufferQueueProducer:   [17:0xb
05-26 19:34:52.015   667   910 E BYDCrossService: PubSubManager::threadLoop zmq_recv failed errno(b)=Try again
05-26 19:34:52.017  5591  5591 D BYDAutoYunDevice: postEvent device_type: 1034, event_type =99000021, value = [0, 0, 0, -116, 0, 1, 89, -20, -11, 98, 0, 96, 0, 0, -80, 2, -19, 96]
05-26 19:34:52.018  5591  5591 D BYDAutoYunDevice: postEvent device_type: 1034, event_type =99000021, value = [0, 0, 3, 35, 0, 0, 89, -20, -11, 99, 64, -1, -2, 15, -1, -1, 35, -110]
05-26 19:34:52.018  5591  5591 D BYDAutoYunDevice: postEvent device_type: 1034, event_type =99000021, value = [0, 0, 4, -91, 4, 0, 89, -20, -11, 102, 4, -1, -1, -1, -1, -1, -2, -17]
05-26 19:34:52.023  5591  5591 D BYDAutoYunDevice: postEvent device_type: 1034, event_type =99000021, value = [0, 0, 1, 45, 0, 0, 89, -20, -11, 104, -96, 40, 0, 34, 12, 49, -113, 73]
05-26 19:34:52.023   689 13653 I NormalHal3CamDevice: [frameworks/av/services/bmmcamera/device/src/NormalHal3CamDevice.cpp]:[processFrame]: E, 497 dqzcheckframerate process frame:20713
05-26 19:34:52.024  4313  4313 D BYDAutoSafetyBeltDevice: postEvent device_type: 1042, event_type =12d0003f, value = 1
05-26 19:34:52.025 31234 31316 E BufferQueueProducer: waitForFreeSlotThenRelock timeout=0, - BufferQueue mMaxAcquiredBufferCount=1 mMaxDequeuedBufferCount=17
05-26 19:34:52.025 31234 31316 E BufferQueueProducer:   mDequeueBufferCannotBlock=0 mAsyncMode=0
05-26 19:34:52.025 31234 31316 E BufferQueueProducer:   mQueueBufferCanDrop=0 mLegacyBufferDrop=1
05-26 19:34:52.025 31234 31316 E BufferQueueProducer:   default-size=[1920x1080] default-format=2   transform-hint=00 frame-counter=336654
05-26 19:34:52.025 31234 31316 E BufferQueueProducer:   mTransformHintInUse=00 mAutoPrerotation=0
05-26 19:34:52.025 31234 31316 E BufferQueueProducer: FIFO(0):
05-26 19:34:52.025 31234 31316 E BufferQueueProducer: (mConsumerName=Wallpaper#0(BLAST Consumer)0, mConnectedApi=3, mConsumerUsageBits=2304, mId=7a0200000000, producer=[31234:com.byd.dogwallpaper], consumer=[31234:com.byd.dogwallpaper])
05-26 19:34:52.025 31234 31316 E BufferQueueProducer: Slots:
05-26 19:34:52.025 31234 31316 E BufferQueueProducer:   [12:0xb4000073ac759500] state=DEQUEUED 0xb40000739c5317e0 frame=336649 [1920x1088:1920,7FA30C06]
05-26 19:34:52.025 31234 31316 E BufferQueueProducer:   [13:0xb40000739c4a6200] state=DEQUEUED 0xb40000739c532ab0 frame=336645 [1920x1088:1920,7FA30C06]
05-26 19:34:52.025 31234 31316 E BufferQueueProducer:   [14:0xb40000739c4a6900] state=DEQUEUED 0xb40000739c532c70 frame=336642 [1920x1088:1920,7FA30C06]
05-26 19:34:52.025 31234 31316 E BufferQueueProducer:   [15:0xb40000739c4a6e00] state=DEQUEUED 0xb40000739c532e30 frame=336651 [1920x1088:1920,7FA30C06]
05-26 19:34:52.025 31234 31316 E BufferQueueProducer:  >[16:0xb40000739c4a6f00] state=ACQUIRED 0xb40000739c531a10 frame=336652 [1920x1088:1920,7FA30C06]
05-26 19:34:52.025 31234 31316 E BufferQueueProducer:   [17:0xb
05-26 19:34:52.025 29160 29160 D BYDAutoSafetyBeltDevice: postEvent device_type: 1042, event_type =12d0003f, value = 1
05-26 19:34:52.026   321 32147 I SDM     : StcManager::ProcessModeRenderIntent():637 Cannot find mode (gamut 255 gamma 255 intent 65535) in mode list
05-26 19:34:52.029   689 13743 I NormalHal3CamDevice: [frameworks/av/services/bmmcamera/device/src/NormalHal3CamDevice.cpp]:[processFrame]: E, 497 dqzcheckframerate process frame:20718
05-26 19:34:52.038  5591  5591 D BYDAutoYunDevice: postEvent device_type: 1034, event_type =99000021, value = [0, 0, 2, -108, 0, 0, 89, -20, -11, 112, 85, 0, 86, 3, 76, 34, 7, -36]
05-26 19:34:52.039  5591  5591 D BYDAutoYunDevice: postEvent device_type: 1034, event_type =99000021, value = [0, 0, 2, -108, 0, 2, 89, -20, -11, 112, 85, 0, 86, 3, 76, 34, 7, -36]
05-26 19:34:52.039  5591  5591 D BYDAutoYunDevice: postEvent device_type: 1034, event_type =99000021, value = [0, 0, 3, 71, 0, 0, 89, -20, -11, 118, 3, 0, 0, 57, 1, -1, -1, -60]
05-26 19:34:52.039  5591  5591 D BYDAutoYunDevice: postEvent device_type: 1034, event_type =99000021, value = [0, 0, 0, -116, 0, 1, 89, -20, -11, 118, 0, 112, 0, 0, -80, 2, -35, 112]
05-26 19:34:52.041  5591  5591 D BYDAutoYunDevice: postEvent device_type: 1034, event_type =99000021, value = [0, 0, 2, 111, 0, 0, 89, -20, -11, 121, -1, -1, 63, -126, 1, 19, 16, 28]
05-26 19:34:52.043   344 13850 I QC2C2DEngine: calcYSize: unsupported or RGB color format, RGBA8888_UBWC(-1040187392)
05-26 19:34:52.056  5591  5591 D BYDAutoYunDevice: postEvent device_type: 1034, event_type =99000021, value = [0, 0, 4, -6, 0, 0, 89, -20, -11, -119, 9, -128, -86, 0, 0, -127, -127, 34]
05-26 19:34:52.056  5591  5591 D BYDAutoYunDevice: postEvent device_type: 1034, event_type =99000021, value = [0, 0, 0, -116, 0, 1, 89, -20, -11, -118, 0, -128, 0, 0, -80, 2, -51, -128]
05-26 19:34:52.057   689 13653 I NormalHal3CamDevice: [frameworks/av/services/bmmcamera/device/src/NormalHal3CamDevice.cpp]:[processFrame]: E, 497 dqzcheckframerate process frame:20714
05-26 19:34:52.059   321 32147 I SDM     : StcManager::ProcessModeRenderIntent():637 Cannot find mode (gamut 255 gamma 255 intent 65535) in mode list
05-26 19:34:52.063   689 13743 I NormalHal3CamDevice: [frameworks/av/services/bmmcamera/device/src/NormalHal3CamDevice.cpp]:[processFrame]: E, 497 dqzcheckframerate process frame:20719
05-26 19:34:52.066  4313  5408 I ARC     : [0:] face_result: result_valid=1, face_id=6, face_rect={634,397,902,665}, return_status=0
05-26 19:34:52.066  4313  5408 I ARC     : [0:] drowsiness_result: result_valid=1, level=0, type=0
05-26 19:34:52.066  4313  5408 I ARC     : [0:] distraction_result: result_valid=1, level=0, type=0
05-26 19:34:52.066  4313  5408 I ARC     : [0:] gazeaoi_result: result_valid=1, gazeaoi=0
05-26 19:34:52.066  4313  5408 I ARC     : [0:] action_result: result_valid=1, type=0
05-26 19:34:52.066  4313  5408 I ARC     : [0:] driver_missing_result: result_valid=1, result=1
05-26 19:34:52.066  4313  5408 I ARC     : [0:] camera_occlusion_result: result_valid=1, result=1
05-26 19:34:52.073  3268  8543 W MediaProvider: isAppCloneUserPair for user -1: false
05-26 19:34:52.078  5591  5591 D BYDAutoYunDevice: postEvent device_type: 1034, event_type =99000021, value = [0, 0, 1, 45, 0, 0, 89, -20, -11, -101, -96, 40, 0, 34, 12, 49, -97, 57]
05-26 19:34:52.079  5591  5591 D BYDAutoYunDevice: postEvent device_type: 1034, event_type =99000021, value = [0, 0, 0, -116, 0, 1, 89, -20, -11, -98, 0, -112, 0, 0, -80, 2, -67, -112]
05-26 19:34:52.080   344 13850 I QC2C2DEngine: calcYSize: unsupported or RGB color format, RGBA8888_UBWC(-1040187392)
05-26 19:34:52.080  1101  1322 I GnssLocationProvider: GNSS HAL Requesting location updates from network provider for 10000 millis.
05-26 19:34:52.080  1101  1322 D LocationManagerService: registerLocationListener provider : network packageName : android lisener : android.location.LocationManager$LocationListenerTransport@91d2a09
05-26 19:34:52.081  1101  1322 D LocationCache: android request in best limited time,Loc info is Location[network,581172,459209 hAcc=52.6 et=+2d16h35m28s589ms {Bundle[mParcelledData.dataSize=64]}]
05-26 19:34:52.081  1101  1322 D LocationManagerService: use cache loc. package is android
05-26 19:34:52.087  3268  8543 D BydMediaProviderObserver: notifyInsertOrUpdateScan: uri=content://media/4a21-0000/file
05-26 19:34:52.087  3268  8543 D BydMediaProviderObserver: notifyInsertOrUpdateScan:filePath=/storage/4A21-0000/Download/hud_test_20260526_193451/MTBfbG9nY2F0X2Z1bGwudHh0
05-26 19:34:52.087  3268  8543 D AbsBYDCrossDevice: set featureID is 0x1f30001f
05-26 19:34:52.088   667 30943 D BYDCrossService: PubSubManager::Pub: 1F 30 00 1F 00 00 00 47 2F 73 74 6F 72 61 67 65 2F 34 41 32 31 2D 30 30 30 30 2F 44 6F 77 6E 6C 6F 61 64 2F 68 75 64 5F 74 65 73 74 5F 32 30 32 36 30 35 32 36 5F 31 39 33 34 35 31 2F 31 30 5F 6C 6F 67 63 61 74 5F 66 75 6C 6C 2E 74 78 74 [79/79]
05-26 19:34:52.089  3268  8543 I BydMediaProviderObserver: notifyScanFile: publish scan file:/storage/4A21-0000/Download/hud_test_20260526_193451/MTBfbG9nY2F0X2Z1bGwudHh0
05-26 19:34:52.089  3268  8543 I BydMediaProviderObserver: , deviceType=1, ret = 0
05-26 19:34:52.089   689 13653 I NormalHal3CamDevice: [frameworks/av/services/bmmcamera/device/src/NormalHal3CamDevice.cpp]:[processFrame]: E, 497 dqzcheckframerate process frame:20715
05-26 19:34:52.093   321 32147 I SDM     : StcManager::ProcessModeRenderIntent():637 Cannot find mode (gamut 255 gamma 255 intent 65535) in mode list
05-26 19:34:52.097   689 13743 I NormalHal3CamDevice: [frameworks/av/services/bmmcamera/device/src/NormalHal3CamDevice.cpp]:[processFrame]: E, 497 dqzcheckframerate process frame:20720
05-26 19:34:52.098  5591  5591 D BYDAutoYunDevice: postEvent device_type: 1034, event_type =99000021, value = [0, 0, 2, -108, 0, 0, 89, -20, -11, -95, 85, 0, 86, 3, 76, 34, 8, -37]
05-26 19:34:52.100  5591  5591 D BYDAutoYunDevice: postEvent device_type: 1034, event_type =99000021, value = [0, 0, 2, -108, 0, 2, 89, -20, -11, -94, 85, 0, 86, 3, 76, 34, 8, -37]
05-26 19:34:52.102  5591  5591 D BYDAutoYunDevice: postEvent device_type: 1034, event_type =99000021, value = [0, 0, 2, 111, 0, 0, 89, -20, -11, -85, -1, -1, 63, -126, 1, 19, 32, 12]
05-26 19:34:52.102  5591  5591 D BYDAutoYunDevice: postEvent device_type: 1034, event_type =99000021, value = [0, 0, 4, -91, 5, 0, 89, -20, -11, -82, 5, -1, 127, -115, -124, -111, 118, 82]
05-26 19:34:52.108  5591  5591 D BYDAutoStatisticDevice: postEvent device_type: 1014, event_type =44a00020, value = 5007
05-26 19:34:52.108  5591  5591 D BYDAutoYunDevice: postEvent device_type: 1034, event_type =99000021, value = [0, 0, 0, -116, 0, 1, 89, -20, -11, -78, 0, -96, 0, 0, -80, 2, -83, -96]
05-26 19:34:52.108  5591  5591 D BYDAutoYunDevice: postEvent device_type: 1034, event_type =99000021, value = [0, 0, 3, -39, 3, 0, 89, -20, -11, -77, 3, 0, 2, 4, -32, -1, -1, -1]
05-26 19:34:52.108  5591  5591 D BYDAutoYunDevice: postEvent device_type: 1034, event_type =99000021, value = [0, 0, 3, -39, 3, 2, 89, -20, -11, -76, 3, 0, 2, 4, -32, -1, -1, -1]
05-26 19:34:52.108  5591  5591 D BYDAutoYunDevice: postEvent device_type: 1034, event_type =99000021, value = [0, 0, 3, 54, 0, 0, 89, -20, -11, -72, 4, 3, 0, -1, 63, 0, 24, 1]
05-26 19:34:52.109   344 13850 I QC2C2DEngine: calcYSize: unsupported or RGB color format, RGBA8888_UBWC(-1040187392)
05-26 19:34:52.110 31234 31316 E BufferQueueProducer: waitForFreeSlotThenRelock timeout=0, - BufferQueue mMaxAcquiredBufferCount=1 mMaxDequeuedBufferCount=17
05-26 19:34:52.110 31234 31316 E BufferQueueProducer:   mDequeueBufferCannotBlock=0 mAsyncMode=0
05-26 19:34:52.110 31234 31316 E BufferQueueProducer:   mQueueBufferCanDrop=0 mLegacyBufferDrop=1
05-26 19:34:52.110 31234 31316 E BufferQueueProducer:   default-size=[1920x1080] default-format=2   transform-hint=00 frame-counter=336656
05-26 19:34:52.110 31234 31316 E BufferQueueProducer:   mTransformHintInUse=00 mAutoPrerotation=0
05-26 19:34:52.110 31234 31316 E BufferQueueProducer: FIFO(0):
05-26 19:34:52.110 31234 31316 E BufferQueueProducer: (mConsumerName=Wallpaper#0(BLAST Consumer)0, mConnectedApi=3, mConsumerUsageBits=2304, mId=7a0200000000, producer=[31234:com.byd.dogwallpaper], consumer=[31234:com.byd.dogwallpaper])
05-26 19:34:52.110 31234 31316 E BufferQueueProducer: Slots:
05-26 19:34:52.110 31234 31316 E BufferQueueProducer:   [12:0xb4000073ac759500] state=DEQUEUED 0xb40000739c5317e0 frame=336649 [1920x1088:1920,7FA30C06]
05-26 19:34:52.110 31234 31316 E BufferQueueProducer:   [13:0xb40000739c4a6200] state=DEQUEUED 0xb40000739c532ab0 frame=336645 [1920x1088:1920,7FA30C06]
05-26 19:34:52.110 31234 31316 E BufferQueueProducer:   [14:0xb40000739c4a6900] state=DEQUEUED 0xb40000739c532c70 frame=336642 [1920x1088:1920,7FA30C06]
05-26 19:34:52.110 31234 31316 E BufferQueueProducer:   [15:0xb40000739c4a6e00] state=DEQUEUED 0xb40000739c532e30 frame=336651 [1920x1088:1920,7FA30C06]
05-26 19:34:52.110 31234 31316 E BufferQueueProducer:   [16:0xb40000739c4a6f00] state=DEQUEUED 0xb40000739c531a10 frame=336652 [1920x1088:1920,7FA30C06]
05-26 19:34:52.110 31234 31316 E BufferQueueProducer:   [17:0xb
05-26 19:34:52.116  5591  5591 D BYDAutoYunDevice: postEvent device_type: 1034, event_type =99000021, value = [0, 0, 0, -116, 0, 1, 89, -20, -11, -58, 0, -80, 0, 0, -80, 2, -99, -80]
05-26 19:34:52.120  4313  5408 D BydDms  : DrowsinessDetect: dms drowsiness valid: RESULT_VALID, level: DROWSINESS_LEVEL_NONE,currentMDrowsinessLevel=DROWSINESS_LEVEL_NONE
05-26 19:34:52.122 31234 31316 E BufferQueueProducer: waitForFreeSlotThenRelock timeout=0, - BufferQueue mMaxAcquiredBufferCount=1 mMaxDequeuedBufferCount=17
05-26 19:34:52.122 31234 31316 E BufferQueueProducer:   mDequeueBufferCannotBlock=0 mAsyncMode=0
05-26 19:34:52.122 31234 31316 E BufferQueueProducer:   mQueueBufferCanDrop=0 mLegacyBufferDrop=1
05-26 19:34:52.122 31234 31316 E BufferQueueProducer:   default-size=[1920x1080] default-format=2   transform-hint=00 frame-counter=336657
05-26 19:34:52.122 31234 31316 E BufferQueueProducer:   mTransformHintInUse=00 mAutoPrerotation=0
05-26 19:34:52.122 31234 31316 E BufferQueueProducer: FIFO(0):
05-26 19:34:52.122 31234 31316 E BufferQueueProducer: (mConsumerName=Wallpaper#0(BLAST Consumer)0, mConnectedApi=3, mConsumerUsageBits=2304, mId=7a0200000000, producer=[31234:com.byd.dogwallpaper], consumer=[31234:com.byd.dogwallpaper])
05-26 19:34:52.122 31234 31316 E BufferQueueProducer: Slots:
05-26 19:34:52.122 31234 31316 E BufferQueueProducer:   [12:0xb4000073ac759500] state=DEQUEUED 0xb40000739c5317e0 frame=336649 [1920x1088:1920,7FA30C06]
05-26 19:34:52.122 31234 31316 E BufferQueueProducer:   [13:0xb40000739c4a6200] state=DEQUEUED 0xb40000739c532ab0 frame=336645 [1920x1088:1920,7FA30C06]
05-26 19:34:52.122 31234 31316 E BufferQueueProducer:   [14:0xb40000739c4a6900] state=DEQUEUED 0xb40000739c532c70 frame=336642 [1920x1088:1920,7FA30C06]
05-26 19:34:52.122 31234 31316 E BufferQueueProducer:   [15:0xb40000739c4a6e00] state=DEQUEUED 0xb40000739c532e30 frame=336651 [1920x1088:1920,7FA30C06]
05-26 19:34:52.122 31234 31316 E BufferQueueProducer:   [16:0xb40000739c4a6f00] state=DEQUEUED 0xb40000739c531a10 frame=336652 [1920x1088:1920,7FA30C06]
05-26 19:34:52.122 31234 31316 E BufferQueueProducer:  >[17:0xb
05-26 19:34:52.123   689 13653 I NormalHal3CamDevice: [frameworks/av/services/bmmcamera/device/src/NormalHal3CamDevice.cpp]:[processFrame]: E, 497 dqzcheckframerate process frame:20716
05-26 19:34:52.126   321 32147 I SDM     : StcManager::ProcessModeRenderIntent():637 Cannot find mode (gamut 255 gamma 255 intent 65535) in mode list
05-26 19:34:52.126  5591  5591 D BYDAutoYunDevice: postEvent device_type: 1034, event_type =99000021, value = [0, 0, 1, 45, 0, 0, 89, -20, -11, -51, -96, 40, 0, 34, 12, 49, -81, 41]
05-26 19:34:52.127  5591  5591 D BYDAutoSensorDevice: postEvent device_type: 1043, event_type =40200008, value = -44
05-26 19:34:52.127  5591  5591 D BYDAutoSettingDevice: postEvent device_type: 1023, event_type =48600040, value = 0
05-26 19:34:52.127  5591  5591 D BYDAutoSettingDevice: postEvent device_type: 1023, event_type =40200037, value = 0
05-26 19:34:52.128  5591  5591 D BYDAutoSettingDevice: postEvent device_type: 1023, event_type =42f00037, value = 0
05-26 19:34:52.128  5591  5591 D BYDAutoYunDevice: postEvent device_type: 1034, event_type =99000021, value = [0, 0, 2, -108, 0, 2, 89, -20, -11, -43, 85, 0, 86, 3, 76, 34, 9, -38]
05-26 19:34:52.129   689 13743 I NormalHal3CamDevice: [frameworks/av/services/bmmcamera/device/src/NormalHal3CamDevice.cpp]:[processFrame]: E, 497 dqzcheckframerate process frame:20721
05-26 19:34:52.133  5591  5591 D BYDAutoYunDevice: postEvent device_type: 1034, event_type =99000021, value = [0, 0, 2, -108, 0, 0, 89, -20, -11, -43, 85, 0, 86, 3, 76, 34, 9, -38]
05-26 19:34:52.134  5591  5591 D BYDAutoYunDevice: postEvent device_type: 1034, event_type =99000021, value = [0, 0, 0, -116, 0, 1, 89, -20, -11, -38, 0, -64, 0, 0, -80, 2, -115, -64]
05-26 19:34:52.137  5591  5591 D BYDAutoYunDevice: postEvent device_type: 1034, event_type =99000021, value = [0, 0, 3, 71, 0, 0, 89, -20, -11, -35, 3, 0, 0, 57, 1, -1, -1, -60]
05-26 19:34:52.137   344 13850 I QC2C2DEngine: calcYSize: unsupported or RGB color format, RGBA8888_UBWC(-1040187392)
05-26 19:34:52.138  5591  5591 D BYDAutoYunDevice: postEvent device_type: 1034, event_type =99000021, value = [0, 0, 2, 111, 0, 0, 89, -20, -11, -35, -1, -1, 63, -126, 1, 19, 48, -4]
05-26 19:34:52.148  5591  5591 D BYDAutoSensorDevice: postEvent device_type: 1043, event_type =22300008, value = 808
05-26 19:34:52.156   689 13653 I NormalHal3CamDevice: [frameworks/av/services/bmmcamera/device/src/NormalHal3CamDevice.cpp]:[processFrame]: E, 497 dqzcheckframerate process frame:20717
05-26 19:34:52.159   321 32147 I SDM     : StcManager::ProcessModeRenderIntent():637 Cannot find mode (gamut 255 gamma 255 intent 65535) in mode list
05-26 19:34:52.160  5591  5591 D BYDAutoYunDevice: postEvent device_type: 1034, event_type =99000021, value = [0, 0, 0, -116, 0, 1, 89, -20, -11, -18, 0, -48, 0, 0, -80, 2, 125, -48]
05-26 19:34:52.164   689 13743 I NormalHal3CamDevice: [frameworks/av/services/bmmcamera/device/src/NormalHal3CamDevice.cpp]:[processFrame]: E, 497 dqzcheckframerate process frame:20722
05-26 19:34:52.170  5591  5591 D BYDAutoYunDevice: postEvent device_type: 1034, event_type =99000021, value = [0, 0, 4, 4, 0, 0, 89, -20, -11, -5, 33, 86, 1, 92, 22, 22, -107, 93]
05-26 19:34:52.175  5591  5591 D BYDAutoYunDevice: postEvent device_type: 1034, event_type =99000021, value = [0, 0, 1, 45, 0, 0, 89, -20, -10, 0, -96, 40, 0, 34, 12, 49, -65, 25]
05-26 19:34:52.176   344 13850 I QC2C2DEngine: calcYSize: unsupported or RGB color format, RGBA8888_UBWC(-1040187392)
05-26 19:34:52.177  5591  5591 D BYDAutoYunDevice: postEvent device_type: 1034, event_type =99000021, value = [0, 0, 0, -116, 0, 1, 89, -20, -10, 2, 0, -32, 0, 0, -80, 2, 109, -32]
05-26 19:34:52.182  5591  5591 D BYDAutoYunDevice: postEvent device_type: 1034, event_type =99000021, value = [0, 0, 2, -108, 0, 0, 89, -20, -10, 7, 85, 0, 86, 3, 76, 34, 10, -39]
05-26 19:34:52.183  5591  5591 D BYDAutoYunDevice: postEvent device_type: 1034, event_type =99000021, value = [0, 0, 2, -108, 0, 2, 89, -20, -10, 8, 85, 0, 86, 3, 76, 34, 10, -39]
05-26 19:34:52.189   689 13653 I NormalHal3CamDevice: [frameworks/av/services/bmmcamera/device/src/NormalHal3CamDevice.cpp]:[processFrame]: E, 497 dqzcheckframerate process frame:20718
05-26 19:34:52.192  5591  5591 D BYDAutoYunDevice: postEvent device_type: 1034, event_type =99000021, value = [0, 0, 2, 111, 0, 0, 89, -20, -10, 15, -1, -1, 63, -126, 1, 19, 64, -20]
05-26 19:34:52.193   321 32147 I SDM     : StcManager::ProcessModeRenderIntent():637 Cannot find mode (gamut 255 gamma 255 intent 65535) in mode list
05-26 19:34:52.196   689 13743 I NormalHal3CamDevice: [frameworks/av/services/bmmcamera/device/src/NormalHal3CamDevice.cpp]:[processFrame]: E, 497 dqzcheckframerate process frame:20723
05-26 19:34:52.197  5591  5591 D BYDAutoStatisticDevice: postEvent device_type: 1014, event_type =44a00020, value = 5009
05-26 19:34:52.197  5591  5591 D BYDAutoYunDevice: postEvent device_type: 1034, event_type =99000021, value = [0, 0, 0, -116, 0, 1, 89, -20, -10, 22, 0, -16, 0, 0, -80, 2, 93, -16]
05-26 19:34:52.202 31234 31316 E BufferQueueProducer: waitForFreeSlotThenRelock timeout=0, - BufferQueue mMaxAcquiredBufferCount=1 mMaxDequeuedBufferCount=17
05-26 19:34:52.202 31234 31316 E BufferQueueProducer:   mDequeueBufferCannotBlock=0 mAsyncMode=0
05-26 19:34:52.202 31234 31316 E BufferQueueProducer:   mQueueBufferCanDrop=0 mLegacyBufferDrop=1
05-26 19:34:52.202 31234 31316 E BufferQueueProducer:   default-size=[1920x1080] default-format=2   transform-hint=00 frame-counter=336659
05-26 19:34:52.202 31234 31316 E BufferQueueProducer:   mTransformHintInUse=00 mAutoPrerotation=0
05-26 19:34:52.202 31234 31316 E BufferQueueProducer: FIFO(0):
05-26 19:34:52.202 31234 31316 E BufferQueueProducer: (mConsumerName=Wallpaper#0(BLAST Consumer)0, mConnectedApi=3, mConsumerUsageBits=2304, mId=7a0200000000, producer=[31234:com.byd.dogwallpaper], consumer=[31234:com.byd.dogwallpaper])
05-26 19:34:52.202 31234 31316 E BufferQueueProducer: Slots:
05-26 19:34:52.202 31234 31316 E BufferQueueProducer:   [12:0xb4000073ac759500] state=DEQUEUED 0xb40000739c5317e0 frame=336649 [1920x1088:1920,7FA30C06]
05-26 19:34:52.202 31234 31316 E BufferQueueProducer:   [13:0xb40000739c4a6200] state=DEQUEUED 0xb40000739c532ab0 frame=336645 [1920x1088:1920,7FA30C06]
05-26 19:34:52.202 31234 31316 E BufferQueueProducer:  >[14:0xb40000739c4a6900] state=ACQUIRED 0xb40000739c532c70 frame=336659 [1920x1088:1920,7FA30C06]
05-26 19:34:52.202 31234 31316 E BufferQueueProducer:   [15:0xb40000739c4a6e00] state=DEQUEUED 0xb40000739c532e30 frame=336651 [1920x1088:1920,7FA30C06]
05-26 19:34:52.202 31234 31316 E BufferQueueProducer:   [16:0xb40000739c4a6f00] state=DEQUEUED 0xb40000739c531a10 frame=336652 [1920x1088:1920,7FA30C06]
05-26 19:34:52.202 31234 31316 E BufferQueueProducer:   [17:0xb
05-26 19:34:52.203  5591  5591 D BYDAutoYunDevice: postEvent device_type: 1034, event_type =99000021, value = [0, 0, 3, 30, 0, 0, 89, -20, -10, 28, 19, 8, 0, 0, -96, 0, 0, 68]
05-26 19:34:52.207   344 13850 I QC2C2DEngine: calcYSize: unsupported or RGB color format, RGBA8888_UBWC(-1040187392)
05-26 19:34:52.210  5591  5591 D BYDAutoSensorDevice: postEvent device_type: 1043, event_type =40200008, value = -43
05-26 19:34:52.210  5591  5591 D BYDAutoSettingDevice: postEvent device_type: 1023, event_type =48600040, value = 1
05-26 19:34:52.210  5591  5591 D BYDAutoSettingDevice: postEvent device_type: 1023, event_type =40200037, value = 1
05-26 19:34:52.211  5591  5591 D BYDAutoYunDevice: postEvent device_type: 1034, event_type =99000021, value = [0, 0, 3, -39, 5, 0, 89, -20, -10, 34, 5, -88, -101, 2, -8, 79, 74, 126]
05-26 19:34:52.214  5591  5591 D BYDAutoYunDevice: postEvent device_type: 1034, event_type =99000021, value = [0, 0, 3, -39, 5, 2, 89, -20, -10, 37, 5, -88, -101, 2, -8, 79, 74, 126]
05-26 19:34:52.214  5591  5591 D BYDAutoYunDevice: postEvent device_type: 1034, event_type =99000021, value = [0, 0, 0, -116, 0, 1, 89, -20, -10, 42, 0, 0, 0, 0, -80, 2, 77, 0]
05-26 19:34:52.217 13531 14477 D bt_btif : LCB lcb=1 event=UL_MSG_EVT state=LCB_OPEN_ST
05-26 19:34:52.217   198 14482 I vendor.qti.bluetooth@1.0-ibs_handler: DeviceSleep: TX Awake, Sending SLEEP_IND
05-26 19:34:52.217   198 14482 D vendor.qti.bluetooth@1.0-ibs_handler: SerialClockVote: vote for UART CLK OFF
05-26 19:34:52.218   198   198 D vendor.qti.bluetooth@1.0-ibs_handler: SerialClockVote: vote for UART CLK ON
05-26 19:34:52.218   198   198 I vendor.qti.bluetooth@1.0-ibs_handler: DeviceWakeUp: Writing IBS_WAKE_IND
05-26 19:34:52.218   198 14466 I vendor.qti.bluetooth@1.0-ibs_handler: ProcessIbsCmd: Received IBS_WAKE_ACK: 0xFC
05-26 19:34:52.218   198 14466 I vendor.qti.bluetooth@1.0-ibs_handler: ProcessIbsCmd: Signal wack_cond_
05-26 19:34:52.218   198   198 D vendor.qti.bluetooth@1.0-ibs_handler: DeviceWakeUp: Unblocked from waiting for FC, pthread_cond_timedwait ret = 0
05-26 19:34:52.222   689 13653 I NormalHal3CamDevice: [frameworks/av/services/bmmcamera/device/src/NormalHal3CamDevice.cpp]:[processFrame]: E, 497 dqzcheckframerate process frame:20719
05-26 19:34:52.226   321 32147 I SDM     : StcManager::ProcessModeRenderIntent():637 Cannot find mode (gamut 255 gamma 255 intent 65535) in mode list
05-26 19:34:52.227  5591  5591 D BYDAutoYunDevice: postEvent device_type: 1034, event_type =99000021, value = [0, 0, 1, 45, 0, 0, 89, -20, -10, 51, -96, 40, 0, 34, 12, 49, -49, 9]
05-26 19:34:52.229   689 13743 I NormalHal3CamDevice: [frameworks/av/services/bmmcamera/device/src/NormalHal3CamDevice.cpp]:[processFrame]: E, 497 dqzcheckframerate process frame:20724
05-26 19:34:52.230   199  1507 I CamX    : [CORE_CFG][HAL    ] camxhal3.cpp:1384 process_capture_request() frame_number 20730, settings 0x0, num_output_buffers 1, cameraId 0
05-26 19:34:52.231   199  1511 E CamX    : [ERROR][ISP    ] camxifenode.cpp:6293 ExecuteProcessRequest() zzsFrameID = 20730 ,cameraid = 0
05-26 19:34:52.237   198 14466 I vendor.qti.bluetooth@1.0-ibs_handler: ProcessIbsCmd: Received IBS_WAKE_IND: 0xFD
05-26 19:34:52.237   198 14466 I vendor.qti.bluetooth@1.0-ibs_handler: ProcessIbsCmd: Writing IBS_WAKE_ACK
05-26 19:34:52.239 13531 14477 D bt_btif : LCB lcb=1 event=LL_MSG_EVT state=LCB_OPEN_ST
05-26 19:34:52.240 13531 14477 D bt_btif : bta_av_rc_msg_cback handle: 1 opcode=0x0
05-26 19:34:52.240 13531 14477 D bt_btif : bta_av_rc_msg_cback data_len: 13
05-26 19:34:52.240 13531 13890 D bt_btif : btif_av_state_opened_handler: event: BTA_AV_META_MSG_EVT, flags: 2, peer_sep: 0, index: 0 reconfig_event: 0, codec_cfg_change: 0, reconfig_pending: 0, reconfig_a2dp: 0, is_retry_reconfig: 0
05-26 19:34:52.240 13531 13890 D bt_btif : btif_rc_handler: event: BTA_AV_META_MSG_EVT
05-26 19:34:52.240 13531 13890 I BluetoothAvrcpControllerJni: btavrcp_play_position_changed_callback
05-26 19:34:52.240 13531 13890 D AvrcpControllerService: onPlayPositionChanged pos 0
05-26 19:34:52.241  5591  5591 D BYDAutoYunDevice: postEvent device_type: 1034, event_type =99000021, value = [0, 0, 2, -108, 0, 0, 89, -20, -10, 58, 85, 0, 86, 3, 76, 34, 11, -40]
05-26 19:34:52.241  5591  5591 D BYDAutoYunDevice: postEvent device_type: 1034, event_type =99000021, value = [0, 0, 2, -108, 0, 2, 89, -20, -10, 58, 85, 0, 86, 3, 76, 34, 11, -40]
05-26 19:34:52.241 13531 27429 D AvrcpControllerStateMachine: handleMessage: E msg.what=206
05-26 19:34:52.241 13531 27429 D AvrcpControllerStateMachine: processMsg: Connected
05-26 19:34:52.242 13531 27429 D AvrcpControllerStateMachine: Avrcp.ConnectedAvrcpController processMessage 206
05-26 19:34:52.242 13531 27429 D AvrcpPlayer: getPlayBackState state 1 time 0
05-26 19:34:52.242 13531 27429 D BluetoothMediaBrowserService: notifyChanged PlaybackStatePlaybackState {state=1, position=0, buffered position=0, speed=0.0, updated=232537662, actions=55, custom actions=[], active item id=0, error=null}
05-26 19:34:52.243 13531 27429 D AvrcpTrackInfo:  TrackInfo Metadata [artist= trackTitle= N**********d albumTitle=  genre=  trackNum= 1 track_len : 0 TotalTracks 1 mCoverArtHandle= mImageLocation :]
05-26 19:34:52.244   344 13850 I QC2C2DEngine: calcYSize: unsupported or RGB color format, RGBA8888_UBWC(-1040187392)
05-26 19:34:52.245 13531 27429 D AvrcpPlayer: getPlayBackState state 1 time 0
05-26 19:34:52.245 13531 27429 D AvrcpControllerStateMachine: meta title =N**********d,playbackstate = 1
05-26 19:34:52.245 13531 27429 D AvrcpControllerStateMachine: handleMessage: X
05-26 19:34:52.245  5591  5591 D BYDAutoYunDevice: postEvent device_type: 1034, event_type =99000021, value = [0, 0, 0, -116, 0, 1, 89, -20, -10, 62, 0, 16, 0, 0, -80, 2, 61, 16]
05-26 19:34:52.246  5591  5591 D BYDAutoYunDevice: postEvent device_type: 1034, event_type =99000021, value = [0, 0, 3, 71, 0, 0, 89, -20, -10, 65, 3, 0, 0, 57, 1, -1, -1, -60]
05-26 19:34:52.249  5591  5591 D BYDAutoYunDevice: postEvent device_type: 1034, event_type =99000021, value = [0, 0, 4, -91, 7, 0, 89, -20, -10, 65, 7, -1, -37, -113, 0, -4, -1, -1]
05-26 19:34:52.249  5591  5591 D BYDAutoYunDevice: postEvent device_type: 1034, event_type =99000021, value = [0, 0, 2, 111, 0, 0, 89, -20, -10, 67, -1, -1, 63, -126, 1, 19, 80, -36]
05-26 19:34:52.253  5591  5591 D BYDAutoSensorDevice: postEvent device_type: 1043, event_type =22300008, value = 809
05-26 19:34:52.256   689 13653 I NormalHal3CamDevice: [frameworks/av/services/bmmcamera/device/src/NormalHal3CamDevice.cpp]:[processFrame]: E, 497 dqzcheckframerate process frame:20720
05-26 19:34:52.256  5591  5591 D BYDAutoYunDevice: postEvent device_type: 1034, event_type =99000021, value = [0, 0, 0, -116, 0, 1, 89, -20, -10, 82, 0, 32, 0, 0, -80, 2, 45, 32]
05-26 19:34:52.257   689  7036 I DataCallbackProcessor: threadLoop:processor not receive frame for 500ms! something may be error
05-26 19:34:52.260   321 32147 I SDM     : StcManager::ProcessModeRenderIntent():637 Cannot find mode (gamut 255 gamma 255 intent 65535) in mode list
05-26 19:34:52.263   689 13743 I NormalHal3CamDevice: [frameworks/av/services/bmmcamera/device/src/NormalHal3CamDevice.cpp]:[processFrame]: E, 497 dqzcheckframerate process frame:20725
05-26 19:34:52.265   199  1514 I CamX    : [REQMAP][CORE   ] camxsession.cpp:4797 ProcessRequest() chiFrameNum: 20730  <==>  requestId: 20731  <==>  sequenceId: 20730  <==> CSLSyncId: 20731 -- PreviewYUVCameraForCam0_0
05-26 19:34:52.267   652  1651 D gbdataservice: [receiveData:158]module : 83, length: 399
05-26 19:34:52.267   652  1696 E gbdataservice: [createDir:78]ret : 0, errno:0
05-26 19:34:52.273   344 13850 I QC2C2DEngine: calcYSize: unsupported or RGB color format, RGBA8888_UBWC(-1040187392)
05-26 19:34:52.277  5591  5591 D BYDAutoYunDevice: postEvent device_type: 1034, event_type =99000021, value = [0, 0, 1, 45, 0, 0, 89, -20, -10, 101, -96, 40, 0, 34, 12, 49, -33, -7]
