05-26 19:35:00.478  5591  5591 D BYDAutoYunDevice: postEvent device_type: 1034, event_type =99000021, value = [0, 0, 0, -116, 0, 1, 89, -19, 22, 110, 0, -48, 0, 0, -80, 2, 125, -48]
05-26 19:35:00.478  5591  5591 D BYDAutoYunDevice: postEvent device_type: 1034, event_type =99000021, value = [0, 0, 2, -108, 0, 0, 89, -19, 22, 111, 85, 0, 86, 3, 76, 34, 13, -42]
05-26 19:35:00.478  5591  5591 D BYDAutoYunDevice: postEvent device_type: 1034, event_type =99000021, value = [0, 0, 2, -108, 0, 2, 89, -19, 22, 111, 85, 0, 86, 3, 76, 34, 13, -42]
05-26 19:35:00.492  5591  5591 D BYDAutoYunDevice: postEvent device_type: 1034, event_type =99000021, value = [0, 0, 3, 71, 0, 0, 89, -19, 22, 126, 3, 0, 0, 57, 1, -1, -1, -60]
05-26 19:35:00.502  5591  5591 D BYDAutoYunDevice: postEvent device_type: 1034, event_type =99000021, value = [0, 0, 0, -116, 0, 1, 89, -19, 22, -126, 0, -32, 0, 0, -80, 2, 109, -32]
05-26 19:35:00.502  5591  5591 D BYDAutoYunDevice: postEvent device_type: 1034, event_type =99000021, value = [0, 0, 1, 45, 0, 0, 89, -19, 22, -125, -96, 40, 0, 34, 12, 49, -1, -39]
05-26 19:35:00.509  5591  5591 D BYDAutoYunDevice: postEvent device_type: 1034, event_type =99000021, value = [0, 0, 3, 68, 0, 2, 89, -19, 22, -112, -122, 65, 31, 0, 0, -128, 8, -111]
05-26 19:35:00.510  5591  5591 D BYDAutoYunDevice: postEvent device_type: 1034, event_type =99000021, value = [0, 0, 4, 41, 0, 0, 89, -19, 22, -112, 65, 0, 0, 0, 0, 0, 0, 0]
05-26 19:35:00.511  5591  5591 D BYDAutoYunDevice: postEvent device_type: 1034, event_type =99000021, value = [0, 0, 2, 111, 0, 0, 89, -19, 22, -111, -1, -1, 63, -126, 1, 19, -128, -84]
05-26 19:35:00.518  5591  5591 D BYDAutoYunDevice: postEvent device_type: 1034, event_type =99000021, value = [0, 0, 0, -116, 0, 1, 89, -19, 22, -106, 0, -16, 0, 0, -80, 2, 93, -16]
05-26 19:35:00.532  5591  5591 D BYDAutoYunDevice: postEvent device_type: 1034, event_type =99000021, value = [0, 0, 2, -108, 0, 0, 89, -19, 22, -95, 85, 0, 86, 3, 76, 34, 14, -43]
05-26 19:35:00.534  5591  5591 D BYDAutoYunDevice: postEvent device_type: 1034, event_type =99000021, value = [0, 0, 2, -108, 0, 2, 89, -19, 22, -93, 85, 0, 86, 3, 76, 34, 14, -43]
05-26 19:35:00.536  5591  5591 D BYDAutoYunDevice: postEvent device_type: 1034, event_type =99000021, value = [0, 0, 0, -116, 0, 1, 89, -19, 22, -86, 0, 0, 0, 0, -80, 2, 77, 0]
05-26 19:35:00.541  5591  5591 D BYDAutoYunDevice: postEvent device_type: 1034, event_type =99000021, value = [0, 0, 4, -91, 2, 0, 89, -19, 22, -79, 2, -88, -101, 2, -24, -1, 65, 90]
05-26 19:35:00.547  5591  5591 D BYDAutoYunDevice: postEvent device_type: 1034, event_type =99000021, value = [0, 0, 4, 71, 0, 2, 89, -19, 22, -77, 4, 64, 1, 65, 126, 2, 64, -71]
05-26 19:35:00.547  5591  5591 D BYDAutoYunDevice: postEvent device_type: 1034, event_type =99000021, value = [0, 0, 4, 71, 0, 0, 89, -19, 22, -76, 4, 64, 1, 65, 126, 2, 64, -71]
05-26 19:35:00.547  4313  4313 D BYDAutoSafetyBeltDevice: postEvent device_type: 1042, event_type =12d0003f, value = 0
05-26 19:35:00.550 29160 29160 D BYDAutoSafetyBeltDevice: postEvent device_type: 1042, event_type =12d0003f, value = 0
05-26 19:35:00.557  5591  5591 D BYDAutoYunDevice: postEvent device_type: 1034, event_type =99000021, value = [0, 0, 1, 45, 0, 0, 89, -19, 22, -75, -96, 40, 0, 34, 12, 49, 15, -55]
05-26 19:35:00.559  5591  5591 D BYDAutoYunDevice: postEvent device_type: 1034, event_type =99000021, value = [0, 0, 0, -116, 0, 1, 89, -19, 22, -66, 0, 16, 0, 0, -80, 2, 61, 16]
05-26 19:35:00.564  5591  5591 D BYDAutoYunDevice: postEvent device_type: 1034, event_type =99000021, value = [0, 0, 2, 111, 0, 0, 89, -19, 22, -61, -1, -1, 63, -126, 1, 19, -112, -100]
05-26 19:35:00.566 13510 14755 D AbsBYDAutoDevice: double eventTypes is 12100008
05-26 19:35:00.570  5591  5591 D BYDAutoYunDevice: postEvent device_type: 1034, event_type =99000021, value = [0, 0, 3, -51, 0, 0, 89, -19, 22, -58, 2, 0, -1, 0, 98, 2, 0, 0]
05-26 19:35:00.570 13510 14756 D BYDAutoStatisticDevice: getSpeedSignalVDisValue speed is: 0
05-26 19:35:00.570  5591  5591 D BYDAutoSensorDevice: postEvent device_type: 1043, event_type =22300008, value = 809
05-26 19:35:00.573 13510 14755 D BYDAutoGearboxDevice: getGearboxAutoModeType type is: 1
05-26 19:35:00.580  5591  5591 D BYDAutoYunDevice: postEvent device_type: 1034, event_type =99000021, value = [0, 0, 0, -116, 0, 1, 89, -19, 22, -46, 0, 32, 0, 0, -80, 2, 45, 32]
05-26 19:35:00.580  5591  5591 D BYDAutoYunDevice: postEvent device_type: 1034, event_type =99000021, value = [0, 0, 3, -39, 6, 0, 89, -19, 22, -45, 6, -48, -14, -33, 0, 92, -68, 0]
05-26 19:35:00.580  5591  5591 D BYDAutoYunDevice: postEvent device_type: 1034, event_type =99000021, value = [0, 0, 3, -39, 6, 2, 89, -19, 22, -45, 6, -48, -14, -33, 0, 92, -68, 0]
05-26 19:35:00.580  5591  5591 D BYDAutoYunDevice: postEvent device_type: 1034, event_type =99000021, value = [0, 0, 2, -108, 0, 0, 89, -19, 22, -44, 85, 0, 86, 3, 76, 34, 15, -44]
05-26 19:35:00.580  5591  5591 D BYDAutoYunDevice: postEvent device_type: 1034, event_type =99000021, value = [0, 0, 2, -108, 0, 2, 89, -19, 22, -44, 85, 0, 86, 3, 76, 34, 15, -44]
05-26 19:35:00.602  5591  5591 D BYDAutoYunDevice: postEvent device_type: 1034, event_type =99000021, value = [0, 0, 3, 71, 0, 0, 89, -19, 22, -28, 3, 0, 0, 57, 1, -1, -1, -60]
05-26 19:35:00.603  5591  5591 D BYDAutoYunDevice: postEvent device_type: 1034, event_type =99000021, value = [0, 0, 0, -116, 0, 1, 89, -19, 22, -26, 0, 48, 0, 0, -80, 2, 29, 48]
05-26 19:35:00.606  5591  5591 D BYDAutoYunDevice: postEvent device_type: 1034, event_type =99000021, value = [0, 0, 1, 45, 0, 0, 89, -19, 22, -25, -96, 40, 0, 34, 12, 49, 31, -71]
05-26 19:35:00.613  5591  5591 D BYDAutoYunDevice: postEvent device_type: 1034, event_type =99000021, value = [0, 0, 2, 111, 0, 0, 89, -19, 22, -10, -1, -1, 63, -126, 1, 19, -96, -116]
05-26 19:35:00.620  5591  5591 D BYDAutoYunDevice: postEvent device_type: 1034, event_type =99000021, value = [0, 0, 0, -116, 0, 1, 89, -19, 22, -6, 0, 64, 0, 0, -80, 2, 13, 64]
05-26 19:35:00.621  5591  5591 D BYDAutoYunDevice: postEvent device_type: 1034, event_type =99000021, value = [0, 0, 3, -51, 0, 0, 89, -19, 22, -4, 2, 0, -1, 0, 98, 2, 0, 0]
05-26 19:35:00.621  5591  5591 D BYDAutoSensorDevice: postEvent device_type: 1043, event_type =3bd00158, value = 558
05-26 19:35:00.624  3495 18661 E Behavior-BydAutoMyDataCollectionTaskModify240125Unit: getEventBusData
05-26 19:35:00.624  3495 18661 I Behavior-BydAutoMyDataCollectionTaskModify240125Unit: setTimeLengthData: points_NullBelt : 0, points_AllBelt : 6601, driveDuration : 660100, lastDriveDuration : 0, beltStatus : 1
05-26 19:35:00.624  3495 18661 E Behavior-BydAutoMyDataCollectionTaskModify240125Unit: 左转向次数leftTurnCount=0
05-26 19:35:00.624  3495 18661 E Behavior-BydAutoMyDataCollectionTaskModify240125Unit: 右转向次数leftTurnCount=0
05-26 19:35:00.624  3495 18661 E Behavior-BydAutoMyDataCollectionTaskModify240125Unit: zuo转向灯有效信号采集数leftLightOnCount=0
05-26 19:35:00.624  3495 18661 E Behavior-BydAutoMyDataCollectionTaskModify240125Unit: you转向灯有效信号采集数rightLightOnCount=0
05-26 19:35:00.624  3495 18661 E Behavior-BydAutoMyDataCollectionTaskModify240125Unit: setTyreTurnData: 240105-左转向行为打灯次数 : 0
05-26 19:35:00.624  3495 18661 W Behavior-BydAutoMyDataCollectionTaskModify240125Unit: setTyreTurnData: 240105-左转弯次数=0
05-26 19:35:00.624  3495 18661 W Behavior-BydAutoMyDataCollectionTaskModify240125Unit: setTyreTurnData: 240105-左变道次数=0
05-26 19:35:00.624  3495 18661 W Behavior-BydAutoMyDataCollectionTaskModify240125Unit: 240105-右转向行为打灯次数=0
05-26 19:35:00.624  3495 18661 W Behavior-BydAutoMyDataCollectionTaskModify240125Unit: 240105-右转弯次数=0
05-26 19:35:00.628  3495 18661 W Behavior-BydAutoMyDataCollectionTaskModify240125Unit: 240105-右变道次数=0
05-26 19:35:00.628  3495 18661 I BydAutoDataCalculateHelper: 02310121getSingleFeatureScore: featureValue -> 0.0, featureType -> 9
05-26 19:35:00.628  3495 18661 E Behavior-BydAutoMyDataCollectionTaskModify240125Unit: setTyreTurnData: laneChangeFrequencyCount = 0
05-26 19:35:00.629  3495 18661 I BydAutoDataCalculateHelper: 02310121getSingleFeatureScore: featureValue -> 0.0, featureType -> 10
05-26 19:35:00.629  3495 18661 E Behavior-BydAutoMyDataCollectionTaskModify240125Unit: getEventBusData -> setConsumeData: oilConsume = 0.0, evConsume = 0.1
05-26 19:35:00.630  3495 18661 E Behavior-BydAutoConfigManager: isCarDomainControl: true
05-26 19:35:00.630  3495 18661 I Behavior-BydAutoMyDataCollectionTaskModify240125Unit: setStatisticsData: Dynasty || Ocean
05-26 19:35:00.630  3495 18661 I BydAutoDataCalculateHelper: 02310121getSingleFeatureScore: featureValue -> 0.0, featureType -> 12
05-26 19:35:00.630  3495 18661 I BydAutoDataCalculateHelper: 02310121getSingleFeatureScore: featureValue -> 0.0, featureType -> 1
05-26 19:35:00.630  3495 18661 I BydAutoDataCalculateHelper: 02310121getSingleFeatureScore: featureValue -> 0.0, featureType -> 2
05-26 19:35:00.630  3495 18661 I BydAutoDataCalculateHelper: 02310121getSingleFeatureScore: featureValue -> 0.0, featureType -> 3
05-26 19:35:00.630  3495 18661 I BydAutoDataCalculateHelper: 02310121getSingleFeatureScore: featureValue -> 0.04927777871489525, featureType -> 5
05-26 19:35:00.630  3495 18661 I BydAutoDataCalculateHelper: 02310121getSingleFeatureScore: featureValue -> 0.0, featureType -> 6
05-26 19:35:00.630  3495 18661 I BydAutoDataCalculateHelper: 02310121getDriveScore: featureScoreList -> [100.0, 100.0, 100.0, 100.0, 100.0]
05-26 19:35:00.630  3495 18661 I BydAutoDataCalculateHelper: 02310121getDriveScore: safetyWeightList -> [1.0, 1.0, 2.0, 4.0, 2.0]
05-26 19:35:00.630  3495 18661 I BydAutoDataCalculateHelper: 02310121getSingleFeatureScore: featureValue -> 16.6, featureType -> 14
05-26 19:35:00.630  3495 18661 E Behavior-BydAutoConfigManager: getAutoID: 158
05-26 19:35:00.632  3495 18661 I BydAutoDataCalculateHelper: 02310121getDriveScore: featureScoreList -> [90.789474]
05-26 19:35:00.633  3495 18661 I BydAutoDataCalculateHelper: 02310121getDriveScore: savingWeightList -> [1.0]
05-26 19:35:00.634  3495 18661 I BydAutoDataCalculateHelper: 02310121getSingleFeatureScore: featureValue -> 0.03333333333333333, featureType -> 13
05-26 19:35:00.634  3495 18661 I BydAutoDataCalculateHelper: 02310121getSingleFeatureScore: featureValue -> 0.0, featureType -> 8
05-26 19:35:00.634  5591  5591 D BYDAutoYunDevice: postEvent device_type: 1034, event_type =99000021, value = [0, 0, 2, -108, 0, 0, 89, -19, 23, 6, 85, 0, 86, 3, 76, 34, 0, -29]
05-26 19:35:00.634  3495 18661 I BydAutoDataCalculateHelper: 02310121getDriveScore: featureScoreList -> [99.583336, 100.0]
05-26 19:35:00.634  3495 18661 I BydAutoDataCalculateHelper: 02310121getDriveScore: environmentalWeightList -> [5.0, 2.0]
05-26 19:35:00.634  3495 18661 I BydAutoDataCalculateHelper: 02310121getDriveScore: featureScoreList -> [100.0, 100.0]
05-26 19:35:00.634  3495 18661 I BydAutoDataCalculateHelper: 02310121getDriveScore: civilizedWeightList -> [1.0, 1.0]
05-26 19:35:00.634  3495 18661 I BydAutoDataCalculateHelper: 02310121getDriveScore: featureScoreList -> [100.0, 90.79, 99.7, 100.0]
05-26 19:35:00.634  3495 18661 I BydAutoDataCalculateHelper: 02310121getDriveScore: overallWeightList -> [4.0, 2.0, 1.0, 1.0]
05-26 19:35:00.634  3495 18661 I Behavior-BydAutoConfigManager: getVIN: LC0****686189
05-26 19:35:00.634  3495 18661 E Behavior-BydAutoConfigManager: isCarDomainControl: true
05-26 19:35:00.634  3495 18661 I Behavior-BydAutoMyDataCollectionTaskModify240125Unit: scheduleToSaveData: Dynasty || Ocean
05-26 19:35:00.634  3495 18661 I Behavior-BydAutoMyDataCollectionTaskModify240125Unit: scheduleToSaveData: dkm -> 0.0
05-26 19:35:00.634  3495 18661 I Behavior-BydAutoConfigManager: getVIN: LC0****686189
05-26 19:35:00.635  3495 18661 E Behavior-BydAutoConfigManager: getCityCode: 
05-26 19:35:00.635  3495 18661 E Behavior-BydAutoConfigManager: getAutoID: 158
05-26 19:35:00.635  3495 18661 I Behavior-BydAutoUserManager: USER_TYPE: 1
05-26 19:35:00.635  3495 18661 I Behavior-BydAutoUserManager: USER: 71527254
05-26 19:35:00.635  3495 18661 E Behavior-BydAutoConfigManager: getNetworkFlag: 4
05-26 19:35:00.635  3495  3495 E Behavior-BydAutoConfigManager: isCarDomainControl: true
05-26 19:35:00.635  3495  3495 E Behavior-BydAutoConfigManager: isCarDomainControl: true
05-26 19:35:00.635  3495  3495 E Behavior-BydAutoConfigManager: isCarDomainControl: true
05-26 19:35:00.635  3495  3495 E Behavior-BydAutoMyDataCollectionTaskModify240125Unit: Handler：CASE_OPEN_DATA_FOR_OBSERVER -> currentMiles : 0, curOilConsume : 0, evConsume : 0.1
05-26 19:35:00.637  5591  5591 D BYDAutoYunDevice: postEvent device_type: 1034, event_type =99000021, value = [0, 0, 2, -108, 0, 2, 89, -19, 23, 7, 85, 0, 86, 3, 76, 34, 0, -29]
05-26 19:35:00.637  5591  5591 D BYDAutoStatisticDevice: postEvent device_type: 1014, event_type =34500018, value = 2459
05-26 19:35:00.638  5591  5591 D BYDAutoYunDevice: postEvent device_type: 1034, event_type =99000021, value = [0, 0, 0, -116, 0, 1, 89, -19, 23, 14, 0, 80, 0, 0, -80, 2, -3, 80]
05-26 19:35:00.640  3495 18661 I Behavior-BydAutoConfigManager: getVIN: LC0****686189
05-26 19:35:00.650  5591  5591 D BYDAutoYunDevice: postEvent device_type: 1034, event_type =99000021, value = [0, 0, 1, 45, 0, 0, 89, -19, 23, 25, -96, 40, 0, 34, 12, 49, 47, -87]
05-26 19:35:00.652  5591  5591 D BYDAutoYunDevice: postEvent device_type: 1034, event_type =99000021, value = [0, 0, 3, -106, 0, 0, 89, -19, 23, 30, 85, 81, -128, 0, 0, 0, 0, 1]
05-26 19:35:00.656  5591  5591 D BYDAutoStatisticDevice: postEvent device_type: 1014, event_type =44a00020, value = 5009
05-26 19:35:00.659  5591  5591 D BYDAutoYunDevice: postEvent device_type: 1034, event_type =99000021, value = [0, 0, 0, -116, 0, 1, 89, -19, 23, 34, 0, 96, 0, 0, -80, 2, -19, 96]
05-26 19:35:00.680  5591  5591 D BYDAutoYunDevice: postEvent device_type: 1034, event_type =99000021, value = [0, 0, 2, 111, 0, 0, 89, -19, 23, 43, -1, -1, 63, -126, 1, 19, -80, 124]
05-26 19:35:00.681  5591  5591 D BYDAutoYunDevice: postEvent device_type: 1034, event_type =99000021, value = [0, 0, 0, -116, 0, 1, 89, -19, 23, 54, 0, 112, 0, 0, -80, 2, -35, 112]
05-26 19:35:00.682  5591  5591 D BYDAutoYunDevice: postEvent device_type: 1034, event_type =99000021, value = [0, 0, 2, -108, 0, 0, 89, -19, 23, 56, 85, 0, 86, 3, 76, 34, 1, -30]
05-26 19:35:00.683  5591  5591 D BYDAutoYunDevice: postEvent device_type: 1034, event_type =99000021, value = [0, 0, 2, -108, 0, 2, 89, -19, 23, 56, 85, 0, 86, 3, 76, 34, 1, -30]
05-26 19:35:00.706  5591  5591 D BYDAutoYunDevice: postEvent device_type: 1034, event_type =99000021, value = [0, 0, 3, 71, 0, 0, 89, -19, 23, 72, 3, 0, 0, 57, 1, -1, -1, -60]
05-26 19:35:00.707  5591  5591 D BYDAutoYunDevice: postEvent device_type: 1034, event_type =99000021, value = [0, 0, 0, -116, 0, 1, 89, -19, 23, 74, 0, -128, 0, 0, -80, 2, -51, -128]
05-26 19:35:00.707  5591  5591 D BYDAutoYunDevice: postEvent device_type: 1034, event_type =99000021, value = [0, 0, 1, 45, 0, 0, 89, -19, 23, 75, -96, 40, 0, 34, 12, 49, 63, -103]
05-26 19:35:00.707  5591  5591 D BYDAutoYunDevice: postEvent device_type: 1034, event_type =99000021, value = [0, 0, 4, -114, 0, 0, 89, -19, 23, 84, -107, 85, 24, 57, 41, 33, -96, -38]
05-26 19:35:00.720  5591  5591 D BYDAutoYunDevice: postEvent device_type: 1034, event_type =99000021, value = [0, 0, 2, 111, 0, 0, 89, -19, 23, 93, -1, -1, 63, -126, 1, 19, -64, 108]
05-26 19:35:00.721  5591  5591 D BYDAutoYunDevice: postEvent device_type: 1034, event_type =99000021, value = [0, 0, 0, -116, 0, 1, 89, -19, 23, 94, 0, -112, 0, 0, -80, 2, -67, -112]
05-26 19:35:00.738  5591  5591 D BYDAutoYunDevice: postEvent device_type: 1034, event_type =99000021, value = [0, 0, 2, -108, 0, 0, 89, -19, 23, 108, 85, 0, 86, 3, 76, 34, 2, -31]
05-26 19:35:00.738  5591  5591 D BYDAutoYunDevice: postEvent device_type: 1034, event_type =99000021, value = [0, 0, 2, -108, 0, 2, 89, -19, 23, 108, 85, 0, 86, 3, 76, 34, 2, -31]
05-26 19:35:00.747  5591  5591 D BYDAutoYunDevice: postEvent device_type: 1034, event_type =99000021, value = [0, 0, 0, -116, 0, 1, 89, -19, 23, 114, 0, -96, 0, 0, -80, 2, -83, -96]
05-26 19:35:00.752  5591  5591 D BYDAutoYunDevice: postEvent device_type: 1034, event_type =99000021, value = [0, 0, 1, 45, 0, 0, 89, -19, 23, 125, -96, 40, 0, 34, 12, 49, 79, -119]
05-26 19:35:00.755  5591  5591 D BYDAutoStatisticDevice: postEvent device_type: 1014, event_type =44a00020, value = 5008
05-26 19:35:00.761  5591  5591 D BYDAutoYunDevice: postEvent device_type: 1034, event_type =99000021, value = [0, 0, 0, -116, 0, 1, 89, -19, 23, -122, 0, -80, 0, 0, -80, 2, -99, -80]
05-26 19:35:00.767  5591  5591 D BYDAutoYunDevice: postEvent device_type: 1034, event_type =99000021, value = [0, 0, 2, 111, 0, 0, 89, -19, 23, -112, -1, -1, 63, -126, 1, 19, -48, 92]
05-26 19:35:00.777  5591  5591 D BYDAutoYunDevice: postEvent device_type: 1034, event_type =99000021, value = [0, 0, 0, -116, 0, 1, 89, -19, 23, -102, 0, -64, 0, 0, -80, 2, -115, -64]
05-26 19:35:00.782  5591  5591 D BYDAutoYunDevice: postEvent device_type: 1034, event_type =99000021, value = [0, 0, 2, -108, 0, 0, 89, -19, 23, -98, 85, 0, 86, 3, 76, 34, 3, -32]
05-26 19:35:00.782  5591  5591 D BYDAutoYunDevice: postEvent device_type: 1034, event_type =99000021, value = [0, 0, 2, -108, 0, 2, 89, -19, 23, -98, 85, 0, 86, 3, 76, 34, 3, -32]
05-26 19:35:00.807  5591  5591 D BYDAutoYunDevice: postEvent device_type: 1034, event_type =99000021, value = [0, 0, 3, 71, 0, 0, 89, -19, 23, -83, 3, 0, 0, 57, 1, -1, -1, -60]
05-26 19:35:00.807  5591  5591 D BYDAutoYunDevice: postEvent device_type: 1034, event_type =99000021, value = [0, 0, 0, -116, 0, 1, 89, -19, 23, -82, 0, -48, 0, 0, -80, 2, 125, -48]
05-26 19:35:00.807  5591  5591 D BYDAutoYunDevice: postEvent device_type: 1034, event_type =99000021, value = [0, 0, 1, 45, 0, 0, 89, -19, 23, -81, -96, 40, 0, 34, 12, 49, 95, 121]
05-26 19:35:00.807  5591  5591 D BYDAutoYunDevice: postEvent device_type: 1034, event_type =99000021, value = [0, 0, 3, -44, 0, 0, 89, -19, 23, -78, 0, 0, 0, -128, 14, 0, -30, 0, 0, 0, 0, 0, 0, 0, 0, 0, 0, 0, 0, 0, 0, 0, 0, 0, 0, 0, 0, 0, 0, 0, 0, 0, 0, 0, 0, 0, 0, 0, 0, 0, 0, 0, 0, 0, 0, 0, 0, -1, 0, 0, 0, 0, 0, -1, 0, 0, 0, 0, 0, 0, 0, -4, -1, -1]
05-26 19:35:00.810  5591  5591 D BYDAutoYunDevice: postEvent device_type: 1034, event_type =99000021, value = [0, 0, 4, 28, 0, 0, 89, -19, 23, -68, 9, 69, 1, 81, 53, 0, 0, 0]
05-26 19:35:00.819  5591  5591 D BYDAutoYunDevice: postEvent device_type: 1034, event_type =99000021, value = [0, 0, 2, 111, 0, 0, 89, -19, 23, -62, -1, -1, 63, -126, 1, 19, -32, 76]
05-26 19:35:00.820  5591  5591 D BYDAutoYunDevice: postEvent device_type: 1034, event_type =99000021, value = [0, 0, 0, -116, 0, 1, 89, -19, 23, -62, 0, -32, 0, 0, -80, 2, 109, -32]
05-26 19:35:00.820  5591  5591 D BYDAutoYunDevice: postEvent device_type: 1034, event_type =99000021, value = [0, 0, 4, -10, 0, 0, 89, -19, 23, -61, -1, 5, -96, 0, -1, 73, -5, -1]
05-26 19:35:00.837  5591  5591 D BYDAutoYunDevice: postEvent device_type: 1034, event_type =99000021, value = [0, 0, 2, -108, 0, 0, 89, -19, 23, -48, 85, 0, 86, 3, 76, 34, 4, -33]
05-26 19:35:00.837  5591  5591 D BYDAutoYunDevice: postEvent device_type: 1034, event_type =99000021, value = [0, 0, 2, -108, 0, 2, 89, -19, 23, -48, 85, 0, 86, 3, 76, 34, 4, -33]
05-26 19:35:00.837  5591  5591 D BYDAutoStatisticDevice: postEvent device_type: 1014, event_type =34500018, value = 2463
05-26 19:35:00.839  5591  5591 D BYDAutoYunDevice: postEvent device_type: 1034, event_type =99000021, value = [0, 0, 0, -116, 0, 1, 89, -19, 23, -42, 0, -16, 0, 0, -80, 2, 93, -16]
05-26 19:35:00.847  5591  5591 D BYDAutoYunDevice: postEvent device_type: 1034, event_type =99000021, value = [0, 0, 1, 45, 0, 0, 89, -19, 23, -31, -96, 40, 0, 34, 12, 49, 111, 105]
05-26 19:35:00.857  5591  5591 D BYDAutoYunDevice: postEvent device_type: 1034, event_type =99000021, value = [0, 0, 0, -116, 0, 1, 89, -19, 23, -22, 0, 0, 0, 0, -80, 2, 77, 0]
05-26 19:35:00.868  5591  5591 D BYDAutoYunDevice: postEvent device_type: 1034, event_type =99000021, value = [0, 0, 2, 111, 0, 0, 89, -19, 23, -12, -1, -1, 63, -126, 1, 19, -16, 60]
05-26 19:35:00.874  5591  5591 D BYDAutoYunDevice: postEvent device_type: 1034, event_type =99000021, value = [0, 0, 4, 6, 1, 0, 89, -19, 23, -6, 1, -87, -108, 4, 0, 74, 89, 0]
05-26 19:35:00.882  5591  5591 D BYDAutoYunDevice: postEvent device_type: 1034, event_type =99000021, value = [0, 0, 0, -116, 0, 1, 89, -19, 23, -2, 0, 16, 0, 0, -80, 2, 61, 16]
05-26 19:35:00.883  5591  5591 D BYDAutoYunDevice: postEvent device_type: 1034, event_type =99000021, value = [0, 0, 2, -108, 0, 0, 89, -19, 24, 1, 85, 0, 86, 3, 76, 34, 5, -34]
05-26 19:35:00.883  5591  5591 D BYDAutoYunDevice: postEvent device_type: 1034, event_type =99000021, value = [0, 0, 2, -108, 0, 2, 89, -19, 24, 2, 85, 0, 86, 3, 76, 34, 5, -34]
05-26 19:35:00.902  5591  5591 D BYDAutoYunDevice: postEvent device_type: 1034, event_type =99000021, value = [0, 0, 2, 64, 0, 2, 89, -19, 24, 13, 0, 66, 26, 52, 63, 9, 72, -33]
05-26 19:35:00.902  5591  5591 D BYDAutoYunDevice: postEvent device_type: 1034, event_type =99000021, value = [0, 0, 4, -91, 1, 0, 89, -19, 24, 16, 1, -1, -1, 15, 64, -92, -12, -31]
05-26 19:35:00.910  5591  5591 D BYDAutoYunDevice: postEvent device_type: 1034, event_type =99000021, value = [0, 0, 3, 71, 0, 0, 89, -19, 24, 18, 3, 0, 0, 57, 1, -1, -1, -60]
05-26 19:35:00.910  5591  5591 D BYDAutoYunDevice: postEvent device_type: 1034, event_type =99000021, value = [0, 0, 0, -116, 0, 1, 89, -19, 24, 18, 0, 32, 0, 0, -80, 2, 45, 32]
05-26 19:35:00.910  5591  5591 D BYDAutoYunDevice: postEvent device_type: 1034, event_type =99000021, value = [0, 0, 1, 45, 0, 0, 89, -19, 24, 20, -96, 40, 0, 34, 12, 49, 127, 89]
05-26 19:35:00.912  5591  5591 D BYDAutoYunDevice: postEvent device_type: 1034, event_type =99000021, value = [0, 0, 3, 65, 0, 2, 89, -19, 24, 25, -48, -35, 0, -117, -1, -1, 2, -57]
05-26 19:35:00.916  5591  5591 D BYDAutoYunDevice: postEvent device_type: 1034, event_type =99000021, value = [0, 0, 2, 111, 0, 0, 89, -19, 24, 38, -1, -1, 63, -126, 1, 19, 0, 44]
05-26 19:35:00.916  5591  5591 D BYDAutoYunDevice: postEvent device_type: 1034, event_type =99000021, value = [0, 0, 0, -116, 0, 1, 89, -19, 24, 38, 0, 48, 0, 0, -80, 2, 29, 48]
05-26 19:35:00.935  5591  5591 D BYDAutoYunDevice: postEvent device_type: 1034, event_type =99000021, value = [0, 0, 2, -108, 0, 0, 89, -19, 24, 52, 85, 0, 86, 3, 76, 34, 6, -35]
05-26 19:35:00.935  5591  5591 D BYDAutoYunDevice: postEvent device_type: 1034, event_type =99000021, value = [0, 0, 2, -108, 0, 2, 89, -19, 24, 52, 85, 0, 86, 3, 76, 34, 6, -35]
05-26 19:35:00.935  5591  5591 D BYDAutoYunDevice: postEvent device_type: 1034, event_type =99000021, value = [0, 0, 4, -71, 0, 0, 89, -19, 24, 55, 101, 15, 0, 9, -128, -16, -1, 15]
05-26 19:35:00.942  5591  5591 D BYDAutoYunDevice: postEvent device_type: 1034, event_type =99000021, value = [0, 0, 3, 97, 0, 2, 89, -19, 24, 56, -47, -1, 10, 0, 0, 0, 0, 37]
05-26 19:35:00.942  5591  5591 D BYDAutoYunDevice: postEvent device_type: 1034, event_type =99000021, value = [0, 0, 4, 52, 0, 0, 89, -19, 24, 57, 0, 0, 8, 0, -120, 68, -110, -103]
05-26 19:35:00.942  5591  5591 D BYDAutoYunDevice: postEvent device_type: 1034, event_type =99000021, value = [0, 0, 0, -116, 0, 1, 89, -19, 24, 58, 0, 64, 0, 0, -80, 2, 13, 64]
05-26 19:35:00.942  5591  5591 D BYDAutoYunDevice: postEvent device_type: 1034, event_type =99000021, value = [0, 0, 4, 73, 0, 2, 89, -19, 24, 60, 5, -74, -50, 100, 93, -36, 2, 3]
05-26 19:35:00.944  5591  5591 D BYDAutoChargingDevice: postEvent device_type: 1009, event_type =44400018, value = 0.8999939
05-26 19:35:00.945  5591  5591 D BYDAutoChargingDevice: postEvent device_type: 1009, event_type =c4400018, value = 5009.0
05-26 19:35:00.948  4313  4313 D BYDAutoSafetyBeltDevice: postEvent device_type: 1042, event_type =12d0003f, value = 1
05-26 19:35:00.948 29160 29160 D BYDAutoSafetyBeltDevice: postEvent device_type: 1042, event_type =12d0003f, value = 1
05-26 19:35:00.950  5591  5591 D BYDAutoYunDevice: postEvent device_type: 1034, event_type =99000021, value = [0, 0, 1, 45, 0, 0, 89, -19, 24, 72, -96, 40, 0, 34, 12, 49, -113, 73]
05-26 19:35:00.956  5591  5591 D BYDAutoStatisticDevice: postEvent device_type: 1014, event_type =44a00020, value = 5009
05-26 19:35:00.964  5591  5591 D BYDAutoYunDevice: postEvent device_type: 1034, event_type =99000021, value = [0, 0, 0, -116, 0, 1, 89, -19, 24, 78, 0, 80, 0, 0, -80, 2, -3, 80]
05-26 19:35:00.971  5591  5591 D BYDAutoYunDevice: postEvent device_type: 1034, event_type =99000021, value = [0, 0, 4, -122, 0, 0, 89, -19, 24, 86, 8, 72, 0, 0, 0, 0, 0, 1]
05-26 19:35:00.971  5591  5591 D BYDAutoYunDevice: postEvent device_type: 1034, event_type =99000021, value = [0, 0, 2, 111, 0, 0, 89, -19, 24, 88, -1, -1, 63, -126, 1, 19, 16, 28]
05-26 19:35:00.978  5591  5591 D BYDAutoYunDevice: postEvent device_type: 1034, event_type =99000021, value = [0, 0, 0, -116, 0, 1, 89, -19, 24, 98, 0, 96, 0, 0, -80, 2, -19, 96]
05-26 19:35:00.983  5591  5591 D BYDAutoYunDevice: postEvent device_type: 1034, event_type =99000021, value = [0, 0, 2, -108, 0, 0, 89, -19, 24, 102, 85, 0, 86, 3, 76, 34, 7, -36]
05-26 19:35:00.990  5591  5591 D BYDAutoYunDevice: postEvent device_type: 1034, event_type =99000021, value = [0, 0, 2, -108, 0, 2, 89, -19, 24, 102, 85, 0, 86, 3, 76, 34, 7, -36]
05-26 19:35:00.990  5591  5591 D BYDAutoYunDevice: postEvent device_type: 1034, event_type =99000021, value = [0, 0, 4, 108, 0, 2, 89, -19, 24, 106, 16, 39, 16, 39, -1, -1, -1, -1]
05-26 19:35:01.001  5591  5591 D BYDAutoYunDevice: postEvent device_type: 1034, event_type =99000021, value = [0, 0, 3, 71, 0, 0, 89, -19, 24, 118, 3, 0, 0, 57, 1, -1, -1, -60]
05-26 19:35:01.007  5591  5591 D BYDAutoYunDevice: postEvent device_type: 1034, event_type =99000021, value = [0, 0, 0, -116, 0, 1, 89, -19, 24, 118, 0, 112, 0, 0, -80, 2, -35, 112]
05-26 19:35:01.007  5591  5591 D BYDAutoYunDevice: postEvent device_type: 1034, event_type =99000021, value = [0, 0, 1, 45, 0, 0, 89, -19, 24, 122, -96, 40, 0, 34, 12, 49, -97, 57]
05-26 19:35:01.016  5591  5591 D BYDAutoYunDevice: postEvent device_type: 1034, event_type =99000021, value = [0, 0, 2, 111, 0, 0, 89, -19, 24, -118, -1, -1, 63, -126, 1, 19, 32, 12]
05-26 19:35:01.017  5591  5591 D BYDAutoYunDevice: postEvent device_type: 1034, event_type =99000021, value = [0, 0, 0, -116, 0, 1, 89, -19, 24, -118, 0, -128, 0, 0, -80, 2, -51, -128]
05-26 19:35:01.032  5591  5591 D BYDAutoYunDevice: postEvent device_type: 1034, event_type =99000021, value = [0, 0, 2, -108, 0, 0, 89, -19, 24, -104, 85, 0, 86, 3, 76, 34, 8, -37]
05-26 19:35:01.035  5591  5591 D BYDAutoYunDevice: postEvent device_type: 1034, event_type =99000021, value = [0, 0, 2, -108, 0, 2, 89, -19, 24, -104, 85, 0, 86, 3, 76, 34, 8, -37]
05-26 19:35:01.041  5591  5591 D BYDAutoStatisticDevice: postEvent device_type: 1014, event_type =34500018, value = 2459
05-26 19:35:01.043  5591  5591 D BYDAutoYunDevice: postEvent device_type: 1034, event_type =99000021, value = [0, 0, 0, -116, 0, 1, 89, -19, 24, -98, 0, -112, 0, 0, -80, 2, -67, -112]
05-26 19:35:01.045  5591  5591 D BYDAutoYunDevice: postEvent device_type: 1034, event_type =99000021, value = [0, 0, 4, -91, 4, 0, 89, -19, 24, -90, 4, -1, -1, -1, -1, -1, -2, -17]
05-26 19:35:01.050  5591  5591 D BYDAutoYunDevice: postEvent device_type: 1034, event_type =99000021, value = [0, 0, 1, 45, 0, 0, 89, -19, 24, -84, -96, 40, 0, 34, 12, 49, -81, 41]
05-26 19:35:01.056  5591  5591 D BYDAutoStatisticDevice: postEvent device_type: 1014, event_type =44a00020, value = 5007
05-26 19:35:01.056  5591  5591 D BYDAutoYunDevice: postEvent device_type: 1034, event_type =99000021, value = [0, 0, 0, -116, 0, 1, 89, -19, 24, -78, 0, -96, 0, 0, -80, 2, -83, -96]
05-26 19:35:01.071  5591  5591 D BYDAutoYunDevice: postEvent device_type: 1034, event_type =99000021, value = [0, 0, 2, 111, 0, 0, 89, -19, 24, -67, -1, -1, 63, -126, 1, 19, 48, -4]
05-26 19:35:01.072  5591  5591 D BYDAutoYunDevice: postEvent device_type: 1034, event_type =99000021, value = [0, 0, 1, -47, 0, 1, 89, -19, 24, -66, 0, -8, 15, -64, -1, -113, -78, -8]
05-26 19:35:01.076  5591  5591 D BYDAutoYunDevice: postEvent device_type: 1034, event_type =99000021, value = [0, 0, 4, -6, 0, 0, 89, -19, 24, -60, 9, -128, -86, 0, 0, -127, -127, 34]
05-26 19:35:01.084  5591  5591 D BYDAutoYunDevice: postEvent device_type: 1034, event_type =99000021, value = [0, 0, 0, -116, 0, 1, 89, -19, 24, -58, 0, -80, 0, 0, -80, 2, -99, -80]
05-26 19:35:01.084  5591  5591 D BYDAutoYunDevice: postEvent device_type: 1034, event_type =99000021, value = [0, 0, 2, -108, 0, 0, 89, -19, 24, -54, 85, 0, 86, 3, 76, 34, 9, -38]
05-26 19:35:01.084  5591  5591 D BYDAutoYunDevice: postEvent device_type: 1034, event_type =99000021, value = [0, 0, 2, -108, 0, 2, 89, -19, 24, -54, 85, 0, 86, 3, 76, 34, 9, -38]
05-26 19:35:01.101  5591  5591 D BYDAutoYunDevice: postEvent device_type: 1034, event_type =99000021, value = [0, 0, 0, -116, 0, 1, 89, -19, 24, -38, 0, -64, 0, 0, -80, 2, -115, -64]
05-26 19:35:01.102  5591  5591 D BYDAutoYunDevice: postEvent device_type: 1034, event_type =99000021, value = [0, 0, 3, 71, 0, 0, 89, -19, 24, -36, 3, 0, 0, 57, 1, -1, -1, -60]
05-26 19:35:01.104  5591  5591 D BYDAutoYunDevice: postEvent device_type: 1034, event_type =99000021, value = [0, 0, 1, 45, 0, 0, 89, -19, 24, -34, -96, 40, 0, 34, 12, 49, -65, 25]
05-26 19:35:01.116  5591  5591 D BYDAutoYunDevice: postEvent device_type: 1034, event_type =99000021, value = [0, 0, 0, -116, 0, 1, 89, -19, 24, -18, 0, -48, 0, 0, -80, 2, 125, -48]
05-26 19:35:01.118  5591  5591 D BYDAutoYunDevice: postEvent device_type: 1034, event_type =99000021, value = [0, 0, 2, 111, 0, 0, 89, -19, 24, -16, -1, -1, 63, -126, 1, 19, 64, -20]
05-26 19:35:01.119  5591  5591 D BYDAutoYunDevice: postEvent device_type: 1034, event_type =99000021, value = [0, 0, 3, -39, 3, 2, 89, -19, 24, -14, 3, 0, 2, 4, -32, -1, -1, -1]
05-26 19:35:01.119  5591  5591 D BYDAutoYunDevice: postEvent device_type: 1034, event_type =99000021, value = [0, 0, 3, -39, 3, 0, 89, -19, 24, -14, 3, 0, 2, 4, -32, -1, -1, -1]
05-26 19:35:01.119  5591  5591 D BYDAutoYunDevice: postEvent device_type: 1034, event_type =99000021, value = [0, 0, 4, -91, 5, 0, 89, -19, 24, -13, 5, -1, 127, -115, -124, -111, 118, 82]
05-26 19:35:01.128  5591  5591 D BYDAutoSensorDevice: postEvent device_type: 1043, event_type =40200008, value = -44
05-26 19:35:01.131  5591  5591 D BYDAutoSettingDevice: postEvent device_type: 1023, event_type =48600040, value = 0
05-26 19:35:01.137  5591  5591 D BYDAutoSettingDevice: postEvent device_type: 1023, event_type =40200037, value = 0
05-26 19:35:01.138  5591  5591 D BYDAutoYunDevice: postEvent device_type: 1034, event_type =99000021, value = [0, 0, 2, -108, 0, 0, 89, -19, 24, -4, 85, 0, 86, 3, 76, 34, 10, -39]
05-26 19:35:01.138  5591  5591 D BYDAutoYunDevice: postEvent device_type: 1034, event_type =99000021, value = [0, 0, 2, -108, 0, 2, 89, -19, 24, -4, 85, 0, 86, 3, 76, 34, 10, -39]
05-26 19:35:01.138  5591  5591 D BYDAutoSettingDevice: postEvent device_type: 1023, event_type =42f00037, value = 0
05-26 19:35:01.138  5591  5591 D BYDAutoStatisticDevice: postEvent device_type: 1014, event_type =34500018, value = 2463
05-26 19:35:01.138  5591  5591 D BYDAutoYunDevice: postEvent device_type: 1034, event_type =99000021, value = [0, 0, 0, -116, 0, 1, 89, -19, 25, 2, 0, -32, 0, 0, -80, 2, 109, -32]
05-26 19:35:01.146  5591  5591 D BYDAutoYunDevice: postEvent device_type: 1034, event_type =99000021, value = [0, 0, 3, 35, 0, 0, 89, -19, 25, 9, 64, -1, -2, 15, -1, -1, -61, -14]
05-26 19:35:01.155  5591  5591 D BYDAutoYunDevice: postEvent device_type: 1034, event_type =99000021, value = [0, 0, 1, 45, 0, 0, 89, -19, 25, 18, -96, 40, 0, 34, 12, 49, -49, 9]
05-26 19:35:01.157  5591  5591 D BYDAutoStatisticDevice: postEvent device_type: 1014, event_type =44a00020, value = 5009
05-26 19:35:01.157  5591  5591 D BYDAutoYunDevice: postEvent device_type: 1034, event_type =99000021, value = [0, 0, 0, -116, 0, 1, 89, -19, 25, 22, 0, -16, 0, 0, -80, 2, 93, -16]
05-26 19:35:01.170  5591  5591 D BYDAutoYunDevice: postEvent device_type: 1034, event_type =99000021, value = [0, 0, 2, 111, 0, 0, 89, -19, 25, 35, -1, -1, 63, -126, 1, 19, 80, -36]
05-26 19:35:01.171  5591  5591 D BYDAutoSensorDevice: postEvent device_type: 1043, event_type =22300008, value = 808
05-26 19:35:01.177  5591  5591 D BYDAutoYunDevice: postEvent device_type: 1034, event_type =99000021, value = [0, 0, 0, -116, 0, 1, 89, -19, 25, 42, 0, 0, 0, 0, -80, 2, 77, 0]
05-26 19:35:01.181  5591  5591 D BYDAutoYunDevice: postEvent device_type: 1034, event_type =99000021, value = [0, 0, 2, -108, 0, 0, 89, -19, 25, 46, 85, 0, 86, 3, 76, 34, 11, -40]
05-26 19:35:01.181  5591  5591 D BYDAutoYunDevice: postEvent device_type: 1034, event_type =99000021, value = [0, 0, 2, -108, 0, 2, 89, -19, 25, 46, 85, 0, 86, 3, 76, 34, 11, -40]
05-26 19:35:01.207  5591  5591 D BYDAutoYunDevice: postEvent device_type: 1034, event_type =99000021, value = [0, 0, 4, 4, 0, 0, 89, -19, 25, 58, 33, 86, 1, 92, 22, 22, -107, -19]
05-26 19:35:01.211  5591  5591 D BYDAutoYunDevice: postEvent device_type: 1034, event_type =99000021, value = [0, 0, 0, -116, 0, 1, 89, -19, 25, 62, 0, 16, 0, 0, -80, 2, 61, 16]
05-26 19:35:01.211  5591  5591 D BYDAutoYunDevice: postEvent device_type: 1034, event_type =99000021, value = [0, 0, 3, 71, 0, 0, 89, -19, 25, 64, 3, 0, 0, 57, 1, -1, -1, -60]
05-26 19:35:01.214  5591  5591 D BYDAutoYunDevice: postEvent device_type: 1034, event_type =99000021, value = [0, 0, 1, 45, 0, 0, 89, -19, 25, 68, -96, 40, 0, 34, 12, 49, -33, -7]
05-26 19:35:01.214  5591  5591 D BYDAutoSensorDevice: postEvent device_type: 1043, event_type =40200008, value = -43
05-26 19:35:01.214  5591  5591 D BYDAutoSettingDevice: postEvent device_type: 1023, event_type =48600040, value = 1
05-26 19:35:01.215  5591  5591 D BYDAutoSettingDevice: postEvent device_type: 1023, event_type =40200037, value = 1
05-26 19:35:01.217  5591  5591 D BYDAutoYunDevice: postEvent device_type: 1034, event_type =99000021, value = [0, 0, 0, -116, 0, 1, 89, -19, 25, 82, 0, 32, 0, 0, -80, 2, 45, 32]
05-26 19:35:01.220  5591  5591 D BYDAutoYunDevice: postEvent device_type: 1034, event_type =99000021, value = [0, 0, 2, 111, 0, 0, 89, -19, 25, 85, -1, -1, 63, -126, 1, 19, 96, -52]
05-26 19:35:01.229  5591  5591 D BYDAutoSensorDevice: postEvent device_type: 1043, event_type =3bd00158, value = 552
05-26 19:35:01.230  5591  5591 D BYDAutoYunDevice: postEvent device_type: 1034, event_type =99000021, value = [0, 0, 3, 54, 0, 0, 89, -19, 25, 92, 4, 3, 0, -1, 63, 0, 24, 1]
05-26 19:35:01.234  5591  5591 D BYDAutoYunDevice: postEvent device_type: 1034, event_type =99000021, value = [0, 0, 3, -39, 5, 0, 89, -19, 25, 100, 5, -88, -101, 2, -8, 79, 74, 14]
05-26 19:35:01.234  5591  5591 D BYDAutoYunDevice: postEvent device_type: 1034, event_type =99000021, value = [0, 0, 3, -39, 5, 2, 89, -19, 25, 100, 5, -88, -101, 2, -8, 79, 74, 14]
05-26 19:35:01.237  5591  5591 D BYDAutoYunDevice: postEvent device_type: 1034, event_type =99000021, value = [0, 0, 2, -108, 0, 0, 89, -19, 25, 101, 85, 0, 86, 3, 76, 34, 12, -41]
05-26 19:35:01.237  5591  5591 D BYDAutoYunDevice: postEvent device_type: 1034, event_type =99000021, value = [0, 0, 2, -108, 0, 2, 89, -19, 25, 101, 85, 0, 86, 3, 76, 34, 12, -41]
05-26 19:35:01.240  5591  5591 D BYDAutoYunDevice: postEvent device_type: 1034, event_type =99000021, value = [0, 0, 0, -116, 0, 1, 89, -19, 25, 102, 0, 48, 0, 0, -80, 2, 29, 48]
05-26 19:35:01.241  5591  5591 D BYDAutoStatisticDevice: postEvent device_type: 1014, event_type =34500018, value = 2459
05-26 19:35:01.252  5591  5591 D BYDAutoYunDevice: postEvent device_type: 1034, event_type =99000021, value = [0, 0, 1, 68, 0, 0, 89, -19, 25, 116, 0, -3, -1, -24, -45, -126, -48, -10]
05-26 19:35:01.255  5591  5591 D BYDAutoYunDevice: postEvent device_type: 1034, event_type =99000021, value = [0, 0, 1, 45, 0, 0, 89, -19, 25, 120, -96, 40, 0, 34, 12, 49, -17, -23]
05-26 19:35:01.261  5591  5591 D BYDAutoYunDevice: postEvent device_type: 1034, event_type =99000021, value = [0, 0, 0, -116, 0, 1, 89, -19, 25, 122, 0, 64, 0, 0, -80, 2, 13, 64]
05-26 19:35:01.265  5591  5591 D BYDAutoYunDevice: postEvent device_type: 1034, event_type =99000021, value = [0, 0, 2, -64, 0, 0, 89, -19, 25, -128, 0, 16, 10, 0, 0, 0, -113, 86]
05-26 19:35:01.266  5591  5591 D BYDAutoYunDevice: postEvent device_type: 1034, event_type =99000021, value = [0, 0, 4, -91, 7, 0, 89, -19, 25, -126, 7, -1, -37, -113, 0, -4, -1, -1]
05-26 19:35:01.278  5591  5591 D BYDAutoYunDevice: postEvent device_type: 1034, event_type =99000021, value = [0, 0, 2, 111, 0, 0, 89, -19, 25, -121, -1, -1, 63, -126, 1, 19, 112, -68]
05-26 19:35:01.281  5591  5591 D BYDAutoSensorDevice: postEvent device_type: 1043, event_type =22300008, value = 809
05-26 19:35:01.285  5591  5591 D BYDAutoYunDevice: postEvent device_type: 1034, event_type =99000021, value = [0, 0, 0, -116, 0, 1, 89, -19, 25, -114, 0, 80, 0, 0, -80, 2, -3, 80]
05-26 19:35:01.287  5591  5591 D BYDAutoYunDevice: postEvent device_type: 1034, event_type =99000021, value = [0, 0, 2, -108, 0, 0, 89, -19, 25, -105, 85, 0, 86, 3, 76, 34, 13, -42]
05-26 19:35:01.287  5591  5591 D BYDAutoYunDevice: postEvent device_type: 1034, event_type =99000021, value = [0, 0, 2, -108, 0, 2, 89, -19, 25, -105, 85, 0, 86, 3, 76, 34, 13, -42]
05-26 19:35:01.297  5591  5591 D BYDAutoYunDevice: postEvent device_type: 1034, event_type =99000021, value = [0, 0, 0, -116, 0, 1, 89, -19, 25, -94, 0, 96, 0, 0, -80, 2, -19, 96]
05-26 19:35:01.303  5591  5591 D BYDAutoYunDevice: postEvent device_type: 1034, event_type =99000021, value = [0, 0, 4, 7, 0, 0, 89, -19, 25, -92, 85, -106, 24, 16, -11, -107, 34, -126]
05-26 19:35:01.304  5591  5591 D BYDAutoYunDevice: postEvent device_type: 1034, event_type =99000021, value = [0, 0, 3, 71, 0, 0, 89, -19, 25, -92, 3, 0, 0, 57, 1, -1, -1, -60]
05-26 19:35:01.309  5591  5591 D BYDAutoYunDevice: postEvent device_type: 1034, event_type =99000021, value = [0, 0, 1, 45, 0, 0, 89, -19, 25, -85, -96, 40, 0, 34, 12, 49, -1, -39]
05-26 19:35:01.317  5591  5591 D BYDAutoYunDevice: postEvent device_type: 1034, event_type =99000021, value = [0, 0, 0, -116, 0, 1, 89, -19, 25, -74, 0, 112, 0, 0, -80, 2, -35, 112]
05-26 19:35:01.320  5591  5591 D BYDAutoYunDevice: postEvent device_type: 1034, event_type =99000021, value = [0, 0, 4, -21, 6, 0, 89, -19, 25, -71, 6, -102, 0, 64, 63, 0, 0, 2]
05-26 19:35:01.323  5591  5591 D BYDAutoYunDevice: postEvent device_type: 1034, event_type =99000021, value = [0, 0, 4, 69, 0, 2, 89, -19, 25, -70, 23, -92, -1, -1, 0, 32, 78, -40]
05-26 19:35:01.323  5591  5591 D BYDAutoYunDevice: postEvent device_type: 1034, event_type =99000021, value = [0, 0, 2, 111, 0, 0, 89, -19, 25, -69, -1, -1, 63, -126, 1, 19, -128, -84]
05-26 19:35:01.329  5591  5591 D BYDAutoYunDevice: postEvent device_type: 1034, event_type =99000021, value = [0, 0, 3, 30, 0, 0, 89, -19, 25, -64, 19, 8, 0, 0, -96, 0, 0, 68]
05-26 19:35:01.336  5591  5591 D BYDAutoYunDevice: postEvent device_type: 1034, event_type =99000021, value = [0, 0, 4, -91, 8, 0, 89, -19, 25, -54, 8, -1, -1, -65, 1, 0, 28, 0]
05-26 19:35:01.336  5591  5591 D BYDAutoYunDevice: postEvent device_type: 1034, event_type =99000021, value = [0, 0, 0, -116, 0, 1, 89, -19, 25, -54, 0, -128, 0, 0, -80, 2, -51, -128]
05-26 19:35:01.336  5591  5591 D BYDAutoYunDevice: postEvent device_type: 1034, event_type =99000021, value = [0, 0, 2, -108, 0, 0, 89, -19, 25, -53, 85, 0, 86, 3, 76, 34, 14, -43]
05-26 19:35:01.340  5591  5591 D BYDAutoYunDevice: postEvent device_type: 1034, event_type =99000021, value = [0, 0, 2, -108, 0, 2, 89, -19, 25, -52, 85, 0, 86, 3, 76, 34, 14, -43]
05-26 19:35:01.347  5591  5591 D BYDAutoYunDevice: postEvent device_type: 1034, event_type =99000021, value = [0, 0, 3, -39, 7, 0, 89, -19, 25, -41, 7, -1, -1, -1, -49, 1, -1, -1]
05-26 19:35:01.358  5591  5591 D BYDAutoYunDevice: postEvent device_type: 1034, event_type =99000021, value = [0, 0, 3, -39, 7, 2, 89, -19, 25, -38, 7, -1, -1, -1, -49, 1, -1, -1]
05-26 19:35:01.358  5591  5591 D BYDAutoYunDevice: postEvent device_type: 1034, event_type =99000021, value = [0, 0, 0, -116, 0, 1, 89, -19, 25, -34, 0, -112, 0, 0, -80, 2, -67, -112]
05-26 19:35:01.358  5591  5591 D BYDAutoYunDevice: postEvent device_type: 1034, event_type =99000021, value = [0, 0, 1, 45, 0, 0, 89, -19, 25, -32, -96, 40, 0, 34, 12, 49, 15, -55]
05-26 19:35:01.362  5591  5591 D BYDAutoStatisticDevice: postEvent device_type: 1014, event_type =44a00020, value = 5008
05-26 19:35:01.363 13510 13510 D AbsBYDAutoDevice: int eventTypes is 40c0b022
05-26 19:35:01.363 13510 13510 E BydAutoSettingProxy: [main]getSrModeValue:2
05-26 19:35:01.363 13510 13510 D AbsBYDAutoDevice: int eventTypes is 40c03032
05-26 19:35:01.364 13510 13510 D AbsBYDAutoDevice: int eventTypes is 40c0b022
05-26 19:35:01.364 13510 13510 E BydAutoSettingProxy: [main]getSrModeValue:2
05-26 19:35:01.365 13510 13510 D AbsBYDAutoDevice: int eventTypes is 40c0b022
05-26 19:35:01.366 13510 13510 E BydAutoSettingProxy: [main]getSrModeValue:2
05-26 19:35:01.366 13510 13510 D AbsBYDAutoDevice: set featureID is 4c10a018 intValue is 4
05-26 19:35:01.366  4313  4313 D BYDAutoSafetyBeltDevice: postEvent device_type: 1042, event_type =12d0003f, value = 0
05-26 19:35:01.366 29160 29160 D BYDAutoSafetyBeltDevice: postEvent device_type: 1042, event_type =12d0003f, value = 0
05-26 19:35:01.370 13510 13510 D BYDAutoInstrumentDevice: postEvent device_type: 1007, event_type =40c03032, value = 4
05-26 19:35:01.370 13510 13510 E BydAutoInstrumentProxy: [main]onDataEventChanged: 40C03032 value = 4!
05-26 19:35:01.371  5591  5591 D BYDAutoInstrumentDevice: postEvent device_type: 1007, event_type =40c03032, value = 4
05-26 19:35:01.374 13510 13510 D AbsBYDAutoDevice: int eventTypes is 40c0b022
05-26 19:35:01.374 13510 13510 E BydAutoSettingProxy: [main]getSrModeValue:2
05-26 19:35:01.375 13510 13510 D AbsBYDAutoDevice: int eventTypes is 40c0b022
05-26 19:35:01.375 13510 13510 E BydAutoSettingProxy: [main]getSrModeValue:2
05-26 19:35:01.386  5591  5591 D BYDAutoYunDevice: postEvent device_type: 1034, event_type =99000021, value = [0, 0, 2, 111, 0, 0, 89, -19, 25, -19, -1, -1, 63, -126, 1, 19, -112, -100]
05-26 19:35:01.387  2475  9644 D AbsBYDAutoDevice: byte[] eventTypes is 99000152
05-26 19:35:01.387  2475  9644 I CAR.L.CAR_CAR_PROPERTY: [device=BYDAutoTestDevice,operation=get,features=[-1728052910],bufferDataValue=001D00000000000001]
05-26 19:35:01.387  5591  5591 D BYDAutoYunDevice: postEvent device_type: 1034, event_type =99000021, value = [0, 0, 0, -116, 0, 1, 89, -19, 25, -14, 0, -96, 0, 0, -80, 2, -83, -96]
05-26 19:35:01.392  5591  5591 D BYDAutoYunDevice: postEvent device_type: 1034, event_type =99000021, value = [0, 0, 2, -108, 0, 0, 89, -19, 25, -3, 85, 0, 86, 3, 76, 34, 15, -44]
05-26 19:35:01.393  5591  5591 D BYDAutoYunDevice: postEvent device_type: 1034, event_type =99000021, value = [0, 0, 4, 51, 0, 0, 89, -19, 25, -3, 85, -123, -107, -42, 89, 3, -128, 0]
05-26 19:35:01.393  5591  5591 D BYDAutoYunDevice: postEvent device_type: 1034, event_type =99000021, value = [0, 0, 2, -108, 0, 2, 89, -19, 26, 0, 85, 0, 86, 3, 76, 34, 15, -44]
05-26 19:35:01.394 13510 13510 D BYDAutoBodyworkDevice: getPowerLevel level is: 2
05-26 19:35:01.400 13510 13510 D AbsBYDAutoDevice: int eventTypes is 28400026
05-26 19:35:01.402  5591  5591 D BYDAutoYunDevice: postEvent device_type: 1034, event_type =99000021, value = [0, 0, 0, -116, 0, 1, 89, -19, 26, 6, 0, -80, 0, 0, -80, 2, -99, -80]
05-26 19:35:01.403  5591  5591 D BYDAutoYunDevice: postEvent device_type: 1034, event_type =99000021, value = [0, 0, 3, 71, 0, 0, 89, -19, 26, 9, 3, 0, 0, 57, 1, -1, -1, -60]
05-26 19:35:01.407 13510 13510 E ThemeUtils: View class com.autonavi.skin.view.SkinImageView is an AppCompat widget that can only be used with a Theme.AppCompat theme (or descendant).
05-26 19:35:01.407  5591  5591 D BYDAutoYunDevice: postEvent device_type: 1034, event_type =99000021, value = [0, 0, 1, 33, 0, 1, 89, -19, 26, 15, 0, 0, 0, -112, -27, 5, -105, -18]
05-26 19:35:01.412 13510 13510 D AbsBYDAutoDevice: int eventTypes is 40c03032
05-26 19:35:01.412 13510 13510 D AbsBYDAutoDevice: int eventTypes is 2840000c
05-26 19:35:01.413 13510 13510 D BYDAutoStatisticDevice: getSpeedSignalVDisValue speed is: 0
05-26 19:35:01.413 13510 13510 D AbsBYDAutoDevice: int eventTypes is 28400022
05-26 19:35:01.413 13510 13510 E PresentationView: [main]onCreate()   displayType=:4, bydAutoSpeed=:0.0, getUiStyle:0,is8_8SizeUI:false,map version: V*.*.722.1.810.1.202511061506.1
05-26 19:35:01.417 13510 13510 D AbsBYDAutoDevice: int eventTypes is 28400020
05-26 19:35:01.417  5591  5591 D BYDAutoYunDevice: postEvent device_type: 1034, event_type =99000021, value = [0, 0, 1, 45, 0, 0, 89, -19, 26, 22, -96, 40, 0, 34, 12, 49, 31, -71]
05-26 19:35:01.419  5591  5591 D BYDAutoYunDevice: postEvent device_type: 1034, event_type =99000021, value = [0, 0, 0, -116, 0, 1, 89, -19, 26, 26, 0, -64, 0, 0, -80, 2, -115, -64]
05-26 19:35:01.420  5591  5591 D BYDAutoYunDevice: postEvent device_type: 1034, event_type =99000021, value = [0, 0, 3, -120, 0, 0, 89, -19, 26, 29, 0, 0, 12, 0, 15, 0, 102, 0]
05-26 19:35:01.421 13510 13510 D AbsBYDAutoDevice: int eventTypes is 28400026
05-26 19:35:01.422 13510 13510 E ThemeUtils: View class com.autonavi.skin.view.SkinImageView is an AppCompat widget that can only be used with a Theme.AppCompat theme (or descendant).
05-26 19:35:01.422  5591  5591 D BYDAutoYunDevice: postEvent device_type: 1034, event_type =99000021, value = [0, 0, 4, 39, 5, 0, 89, -19, 26, 29, 5, -4, 0, 0, 0, 0, 0, -1]
05-26 19:35:01.424 13510 13510 E ThemeUtils: View class com.autonavi.skin.view.SkinTextView is an AppCompat widget that can only be used with a Theme.AppCompat theme (or descendant).
05-26 19:35:01.425 13510 13510 E ThemeUtils: View class com.autonavi.skin.view.SkinTextView is an AppCompat widget that can only be used with a Theme.AppCompat theme (or descendant).
05-26 19:35:01.425 13510 13510 E ThemeUtils: View class com.autonavi.skin.view.SkinImageView is an AppCompat widget that can only be used with a Theme.AppCompat theme (or descendant).
05-26 19:35:01.425 13510 13510 E ThemeUtils: View class com.autonavi.skin.view.SkinImageView is an AppCompat widget that can only be used with a Theme.AppCompat theme (or descendant).
05-26 19:35:01.425 13510 13510 E ThemeUtils: View class com.autonavi.skin.view.SkinTextView is an AppCompat widget that can only be used with a Theme.AppCompat theme (or descendant).
05-26 19:35:01.426 13510 13510 E ThemeUtils: View class com.autonavi.skin.view.SkinTextView is an AppCompat widget that can only be used with a Theme.AppCompat theme (or descendant).
05-26 19:35:01.426 13510 13510 E ThemeUtils: View class com.autonavi.skin.view.SkinTextView is an AppCompat widget that can only be used with a Theme.AppCompat theme (or descendant).
05-26 19:35:01.426 13510 13510 E ThemeUtils: View class com.autonavi.skin.view.SkinTextView is an AppCompat widget that can only be used with a Theme.AppCompat theme (or descendant).
05-26 19:35:01.427 13510 13510 E ThemeUtils: View class com.autonavi.skin.view.SkinTextView is an AppCompat widget that can only be used with a Theme.AppCompat theme (or descendant).
05-26 19:35:01.428 13510 13510 E ThemeUtils: View class com.autonavi.skin.view.SkinTextView is an AppCompat widget that can only be used with a Theme.AppCompat theme (or descendant).
05-26 19:35:01.429 13510 13510 E ThemeUtils: View class com.autonavi.skin.view.SkinTextView is an AppCompat widget that can only be used with a Theme.AppCompat theme (or descendant).
05-26 19:35:01.429 13510 13510 E ThemeUtils: View class com.autonavi.skin.view.SkinTextView is an AppCompat widget that can only be used with a Theme.AppCompat theme (or descendant).
05-26 19:35:01.429 13510 13510 E ThemeUtils: View class com.autonavi.skin.view.SkinTextView is an AppCompat widget that can only be used with a Theme.AppCompat theme (or descendant).
05-26 19:35:01.430 13510 13510 E ThemeUtils: View class com.autonavi.view.custom.CustomListLineView is an AppCompat widget that can only be used with a Theme.AppCompat theme (or descendant).
05-26 19:35:01.430 13510 13510 E ThemeUtils: View class com.autonavi.skin.view.SkinTextView is an AppCompat widget that can only be used with a Theme.AppCompat theme (or descendant).
05-26 19:35:01.431 13510 13510 E ThemeUtils: View class com.autonavi.skin.view.SkinTextView is an AppCompat widget that can only be used with a Theme.AppCompat theme (or descendant).
05-26 19:35:01.431 13510 13510 E ThemeUtils: View class com.autonavi.skin.view.SkinTextView is an AppCompat widget that can only be used with a Theme.AppCompat theme (or descendant).
05-26 19:35:01.432  5591  5591 D BYDAutoYunDevice: postEvent device_type: 1034, event_type =99000021, value = [0, 0, 2, 111, 0, 0, 89, -19, 26, 34, -1, -1, 63, -126, 1, 19, -96, -116]
05-26 19:35:01.433 13510  6933 D AbsBYDAutoDevice: int eventTypes is 28400020
05-26 19:35:01.434 13510  6933 D AbsBYDAutoDevice: int eventTypes is 40c03032
05-26 19:35:01.436 13510 13510 D AbsBYDAutoDevice: int eventTypes is 28400026
05-26 19:35:01.437 13510 13510 D AbsBYDAutoDevice: int eventTypes is 28400020
05-26 19:35:01.438 13510 13510 E ThemeUtils: View class com.autonavi.skin.view.SkinImageView is an AppCompat widget that can only be used with a Theme.AppCompat theme (or descendant).
05-26 19:35:01.440 13510 13510 E ThemeUtils: View class com.autonavi.skin.view.SkinImageView is an AppCompat widget that can only be used with a Theme.AppCompat theme (or descendant).
05-26 19:35:01.440 13510 13510 E ThemeUtils: View class com.autonavi.skin.view.SkinImageView is an AppCompat widget that can only be used with a Theme.AppCompat theme (or descendant).
