05-26 19:34:53.115  5591  5591 D BYDAutoYunDevice: postEvent device_type: 1034, event_type =99000021, value = [0, 0, 3, 54, 0, 0, 89, -20, -7, -84, 4, 3, 0, -1, 63, 0, 24, 1]
05-26 19:34:53.116  5591  5591 D BYDAutoYunDevice: postEvent device_type: 1034, event_type =99000021, value = [0, 0, 0, -116, 0, 1, 89, -20, -7, -82, 0, -48, 0, 0, -80, 2, 125, -48]
05-26 19:34:53.130  5591  5591 D BYDAutoSensorDevice: postEvent device_type: 1043, event_type =40200008, value = -44
05-26 19:34:53.130  5591  5591 D BYDAutoSettingDevice: postEvent device_type: 1023, event_type =48600040, value = 0
05-26 19:34:53.130  5591  5591 D BYDAutoSettingDevice: postEvent device_type: 1023, event_type =40200037, value = 0
05-26 19:34:53.130  5591  5591 D BYDAutoSettingDevice: postEvent device_type: 1023, event_type =42f00037, value = 0
05-26 19:34:53.135  5591  5591 D BYDAutoYunDevice: postEvent device_type: 1034, event_type =99000021, value = [0, 0, 0, -116, 0, 1, 89, -20, -7, -62, 0, -32, 0, 0, -80, 2, 109, -32]
05-26 19:34:53.141  5591  5591 D BYDAutoYunDevice: postEvent device_type: 1034, event_type =99000021, value = [0, 0, 1, 45, 0, 0, 89, -20, -7, -60, -96, 40, 0, 34, 12, 49, -17, -23]
05-26 19:34:53.146  5591  5591 D BYDAutoYunDevice: postEvent device_type: 1034, event_type =99000021, value = [0, 0, 3, 71, 0, 0, 89, -20, -7, -55, 3, 0, 0, 57, 1, -1, -1, -60]
05-26 19:34:53.149  5591  5591 D BYDAutoYunDevice: postEvent device_type: 1034, event_type =99000021, value = [0, 0, 2, -108, 0, 0, 89, -20, -7, -49, 85, 0, 86, 3, 76, 34, 13, -42]
05-26 19:34:53.152  5591  5591 D BYDAutoYunDevice: postEvent device_type: 1034, event_type =99000021, value = [0, 0, 2, -108, 0, 2, 89, -20, -7, -48, 85, 0, 86, 3, 76, 34, 13, -42]
05-26 19:34:53.158  5591  5591 D BYDAutoYunDevice: postEvent device_type: 1034, event_type =99000021, value = [0, 0, 0, -116, 0, 1, 89, -20, -7, -42, 0, -16, 0, 0, -80, 2, 93, -16]
05-26 19:34:53.172  5591  5591 D BYDAutoYunDevice: postEvent device_type: 1034, event_type =99000021, value = [0, 0, 2, 111, 0, 0, 89, -20, -7, -40, -1, -1, 63, -126, 1, 19, 112, -68]
05-26 19:34:53.172  5591  5591 D BYDAutoYunDevice: postEvent device_type: 1034, event_type =99000021, value = [0, 0, 4, 4, 0, 0, 89, -20, -7, -26, 33, 86, 1, 92, 22, 22, -107, 109]
05-26 19:34:53.181  5591  5591 D BYDAutoYunDevice: postEvent device_type: 1034, event_type =99000021, value = [0, 0, 0, -116, 0, 1, 89, -20, -7, -22, 0, 0, 0, 0, -80, 2, 77, 0]
05-26 19:34:53.195  5591  5591 D BYDAutoSensorDevice: postEvent device_type: 1043, event_type =3ff00036, value = 2280
05-26 19:34:53.198  5591  5591 D BYDAutoYunDevice: postEvent device_type: 1034, event_type =99000021, value = [0, 0, 1, 45, 0, 0, 89, -20, -7, -8, -96, 40, 0, 34, 12, 49, -1, -39]
05-26 19:34:53.198  5591  5591 D BYDAutoYunDevice: postEvent device_type: 1034, event_type =99000021, value = [0, 0, 0, -116, 0, 1, 89, -20, -7, -2, 0, 16, 0, 0, -80, 2, 61, 16]
05-26 19:34:53.211  5591  5591 D BYDAutoYunDevice: postEvent device_type: 1034, event_type =99000021, value = [0, 0, 2, -108, 0, 0, 89, -20, -6, 0, 85, 0, 86, 3, 76, 34, 14, -43]
05-26 19:34:53.211  5591  5591 D BYDAutoYunDevice: postEvent device_type: 1034, event_type =99000021, value = [0, 0, 2, -108, 0, 2, 89, -20, -6, 1, 85, 0, 86, 3, 76, 34, 14, -43]
05-26 19:34:53.212  5591  5591 D BYDAutoYunDevice: postEvent device_type: 1034, event_type =99000021, value = [0, 0, 2, 111, 0, 0, 89, -20, -6, 10, -1, -1, 63, -126, 1, 19, -128, -84]
05-26 19:34:53.212  5591  5591 D BYDAutoSensorDevice: postEvent device_type: 1043, event_type =40200008, value = -43
05-26 19:34:53.212  5591  5591 D BYDAutoSettingDevice: postEvent device_type: 1023, event_type =48600040, value = 1
05-26 19:34:53.212  5591  5591 D BYDAutoSettingDevice: postEvent device_type: 1023, event_type =40200037, value = 1
05-26 19:34:53.214  5591  5591 D BYDAutoSensorDevice: postEvent device_type: 1043, event_type =3bd00148, value = 2280
05-26 19:34:53.215  5591  5591 D BYDAutoYunDevice: postEvent device_type: 1034, event_type =99000021, value = [0, 0, 3, 30, 0, 0, 89, -20, -6, 17, 19, 8, 0, 0, -96, 0, 0, 68]
05-26 19:34:53.215  5591  5591 D BYDAutoYunDevice: postEvent device_type: 1034, event_type =99000021, value = [0, 0, 0, -116, 0, 1, 89, -20, -6, 18, 0, 32, 0, 0, -80, 2, 45, 32]
05-26 19:34:53.226  5591  5591 D BYDAutoYunDevice: postEvent device_type: 1034, event_type =99000021, value = [0, 0, 3, -39, 5, 0, 89, -20, -6, 21, 5, -88, -101, 2, -8, 79, 74, -114]
05-26 19:34:53.226  5591  5591 D BYDAutoYunDevice: postEvent device_type: 1034, event_type =99000021, value = [0, 0, 3, -39, 5, 2, 89, -20, -6, 22, 5, -88, -101, 2, -8, 79, 74, -114]
05-26 19:34:53.237  5591  5591 D BYDAutoYunDevice: postEvent device_type: 1034, event_type =99000021, value = [0, 0, 0, -116, 0, 1, 89, -20, -6, 38, 0, 48, 0, 0, -80, 2, 29, 48]
05-26 19:34:53.245 29160 29160 D BYDAutoSafetyBeltDevice: postEvent device_type: 1042, event_type =12d0003f, value = 0
05-26 19:34:53.245  4313  4313 D BYDAutoSafetyBeltDevice: postEvent device_type: 1042, event_type =12d0003f, value = 0
05-26 19:34:53.247  5591  5591 D BYDAutoYunDevice: postEvent device_type: 1034, event_type =99000021, value = [0, 0, 1, 45, 0, 0, 89, -20, -6, 44, -96, 40, 0, 34, 12, 49, 15, -55]
05-26 19:34:53.247  5591  5591 D BYDAutoYunDevice: postEvent device_type: 1034, event_type =99000021, value = [0, 0, 3, 71, 0, 0, 89, -20, -6, 46, 3, 0, 0, 57, 1, -1, -1, -60]
05-26 19:34:53.248  5591  5591 D BYDAutoYunDevice: postEvent device_type: 1034, event_type =99000021, value = [0, 0, 4, -91, 7, 0, 89, -20, -6, 48, 7, -1, -37, -113, 0, -4, -1, -1]
05-26 19:34:53.255  5591  5591 D BYDAutoYunDevice: postEvent device_type: 1034, event_type =99000021, value = [0, 0, 2, -108, 0, 0, 89, -20, -6, 53, 85, 0, 86, 3, 76, 34, 15, -44]
05-26 19:34:53.256  5591  5591 D BYDAutoYunDevice: postEvent device_type: 1034, event_type =99000021, value = [0, 0, 2, -108, 0, 2, 89, -20, -6, 54, 85, 0, 86, 3, 76, 34, 15, -44]
05-26 19:34:53.258  5591  5591 D BYDAutoYunDevice: postEvent device_type: 1034, event_type =99000021, value = [0, 0, 0, -116, 0, 1, 89, -20, -6, 58, 0, 64, 0, 0, -80, 2, 13, 64]
05-26 19:34:53.259  5591  5591 D BYDAutoYunDevice: postEvent device_type: 1034, event_type =99000021, value = [0, 0, 2, 111, 0, 0, 89, -20, -6, 60, -1, -1, 63, -126, 1, 19, -112, -100]
05-26 19:34:53.275  5591  5591 D BYDAutoYunDevice: postEvent device_type: 1034, event_type =99000021, value = [0, 0, 0, -116, 0, 1, 89, -20, -6, 78, 0, 80, 0, 0, -80, 2, -3, 80]
05-26 19:34:53.286  5591  5591 D BYDAutoYunDevice: postEvent device_type: 1034, event_type =99000021, value = [0, 0, 4, 7, 0, 0, 89, -20, -6, 90, 85, -106, 24, 16, -11, -107, 34, -126]
05-26 19:34:53.296  5591  5591 D BYDAutoYunDevice: postEvent device_type: 1034, event_type =99000021, value = [0, 0, 1, 45, 0, 0, 89, -20, -6, 95, -96, 40, 0, 34, 12, 49, 31, -71]
05-26 19:34:53.300  5591  5591 D BYDAutoYunDevice: postEvent device_type: 1034, event_type =99000021, value = [0, 0, 0, -116, 0, 1, 89, -20, -6, 98, 0, 96, 0, 0, -80, 2, -19, 96]
05-26 19:34:53.300  5591  5591 D BYDAutoYunDevice: postEvent device_type: 1034, event_type =99000021, value = [0, 0, 4, -21, 6, 0, 89, -20, -6, 102, 6, -102, 0, 64, 63, 0, 0, 2]
05-26 19:34:53.305  5591  5591 D BYDAutoYunDevice: postEvent device_type: 1034, event_type =99000021, value = [0, 0, 2, -108, 0, 0, 89, -20, -6, 104, 85, 0, 86, 3, 76, 34, 0, -29]
05-26 19:34:53.306  5591  5591 D BYDAutoYunDevice: postEvent device_type: 1034, event_type =99000021, value = [0, 0, 2, -108, 0, 2, 89, -20, -6, 105, 85, 0, 86, 3, 76, 34, 0, -29]
05-26 19:34:53.308  5591  5591 D BYDAutoYunDevice: postEvent device_type: 1034, event_type =99000021, value = [0, 0, 2, 111, 0, 0, 89, -20, -6, 109, -1, -1, 63, -126, 1, 19, -96, -116]
05-26 19:34:53.316  5591  5591 D BYDAutoYunDevice: postEvent device_type: 1034, event_type =99000021, value = [0, 0, 0, -116, 0, 1, 89, -20, -6, 118, 0, 112, 0, 0, -80, 2, -35, 112]
05-26 19:34:53.318  5591  5591 D BYDAutoYunDevice: postEvent device_type: 1034, event_type =99000021, value = [0, 0, 4, -91, 8, 0, 89, -20, -6, 122, 8, -1, -1, -65, 1, 0, 28, 0]
05-26 19:34:53.338  5591  5591 D BYDAutoYunDevice: postEvent device_type: 1034, event_type =99000021, value = [0, 0, 0, -116, 0, 1, 89, -20, -6, -118, 0, -128, 0, 0, -80, 2, -51, -128]
05-26 19:34:53.338  5591  5591 D BYDAutoYunDevice: postEvent device_type: 1034, event_type =99000021, value = [0, 0, 3, -39, 7, 0, 89, -20, -6, -118, 7, -1, -1, -1, -49, 1, -1, -1]
05-26 19:34:53.343  5591  5591 D BYDAutoYunDevice: postEvent device_type: 1034, event_type =99000021, value = [0, 0, 3, -39, 7, 2, 89, -20, -6, -116, 7, -1, -1, -1, -49, 1, -1, -1]
05-26 19:34:53.345  5591  5591 D BYDAutoYunDevice: postEvent device_type: 1034, event_type =99000021, value = [0, 0, 1, 45, 0, 0, 89, -20, -6, -111, -96, 40, 0, 34, 12, 49, 47, -87]
05-26 19:34:53.346  5591  5591 D BYDAutoYunDevice: postEvent device_type: 1034, event_type =99000021, value = [0, 0, 3, 71, 0, 0, 89, -20, -6, -109, 3, 0, 0, 57, 1, -1, -1, -60]
05-26 19:34:53.358  5591  5591 D BYDAutoSensorDevice: postEvent device_type: 1043, event_type =22300008, value = 809
05-26 19:34:53.367  5591  5591 D BYDAutoStatisticDevice: postEvent device_type: 1014, event_type =44500830, value = 20005
05-26 19:34:53.367  5591  5591 D BYDAutoYunDevice: postEvent device_type: 1034, event_type =99000021, value = [0, 0, 4, 69, 0, 2, 89, -20, -6, -102, 23, -92, -1, -1, 0, 37, 78, -45]
05-26 19:34:53.367  5591  5591 D BYDAutoYunDevice: postEvent device_type: 1034, event_type =99000021, value = [0, 0, 2, -108, 0, 0, 89, -20, -6, -101, 85, 0, 86, 3, 76, 34, 1, -30]
05-26 19:34:53.367  5591  5591 D BYDAutoYunDevice: postEvent device_type: 1034, event_type =99000021, value = [0, 0, 2, -108, 0, 2, 89, -20, -6, -101, 85, 0, 86, 3, 76, 34, 1, -30]
05-26 19:34:53.367  5591  5591 D BYDAutoYunDevice: postEvent device_type: 1034, event_type =99000021, value = [0, 0, 0, -116, 0, 1, 89, -20, -6, -98, 0, -112, 0, 0, -80, 2, -67, -112]
05-26 19:34:53.367  5591  5591 D BYDAutoYunDevice: postEvent device_type: 1034, event_type =99000021, value = [0, 0, 2, 111, 0, 0, 89, -20, -6, -97, -1, -1, 63, -126, 1, 19, -80, 124]
05-26 19:34:53.369  5591  5591 D BYDAutoYunDevice: postEvent device_type: 1034, event_type =99000021, value = [0, 0, 4, 51, 0, 0, 89, -20, -6, -89, 85, -123, -107, -42, 89, 3, -128, 0]
05-26 19:34:53.377  5591  5591 D BYDAutoYunDevice: postEvent device_type: 1034, event_type =99000021, value = [0, 0, 0, -116, 0, 1, 89, -20, -6, -78, 0, -96, 0, 0, -80, 2, -83, -96]
05-26 19:34:53.394  3546  8586 D AbsBYDAutoDevice: set featureIDs is int[]: [6dc00826, 6dc00810, 6dc00818, 6dc00808, 6dc00827, ] intArrayValue is int[]: [1, 50e, 1, 67, 0, ]
05-26 19:34:53.394  5591  5591 D BYDAutoYunDevice: postEvent device_type: 1034, event_type =99000021, value = [0, 0, 4, 68, 0, 2, 89, -20, -6, -62, 20, 2, -112, 19, 97, 63, -92, 2]
05-26 19:34:53.399  5591  5591 D BYDAutoYunDevice: postEvent device_type: 1034, event_type =99000021, value = [0, 0, 1, 45, 0, 0, 89, -20, -6, -60, -96, 40, 0, 34, 12, 49, 63, -103]
05-26 19:34:53.403  5591  5591 D BYDAutoYunDevice: postEvent device_type: 1034, event_type =99000021, value = [0, 0, 0, -116, 0, 1, 89, -20, -6, -58, 0, -80, 0, 0, -80, 2, -99, -80]
05-26 19:34:53.404  5591  5591 D BYDAutoYunDevice: postEvent device_type: 1034, event_type =99000021, value = [0, 0, 3, -120, 0, 0, 89, -20, -6, -54, 0, 0, 12, 0, 15, 0, 102, 0]
05-26 19:34:53.404  5591  5591 D BYDAutoYunDevice: postEvent device_type: 1034, event_type =99000021, value = [0, 0, 2, -108, 0, 0, 89, -20, -6, -52, 85, 0, 86, 3, 76, 34, 2, -31]
05-26 19:34:53.404  5591  5591 D BYDAutoYunDevice: postEvent device_type: 1034, event_type =99000021, value = [0, 0, 2, -108, 0, 2, 89, -20, -6, -51, 85, 0, 86, 3, 76, 34, 2, -31]
05-26 19:34:53.404  5591  5591 D BYDAutoStatisticDevice: postEvent device_type: 1014, event_type =44a00020, value = 5009
05-26 19:34:53.404  5591  5591 D BYDAutoYunDevice: postEvent device_type: 1034, event_type =99000021, value = [0, 0, 3, -38, 0, 0, 89, -20, -6, -50, 2, -112, 5, -96, 0, 10, 0, -16]
05-26 19:34:53.406  5591  5591 D BYDAutoYunDevice: postEvent device_type: 1034, event_type =99000021, value = [0, 0, 4, 39, 5, 0, 89, -20, -6, -49, 5, -4, 0, 0, 0, 0, 0, -1]
05-26 19:34:53.411  5591  5591 D BYDAutoYunDevice: postEvent device_type: 1034, event_type =99000021, value = [0, 0, 2, 111, 0, 0, 89, -20, -6, -46, -1, -1, 63, -126, 1, 19, -64, 108]
05-26 19:34:53.419  5591  5591 D BYDAutoYunDevice: postEvent device_type: 1034, event_type =99000021, value = [0, 0, 0, -116, 0, 1, 89, -20, -6, -38, 0, -64, 0, 0, -80, 2, -115, -64]
05-26 19:34:53.435  5591  5591 D BYDAutoYunDevice: postEvent device_type: 1034, event_type =99000021, value = [0, 0, 0, -116, 0, 1, 89, -20, -6, -18, 0, -48, 0, 0, -80, 2, 125, -48]
05-26 19:34:53.439  5591  5591 D BYDAutoOTAdevice: postEvent device_type: 1032, event_type =44900018, value = 13.627451
05-26 19:34:53.440  5591  5591 D BYDAutoYunDevice: postEvent device_type: 1034, event_type =99000021, value = [0, 0, 4, 73, 0, 2, 89, -20, -6, -15, 5, -74, -51, 100, 93, -36, 2, 3]
05-26 19:34:53.443  5591  5591 D BYDAutoYunDevice: postEvent device_type: 1034, event_type =99000021, value = [0, 0, 1, 45, 0, 0, 89, -20, -6, -10, -96, 40, 0, 34, 12, 49, 79, -119]
05-26 19:34:53.447  5591  5591 D BYDAutoYunDevice: postEvent device_type: 1034, event_type =99000021, value = [0, 0, 3, 71, 0, 0, 89, -20, -6, -8, 3, 0, 0, 57, 1, -1, -1, -60]
05-26 19:34:53.448  5591  5591 D BYDAutoYunDevice: postEvent device_type: 1034, event_type =99000021, value = [0, 0, 3, -39, 4, 0, 89, -20, -6, -5, 4, 105, -15, -1, -1, 55, 18, 125]
05-26 19:34:53.454  5591  5591 D BYDAutoYunDevice: postEvent device_type: 1034, event_type =99000021, value = [0, 0, 3, -39, 4, 2, 89, -20, -6, -2, 4, 105, -15, -1, -1, 55, 18, 125]
05-26 19:34:53.455  5591  5591 D BYDAutoYunDevice: postEvent device_type: 1034, event_type =99000021, value = [0, 0, 2, -108, 0, 0, 89, -20, -6, -1, 85, 0, 86, 3, 76, 34, 3, -32]
05-26 19:34:53.455  5591  5591 D BYDAutoYunDevice: postEvent device_type: 1034, event_type =99000021, value = [0, 0, 2, -108, 0, 2, 89, -20, -5, 0, 85, 0, 86, 3, 76, 34, 3, -32]
05-26 19:34:53.458  5591  5591 D BYDAutoYunDevice: postEvent device_type: 1034, event_type =99000021, value = [0, 0, 0, -116, 0, 1, 89, -20, -5, 2, 0, -32, 0, 0, -80, 2, 109, -32]
05-26 19:34:53.461  5591  5591 D BYDAutoYunDevice: postEvent device_type: 1034, event_type =99000021, value = [0, 0, 4, 70, 0, 2, 89, -20, -5, 3, 23, -10, 12, 65, 29, -1, 12, 125]
05-26 19:34:53.467  5591  5591 D BYDAutoSettingDevice: postEvent device_type: 1023, event_type =42f00037, value = 1
05-26 19:34:53.468  5591  5591 D BYDAutoStatisticDevice: postEvent device_type: 1014, event_type =44600010, value = 3318
05-26 19:34:53.468  5591  5591 D BYDAutoYunDevice: postEvent device_type: 1034, event_type =99000021, value = [0, 0, 2, 111, 0, 0, 89, -20, -5, 4, -1, -1, 63, -126, 1, 19, -48, 92]
05-26 19:34:53.468  5591  5591 D BYDAutoYunDevice: postEvent device_type: 1034, event_type =99000021, value = [0, 0, 3, 68, 0, 2, 89, -20, -5, 9, -122, 65, 31, 0, 0, -128, 8, -111]
05-26 19:34:53.477  5591  5591 D BYDAutoYunDevice: postEvent device_type: 1034, event_type =99000021, value = [0, 0, 3, -51, 0, 0, 89, -20, -5, 21, 2, 0, -1, 0, 98, 2, 0, 0]
05-26 19:34:53.477  5591  5591 D BYDAutoYunDevice: postEvent device_type: 1034, event_type =99000021, value = [0, 0, 0, -116, 0, 1, 89, -20, -5, 22, 0, -16, 0, 0, -80, 2, 93, -16]
05-26 19:34:53.485  5591  5591 D BYDAutoStatisticDevice: postEvent device_type: 1014, event_type =34500018, value = 2459
05-26 19:34:53.498  5591  5591 D BYDAutoYunDevice: postEvent device_type: 1034, event_type =99000021, value = [0, 0, 1, 45, 0, 0, 89, -20, -5, 40, -96, 40, 0, 34, 12, 49, 95, 121]
05-26 19:34:53.499  5591  5591 D BYDAutoYunDevice: postEvent device_type: 1034, event_type =99000021, value = [0, 0, 0, -116, 0, 1, 89, -20, -5, 42, 0, 0, 0, 0, -80, 2, 77, 0]
05-26 19:34:53.505  5591  5591 D BYDAutoYunDevice: postEvent device_type: 1034, event_type =99000021, value = [0, 0, 2, -108, 0, 0, 89, -20, -5, 49, 85, 0, 86, 3, 76, 34, 4, -33]
05-26 19:34:53.506  5591  5591 D BYDAutoYunDevice: postEvent device_type: 1034, event_type =99000021, value = [0, 0, 2, -108, 0, 2, 89, -20, -5, 50, 85, 0, 86, 3, 76, 34, 4, -33]
05-26 19:34:53.511  5591  5591 D BYDAutoYunDevice: postEvent device_type: 1034, event_type =99000021, value = [0, 0, 4, 41, 0, 0, 89, -20, -5, 55, 65, 0, 0, 0, 0, 0, 0, 0]
05-26 19:34:53.511  5591  5591 D BYDAutoYunDevice: postEvent device_type: 1034, event_type =99000021, value = [0, 0, 2, 111, 0, 0, 89, -20, -5, 58, -1, -1, 63, -126, 1, 19, -32, 76]
05-26 19:34:53.516  5591  5591 D BYDAutoYunDevice: postEvent device_type: 1034, event_type =99000021, value = [0, 0, 0, -116, 0, 1, 89, -20, -5, 62, 0, 16, 0, 0, -80, 2, 61, 16]
05-26 19:34:53.538  5591  5591 D BYDAutoYunDevice: postEvent device_type: 1034, event_type =99000021, value = [0, 0, 0, -116, 0, 1, 89, -20, -5, 82, 0, 32, 0, 0, -80, 2, 45, 32]
05-26 19:34:53.540  5591  5591 D BYDAutoOTAdevice: postEvent device_type: 1032, event_type =44900018, value = 13.6549015
05-26 19:34:53.540  5591  5591 D BYDAutoYunDevice: postEvent device_type: 1034, event_type =99000021, value = [0, 0, 4, 73, 0, 2, 89, -20, -5, 85, 5, -74, -50, 100, 93, -36, 2, 3]
05-26 19:34:53.541  5591  5591 D BYDAutoYunDevice: postEvent device_type: 1034, event_type =99000021, value = [0, 0, 4, -91, 2, 0, 89, -20, -5, 85, 2, -88, -101, 2, -24, -1, 65, 90]
05-26 19:34:53.544  5591  5591 D BYDAutoYunDevice: postEvent device_type: 1034, event_type =99000021, value = [0, 0, 1, 45, 0, 0, 89, -20, -5, 90, -96, 40, 0, 34, 12, 49, 111, 105]
05-26 19:34:53.545  5591  5591 D BYDAutoYunDevice: postEvent device_type: 1034, event_type =99000021, value = [0, 0, 1, -47, 0, 1, 89, -20, -5, 93, 0, -8, 15, -64, -1, -113, 50, 120]
05-26 19:34:53.547  5591  5591 D BYDAutoYunDevice: postEvent device_type: 1034, event_type =99000021, value = [0, 0, 3, 71, 0, 0, 89, -20, -5, 93, 3, 0, 0, 57, 1, -1, -1, -60]
05-26 19:34:53.556  5591  5591 D BYDAutoYunDevice: postEvent device_type: 1034, event_type =99000021, value = [0, 0, 2, -108, 0, 0, 89, -20, -5, 99, 85, 0, 86, 3, 76, 34, 5, -34]
05-26 19:34:53.557  5591  5591 D BYDAutoYunDevice: postEvent device_type: 1034, event_type =99000021, value = [0, 0, 2, -108, 0, 2, 89, -20, -5, 100, 85, 0, 86, 3, 76, 34, 5, -34]
05-26 19:34:53.557  5591  5591 D BYDAutoYunDevice: postEvent device_type: 1034, event_type =99000021, value = [0, 0, 0, -116, 0, 1, 89, -20, -5, 102, 0, 48, 0, 0, -80, 2, 29, 48]
05-26 19:34:53.566  5591  5591 D BYDAutoYunDevice: postEvent device_type: 1034, event_type =99000021, value = [0, 0, 2, 111, 0, 0, 89, -20, -5, 108, -1, -1, 63, -126, 1, 19, -16, 60]
05-26 19:34:53.566 13510 14755 D AbsBYDAutoDevice: double eventTypes is 12100008
05-26 19:34:53.567  5591  5591 D BYDAutoYunDevice: postEvent device_type: 1034, event_type =99000021, value = [0, 0, 3, -39, 6, 0, 89, -20, -5, 111, 6, -48, -14, -33, 0, 92, -68, 0]
05-26 19:34:53.568  5591  5591 D BYDAutoYunDevice: postEvent device_type: 1034, event_type =99000021, value = [0, 0, 3, -39, 6, 2, 89, -20, -5, 112, 6, -48, -14, -33, 0, 92, -68, 0]
05-26 19:34:53.568 13510 14755 D BYDAutoGearboxDevice: getGearboxAutoModeType type is: 1
05-26 19:34:53.570 13510 14756 D BYDAutoStatisticDevice: getSpeedSignalVDisValue speed is: 0
05-26 19:34:53.571  5591  5591 D BYDAutoYunDevice: postEvent device_type: 1034, event_type =99000021, value = [0, 0, 4, 71, 0, 2, 89, -20, -5, 117, 4, 64, 1, 65, 126, 2, 64, -71]
05-26 19:34:53.571  5591  5591 D BYDAutoYunDevice: postEvent device_type: 1034, event_type =99000021, value = [0, 0, 4, 71, 0, 0, 89, -20, -5, 118, 4, 64, 1, 65, 126, 2, 64, -71]
05-26 19:34:53.574  5591  5591 D BYDAutoYunDevice: postEvent device_type: 1034, event_type =99000021, value = [0, 0, 3, -51, 0, 0, 89, -20, -5, 121, 2, 0, -1, 0, 98, 2, 0, 0]
05-26 19:34:53.576  5591  5591 D BYDAutoYunDevice: postEvent device_type: 1034, event_type =99000021, value = [0, 0, 0, -116, 0, 1, 89, -20, -5, 122, 0, 64, 0, 0, -80, 2, 13, 64]
05-26 19:34:53.582  5591  5591 D BYDAutoStatisticDevice: postEvent device_type: 1014, event_type =34500018, value = 2463
05-26 19:34:53.586  5591  5591 D BYDAutoYunDevice: postEvent device_type: 1034, event_type =99000021, value = [0, 0, 2, -64, 0, 0, 89, -20, -5, -125, 0, 16, 10, 0, 0, 0, 31, -58]
05-26 19:34:53.598  5591  5591 D BYDAutoYunDevice: postEvent device_type: 1034, event_type =99000021, value = [0, 0, 1, 45, 0, 0, 89, -20, -5, -116, -96, 40, 0, 34, 12, 49, 127, 89]
05-26 19:34:53.601  5591  5591 D BYDAutoYunDevice: postEvent device_type: 1034, event_type =99000021, value = [0, 0, 0, -116, 0, 1, 89, -20, -5, -114, 0, 80, 0, 0, -80, 2, -3, 80]
05-26 19:34:53.608  5591  5591 D BYDAutoYunDevice: postEvent device_type: 1034, event_type =99000021, value = [0, 0, 2, -108, 0, 0, 89, -20, -5, -107, 85, 0, 86, 3, 76, 34, 6, -35]
05-26 19:34:53.612  5591  5591 D BYDAutoYunDevice: postEvent device_type: 1034, event_type =99000021, value = [0, 0, 2, -108, 0, 2, 89, -20, -5, -106, 85, 0, 86, 3, 76, 34, 6, -35]
05-26 19:34:53.613  5591  5591 D BYDAutoStatisticDevice: postEvent device_type: 1014, event_type =44a00020, value = 5008
05-26 19:34:53.613  5591  5591 D BYDAutoYunDevice: postEvent device_type: 1034, event_type =99000021, value = [0, 0, 2, 111, 0, 0, 89, -20, -5, -97, -1, -1, 63, -126, 1, 19, 0, 44]
05-26 19:34:53.615  5591  5591 D BYDAutoYunDevice: postEvent device_type: 1034, event_type =99000021, value = [0, 0, 0, -116, 0, 1, 89, -20, -5, -94, 0, 96, 0, 0, -80, 2, -19, 96]
05-26 19:34:53.636  5591  5591 D BYDAutoYunDevice: postEvent device_type: 1034, event_type =99000021, value = [0, 0, 0, -116, 0, 1, 89, -20, -5, -74, 0, 112, 0, 0, -80, 2, -35, 112]
05-26 19:34:53.642  5591  5591 D BYDAutoYunDevice: postEvent device_type: 1034, event_type =99000021, value = [0, 0, 3, -106, 0, 0, 89, -20, -5, -69, 85, 81, -128, 0, 0, 0, 0, 1]
05-26 19:34:53.644 29160 29160 D BYDAutoSafetyBeltDevice: postEvent device_type: 1042, event_type =12d0003f, value = 1
05-26 19:34:53.644  4313  4313 D BYDAutoSafetyBeltDevice: postEvent device_type: 1042, event_type =12d0003f, value = 1
05-26 19:34:53.645  5591  5591 D BYDAutoYunDevice: postEvent device_type: 1034, event_type =99000021, value = [0, 0, 1, 45, 0, 0, 89, -20, -5, -65, -96, 40, 0, 34, 12, 49, -113, 73]
05-26 19:34:53.655  5591  5591 D BYDAutoYunDevice: postEvent device_type: 1034, event_type =99000021, value = [0, 0, 3, 71, 0, 0, 89, -20, -5, -58, 3, 0, 0, 57, 1, -1, -1, -60]
05-26 19:34:53.656  5591  5591 D BYDAutoYunDevice: postEvent device_type: 1034, event_type =99000021, value = [0, 0, 2, -108, 0, 0, 89, -20, -5, -57, 85, 0, 86, 3, 76, 34, 7, -36]
05-26 19:34:53.656  5591  5591 D BYDAutoYunDevice: postEvent device_type: 1034, event_type =99000021, value = [0, 0, 2, -108, 0, 2, 89, -20, -5, -56, 85, 0, 86, 3, 76, 34, 7, -36]
05-26 19:34:53.656  5591  5591 D BYDAutoYunDevice: postEvent device_type: 1034, event_type =99000021, value = [0, 0, 0, -116, 0, 1, 89, -20, -5, -54, 0, -128, 0, 0, -80, 2, -51, -128]
05-26 19:34:53.666  5591  5591 D BYDAutoYunDevice: postEvent device_type: 1034, event_type =99000021, value = [0, 0, 2, 111, 0, 0, 89, -20, -5, -46, -1, -1, 63, -126, 1, 19, 16, 28]
05-26 19:34:53.679  5591  5591 D BYDAutoYunDevice: postEvent device_type: 1034, event_type =99000021, value = [0, 0, 0, -116, 0, 1, 89, -20, -5, -34, 0, -112, 0, 0, -80, 2, -67, -112]
05-26 19:34:53.696  5591  5591 D BYDAutoYunDevice: postEvent device_type: 1034, event_type =99000021, value = [0, 0, 4, -114, 0, 0, 89, -20, -5, -19, -107, 85, 24, 57, 41, 33, -96, -38]
05-26 19:34:53.700  5591  5591 D BYDAutoYunDevice: postEvent device_type: 1034, event_type =99000021, value = [0, 0, 1, 45, 0, 0, 89, -20, -5, -15, -96, 40, 0, 34, 12, 49, -97, 57]
05-26 19:34:53.705  5591  5591 D BYDAutoYunDevice: postEvent device_type: 1034, event_type =99000021, value = [0, 0, 0, -116, 0, 1, 89, -20, -5, -14, 0, -96, 0, 0, -80, 2, -83, -96]
05-26 19:34:53.706  5591  5591 D BYDAutoYunDevice: postEvent device_type: 1034, event_type =99000021, value = [0, 0, 2, -108, 0, 0, 89, -20, -5, -7, 85, 0, 86, 3, 76, 34, 8, -37]
05-26 19:34:53.706  5591  5591 D BYDAutoYunDevice: postEvent device_type: 1034, event_type =99000021, value = [0, 0, 2, -108, 0, 2, 89, -20, -5, -6, 85, 0, 86, 3, 76, 34, 8, -37]
05-26 19:34:53.710  5591  5591 D BYDAutoStatisticDevice: postEvent device_type: 1014, event_type =44a00020, value = 5009
05-26 19:34:53.713  5591  5591 D BYDAutoYunDevice: postEvent device_type: 1034, event_type =99000021, value = [0, 0, 2, 111, 0, 0, 89, -20, -4, 5, -1, -1, 63, -126, 1, 19, 32, 12]
05-26 19:34:53.714  5591  5591 D BYDAutoYunDevice: postEvent device_type: 1034, event_type =99000021, value = [0, 0, 0, -116, 0, 1, 89, -20, -4, 6, 0, -80, 0, 0, -80, 2, -99, -80]
05-26 19:34:53.745  5591  5591 D BYDAutoYunDevice: postEvent device_type: 1034, event_type =99000021, value = [0, 0, 0, -116, 0, 1, 89, -20, -4, 26, 0, -64, 0, 0, -80, 2, -115, -64]
05-26 19:34:53.749  5591  5591 D BYDAutoYunDevice: postEvent device_type: 1034, event_type =99000021, value = [0, 0, 1, 45, 0, 0, 89, -20, -4, 36, -96, 40, 0, 34, 12, 49, -81, 41]
05-26 19:34:53.754  5591  5591 D BYDAutoYunDevice: postEvent device_type: 1034, event_type =99000021, value = [0, 0, 3, 71, 0, 0, 89, -20, -4, 43, 3, 0, 0, 57, 1, -1, -1, -60]
05-26 19:34:53.756  5591  5591 D BYDAutoYunDevice: postEvent device_type: 1034, event_type =99000021, value = [0, 0, 2, -108, 0, 0, 89, -20, -4, 43, 85, 0, 86, 3, 76, 34, 9, -38]
05-26 19:34:53.756  5591  5591 D BYDAutoYunDevice: postEvent device_type: 1034, event_type =99000021, value = [0, 0, 2, -108, 0, 2, 89, -20, -4, 44, 85, 0, 86, 3, 76, 34, 9, -38]
05-26 19:34:53.760  5591  5591 D BYDAutoYunDevice: postEvent device_type: 1034, event_type =99000021, value = [0, 0, 0, -116, 0, 1, 89, -20, -4, 46, 0, -48, 0, 0, -80, 2, 125, -48]
05-26 19:34:53.766  5591  5591 D BYDAutoYunDevice: postEvent device_type: 1034, event_type =99000021, value = [0, 0, 2, 111, 0, 0, 89, -20, -4, 55, -1, -1, 63, -126, 1, 19, 48, -4]
05-26 19:34:53.779  5591  5591 D BYDAutoYunDevice: postEvent device_type: 1034, event_type =99000021, value = [0, 0, 0, -116, 0, 1, 89, -20, -4, 66, 0, -32, 0, 0, -80, 2, 109, -32]
05-26 19:34:53.796  5591  5591 D BYDAutoYunDevice: postEvent device_type: 1034, event_type =99000021, value = [0, 0, 3, -44, 0, 0, 89, -20, -4, 81, 0, 0, 0, -128, 14, 0, -30, 0, 0, 0, 0, 0, 0, 0, 0, 0, 0, 0, 0, 0, 0, 0, 0, 0, 0, 0, 0, 0, 0, 0, 0, 0, 0, 0, 0, 0, 0, 0, 0, 0, 0, 0, 0, 0, 0, 0, 0, -1, 0, 0, 0, 0, 0, -1, 0, 0, 0, 0, 0, 0, 0, -4, -1, -1]
05-26 19:34:53.799  5591  5591 D BYDAutoYunDevice: postEvent device_type: 1034, event_type =99000021, value = [0, 0, 4, 28, 0, 0, 89, -20, -4, 81, 9, 69, 1, 81, 53, 0, 0, 0]
05-26 19:34:53.809  5591  5591 D BYDAutoYunDevice: postEvent device_type: 1034, event_type =99000021, value = [0, 0, 0, -116, 0, 1, 89, -20, -4, 86, 0, -16, 0, 0, -80, 2, 93, -16]
05-26 19:34:53.809  5591  5591 D BYDAutoYunDevice: postEvent device_type: 1034, event_type =99000021, value = [0, 0, 1, 45, 0, 0, 89, -20, -4, 86, -96, 40, 0, 34, 12, 49, -65, 25]
05-26 19:34:53.809  5591  5591 D BYDAutoYunDevice: postEvent device_type: 1034, event_type =99000021, value = [0, 0, 2, -108, 0, 0, 89, -20, -4, 93, 85, 0, 86, 3, 76, 34, 10, -39]
05-26 19:34:53.809  5591  5591 D BYDAutoYunDevice: postEvent device_type: 1034, event_type =99000021, value = [0, 0, 2, -108, 0, 2, 89, -20, -4, 94, 85, 0, 86, 3, 76, 34, 10, -39]
05-26 19:34:53.809  5591  5591 D BYDAutoStatisticDevice: postEvent device_type: 1014, event_type =44a00020, value = 5010
05-26 19:34:53.814  5591  5591 D BYDAutoYunDevice: postEvent device_type: 1034, event_type =99000021, value = [0, 0, 2, 111, 0, 0, 89, -20, -4, 105, -1, -1, 63, -126, 1, 19, 64, -20]
05-26 19:34:53.815  5591  5591 D BYDAutoYunDevice: postEvent device_type: 1034, event_type =99000021, value = [0, 0, 0, -116, 0, 1, 89, -20, -4, 106, 0, 0, 0, 0, -80, 2, 77, 0]
05-26 19:34:53.818  5591  5591 D BYDAutoYunDevice: postEvent device_type: 1034, event_type =99000021, value = [0, 0, 4, -10, 0, 0, 89, -20, -4, 108, -1, 5, -96, 0, -1, 73, -5, -1]
05-26 19:34:53.826  5591  5591 D BYDAutoYunDevice: postEvent device_type: 1034, event_type =99000021, value = [0, 0, 1, 68, 0, 0, 89, -20, -4, 118, 0, -3, -1, -24, -45, -126, -32, -26]
05-26 19:34:53.846  5591  5591 D BYDAutoYunDevice: postEvent device_type: 1034, event_type =99000021, value = [0, 0, 0, -116, 0, 1, 89, -20, -4, 126, 0, 16, 0, 0, -80, 2, 61, 16]
05-26 19:34:53.849  5591  5591 D BYDAutoYunDevice: postEvent device_type: 1034, event_type =99000021, value = [0, 0, 1, 45, 0, 0, 89, -20, -4, -120, -96, 40, 0, 34, 12, 49, -49, 9]
05-26 19:34:53.857  5591  5591 D BYDAutoYunDevice: postEvent device_type: 1034, event_type =99000021, value = [0, 0, 3, 71, 0, 0, 89, -20, -4, -113, 3, 0, 0, 57, 1, -1, -1, -60]
05-26 19:34:53.859  5591  5591 D BYDAutoYunDevice: postEvent device_type: 1034, event_type =99000021, value = [0, 0, 2, -108, 0, 0, 89, -20, -4, -112, 85, 0, 86, 3, 76, 34, 11, -40]
05-26 19:34:53.859  5591  5591 D BYDAutoYunDevice: postEvent device_type: 1034, event_type =99000021, value = [0, 0, 2, -108, 0, 2, 89, -20, -4, -111, 85, 0, 86, 3, 76, 34, 11, -40]
05-26 19:34:53.859  5591  5591 D BYDAutoYunDevice: postEvent device_type: 1034, event_type =99000021, value = [0, 0, 4, 6, 1, 0, 89, -20, -4, -110, 1, -87, -108, 4, 0, 74, 89, 0]
05-26 19:34:53.859  5591  5591 D BYDAutoYunDevice: postEvent device_type: 1034, event_type =99000021, value = [0, 0, 0, -116, 0, 1, 89, -20, -4, -110, 0, 32, 0, 0, -80, 2, 45, 32]
05-26 19:34:53.866  5591  5591 D BYDAutoYunDevice: postEvent device_type: 1034, event_type =99000021, value = [0, 0, 2, 111, 0, 0, 89, -20, -4, -101, -1, -1, 63, -126, 1, 19, 80, -36]
05-26 19:34:53.878  5591  5591 D BYDAutoYunDevice: postEvent device_type: 1034, event_type =99000021, value = [0, 0, 0, -116, 0, 1, 89, -20, -4, -90, 0, 48, 0, 0, -80, 2, 29, 48]
05-26 19:34:53.880  5591  5591 D BYDAutoYunDevice: postEvent device_type: 1034, event_type =99000021, value = [0, 0, 4, -91, 1, 0, 89, -20, -4, -87, 1, -1, -1, 15, 64, -92, -12, -31]
05-26 19:34:53.885  5591  5591 D BYDAutoYunDevice: postEvent device_type: 1034, event_type =99000021, value = [0, 0, 1, 33, 0, 1, 89, -20, -4, -81, 0, 0, 0, -112, -27, 5, -97, -26]
05-26 19:34:53.886  5591  5591 D BYDAutoStatisticDevice: postEvent device_type: 1014, event_type =34500018, value = 2459
05-26 19:34:53.891  5591  5591 D BYDAutoYunDevice: postEvent device_type: 1034, event_type =99000021, value = [0, 0, 2, 64, 0, 2, 89, -20, -4, -75, 0, 66, 26, 52, 63, 9, -24, 63]
05-26 19:34:53.897  5591  5591 D BYDAutoYunDevice: postEvent device_type: 1034, event_type =99000021, value = [0, 0, 0, -116, 0, 1, 89, -20, -4, -70, 0, 64, 0, 0, -80, 2, 13, 64]
05-26 19:34:53.899  5591  5591 D BYDAutoYunDevice: postEvent device_type: 1034, event_type =99000021, value = [0, 0, 1, 45, 0, 0, 89, -20, -4, -70, -96, 40, 0, 34, 12, 49, -33, -7]
05-26 19:34:53.902  5591  5591 D BYDAutoYunDevice: postEvent device_type: 1034, event_type =99000021, value = [0, 0, 3, 65, 0, 2, 89, -20, -4, -63, -48, -35, 0, -117, -1, -1, 2, -57]
05-26 19:34:53.905  5591  5591 D BYDAutoYunDevice: postEvent device_type: 1034, event_type =99000021, value = [0, 0, 2, -108, 0, 0, 89, -20, -4, -62, 85, 0, 86, 3, 76, 34, 12, -41]
05-26 19:34:53.906  5591  5591 D BYDAutoYunDevice: postEvent device_type: 1034, event_type =99000021, value = [0, 0, 2, -108, 0, 2, 89, -20, -4, -61, 85, 0, 86, 3, 76, 34, 12, -41]
05-26 19:34:53.910  5591  5591 D BYDAutoStatisticDevice: postEvent device_type: 1014, event_type =44a00020, value = 5008
05-26 19:34:53.915  5591  5591 D BYDAutoYunDevice: postEvent device_type: 1034, event_type =99000021, value = [0, 0, 4, -71, 0, 0, 89, -20, -4, -51, 101, 15, 0, 9, -128, -16, -1, 15]
05-26 19:34:53.916  5591  5591 D BYDAutoYunDevice: postEvent device_type: 1034, event_type =99000021, value = [0, 0, 2, 111, 0, 0, 89, -20, -4, -51, -1, -1, 63, -126, 1, 19, 96, -52]
05-26 19:34:53.917  5591  5591 D BYDAutoYunDevice: postEvent device_type: 1034, event_type =99000021, value = [0, 0, 0, -116, 0, 1, 89, -20, -4, -50, 0, 80, 0, 0, -80, 2, -3, 80]
05-26 19:34:53.930  5591  5591 D BYDAutoYunDevice: postEvent device_type: 1034, event_type =99000021, value = [0, 0, 4, 52, 0, 0, 89, -20, -4, -46, 0, 0, 8, 0, -120, 68, 34, 9]
05-26 19:34:53.933  5591  5591 D BYDAutoYunDevice: postEvent device_type: 1034, event_type =99000021, value = [0, 0, 3, 97, 0, 2, 89, -20, -4, -32, -47, -1, 10, 0, 0, 0, 0, 37]
05-26 19:34:53.941  5591  5591 D BYDAutoYunDevice: postEvent device_type: 1034, event_type =99000021, value = [0, 0, 0, -116, 0, 1, 89, -20, -4, -30, 0, 96, 0, 0, -80, 2, -19, 96]
05-26 19:34:53.943  5591  5591 D BYDAutoYunDevice: postEvent device_type: 1034, event_type =99000021, value = [0, 0, 4, 73, 0, 2, 89, -20, -4, -28, 5, -74, -50, 100, 93, -36, 2, 3]
05-26 19:34:53.946  5591  5591 D BYDAutoYunDevice: postEvent device_type: 1034, event_type =99000021, value = [0, 0, 1, 45, 0, 0, 89, -20, -4, -20, -96, 40, 0, 34, 12, 49, -17, -23]
05-26 19:34:53.954  5591  5591 D BYDAutoYunDevice: postEvent device_type: 1034, event_type =99000021, value = [0, 0, 3, 71, 0, 0, 89, -20, -4, -13, 3, 0, 0, 57, 1, -1, -1, -60]
05-26 19:34:53.954  5591  5591 D BYDAutoYunDevice: postEvent device_type: 1034, event_type =99000021, value = [0, 0, 2, -108, 0, 0, 89, -20, -4, -12, 85, 0, 86, 3, 76, 34, 13, -42]
05-26 19:34:53.954  5591  5591 D BYDAutoYunDevice: postEvent device_type: 1034, event_type =99000021, value = [0, 0, 2, -108, 0, 2, 89, -20, -4, -11, 85, 0, 86, 3, 76, 34, 13, -42]
05-26 19:34:53.958  5591  5591 D BYDAutoYunDevice: postEvent device_type: 1034, event_type =99000021, value = [0, 0, 0, -116, 0, 1, 89, -20, -4, -10, 0, 112, 0, 0, -80, 2, -35, 112]
05-26 19:34:53.962  5591  5591 D BYDAutoYunDevice: postEvent device_type: 1034, event_type =99000021, value = [0, 0, 4, -122, 0, 0, 89, -20, -4, -3, 8, 72, 0, 0, 0, 0, 0, 1]
05-26 19:34:53.967  5591  5591 D BYDAutoYunDevice: postEvent device_type: 1034, event_type =99000021, value = [0, 0, 2, 111, 0, 0, 89, -20, -4, -1, -1, -1, 63, -126, 1, 19, 112, -68]
05-26 19:34:53.976  5591  5591 D BYDAutoYunDevice: postEvent device_type: 1034, event_type =99000021, value = [0, 0, 0, -116, 0, 1, 89, -20, -3, 10, 0, -128, 0, 0, -80, 2, -51, -128]
05-26 19:34:53.983  5591  5591 D BYDAutoYunDevice: postEvent device_type: 1034, event_type =99000021, value = [0, 0, 4, 108, 0, 2, 89, -20, -3, 18, 16, 39, 16, 39, -1, -1, -1, -1]
05-26 19:34:54.001  5591  5591 D BYDAutoYunDevice: postEvent device_type: 1034, event_type =99000021, value = [0, 0, 0, -116, 0, 1, 89, -20, -3, 30, 0, -112, 0, 0, -80, 2, -67, -112]
05-26 19:34:54.006  5591  5591 D BYDAutoYunDevice: postEvent device_type: 1034, event_type =99000021, value = [0, 0, 1, 45, 0, 0, 89, -20, -3, 32, -96, 40, 0, 34, 12, 49, -1, -39]
05-26 19:34:54.007  5591  5591 D BYDAutoYunDevice: postEvent device_type: 1034, event_type =99000021, value = [0, 0, 2, -108, 0, 0, 89, -20, -3, 38, 85, 0, 86, 3, 76, 34, 14, -43]
05-26 19:34:54.007  5591  5591 D BYDAutoYunDevice: postEvent device_type: 1034, event_type =99000021, value = [0, 0, 2, -108, 0, 2, 89, -20, -3, 39, 85, 0, 86, 3, 76, 34, 14, -43]
05-26 19:34:54.016  5591  5591 D BYDAutoYunDevice: postEvent device_type: 1034, event_type =99000021, value = [0, 0, 0, -116, 0, 1, 89, -20, -3, 50, 0, -96, 0, 0, -80, 2, -83, -96]
05-26 19:34:54.017  5591  5591 D BYDAutoYunDevice: postEvent device_type: 1034, event_type =99000021, value = [0, 0, 2, 111, 0, 0, 89, -20, -3, 50, -1, -1, 63, -126, 1, 19, -128, -84]
05-26 19:34:54.025  5591  5591 D BYDAutoYunDevice: postEvent device_type: 1034, event_type =99000021, value = [0, 0, 4, -91, 4, 0, 89, -20, -3, 56, 4, -1, -1, -1, -1, -1, -2, -17]
05-26 19:34:54.037  5591  5591 D BYDAutoYunDevice: postEvent device_type: 1034, event_type =99000021, value = [0, 0, 0, -116, 0, 1, 89, -20, -3, 70, 0, -80, 0, 0, -80, 2, -99, -80]
05-26 19:34:54.044  5591  5591 D BYDAutoYunDevice: postEvent device_type: 1034, event_type =99000021, value = [0, 0, 3, 35, 0, 0, 89, -20, -3, 78, 64, -1, -2, 15, -1, -1, 99, 82]
05-26 19:34:54.050  4313  4313 D BYDAutoSafetyBeltDevice: postEvent device_type: 1042, event_type =12d0003f, value = 0
05-26 19:34:54.060  5591  5591 D BYDAutoYunDevice: postEvent device_type: 1034, event_type =99000021, value = [0, 0, 1, 45, 0, 0, 89, -20, -3, 82, -96, 40, 0, 34, 12, 49, 15, -55]
05-26 19:34:54.072 29160 29160 D BYDAutoSafetyBeltDevice: postEvent device_type: 1042, event_type =12d0003f, value = 0
05-26 19:34:54.072  5591  5591 D BYDAutoYunDevice: postEvent device_type: 1034, event_type =99000021, value = [0, 0, 3, 71, 0, 0, 89, -20, -3, 87, 3, 0, 0, 57, 1, -1, -1, -60]
05-26 19:34:54.075  5591  5591 D BYDAutoYunDevice: postEvent device_type: 1034, event_type =99000021, value = [0, 0, 2, -108, 0, 0, 89, -20, -3, 88, 85, 0, 86, 3, 76, 34, 15, -44]
05-26 19:34:54.075  5591  5591 D BYDAutoYunDevice: postEvent device_type: 1034, event_type =99000021, value = [0, 0, 2, -108, 0, 2, 89, -20, -3, 89, 85, 0, 86, 3, 76, 34, 15, -44]
05-26 19:34:54.075  5591  5591 D BYDAutoYunDevice: postEvent device_type: 1034, event_type =99000021, value = [0, 0, 0, -116, 0, 1, 89, -20, -3, 90, 0, -64, 0, 0, -80, 2, -115, -64]
05-26 19:34:54.075  5591  5591 D BYDAutoYunDevice: postEvent device_type: 1034, event_type =99000021, value = [0, 0, 4, -6, 0, 0, 89, -20, -3, 94, 9, -128, -86, 0, 0, -127, -127, 34]
05-26 19:34:54.075  5591  5591 D BYDAutoYunDevice: postEvent device_type: 1034, event_type =99000021, value = [0, 0, 2, 111, 0, 0, 89, -20, -3, 100, -1, -1, 63, -126, 1, 19, -112, -100]
05-26 19:34:54.077  5591  5591 D BYDAutoYunDevice: postEvent device_type: 1034, event_type =99000021, value = [0, 0, 0, -116, 0, 1, 89, -20, -3, 110, 0, -48, 0, 0, -80, 2, 125, -48]
05-26 19:34:54.094  5591  5591 D BYDAutoStatisticDevice: postEvent device_type: 1014, event_type =34500018, value = 2463
05-26 19:34:54.097  5591  5591 D BYDAutoYunDevice: postEvent device_type: 1034, event_type =99000021, value = [0, 0, 4, -91, 5, 0, 89, -20, -3, -127, 5, -1, 127, -115, -124, -111, 118, 82]
05-26 19:34:54.098  5591  5591 D BYDAutoYunDevice: postEvent device_type: 1034, event_type =99000021, value = [0, 0, 0, -116, 0, 1, 89, -20, -3, -126, 0, -32, 0, 0, -80, 2, 109, -32]
05-26 19:34:54.099  5591  5591 D BYDAutoYunDevice: postEvent device_type: 1034, event_type =99000021, value = [0, 0, 1, 45, 0, 0, 89, -20, -3, -124, -96, 40, 0, 34, 12, 49, 31, -71]
05-26 19:34:54.105  5591  5591 D BYDAutoYunDevice: postEvent device_type: 1034, event_type =99000021, value = [0, 0, 3, -39, 3, 0, 89, -20, -3, -118, 3, 0, 2, 4, -32, -1, -1, -1]
05-26 19:34:54.106  5591  5591 D BYDAutoYunDevice: postEvent device_type: 1034, event_type =99000021, value = [0, 0, 3, -39, 3, 2, 89, -20, -3, -117, 3, 0, 2, 4, -32, -1, -1, -1]
05-26 19:34:54.108  5591  5591 D BYDAutoYunDevice: postEvent device_type: 1034, event_type =99000021, value = [0, 0, 2, -108, 0, 0, 89, -20, -3, -117, 85, 0, 86, 3, 76, 34, 0, -29]
05-26 19:34:54.108  5591  5591 D BYDAutoYunDevice: postEvent device_type: 1034, event_type =99000021, value = [0, 0, 2, -108, 0, 2, 89, -20, -3, -116, 85, 0, 86, 3, 76, 34, 0, -29]
05-26 19:34:54.114  5591  5591 D BYDAutoYunDevice: postEvent device_type: 1034, event_type =99000021, value = [0, 0, 0, -116, 0, 1, 89, -20, -3, -106, 0, -16, 0, 0, -80, 2, 93, -16]
05-26 19:34:54.115  5591  5591 D BYDAutoYunDevice: postEvent device_type: 1034, event_type =99000021, value = [0, 0, 2, 111, 0, 0, 89, -20, -3, -106, -1, -1, 63, -126, 1, 19, -96, -116]
05-26 19:34:54.126  5591  5591 D BYDAutoYunDevice: postEvent device_type: 1034, event_type =99000021, value = [0, 0, 3, 54, 0, 0, 89, -20, -3, -96, 4, 3, 0, -1, 63, 0, 24, 1]
05-26 19:34:54.129  5591  5591 D BYDAutoSensorDevice: postEvent device_type: 1043, event_type =40200008, value = -44
05-26 19:34:54.130  5591  5591 D BYDAutoSettingDevice: postEvent device_type: 1023, event_type =48600040, value = 0
05-26 19:34:54.130  5591  5591 D BYDAutoSettingDevice: postEvent device_type: 1023, event_type =40200037, value = 0
05-26 19:34:54.134  5591  5591 D BYDAutoSettingDevice: postEvent device_type: 1023, event_type =42f00037, value = 0
05-26 19:34:54.135  5591  5591 D BYDAutoYunDevice: postEvent device_type: 1034, event_type =99000021, value = [0, 0, 0, -116, 0, 1, 89, -20, -3, -86, 0, 0, 0, 0, -80, 2, 77, 0]
05-26 19:34:54.152  5591  5591 D BYDAutoYunDevice: postEvent device_type: 1034, event_type =99000021, value = [0, 0, 1, 45, 0, 0, 89, -20, -3, -72, -96, 40, 0, 34, 12, 49, 47, -87]
05-26 19:34:54.167  5591  5591 D BYDAutoYunDevice: postEvent device_type: 1034, event_type =99000021, value = [0, 0, 3, 71, 0, 0, 89, -20, -3, -69, 3, 0, 0, 57, 1, -1, -1, -60]
05-26 19:34:54.167  5591  5591 D BYDAutoYunDevice: postEvent device_type: 1034, event_type =99000021, value = [0, 0, 0, -116, 0, 1, 89, -20, -3, -66, 0, 16, 0, 0, -80, 2, 61, 16]
05-26 19:34:54.167  5591  5591 D BYDAutoYunDevice: postEvent device_type: 1034, event_type =99000021, value = [0, 0, 2, -108, 0, 0, 89, -20, -3, -66, 85, 0, 86, 3, 76, 34, 1, -30]
05-26 19:34:54.167  5591  5591 D BYDAutoYunDevice: postEvent device_type: 1034, event_type =99000021, value = [0, 0, 2, -108, 0, 2, 89, -20, -3, -65, 85, 0, 86, 3, 76, 34, 1, -30]
05-26 19:34:54.167  5591  5591 D BYDAutoYunDevice: postEvent device_type: 1034, event_type =99000021, value = [0, 0, 2, 111, 0, 0, 89, -20, -3, -56, -1, -1, 63, -126, 1, 19, -80, 124]
05-26 19:34:54.174  5591  5591 D BYDAutoYunDevice: postEvent device_type: 1034, event_type =99000021, value = [0, 0, 4, 4, 0, 0, 89, -20, -3, -47, 33, 86, 1, 92, 22, 22, -107, 125]
05-26 19:34:54.177  5591  5591 D BYDAutoYunDevice: postEvent device_type: 1034, event_type =99000021, value = [0, 0, 0, -116, 0, 1, 89, -20, -3, -46, 0, 32, 0, 0, -80, 2, 45, 32]
05-26 19:34:54.195  5591  5591 D BYDAutoStatisticDevice: postEvent device_type: 1014, event_type =34500018, value = 2459
05-26 19:34:54.198  5591  5591 D BYDAutoYunDevice: postEvent device_type: 1034, event_type =99000021, value = [0, 0, 0, -116, 0, 1, 89, -20, -3, -26, 0, 48, 0, 0, -80, 2, 29, 48]
05-26 19:34:54.204  5591  5591 D BYDAutoYunDevice: postEvent device_type: 1034, event_type =99000021, value = [0, 0, 1, 45, 0, 0, 89, -20, -3, -22, -96, 40, 0, 34, 12, 49, 63, -103]
05-26 19:34:54.209  5591  5591 D BYDAutoYunDevice: postEvent device_type: 1034, event_type =99000021, value = [0, 0, 2, -108, 0, 0, 89, -20, -3, -14, 85, 0, 86, 3, 76, 34, 2, -31]
05-26 19:34:54.214  5591  5591 D BYDAutoSensorDevice: postEvent device_type: 1043, event_type =40200008, value = -43
05-26 19:34:54.214  5591  5591 D BYDAutoSettingDevice: postEvent device_type: 1023, event_type =48600040, value = 1
05-26 19:34:54.214  5591  5591 D BYDAutoSettingDevice: postEvent device_type: 1023, event_type =40200037, value = 1
05-26 19:34:54.214  5591  5591 D BYDAutoYunDevice: postEvent device_type: 1034, event_type =99000021, value = [0, 0, 2, -108, 0, 2, 89, -20, -3, -13, 85, 0, 86, 3, 76, 34, 2, -31]
05-26 19:34:54.220  5591  5591 D BYDAutoYunDevice: postEvent device_type: 1034, event_type =99000021, value = [0, 0, 3, -39, 5, 0, 89, -20, -3, -7, 5, -88, -101, 2, -8, 79, 74, -98]
05-26 19:34:54.220  5591  5591 D BYDAutoYunDevice: postEvent device_type: 1034, event_type =99000021, value = [0, 0, 3, -39, 5, 2, 89, -20, -3, -6, 5, -88, -101, 2, -8, 79, 74, -98]
05-26 19:34:54.220  5591  5591 D BYDAutoYunDevice: postEvent device_type: 1034, event_type =99000021, value = [0, 0, 0, -116, 0, 1, 89, -20, -3, -6, 0, 64, 0, 0, -80, 2, 13, 64]
05-26 19:34:54.221  5591  5591 D BYDAutoYunDevice: postEvent device_type: 1034, event_type =99000021, value = [0, 0, 2, 111, 0, 0, 89, -20, -3, -2, -1, -1, 63, -126, 1, 19, -64, 108]
05-26 19:34:54.226  5591  5591 D BYDAutoYunDevice: postEvent device_type: 1034, event_type =99000021, value = [0, 0, 3, 30, 0, 0, 89, -20, -2, 4, 19, 8, 0, 0, -96, 0, 0, 68]
05-26 19:34:54.241  5591  5591 D BYDAutoYunDevice: postEvent device_type: 1034, event_type =99000021, value = [0, 0, 0, -116, 0, 1, 89, -20, -2, 14, 0, 80, 0, 0, -80, 2, -3, 80]
05-26 19:34:54.251  5591  5591 D BYDAutoYunDevice: postEvent device_type: 1034, event_type =99000021, value = [0, 0, 4, -91, 7, 0, 89, -20, -2, 28, 7, -1, -37, -113, 0, -4, -1, -1]
05-26 19:34:54.256  5591  5591 D BYDAutoSensorDevice: postEvent device_type: 1043, event_type =22300008, value = 808
05-26 19:34:54.261  5591  5591 D BYDAutoYunDevice: postEvent device_type: 1034, event_type =99000021, value = [0, 0, 3, 71, 0, 0, 89, -20, -2, 31, 3, 0, 0, 57, 1, -1, -1, -60]
05-26 19:34:54.261  5591  5591 D BYDAutoYunDevice: postEvent device_type: 1034, event_type =99000021, value = [0, 0, 1, 45, 0, 0, 89, -20, -2, 32, -96, 40, 0, 34, 12, 49, 79, -119]
05-26 19:34:54.261  5591  5591 D BYDAutoYunDevice: postEvent device_type: 1034, event_type =99000021, value = [0, 0, 0, -116, 0, 1, 89, -20, -2, 34, 0, 96, 0, 0, -80, 2, -19, 96]
05-26 19:34:54.261  5591  5591 D BYDAutoYunDevice: postEvent device_type: 1034, event_type =99000021, value = [0, 0, 2, -108, 0, 0, 89, -20, -2, 37, 85, 0, 86, 3, 76, 34, 3, -32]
05-26 19:34:54.262  5591  5591 D BYDAutoYunDevice: postEvent device_type: 1034, event_type =99000021, value = [0, 0, 2, -108, 0, 2, 89, -20, -2, 37, 85, 0, 86, 3, 76, 34, 3, -32]
05-26 19:34:54.270  5591  5591 D BYDAutoYunDevice: postEvent device_type: 1034, event_type =99000021, value = [0, 0, 2, 111, 0, 0, 89, -20, -2, 48, -1, -1, 63, -126, 1, 19, -48, 92]
05-26 19:34:54.276  5591  5591 D BYDAutoYunDevice: postEvent device_type: 1034, event_type =99000021, value = [0, 0, 0, -116, 0, 1, 89, -20, -2, 54, 0, 112, 0, 0, -80, 2, -35, 112]
05-26 19:34:54.294  5591  5591 D BYDAutoYunDevice: postEvent device_type: 1034, event_type =99000021, value = [0, 0, 4, 7, 0, 0, 89, -20, -2, 66, 85, -106, 24, 16, -11, -107, 34, -126]
05-26 19:34:54.298  5591  5591 D BYDAutoYunDevice: postEvent device_type: 1034, event_type =99000021, value = [0, 0, 0, -116, 0, 1, 89, -20, -2, 74, 0, -128, 0, 0, -80, 2, -51, -128]
05-26 19:34:54.304  5591  5591 D BYDAutoYunDevice: postEvent device_type: 1034, event_type =99000021, value = [0, 0, 4, -21, 6, 0, 89, -20, -2, 81, 6, -102, 0, 64, 63, 0, 0, 2]
05-26 19:34:54.306  5591  5591 D BYDAutoYunDevice: postEvent device_type: 1034, event_type =99000021, value = [0, 0, 1, 45, 0, 0, 89, -20, -2, 81, -96, 40, 0, 34, 12, 49, 95, 121]
05-26 19:34:54.316  5591  5591 D BYDAutoYunDevice: postEvent device_type: 1034, event_type =99000021, value = [0, 0, 2, -108, 0, 0, 89, -20, -2, 89, 85, 0, 86, 3, 76, 34, 4, -33]
05-26 19:34:54.316  5591  5591 D BYDAutoYunDevice: postEvent device_type: 1034, event_type =99000021, value = [0, 0, 2, -108, 0, 2, 89, -20, -2, 89, 85, 0, 86, 3, 76, 34, 4, -33]
05-26 19:34:54.317  5591  5591 D BYDAutoStatisticDevice: postEvent device_type: 1014, event_type =44a00020, value = 5009
05-26 19:34:54.319  5591  5591 D BYDAutoYunDevice: postEvent device_type: 1034, event_type =99000021, value = [0, 0, 0, -116, 0, 1, 89, -20, -2, 94, 0, -112, 0, 0, -80, 2, -67, -112]
05-26 19:34:54.323  5591  5591 D BYDAutoYunDevice: postEvent device_type: 1034, event_type =99000021, value = [0, 0, 2, 111, 0, 0, 89, -20, -2, 98, -1, -1, 63, -126, 1, 19, -32, 76]
05-26 19:34:54.324  5591  5591 D BYDAutoYunDevice: postEvent device_type: 1034, event_type =99000021, value = [0, 0, 4, -91, 8, 0, 89, -20, -2, 101, 8, -1, -1, -65, 1, 0, 28, 0]
05-26 19:34:54.334  5591  5591 D BYDAutoYunDevice: postEvent device_type: 1034, event_type =99000021, value = [0, 0, 3, -39, 7, 0, 89, -20, -2, 111, 7, -1, -1, -1, -49, 1, -1, -1]
05-26 19:34:54.334  5591  5591 D BYDAutoYunDevice: postEvent device_type: 1034, event_type =99000021, value = [0, 0, 3, -39, 7, 2, 89, -20, -2, 112, 7, -1, -1, -1, -49, 1, -1, -1]
05-26 19:34:54.336  5591  5591 D BYDAutoYunDevice: postEvent device_type: 1034, event_type =99000021, value = [0, 0, 0, -116, 0, 1, 89, -20, -2, 114, 0, -96, 0, 0, -80, 2, -83, -96]
05-26 19:34:54.343  5591  5591 D BYDAutoStatisticDevice: postEvent device_type: 1014, event_type =44500830, value = 20000
05-26 19:34:54.344  5591  5591 D BYDAutoYunDevice: postEvent device_type: 1034, event_type =99000021, value = [0, 0, 4, 69, 0, 2, 89, -20, -2, 121, 23, -92, -1, -1, 0, 32, 78, -40]
05-26 19:34:54.352  5591  5591 D BYDAutoYunDevice: postEvent device_type: 1034, event_type =99000021, value = [0, 0, 3, 71, 0, 0, 89, -20, -2, -126, 3, 0, 0, 57, 1, -1, -1, -60]
05-26 19:34:54.353  5591  5591 D BYDAutoYunDevice: postEvent device_type: 1034, event_type =99000021, value = [0, 0, 1, 45, 0, 0, 89, -20, -2, -124, -96, 40, 0, 34, 12, 49, 111, 105]
05-26 19:34:54.357  5591  5591 D BYDAutoYunDevice: postEvent device_type: 1034, event_type =99000021, value = [0, 0, 0, -116, 0, 1, 89, -20, -2, -122, 0, -80, 0, 0, -80, 2, -99, -80]
05-26 19:34:54.365  5591  5591 D BYDAutoYunDevice: postEvent device_type: 1034, event_type =99000021, value = [0, 0, 2, -108, 0, 0, 89, -20, -2, -115, 85, 0, 86, 3, 76, 34, 5, -34]
05-26 19:34:54.373  5591  5591 D BYDAutoYunDevice: postEvent device_type: 1034, event_type =99000021, value = [0, 0, 2, -108, 0, 2, 89, -20, -2, -114, 85, 0, 86, 3, 76, 34, 5, -34]
05-26 19:34:54.373  5591  5591 D BYDAutoYunDevice: postEvent device_type: 1034, event_type =99000021, value = [0, 0, 4, 51, 0, 0, 89, -20, -2, -111, 85, -123, -107, -42, 89, 3, -128, 0]
05-26 19:34:54.377  5591  5591 D BYDAutoYunDevice: postEvent device_type: 1034, event_type =99000021, value = [0, 0, 2, 111, 0, 0, 89, -20, -2, -108, -1, -1, 63, -126, 1, 19, -16, 60]
05-26 19:34:54.378  5591  5591 D BYDAutoYunDevice: postEvent device_type: 1034, event_type =99000021, value = [0, 0, 0, -116, 0, 1, 89, -20, -2, -102, 0, -64, 0, 0, -80, 2, -115, -64]
