05-26 19:35:01.440 13510 13510 E ThemeUtils: View class com.autonavi.skin.view.SkinTextView is an AppCompat widget that can only be used with a Theme.AppCompat theme (or descendant).
05-26 19:35:01.440 13510 13510 E ThemeUtils: View class com.autonavi.skin.view.SkinTextView is an AppCompat widget that can only be used with a Theme.AppCompat theme (or descendant).
05-26 19:35:01.441 13510 13510 E ThemeUtils: View class com.autonavi.skin.view.SkinTextView is an AppCompat widget that can only be used with a Theme.AppCompat theme (or descendant).
05-26 19:35:01.441  5591  5591 D BYDAutoYunDevice: postEvent device_type: 1034, event_type =99000021, value = [0, 0, 3, -38, 0, 0, 89, -19, 26, 41, 2, -112, 5, -96, 0, 10, 0, -16]
05-26 19:35:01.441 13510 13510 E ThemeUtils: View class com.autonavi.skin.view.SkinTextView is an AppCompat widget that can only be used with a Theme.AppCompat theme (or descendant).
05-26 19:35:01.441  5591  5591 D BYDAutoYunDevice: postEvent device_type: 1034, event_type =99000021, value = [0, 0, 4, 70, 0, 2, 89, -19, 26, 42, 23, -9, 12, 65, 29, -1, 12, 124]
05-26 19:35:01.441  5591  5591 D BYDAutoYunDevice: postEvent device_type: 1034, event_type =99000021, value = [0, 0, 0, -116, 0, 1, 89, -19, 26, 46, 0, -48, 0, 0, -80, 2, 125, -48]
05-26 19:35:01.441 13510 13510 E ThemeUtils: View class com.autonavi.skin.view.SkinTextView is an AppCompat widget that can only be used with a Theme.AppCompat theme (or descendant).
05-26 19:35:01.442 13510 13510 E ThemeUtils: View class com.autonavi.skin.view.SkinTextView is an AppCompat widget that can only be used with a Theme.AppCompat theme (or descendant).
05-26 19:35:01.442  5591  5591 D BYDAutoYunDevice: postEvent device_type: 1034, event_type =99000021, value = [0, 0, 2, -108, 0, 0, 89, -19, 26, 48, 85, 0, 86, 3, 76, 34, 0, -29]
05-26 19:35:01.442  5591  5591 D BYDAutoYunDevice: postEvent device_type: 1034, event_type =99000021, value = [0, 0, 2, -108, 0, 2, 89, -19, 26, 48, 85, 0, 86, 3, 76, 34, 0, -29]
05-26 19:35:01.442 13510 13510 E ThemeUtils: View class com.autonavi.skin.view.SkinImageView is an AppCompat widget that can only be used with a Theme.AppCompat theme (or descendant).
05-26 19:35:01.443 13510 13510 E ThemeUtils: View class com.autonavi.skin.view.SkinImageView is an AppCompat widget that can only be used with a Theme.AppCompat theme (or descendant).
05-26 19:35:01.443 13510 13510 E ThemeUtils: View class com.autonavi.view.drive.CloseToProgressViewNew is an AppCompat widget that can only be used with a Theme.AppCompat theme (or descendant).
05-26 19:35:01.444 13510 13510 E ThemeUtils: View class com.autonavi.skin.view.SkinImageView is an AppCompat widget that can only be used with a Theme.AppCompat theme (or descendant).
05-26 19:35:01.445 13510 14053 D AbsBYDAutoDevice: int eventTypes is 28400020
05-26 19:35:01.445 13510 13510 E ThemeUtils: View class com.autonavi.skin.view.SkinImageView is an AppCompat widget that can only be used with a Theme.AppCompat theme (or descendant).
05-26 19:35:01.445  3546  8586 D AbsBYDAutoDevice: set featureIDs is int[]: [6dc00826, 6dc00810, 6dc00818, 6dc00808, 6dc00827, ] intArrayValue is int[]: [1, 50e, 1, 67, 0, ]
05-26 19:35:01.445 13510 13510 E ThemeUtils: View class com.autonavi.skin.view.SkinTextView is an AppCompat widget that can only be used with a Theme.AppCompat theme (or descendant).
05-26 19:35:01.446 13510 13510 E ThemeUtils: View class com.autonavi.skin.view.SkinTextView is an AppCompat widget that can only be used with a Theme.AppCompat theme (or descendant).
05-26 19:35:01.446 13510 13510 E ThemeUtils: View class com.autonavi.skin.view.SkinTextView is an AppCompat widget that can only be used with a Theme.AppCompat theme (or descendant).
05-26 19:35:01.447 13510 13510 E ThemeUtils: View class com.autonavi.skin.view.SkinTextView is an AppCompat widget that can only be used with a Theme.AppCompat theme (or descendant).
05-26 19:35:01.447 13510 13510 E ThemeUtils: View class com.autonavi.skin.view.SkinTextView is an AppCompat widget that can only be used with a Theme.AppCompat theme (or descendant).
05-26 19:35:01.447 13510 13510 E ThemeUtils: View class com.autonavi.skin.view.SkinTextView is an AppCompat widget that can only be used with a Theme.AppCompat theme (or descendant).
05-26 19:35:01.447 13510 13510 E ThemeUtils: View class com.autonavi.skin.view.SkinTextView is an AppCompat widget that can only be used with a Theme.AppCompat theme (or descendant).
05-26 19:35:01.448 13510 13510 E ThemeUtils: View class com.autonavi.skin.view.SkinImageView is an AppCompat widget that can only be used with a Theme.AppCompat theme (or descendant).
05-26 19:35:01.448 13510 13510 E ThemeUtils: View class com.autonavi.skin.view.SkinTextView is an AppCompat widget that can only be used with a Theme.AppCompat theme (or descendant).
05-26 19:35:01.449 13510 13510 E ThemeUtils: View class com.autonavi.skin.view.SkinImageView is an AppCompat widget that can only be used with a Theme.AppCompat theme (or descendant).
05-26 19:35:01.449 13510 14053 D AbsBYDAutoDevice: int eventTypes is 40c03032
05-26 19:35:01.451 13510  7985 D AbsBYDAutoDevice: int eventTypes is 28400020
05-26 19:35:01.453 13510  7985 D AbsBYDAutoDevice: int eventTypes is 40c03032
05-26 19:35:01.454  5591  5591 D BYDAutoYunDevice: postEvent device_type: 1034, event_type =99000021, value = [0, 0, 4, 68, 0, 2, 89, -19, 26, 62, 20, 2, -111, 19, 97, 63, -92, 1]
05-26 19:35:01.454 13510 13510 D AbsBYDAutoDevice: int eventTypes is 28400026
05-26 19:35:01.455 13510 13510 D AbsBYDAutoDevice: int eventTypes is 28400020
05-26 19:35:01.455 13510 13510 D AbsBYDAutoDevice: int eventTypes is 28400022
05-26 19:35:01.456 13510  7772 D AbsBYDAutoDevice: int eventTypes is 28400020
05-26 19:35:01.457 13510  7772 D AbsBYDAutoDevice: int eventTypes is 40c03032
05-26 19:35:01.459 13510 13657 D AbsBYDAutoDevice: int eventTypes is 28400020
05-26 19:35:01.459  5591  5591 D BYDAutoYunDevice: postEvent device_type: 1034, event_type =99000021, value = [0, 0, 3, -51, 0, 0, 89, -19, 26, 64, 3, 0, -1, 0, 88, 2, 0, 0]
05-26 19:35:01.460  5591  5591 D BYDAutoYunDevice: postEvent device_type: 1034, event_type =99000021, value = [0, 0, 0, -116, 0, 1, 89, -19, 26, 66, 0, -32, 0, 0, -80, 2, 109, -32]
05-26 19:35:01.460 13510 13657 D AbsBYDAutoDevice: int eventTypes is 40c03032
05-26 19:35:01.462 13510  6933 D AbsBYDAutoDevice: int eventTypes is 28400020
05-26 19:35:01.462 13510  6933 D AbsBYDAutoDevice: int eventTypes is 40c03032
05-26 19:35:01.463 13510 13510 D AbsBYDAutoDevice: int eventTypes is 28400020
05-26 19:35:01.463  5591  5591 D BYDAutoSettingDevice: postEvent device_type: 1023, event_type =42f00037, value = 1
05-26 19:35:01.467 13510  5494 D AbsBYDAutoDevice: int eventTypes is 28400020
05-26 19:35:01.471  5591  5591 D BYDAutoYunDevice: postEvent device_type: 1034, event_type =99000021, value = [0, 0, 3, -39, 4, 0, 89, -19, 26, 70, 4, 105, -15, -1, -1, 55, 18, 125]
05-26 19:35:01.471  5591  5591 D BYDAutoYunDevice: postEvent device_type: 1034, event_type =99000021, value = [0, 0, 3, -39, 4, 2, 89, -19, 26, 70, 4, 105, -15, -1, -1, 55, 18, 125]
05-26 19:35:01.471  5591  5591 D BYDAutoYunDevice: postEvent device_type: 1034, event_type =99000021, value = [0, 0, 1, 45, 0, 0, 89, -19, 26, 72, -96, 40, 0, 34, 12, 49, 47, -87]
05-26 19:35:01.472 13510  5494 D AbsBYDAutoDevice: int eventTypes is 40c03032
05-26 19:35:01.472 13510 13510 D AbsBYDAutoDevice: int eventTypes is 40c03032
05-26 19:35:01.473 13510 15513 D AbsBYDAutoDevice: int eventTypes is 28400020
05-26 19:35:01.474 13510 15513 D AbsBYDAutoDevice: int eventTypes is 40c03032
05-26 19:35:01.474  5591  5591 D BYDAutoYunDevice: postEvent device_type: 1034, event_type =99000021, value = [0, 0, 2, 111, 0, 0, 89, -19, 26, 84, -1, -1, 63, -126, 1, 19, -80, 124]
05-26 19:35:01.475 13510 13510 D AbsBYDAutoDevice: int eventTypes is 28400020
05-26 19:35:01.476  5591  5591 D BYDAutoYunDevice: postEvent device_type: 1034, event_type =99000021, value = [0, 0, 0, -116, 0, 1, 89, -19, 26, 86, 0, -16, 0, 0, -80, 2, 93, -16]
05-26 19:35:01.476 13510  7794 D AbsBYDAutoDevice: int eventTypes is 28400020
05-26 19:35:01.477 13510 13510 D AbsBYDAutoDevice: int eventTypes is 40c03032
05-26 19:35:01.477 13510 13510 D AbsBYDAutoDevice: int eventTypes is 40c03032
05-26 19:35:01.480 13510  7794 D AbsBYDAutoDevice: int eventTypes is 40c03032
05-26 19:35:01.482 13510  5944 D AbsBYDAutoDevice: int eventTypes is 28400020
05-26 19:35:01.487 13510  5944 D AbsBYDAutoDevice: int eventTypes is 40c03032
05-26 19:35:01.487 13510 15513 D AbsBYDAutoDevice: int eventTypes is 28400020
05-26 19:35:01.489 13510 15513 D AbsBYDAutoDevice: int eventTypes is 40c03032
05-26 19:35:01.490  5591  5591 D BYDAutoYunDevice: postEvent device_type: 1034, event_type =99000021, value = [0, 0, 2, -108, 0, 0, 89, -19, 26, 98, 85, 0, 86, 3, 76, 34, 1, -30]
05-26 19:35:01.490  5591  5591 D BYDAutoYunDevice: postEvent device_type: 1034, event_type =99000021, value = [0, 0, 2, -108, 0, 2, 89, -19, 26, 100, 85, 0, 86, 3, 76, 34, 1, -30]
05-26 19:35:01.493 13510  7794 D AbsBYDAutoDevice: int eventTypes is 28400020
05-26 19:35:01.495 13510  7794 D AbsBYDAutoDevice: int eventTypes is 40c03032
05-26 19:35:01.496 13510  5494 D AbsBYDAutoDevice: int eventTypes is 28400020
05-26 19:35:01.500 13510  5494 D AbsBYDAutoDevice: int eventTypes is 40c03032
05-26 19:35:01.503  5591  5591 D BYDAutoYunDevice: postEvent device_type: 1034, event_type =99000021, value = [0, 0, 0, -116, 0, 1, 89, -19, 26, 106, 0, 0, 0, 0, -80, 2, 77, 0]
05-26 19:35:01.506 13510 13657 D AbsBYDAutoDevice: int eventTypes is 28400020
05-26 19:35:01.508 13510 13657 D AbsBYDAutoDevice: int eventTypes is 40c03032
05-26 19:35:01.508  5591  5591 D BYDAutoYunDevice: postEvent device_type: 1034, event_type =99000021, value = [0, 0, 3, 71, 0, 0, 89, -19, 26, 110, 3, 0, 0, 57, 1, -1, -1, -60]
05-26 19:35:01.510 13510  6933 D AbsBYDAutoDevice: int eventTypes is 28400020
05-26 19:35:01.511  5591  5591 D BYDAutoYunDevice: postEvent device_type: 1034, event_type =99000021, value = [0, 0, 4, 41, 0, 0, 89, -19, 26, 121, 65, 0, 0, 0, 0, 0, 0, 0]
05-26 19:35:01.511 13510  6933 D AbsBYDAutoDevice: int eventTypes is 40c03032
05-26 19:35:01.512 13510  7985 D AbsBYDAutoDevice: int eventTypes is 28400020
05-26 19:35:01.513 13510  7985 D AbsBYDAutoDevice: int eventTypes is 40c03032
05-26 19:35:01.516 13510  7772 D AbsBYDAutoDevice: int eventTypes is 28400020
05-26 19:35:01.517  5591  5591 D BYDAutoYunDevice: postEvent device_type: 1034, event_type =99000021, value = [0, 0, 1, 45, 0, 0, 89, -19, 26, 122, -96, 40, 0, 34, 12, 49, 63, -103]
05-26 19:35:01.517  5591  5591 D BYDAutoYunDevice: postEvent device_type: 1034, event_type =99000021, value = [0, 0, 0, -116, 0, 1, 89, -19, 26, 126, 0, 16, 0, 0, -80, 2, 61, 16]
05-26 19:35:01.518  5591  5591 D BYDAutoYunDevice: postEvent device_type: 1034, event_type =99000021, value = [0, 0, 3, 68, 0, 2, 89, -19, 26, 127, -122, 65, 31, 0, 0, -128, 8, -111]
05-26 19:35:01.522 13510  8572 D AbsBYDAutoDevice: int eventTypes is 28400020
05-26 19:35:01.523 13510  7772 D AbsBYDAutoDevice: int eventTypes is 40c03032
05-26 19:35:01.527  5591  5591 D BYDAutoYunDevice: postEvent device_type: 1034, event_type =99000021, value = [0, 0, 2, 111, 0, 0, 89, -19, 26, -122, -1, -1, 63, -126, 1, 19, -64, 108]
05-26 19:35:01.528 13510  8572 D AbsBYDAutoDevice: int eventTypes is 40c03032
05-26 19:35:01.534  5591  5591 D BYDAutoSensorDevice: postEvent device_type: 1043, event_type =3bd00158, value = 558
05-26 19:35:01.535 13510 15273 E MapExtraStyleHelper: [Map-Logical-0]requireResource IOException:blRes/ExtraMapAsset/style/bktile_n.data
05-26 19:35:01.536 13510 13510 E PresentationView: [main]setDefaultTheme()====theme:com.autonavi.gbl.data.model.Theme@19dc2fc, theme.id:0
05-26 19:35:01.536 13510 13510 E MapController: [main]setMapStylePath()====stylePath:/android_assets/blRes/ExtraMapAsset/style, surfaceViewID:2
05-26 19:35:01.537 13510 13510 E MapController: [main]setExtraMapStyle MapModelConstants.MAP_MODE_SUBSTATE_NORMAL
05-26 19:35:01.538 13510 14053 D AbsBYDAutoDevice: int eventTypes is 28400020
05-26 19:35:01.538 13510 13510 E MapController: [main]setExtraMapStyle（） styleParam state:0 styleParam style :style_202_s, mapStyle:true
05-26 19:35:01.539 13510 13510 E PresentationView: [main]setDefaultTheme()====theme:com.autonavi.gbl.data.model.Theme@cc0fdaf, theme.id:-9999999
05-26 19:35:01.539 13510 13510 E PresentationView: [main]setDefaultTheme()====theme:com.autonavi.gbl.data.model.Theme@b899fcc, theme.id:-9999999
05-26 19:35:01.539 13510 13510 E PresentationView: [main]setDefaultTheme()====theme:com.autonavi.gbl.data.model.Theme@feb59e2, theme.id:-9999999
05-26 19:35:01.539 13510 13510 E PresentationView: [main]setDefaultTheme()====theme:com.autonavi.gbl.data.model.Theme@2ea8e52, theme.id:-9999999
05-26 19:35:01.539 13510 13510 E PresentationView: [main]setDefaultTheme()====theme:com.autonavi.gbl.data.model.Theme@f22b962, theme.id:-9999999
05-26 19:35:01.539 13510 13510 E PresentationView: [main]setDefaultTheme()====theme:com.autonavi.gbl.data.model.Theme@2f756c9, theme.id:-9999999
05-26 19:35:01.539 13510 13510 E PresentationView: [main]setDefaultTheme()====theme:com.autonavi.gbl.data.model.Theme@19dc2fc, theme.id:-9999999
05-26 19:35:01.540 13510 13510 E PresentationView: [main]setDefaultTheme()====theme:com.autonavi.gbl.data.model.Theme@ef374a5, theme.id:-9999999
05-26 19:35:01.541  5591  5591 D BYDAutoYunDevice: postEvent device_type: 1034, event_type =99000021, value = [0, 0, 0, -116, 0, 1, 89, -19, 26, -110, 0, 32, 0, 0, -80, 2, 45, 32]
05-26 19:35:01.542  5591  5591 D BYDAutoYunDevice: postEvent device_type: 1034, event_type =99000021, value = [0, 0, 2, -108, 0, 0, 89, -19, 26, -108, 85, 0, 86, 3, 76, 34, 2, -31]
05-26 19:35:01.542  5591  5591 D BYDAutoYunDevice: postEvent device_type: 1034, event_type =99000021, value = [0, 0, 2, -108, 0, 2, 89, -19, 26, -108, 85, 0, 86, 3, 76, 34, 2, -31]
05-26 19:35:01.542 13510 14053 D AbsBYDAutoDevice: int eventTypes is 40c03032
05-26 19:35:01.543  5591  5591 D BYDAutoYunDevice: postEvent device_type: 1034, event_type =99000021, value = [0, 0, 4, 71, 0, 2, 89, -19, 26, -105, 4, 64, 1, 65, 126, 2, 64, -71]
05-26 19:35:01.543  5591  5591 D BYDAutoYunDevice: postEvent device_type: 1034, event_type =99000021, value = [0, 0, 4, 71, 0, 0, 89, -19, 26, -104, 4, 64, 1, 65, 126, 2, 64, -71]
05-26 19:35:01.543 13510  9245 D AbsBYDAutoDevice: int eventTypes is 28400020
05-26 19:35:01.544 13510  9245 D AbsBYDAutoDevice: int eventTypes is 40c03032
05-26 19:35:01.545 13510 13510 D AbsBYDAutoDevice: int eventTypes is 28400026
05-26 19:35:01.546 13510 13510 D AbsBYDAutoDevice: int eventTypes is 28400020
05-26 19:35:01.548 13510 13510 E PresentationView: [main]setDefaultTheme()====theme:com.autonavi.gbl.data.model.Theme@fd38bb4, theme.id:-9999999
05-26 19:35:01.549 13510 13510 E PresentationView: [main]setDefaultTheme()====theme:com.autonavi.gbl.data.model.Theme@1ac4b, theme.id:-9999999
05-26 19:35:01.549 13510 13510 E PresentationView: [main]setDefaultTheme()====theme:com.autonavi.gbl.data.model.Theme@ef374a5, theme.id:-9999999
05-26 19:35:01.550 13510 13510 E PresentationView: [main]setDefaultTheme()====theme:com.autonavi.gbl.data.model.Theme@fd38bb4, theme.id:-9999999
05-26 19:35:01.557 13510 13510 E PresentationView: [main]setDefaultTheme()====theme:com.autonavi.gbl.data.model.Theme@cc0fdaf, theme.id:-9999999
05-26 19:35:01.558 13510 13510 E PresentationView: [main]setDefaultTheme()====theme:com.autonavi.gbl.data.model.Theme@b899fcc, theme.id:-9999999
05-26 19:35:01.558 13510 13510 E PresentationView: [main]setDefaultTheme()====theme:com.autonavi.gbl.data.model.Theme@f22b962, theme.id:-9999999
05-26 19:35:01.558 13510 13510 E PresentationView: [main]setDefaultTheme()====theme:com.autonavi.gbl.data.model.Theme@2f756c9, theme.id:-9999999
05-26 19:35:01.558 13510 13510 E PresentationView: [main]setDefaultTheme()====theme:com.autonavi.gbl.data.model.Theme@2ea8e52, theme.id:-9999999
05-26 19:35:01.558 13510 13510 E PresentationView: [main]setDefaultTheme()====theme:com.autonavi.gbl.data.model.Theme@feb59e2, theme.id:-9999999
05-26 19:35:01.559 13510 13510 E PresentationView: [main]setDefaultTheme()====theme:com.autonavi.gbl.data.model.Theme@19dc2fc, theme.id:-9999999
05-26 19:35:01.559 13510 13510 E PresentationView: [main]setDefaultTheme()====theme:com.autonavi.gbl.data.model.Theme@1ac4b, theme.id:-9999999
05-26 19:35:01.560  5591  5591 D BYDAutoYunDevice: postEvent device_type: 1034, event_type =99000021, value = [0, 0, 4, -91, 2, 0, 89, -19, 26, -93, 2, -88, -101, 2, -24, -1, 65, 90]
05-26 19:35:01.564 13510 14756 D BYDAutoStatisticDevice: getSpeedSignalVDisValue speed is: 0
05-26 19:35:01.564  5591  5591 D BYDAutoYunDevice: postEvent device_type: 1034, event_type =99000021, value = [0, 0, 3, -51, 0, 0, 89, -19, 26, -90, 3, 0, -1, 0, 88, 2, 0, 0]
05-26 19:35:01.567  5591  5591 D BYDAutoYunDevice: postEvent device_type: 1034, event_type =99000021, value = [0, 0, 0, -116, 0, 1, 89, -19, 26, -90, 0, 48, 0, 0, -80, 2, 29, 48]
05-26 19:35:01.568 13510 14755 D AbsBYDAutoDevice: double eventTypes is 12100008
05-26 19:35:01.569 13510 14755 D BYDAutoGearboxDevice: getGearboxAutoModeType type is: 1
05-26 19:35:01.572  5591  5591 D BYDAutoYunDevice: postEvent device_type: 1034, event_type =99000021, value = [0, 0, 1, 45, 0, 0, 89, -19, 26, -84, -96, 40, 0, 34, 12, 49, 79, -119]
05-26 19:35:01.576  5591  5591 D BYDAutoYunDevice: postEvent device_type: 1034, event_type =99000021, value = [0, 0, 3, -39, 6, 0, 89, -19, 26, -73, 6, -48, -14, -33, 0, 92, -68, 0]
05-26 19:35:01.576  5591  5591 D BYDAutoYunDevice: postEvent device_type: 1034, event_type =99000021, value = [0, 0, 3, -39, 6, 2, 89, -19, 26, -73, 6, -48, -14, -33, 0, 92, -68, 0]
05-26 19:35:01.576  5591  5591 D BYDAutoYunDevice: postEvent device_type: 1034, event_type =99000021, value = [0, 0, 2, 111, 0, 0, 89, -19, 26, -71, -1, -1, 63, -126, 1, 19, -48, 92]
05-26 19:35:01.582 13510 15273 E MapExtraStyleHelper: [Map-Logical-0]requireResource IOException:blRes/ExtraMapAsset/style/bktile_n.data
05-26 19:35:01.583  5591  5591 D BYDAutoYunDevice: postEvent device_type: 1034, event_type =99000021, value = [0, 0, 0, -116, 0, 1, 89, -19, 26, -70, 0, 64, 0, 0, -80, 2, 13, 64]
05-26 19:35:01.588  5591  5591 D BYDAutoYunDevice: postEvent device_type: 1034, event_type =99000021, value = [0, 0, 2, -108, 0, 0, 89, -19, 26, -58, 85, 0, 86, 3, 76, 34, 3, -32]
05-26 19:35:01.589 13510 13510 D AbsBYDAutoDevice: int eventTypes is 40c03032
05-26 19:35:01.589 13510 13510 D AbsBYDAutoDevice: set featureID is 4c10e015 intValue is 2
05-26 19:35:01.600  5591  5591 D BYDAutoSettingDevice: postEvent device_type: 1023, event_type =4c10e015, value = 2
05-26 19:35:01.601  5591  5591 D BYDAutoYunDevice: postEvent device_type: 1034, event_type =99000021, value = [0, 0, 2, -108, 0, 2, 89, -19, 26, -56, 85, 0, 86, 3, 76, 34, 3, -32]
05-26 19:35:01.606  5591  5591 D BYDAutoYunDevice: postEvent device_type: 1034, event_type =99000021, value = [0, 0, 0, -116, 0, 1, 89, -19, 26, -50, 0, 80, 0, 0, -80, 2, -3, 80]
05-26 19:35:01.607  5591  5591 D BYDAutoYunDevice: postEvent device_type: 1034, event_type =99000021, value = [0, 0, 3, 71, 0, 0, 89, -19, 26, -46, 3, 0, 0, 57, 1, -1, -1, -60]
05-26 19:35:01.613  5591  5591 D BYDAutoYunDevice: postEvent device_type: 1034, event_type =99000021, value = [0, 0, 1, 45, 0, 0, 89, -19, 26, -34, -96, 40, 0, 34, 12, 49, 95, 121]
05-26 19:35:01.616  5591  5591 D BYDAutoYunDevice: postEvent device_type: 1034, event_type =99000021, value = [0, 0, 0, -116, 0, 1, 89, -19, 26, -30, 0, 96, 0, 0, -80, 2, -19, 96]
05-26 19:35:01.626  5591  5591 D BYDAutoYunDevice: postEvent device_type: 1034, event_type =99000021, value = [0, 0, 2, 111, 0, 0, 89, -19, 26, -20, -1, -1, 63, -126, 1, 19, -32, 76]
05-26 19:35:01.643  5591  5591 D BYDAutoYunDevice: postEvent device_type: 1034, event_type =99000021, value = [0, 0, 0, -116, 0, 1, 89, -19, 26, -10, 0, 112, 0, 0, -80, 2, -35, 112]
05-26 19:35:01.643  5591  5591 D BYDAutoYunDevice: postEvent device_type: 1034, event_type =99000021, value = [0, 0, 2, -108, 0, 0, 89, -19, 26, -6, 85, 0, 86, 3, 76, 34, 4, -33]
05-26 19:35:01.643  5591  5591 D BYDAutoYunDevice: postEvent device_type: 1034, event_type =99000021, value = [0, 0, 2, -108, 0, 2, 89, -19, 26, -6, 85, 0, 86, 3, 76, 34, 4, -33]
05-26 19:35:01.656  5591  5591 D BYDAutoYunDevice: postEvent device_type: 1034, event_type =99000021, value = [0, 0, 3, -106, 0, 0, 89, -19, 27, 9, 85, 81, -128, 0, 0, 0, 0, 1]
05-26 19:35:01.671  5591  5591 D BYDAutoYunDevice: postEvent device_type: 1034, event_type =99000021, value = [0, 0, 0, -116, 0, 1, 89, -19, 27, 10, 0, -128, 0, 0, -80, 2, -51, -128]
05-26 19:35:01.672  5591  5591 D BYDAutoStatisticDevice: postEvent device_type: 1014, event_type =44a00020, value = 5009
05-26 19:35:01.675  5591  5591 D BYDAutoYunDevice: postEvent device_type: 1034, event_type =99000021, value = [0, 0, 1, 45, 0, 0, 89, -19, 27, 16, -96, 40, 0, 34, 12, 49, 111, 105]
05-26 19:35:01.676  1101  1496 D AbsBYDAutoDevice: set featureID is 4c11e024 intValue is 2
05-26 19:35:01.677  5591  5591 D BYDAutoSensorDevice: postEvent device_type: 1043, event_type =22300008, value = 808
05-26 19:35:01.688  5591  5591 D BYDAutoYunDevice: postEvent device_type: 1034, event_type =99000021, value = [0, 0, 2, 111, 0, 0, 89, -19, 27, 30, -1, -1, 63, -126, 1, 19, -16, 60]
05-26 19:35:01.688  5591  5591 D BYDAutoYunDevice: postEvent device_type: 1034, event_type =99000021, value = [0, 0, 0, -116, 0, 1, 89, -19, 27, 30, 0, -112, 0, 0, -80, 2, -67, -112]
05-26 19:35:01.704  5591  5591 D BYDAutoYunDevice: postEvent device_type: 1034, event_type =99000021, value = [0, 0, 2, -108, 0, 0, 89, -19, 27, 45, 85, 0, 86, 3, 76, 34, 5, -34]
05-26 19:35:01.704  5591  5591 D BYDAutoYunDevice: postEvent device_type: 1034, event_type =99000021, value = [0, 0, 2, -108, 0, 2, 89, -19, 27, 45, 85, 0, 86, 3, 76, 34, 5, -34]
05-26 19:35:01.704  5591  5591 D BYDAutoYunDevice: postEvent device_type: 1034, event_type =99000021, value = [0, 0, 0, -116, 0, 1, 89, -19, 27, 50, 0, -96, 0, 0, -80, 2, -83, -96]
05-26 19:35:01.706  5591  5591 D BYDAutoYunDevice: postEvent device_type: 1034, event_type =99000021, value = [0, 0, 3, 71, 0, 0, 89, -19, 27, 55, 3, 0, 0, 57, 1, -1, -1, -60]
05-26 19:35:01.707  5591  5591 D BYDAutoYunDevice: postEvent device_type: 1034, event_type =99000021, value = [0, 0, 4, -114, 0, 0, 89, -19, 27, 60, -107, 85, 24, 57, 41, 33, -96, -38]
05-26 19:35:01.710  5591  5591 D BYDAutoYunDevice: postEvent device_type: 1034, event_type =99000021, value = [0, 0, 1, 45, 0, 0, 89, -19, 27, 66, -96, 40, 0, 34, 12, 49, 127, 89]
05-26 19:35:01.718  5591  5591 D BYDAutoYunDevice: postEvent device_type: 1034, event_type =99000021, value = [0, 0, 0, -116, 0, 1, 89, -19, 27, 70, 0, -80, 0, 0, -80, 2, -99, -80]
05-26 19:35:01.730  5591  5591 D BYDAutoYunDevice: postEvent device_type: 1034, event_type =99000021, value = [0, 0, 2, 111, 0, 0, 89, -19, 27, 82, -1, -1, 63, -126, 1, 19, 0, 44]
05-26 19:35:01.738  5591  5591 D BYDAutoYunDevice: postEvent device_type: 1034, event_type =99000021, value = [0, 0, 0, -116, 0, 1, 89, -19, 27, 90, 0, -64, 0, 0, -80, 2, -115, -64]
05-26 19:35:01.746  5591  5591 D BYDAutoYunDevice: postEvent device_type: 1034, event_type =99000021, value = [0, 0, 2, -108, 0, 0, 89, -19, 27, 99, 85, 0, 86, 3, 76, 34, 6, -35]
05-26 19:35:01.746  5591  5591 D BYDAutoYunDevice: postEvent device_type: 1034, event_type =99000021, value = [0, 0, 2, -108, 0, 2, 89, -19, 27, 99, 85, 0, 86, 3, 76, 34, 6, -35]
05-26 19:35:01.753  5591  5591 D BYDAutoChargingDevice: postEvent device_type: 1009, event_type =44400018, value = 0.8000183
05-26 19:35:01.754  5591  5591 D BYDAutoChargingDevice: postEvent device_type: 1009, event_type =c4400018, value = 5008.0
05-26 19:35:01.758  5591  5591 D BYDAutoYunDevice: postEvent device_type: 1034, event_type =99000021, value = [0, 0, 0, -116, 0, 1, 89, -19, 27, 110, 0, -48, 0, 0, -80, 2, 125, -48]
05-26 19:35:01.764  5591  5591 D BYDAutoStatisticDevice: postEvent device_type: 1014, event_type =44a00020, value = 5008
05-26 19:35:01.768  4313  4313 D BYDAutoSafetyBeltDevice: postEvent device_type: 1042, event_type =12d0003f, value = 1
05-26 19:35:01.770  5591  5591 D BYDAutoYunDevice: postEvent device_type: 1034, event_type =99000021, value = [0, 0, 1, 45, 0, 0, 89, -19, 27, 117, -96, 40, 0, 34, 12, 49, -113, 73]
05-26 19:35:01.771 29160 29160 D BYDAutoSafetyBeltDevice: postEvent device_type: 1042, event_type =12d0003f, value = 1
05-26 19:35:01.772  5591  5591 D BYDAutoSensorDevice: postEvent device_type: 1043, event_type =22300008, value = 809
05-26 19:35:01.774  5591  5591 D BYDAutoYunDevice: postEvent device_type: 1034, event_type =99000021, value = [0, 0, 0, -116, 0, 1, 89, -19, 27, -126, 0, -32, 0, 0, -80, 2, 109, -32]
05-26 19:35:01.776  5591  5591 D BYDAutoYunDevice: postEvent device_type: 1034, event_type =99000021, value = [0, 0, 2, 111, 0, 0, 89, -19, 27, -123, -1, -1, 63, -126, 1, 19, 16, 28]
05-26 19:35:01.805  5591  5591 D BYDAutoYunDevice: postEvent device_type: 1034, event_type =99000021, value = [0, 0, 2, -108, 0, 0, 89, -19, 27, -107, 85, 0, 86, 3, 76, 34, 7, -36]
05-26 19:35:01.805  5591  5591 D BYDAutoYunDevice: postEvent device_type: 1034, event_type =99000021, value = [0, 0, 2, -108, 0, 2, 89, -19, 27, -107, 85, 0, 86, 3, 76, 34, 7, -36]
05-26 19:35:01.805  5591  5591 D BYDAutoYunDevice: postEvent device_type: 1034, event_type =99000021, value = [0, 0, 0, -116, 0, 1, 89, -19, 27, -106, 0, -16, 0, 0, -80, 2, 93, -16]
05-26 19:35:01.806  5591  5591 D BYDAutoYunDevice: postEvent device_type: 1034, event_type =99000021, value = [0, 0, 3, -44, 0, 0, 89, -19, 27, -102, 0, 0, 0, -128, 14, 0, -30, 0, 0, 0, 0, 0, 0, 0, 0, 0, 0, 0, 0, 0, 0, 0, 0, 0, 0, 0, 0, 0, 0, 0, 0, 0, 0, 0, 0, 0, 0, 0, 0, 0, 0, 0, 0, 0, 0, 0, 0, -1, 0, 0, 0, 0, 0, -1, 0, 0, 0, 0, 0, 0, 0, -4, -1, -1]
05-26 19:35:01.806  5591  5591 D BYDAutoYunDevice: postEvent device_type: 1034, event_type =99000021, value = [0, 0, 3, 71, 0, 0, 89, -19, 27, -100, 3, 0, 0, 57, 1, -1, -1, -60]
05-26 19:35:01.812  5591  5591 D BYDAutoYunDevice: postEvent device_type: 1034, event_type =99000021, value = [0, 0, 4, 28, 0, 0, 89, -19, 27, -90, 9, 69, 1, 81, 53, 0, 0, 0]
05-26 19:35:01.815  5591  5591 D BYDAutoYunDevice: postEvent device_type: 1034, event_type =99000021, value = [0, 0, 1, 45, 0, 0, 89, -19, 27, -88, -96, 40, 0, 34, 12, 49, -97, 57]
05-26 19:35:01.819  5591  5591 D BYDAutoYunDevice: postEvent device_type: 1034, event_type =99000021, value = [0, 0, 0, -116, 0, 1, 89, -19, 27, -86, 0, 0, 0, 0, -80, 2, 77, 0]
05-26 19:35:01.827  5591  5591 D BYDAutoYunDevice: postEvent device_type: 1034, event_type =99000021, value = [0, 0, 4, -10, 0, 0, 89, -19, 27, -84, -1, 5, -96, 0, -1, 73, -5, -1]
05-26 19:35:01.828  5591  5591 D BYDAutoYunDevice: postEvent device_type: 1034, event_type =99000021, value = [0, 0, 2, 111, 0, 0, 89, -19, 27, -73, -1, -1, 63, -126, 1, 19, 32, 12]
05-26 19:35:01.832  5591  5591 D BYDAutoSensorDevice: postEvent device_type: 1043, event_type =3bd00158, value = 552
05-26 19:35:01.836  5591  5591 D BYDAutoYunDevice: postEvent device_type: 1034, event_type =99000021, value = [0, 0, 0, -116, 0, 1, 89, -19, 27, -66, 0, 16, 0, 0, -80, 2, 61, 16]
05-26 19:35:01.847  5591  5591 D BYDAutoYunDevice: postEvent device_type: 1034, event_type =99000021, value = [0, 0, 2, -108, 0, 0, 89, -19, 27, -56, 85, 0, 86, 3, 76, 34, 8, -37]
05-26 19:35:01.847  5591  5591 D BYDAutoYunDevice: postEvent device_type: 1034, event_type =99000021, value = [0, 0, 2, -108, 0, 2, 89, -19, 27, -56, 85, 0, 86, 3, 76, 34, 8, -37]
05-26 19:35:01.859  5591  5591 D BYDAutoYunDevice: postEvent device_type: 1034, event_type =99000021, value = [0, 0, 0, -116, 0, 1, 89, -19, 27, -46, 0, 32, 0, 0, -80, 2, 45, 32]
05-26 19:35:01.864  5591  5591 D BYDAutoStatisticDevice: postEvent device_type: 1014, event_type =44a00020, value = 5009
05-26 19:35:01.867  5591  5591 D BYDAutoYunDevice: postEvent device_type: 1034, event_type =99000021, value = [0, 0, 1, 45, 0, 0, 89, -19, 27, -36, -96, 40, 0, 34, 12, 49, -81, 41]
05-26 19:35:01.876  5591  5591 D BYDAutoSensorDevice: postEvent device_type: 1043, event_type =22300008, value = 808
05-26 19:35:01.881  5591  5591 D BYDAutoYunDevice: postEvent device_type: 1034, event_type =99000021, value = [0, 0, 4, 6, 1, 0, 89, -19, 27, -27, 1, -87, -108, 4, 0, 74, 89, 0]
05-26 19:35:01.881  5591  5591 D BYDAutoYunDevice: postEvent device_type: 1034, event_type =99000021, value = [0, 0, 0, -116, 0, 1, 89, -19, 27, -26, 0, 48, 0, 0, -80, 2, 29, 48]
05-26 19:35:01.883  5591  5591 D BYDAutoYunDevice: postEvent device_type: 1034, event_type =99000021, value = [0, 0, 2, 111, 0, 0, 89, -19, 27, -23, -1, -1, 63, -126, 1, 19, 48, -4]
05-26 19:35:01.892  5591  5591 D BYDAutoYunDevice: postEvent device_type: 1034, event_type =99000021, value = [0, 0, 2, 64, 0, 2, 89, -19, 27, -11, 0, 66, 26, 52, 63, 9, -24, 63]
05-26 19:35:01.896  5591  5591 D BYDAutoYunDevice: postEvent device_type: 1034, event_type =99000021, value = [0, 0, 4, -91, 1, 0, 89, -19, 27, -8, 1, -1, -1, 15, 64, -92, -12, -31]
05-26 19:35:01.897  5591  5591 D BYDAutoYunDevice: postEvent device_type: 1034, event_type =99000021, value = [0, 0, 2, -108, 0, 0, 89, -19, 27, -6, 85, 0, 86, 3, 76, 34, 9, -38]
05-26 19:35:01.901  5591  5591 D BYDAutoYunDevice: postEvent device_type: 1034, event_type =99000021, value = [0, 0, 2, -108, 0, 2, 89, -19, 27, -6, 85, 0, 86, 3, 76, 34, 9, -38]
05-26 19:35:01.903  5591  5591 D BYDAutoYunDevice: postEvent device_type: 1034, event_type =99000021, value = [0, 0, 0, -116, 0, 1, 89, -19, 27, -6, 0, 64, 0, 0, -80, 2, 13, 64]
05-26 19:35:01.906  5591  5591 D BYDAutoYunDevice: postEvent device_type: 1034, event_type =99000021, value = [0, 0, 3, 65, 0, 2, 89, -19, 28, 1, -48, -35, 0, -117, -1, -1, 2, -57]
05-26 19:35:01.906  5591  5591 D BYDAutoYunDevice: postEvent device_type: 1034, event_type =99000021, value = [0, 0, 3, 71, 0, 0, 89, -19, 28, 1, 3, 0, 0, 57, 1, -1, -1, -60]
05-26 19:35:01.918  5591  5591 D BYDAutoYunDevice: postEvent device_type: 1034, event_type =99000021, value = [0, 0, 1, 45, 0, 0, 89, -19, 28, 14, -96, 40, 0, 34, 12, 49, -65, 25]
05-26 19:35:01.919  5591  5591 D BYDAutoYunDevice: postEvent device_type: 1034, event_type =99000021, value = [0, 0, 0, -116, 0, 1, 89, -19, 28, 14, 0, 80, 0, 0, -80, 2, -3, 80]
05-26 19:35:01.932  5591  5591 D BYDAutoYunDevice: postEvent device_type: 1034, event_type =99000021, value = [0, 0, 2, 111, 0, 0, 89, -19, 28, 27, -1, -1, 63, -126, 1, 19, 64, -20]
05-26 19:35:01.939  5591  5591 D BYDAutoYunDevice: postEvent device_type: 1034, event_type =99000021, value = [0, 0, 4, 52, 0, 0, 89, -19, 28, 33, 0, 0, 8, 0, -120, 68, -94, -119]
05-26 19:35:01.939  5591  5591 D BYDAutoYunDevice: postEvent device_type: 1034, event_type =99000021, value = [0, 0, 3, 97, 0, 2, 89, -19, 28, 33, -47, -1, 10, 0, 0, 0, 0, 37]
05-26 19:35:01.939  5591  5591 D BYDAutoYunDevice: postEvent device_type: 1034, event_type =99000021, value = [0, 0, 4, -71, 0, 0, 89, -19, 28, 33, 101, 15, 0, 9, -128, -16, -1, 15]
05-26 19:35:01.939  5591  5591 D BYDAutoYunDevice: postEvent device_type: 1034, event_type =99000021, value = [0, 0, 0, -116, 0, 1, 89, -19, 28, 34, 0, 96, 0, 0, -80, 2, -19, 96]
05-26 19:35:01.939  5591  5591 D BYDAutoYunDevice: postEvent device_type: 1034, event_type =99000021, value = [0, 0, 4, 73, 0, 2, 89, -19, 28, 35, 5, -74, -50, 100, 93, -36, 2, 3]
05-26 19:35:01.943  5591  5591 D BYDAutoStatisticDevice: postEvent device_type: 1014, event_type =34500018, value = 2463
05-26 19:35:01.950  5591  5591 D BYDAutoYunDevice: postEvent device_type: 1034, event_type =99000021, value = [0, 0, 2, -108, 0, 0, 89, -19, 28, 44, 85, 0, 86, 3, 76, 34, 10, -39]
05-26 19:35:01.950  5591  5591 D BYDAutoYunDevice: postEvent device_type: 1034, event_type =99000021, value = [0, 0, 2, -108, 0, 2, 89, -19, 28, 44, 85, 0, 86, 3, 76, 34, 10, -39]
05-26 19:35:01.955  5591  5591 D BYDAutoYunDevice: postEvent device_type: 1034, event_type =99000021, value = [0, 0, 0, -116, 0, 1, 89, -19, 28, 54, 0, 112, 0, 0, -80, 2, -35, 112]
05-26 19:35:01.963  5591  5591 D BYDAutoStatisticDevice: postEvent device_type: 1014, event_type =44a00020, value = 5008
05-26 19:35:01.966  5591  5591 D BYDAutoYunDevice: postEvent device_type: 1034, event_type =99000021, value = [0, 0, 4, -122, 0, 0, 89, -19, 28, 62, 8, 72, 0, 0, 0, 0, 0, 1]
05-26 19:35:01.975  5591  5591 D BYDAutoYunDevice: postEvent device_type: 1034, event_type =99000021, value = [0, 0, 1, 45, 0, 0, 89, -19, 28, 67, -96, 40, 0, 34, 12, 49, -49, 9]
05-26 19:35:01.975  5591  5591 D BYDAutoSensorDevice: postEvent device_type: 1043, event_type =22300008, value = 809
05-26 19:35:01.981  5591  5591 D BYDAutoYunDevice: postEvent device_type: 1034, event_type =99000021, value = [0, 0, 0, -116, 0, 1, 89, -19, 28, 74, 0, -128, 0, 0, -80, 2, -51, -128]
05-26 19:35:01.983  5591  5591 D BYDAutoYunDevice: postEvent device_type: 1034, event_type =99000021, value = [0, 0, 2, 111, 0, 0, 89, -19, 28, 77, -1, -1, 63, -126, 1, 19, 80, -36]
05-26 19:35:01.984  5591  5591 D BYDAutoYunDevice: postEvent device_type: 1034, event_type =99000021, value = [0, 0, 4, 108, 0, 2, 89, -19, 28, 82, 16, 39, 16, 39, -1, -1, -1, -1]
05-26 19:35:02.004  5591  5591 D BYDAutoYunDevice: postEvent device_type: 1034, event_type =99000021, value = [0, 0, 2, -108, 0, 0, 89, -19, 28, 94, 85, 0, 86, 3, 76, 34, 11, -40]
05-26 19:35:02.005  5591  5591 D BYDAutoYunDevice: postEvent device_type: 1034, event_type =99000021, value = [0, 0, 0, -116, 0, 1, 89, -19, 28, 94, 0, -112, 0, 0, -80, 2, -67, -112]
05-26 19:35:02.005  5591  5591 D BYDAutoYunDevice: postEvent device_type: 1034, event_type =99000021, value = [0, 0, 2, -108, 0, 2, 89, -19, 28, 94, 85, 0, 86, 3, 76, 34, 11, -40]
05-26 19:35:02.005  5591  5591 D BYDAutoYunDevice: postEvent device_type: 1034, event_type =99000021, value = [0, 0, 3, 71, 0, 0, 89, -19, 28, 101, 3, 0, 0, 57, 1, -1, -1, -60]
05-26 19:35:02.009  5591  5591 D BYDAutoYunDevice: postEvent device_type: 1034, event_type =99000021, value = [0, 0, 1, -47, 0, 1, 89, -19, 28, 105, 0, -8, 15, -64, -1, -113, -94, 8]
05-26 19:35:02.020  5591  5591 D BYDAutoYunDevice: postEvent device_type: 1034, event_type =99000021, value = [0, 0, 0, -116, 0, 1, 89, -19, 28, 114, 0, -96, 0, 0, -80, 2, -83, -96]
05-26 19:35:02.027  5591  5591 D BYDAutoYunDevice: postEvent device_type: 1034, event_type =99000021, value = [0, 0, 1, 45, 0, 0, 89, -19, 28, 117, -96, 40, 0, 34, 12, 49, -33, -7]
05-26 19:35:02.029  5591  5591 D BYDAutoYunDevice: postEvent device_type: 1034, event_type =99000021, value = [0, 0, 2, 111, 0, 0, 89, -19, 28, 127, -1, -1, 63, -126, 1, 19, 96, -52]
05-26 19:35:02.037  5591  5591 D BYDAutoSensorDevice: postEvent device_type: 1043, event_type =3bd00158, value = 558
05-26 19:35:02.037  5591  5591 D BYDAutoYunDevice: postEvent device_type: 1034, event_type =99000021, value = [0, 0, 0, -116, 0, 1, 89, -19, 28, -122, 0, -80, 0, 0, -80, 2, -99, -80]
05-26 19:35:02.046  5591  5591 D BYDAutoYunDevice: postEvent device_type: 1034, event_type =99000021, value = [0, 0, 4, -91, 4, 0, 89, -19, 28, -115, 4, -1, -1, -1, -1, -1, -2, -17]
05-26 19:35:02.048  5591  5591 D BYDAutoYunDevice: postEvent device_type: 1034, event_type =99000021, value = [0, 0, 2, -108, 0, 0, 89, -19, 28, -110, 85, 0, 86, 3, 76, 34, 12, -41]
05-26 19:35:02.050  5591  5591 D BYDAutoYunDevice: postEvent device_type: 1034, event_type =99000021, value = [0, 0, 2, -108, 0, 2, 89, -19, 28, -109, 85, 0, 86, 3, 76, 34, 12, -41]
05-26 19:35:02.057  5591  5591 D BYDAutoYunDevice: postEvent device_type: 1034, event_type =99000021, value = [0, 0, 0, -116, 0, 1, 89, -19, 28, -102, 0, -64, 0, 0, -80, 2, -115, -64]
05-26 19:35:02.074  5591  5591 D BYDAutoYunDevice: postEvent device_type: 1034, event_type =99000021, value = [0, 0, 1, 45, 0, 0, 89, -19, 28, -88, -96, 40, 0, 34, 12, 49, -17, -23]
05-26 19:35:02.080  5591  5591 D BYDAutoYunDevice: postEvent device_type: 1034, event_type =99000021, value = [0, 0, 0, -116, 0, 1, 89, -19, 28, -82, 0, -48, 0, 0, -80, 2, 125, -48]
05-26 19:35:02.080  5591  5591 D BYDAutoYunDevice: postEvent device_type: 1034, event_type =99000021, value = [0, 0, 4, -6, 0, 0, 89, -19, 28, -80, 9, -128, -86, 0, 0, -127, -127, 34]
05-26 19:35:02.080  5591  5591 D BYDAutoYunDevice: postEvent device_type: 1034, event_type =99000021, value = [0, 0, 2, 111, 0, 0, 89, -19, 28, -79, -1, -1, 63, -126, 1, 19, 112, -68]
05-26 19:35:02.103  5591  5591 D BYDAutoYunDevice: postEvent device_type: 1034, event_type =99000021, value = [0, 0, 0, -116, 0, 1, 89, -19, 28, -62, 0, -32, 0, 0, -80, 2, 109, -32]
05-26 19:35:02.103  5591  5591 D BYDAutoYunDevice: postEvent device_type: 1034, event_type =99000021, value = [0, 0, 2, -108, 0, 0, 89, -19, 28, -60, 85, 0, 86, 3, 76, 34, 13, -42]
05-26 19:35:02.103  5591  5591 D BYDAutoYunDevice: postEvent device_type: 1034, event_type =99000021, value = [0, 0, 2, -108, 0, 2, 89, -19, 28, -60, 85, 0, 86, 3, 76, 34, 13, -42]
05-26 19:35:02.105  5591  5591 D BYDAutoYunDevice: postEvent device_type: 1034, event_type =99000021, value = [0, 0, 3, 71, 0, 0, 89, -19, 28, -54, 3, 0, 0, 57, 1, -1, -1, -60]
05-26 19:35:02.116  5591  5591 D BYDAutoYunDevice: postEvent device_type: 1034, event_type =99000021, value = [0, 0, 4, -91, 5, 0, 89, -19, 28, -43, 5, -1, 127, -115, -124, -111, 118, 82]
05-26 19:35:02.116  5591  5591 D BYDAutoYunDevice: postEvent device_type: 1034, event_type =99000021, value = [0, 0, 0, -116, 0, 1, 89, -19, 28, -42, 0, -16, 0, 0, -80, 2, 93, -16]
05-26 19:35:02.117  5591  5591 D BYDAutoYunDevice: postEvent device_type: 1034, event_type =99000021, value = [0, 0, 3, -39, 3, 0, 89, -19, 28, -41, 3, 0, 2, 4, -32, -1, -1, -1]
05-26 19:35:02.118  5591  5591 D BYDAutoYunDevice: postEvent device_type: 1034, event_type =99000021, value = [0, 0, 3, -39, 3, 2, 89, -19, 28, -41, 3, 0, 2, 4, -32, -1, -1, -1]
05-26 19:35:02.120  5591  5591 D BYDAutoYunDevice: postEvent device_type: 1034, event_type =99000021, value = [0, 0, 1, 45, 0, 0, 89, -19, 28, -38, -96, 40, 0, 34, 12, 49, -1, -39]
05-26 19:35:02.132  5591  5591 D BYDAutoSensorDevice: postEvent device_type: 1043, event_type =40200008, value = -44
05-26 19:35:02.132  5591  5591 D BYDAutoSettingDevice: postEvent device_type: 1023, event_type =48600040, value = 0
05-26 19:35:02.132  5591  5591 D BYDAutoSettingDevice: postEvent device_type: 1023, event_type =40200037, value = 0
05-26 19:35:02.135  5591  5591 D BYDAutoYunDevice: postEvent device_type: 1034, event_type =99000021, value = [0, 0, 2, 111, 0, 0, 89, -19, 28, -27, -1, -1, 63, -126, 1, 19, -128, -84]
05-26 19:35:02.136  5591  5591 D BYDAutoSettingDevice: postEvent device_type: 1023, event_type =42f00037, value = 0
05-26 19:35:02.138  5591  5591 D BYDAutoYunDevice: postEvent device_type: 1034, event_type =99000021, value = [0, 0, 0, -116, 0, 1, 89, -19, 28, -22, 0, 0, 0, 0, -80, 2, 77, 0]
05-26 19:35:02.151  5591  5591 D BYDAutoYunDevice: postEvent device_type: 1034, event_type =99000021, value = [0, 0, 2, -108, 0, 0, 89, -19, 28, -10, 85, 0, 86, 3, 76, 34, 14, -43]
05-26 19:35:02.163  5591  5591 D BYDAutoYunDevice: postEvent device_type: 1034, event_type =99000021, value = [0, 0, 2, -108, 0, 2, 89, -19, 28, -9, 85, 0, 86, 3, 76, 34, 14, -43]
05-26 19:35:02.166  5591  5591 D BYDAutoYunDevice: postEvent device_type: 1034, event_type =99000021, value = [0, 0, 0, -116, 0, 1, 89, -19, 28, -2, 0, 16, 0, 0, -80, 2, 61, 16]
05-26 19:35:02.169  5591  5591 D BYDAutoStatisticDevice: postEvent device_type: 1014, event_type =44a00020, value = 5009
05-26 19:35:02.170  5591  5591 D BYDAutoYunDevice: postEvent device_type: 1034, event_type =99000021, value = [0, 0, 3, 35, 0, 0, 89, -19, 29, 8, 64, -1, -2, 15, -1, -1, 99, 82]
05-26 19:35:02.171  4313  4313 D BYDAutoSafetyBeltDevice: postEvent device_type: 1042, event_type =12d0003f, value = 0
05-26 19:35:02.172 29160 29160 D BYDAutoSafetyBeltDevice: postEvent device_type: 1042, event_type =12d0003f, value = 0
05-26 19:35:02.174  5591  5591 D BYDAutoYunDevice: postEvent device_type: 1034, event_type =99000021, value = [0, 0, 1, 45, 0, 0, 89, -19, 29, 13, -96, 40, 0, 34, 12, 49, 15, -55]
05-26 19:35:02.177  5591  5591 D BYDAutoYunDevice: postEvent device_type: 1034, event_type =99000021, value = [0, 0, 0, -116, 0, 1, 89, -19, 29, 18, 0, 32, 0, 0, -80, 2, 45, 32]
05-26 19:35:02.178  5591  5591 D BYDAutoYunDevice: postEvent device_type: 1034, event_type =99000021, value = [0, 0, 1, 68, 0, 0, 89, -19, 29, 22, 0, -3, -1, -24, -45, -126, -96, 38]
05-26 19:35:02.181  5591  5591 D BYDAutoYunDevice: postEvent device_type: 1034, event_type =99000021, value = [0, 0, 2, 111, 0, 0, 89, -19, 29, 23, -1, -1, 63, -126, 1, 19, -112, -100]
05-26 19:35:02.205  5591  5591 D BYDAutoYunDevice: postEvent device_type: 1034, event_type =99000021, value = [0, 0, 4, 4, 0, 0, 89, -19, 29, 37, 33, 86, 1, 92, 22, 22, -107, -3]
05-26 19:35:02.205  5591  5591 D BYDAutoYunDevice: postEvent device_type: 1034, event_type =99000021, value = [0, 0, 0, -116, 0, 1, 89, -19, 29, 38, 0, 48, 0, 0, -80, 2, 29, 48]
05-26 19:35:02.205  5591  5591 D BYDAutoYunDevice: postEvent device_type: 1034, event_type =99000021, value = [0, 0, 2, -108, 0, 0, 89, -19, 29, 40, 85, 0, 86, 3, 76, 34, 15, -44]
05-26 19:35:02.205  5591  5591 D BYDAutoYunDevice: postEvent device_type: 1034, event_type =99000021, value = [0, 0, 2, -108, 0, 2, 89, -19, 29, 40, 85, 0, 86, 3, 76, 34, 15, -44]
05-26 19:35:02.207  5591  5591 D BYDAutoYunDevice: postEvent device_type: 1034, event_type =99000021, value = [0, 0, 3, 71, 0, 0, 89, -19, 29, 46, 3, 0, 0, 57, 1, -1, -1, -60]
05-26 19:35:02.208  5591  5591 D BYDAutoSensorDevice: postEvent device_type: 1043, event_type =40200008, value = -43
05-26 19:35:02.210  5591  5591 D BYDAutoSettingDevice: postEvent device_type: 1023, event_type =48600040, value = 1
05-26 19:35:02.210  5591  5591 D BYDAutoSettingDevice: postEvent device_type: 1023, event_type =40200037, value = 1
05-26 19:35:02.219  5591  5591 D BYDAutoYunDevice: postEvent device_type: 1034, event_type =99000021, value = [0, 0, 0, -116, 0, 1, 89, -19, 29, 58, 0, 64, 0, 0, -80, 2, 13, 64]
05-26 19:35:02.227  5591  5591 D BYDAutoYunDevice: postEvent device_type: 1034, event_type =99000021, value = [0, 0, 1, 45, 0, 0, 89, -19, 29, 63, -96, 40, 0, 34, 12, 49, 31, -71]
05-26 19:35:02.230  5591  5591 D BYDAutoYunDevice: postEvent device_type: 1034, event_type =99000021, value = [0, 0, 2, -64, 0, 0, 89, -19, 29, 69, 0, 16, 10, 0, 0, 0, -65, 38]
05-26 19:35:02.230  5591  5591 D BYDAutoYunDevice: postEvent device_type: 1034, event_type =99000021, value = [0, 0, 3, -39, 5, 0, 89, -19, 29, 72, 5, -88, -101, 2, -8, 79, 74, 30]
05-26 19:35:02.232  5591  5591 D BYDAutoYunDevice: postEvent device_type: 1034, event_type =99000021, value = [0, 0, 3, -39, 5, 2, 89, -19, 29, 73, 5, -88, -101, 2, -8, 79, 74, 30]
05-26 19:35:02.235  5591  5591 D BYDAutoYunDevice: postEvent device_type: 1034, event_type =99000021, value = [0, 0, 2, 111, 0, 0, 89, -19, 29, 75, -1, -1, 63, -126, 1, 19, -96, -116]
05-26 19:35:02.240  5591  5591 D BYDAutoYunDevice: postEvent device_type: 1034, event_type =99000021, value = [0, 0, 0, -116, 0, 1, 89, -19, 29, 78, 0, 80, 0, 0, -80, 2, -3, 80]
05-26 19:35:02.240  5591  5591 D BYDAutoYunDevice: postEvent device_type: 1034, event_type =99000021, value = [0, 0, 3, 54, 0, 0, 89, -19, 29, 82, 4, 3, 0, -1, 63, 0, 24, 1]
05-26 19:35:02.243  5591  5591 D BYDAutoStatisticDevice: postEvent device_type: 1014, event_type =34500018, value = 2459
05-26 19:35:02.249  5591  5591 D BYDAutoYunDevice: postEvent device_type: 1034, event_type =99000021, value = [0, 0, 2, -108, 0, 0, 89, -19, 29, 90, 85, 0, 86, 3, 76, 34, 0, -29]
05-26 19:35:02.250  5591  5591 D BYDAutoYunDevice: postEvent device_type: 1034, event_type =99000021, value = [0, 0, 2, -108, 0, 2, 89, -19, 29, 92, 85, 0, 86, 3, 76, 34, 0, -29]
05-26 19:35:02.257  5591  5591 D BYDAutoYunDevice: postEvent device_type: 1034, event_type =99000021, value = [0, 0, 0, -116, 0, 1, 89, -19, 29, 98, 0, 96, 0, 0, -80, 2, -19, 96]
05-26 19:35:02.262  5591  5591 D BYDAutoYunDevice: postEvent device_type: 1034, event_type =99000021, value = [0, 0, 4, -91, 7, 0, 89, -19, 29, 100, 7, -1, -37, -113, 0, -4, -1, -1]
05-26 19:35:02.268  5591  5591 D BYDAutoStatisticDevice: postEvent device_type: 1014, event_type =44a00020, value = 5008
05-26 19:35:02.278  5591  5591 D BYDAutoYunDevice: postEvent device_type: 1034, event_type =99000021, value = [0, 0, 1, 45, 0, 0, 89, -19, 29, 114, -96, 40, 0, 34, 12, 49, 47, -87]
05-26 19:35:02.290  5591  5591 D BYDAutoYunDevice: postEvent device_type: 1034, event_type =99000021, value = [0, 0, 0, -116, 0, 1, 89, -19, 29, 118, 0, 112, 0, 0, -80, 2, -35, 112]
05-26 19:35:02.290  5591  5591 D BYDAutoYunDevice: postEvent device_type: 1034, event_type =99000021, value = [0, 0, 2, 111, 0, 0, 89, -19, 29, 126, -1, -1, 63, -126, 1, 19, -80, 124]
05-26 19:35:02.297  5591  5591 D BYDAutoYunDevice: postEvent device_type: 1034, event_type =99000021, value = [0, 0, 0, -116, 0, 1, 89, -19, 29, -118, 0, -128, 0, 0, -80, 2, -51, -128]
05-26 19:35:02.301  5591  5591 D BYDAutoYunDevice: postEvent device_type: 1034, event_type =99000021, value = [0, 0, 4, 7, 0, 0, 89, -19, 29, -116, 85, -106, 24, 16, -11, -107, 34, -126]
05-26 19:35:02.301  5591  5591 D BYDAutoYunDevice: postEvent device_type: 1034, event_type =99000021, value = [0, 0, 2, -108, 0, 0, 89, -19, 29, -115, 85, 0, 86, 3, 76, 34, 1, -30]
05-26 19:35:02.301  5591  5591 D BYDAutoYunDevice: postEvent device_type: 1034, event_type =99000021, value = [0, 0, 2, -108, 0, 2, 89, -19, 29, -115, 85, 0, 86, 3, 76, 34, 1, -30]
05-26 19:35:02.306  5591  5591 D BYDAutoYunDevice: postEvent device_type: 1034, event_type =99000021, value = [0, 0, 3, 71, 0, 0, 89, -19, 29, -109, 3, 0, 0, 57, 1, -1, -1, -60]
05-26 19:35:02.317  5591  5591 D BYDAutoYunDevice: postEvent device_type: 1034, event_type =99000021, value = [0, 0, 0, -116, 0, 1, 89, -19, 29, -98, 0, -112, 0, 0, -80, 2, -67, -112]
05-26 19:35:02.318  5591  5591 D BYDAutoStatisticDevice: postEvent device_type: 1014, event_type =44500830, value = 20005
05-26 19:35:02.318  5591  5591 D BYDAutoYunDevice: postEvent device_type: 1034, event_type =99000021, value = [0, 0, 4, 69, 0, 2, 89, -19, 29, -98, 23, -92, -1, -1, 0, 37, 78, -45]
05-26 19:35:02.320  5591  5591 D BYDAutoYunDevice: postEvent device_type: 1034, event_type =99000021, value = [0, 0, 4, -21, 6, 0, 89, -19, 29, -92, 6, -102, 0, 64, 63, 0, 0, 2]
05-26 19:35:02.326  5591  5591 D BYDAutoYunDevice: postEvent device_type: 1034, event_type =99000021, value = [0, 0, 1, 45, 0, 0, 89, -19, 29, -91, -96, 40, 0, 34, 12, 49, 63, -103]
05-26 19:35:02.338  5591  5591 D BYDAutoYunDevice: postEvent device_type: 1034, event_type =99000021, value = [0, 0, 4, -91, 8, 0, 89, -19, 29, -83, 8, -1, -1, -65, 1, 0, 28, 0]
05-26 19:35:02.339  5591  5591 D BYDAutoYunDevice: postEvent device_type: 1034, event_type =99000021, value = [0, 0, 2, 111, 0, 0, 89, -19, 29, -80, -1, -1, 63, -126, 1, 19, -64, 108]
05-26 19:35:02.341  5591  5591 D BYDAutoYunDevice: postEvent device_type: 1034, event_type =99000021, value = [0, 0, 0, -116, 0, 1, 89, -19, 29, -78, 0, -96, 0, 0, -80, 2, -83, -96]
05-26 19:35:02.341  5591  5591 D BYDAutoYunDevice: postEvent device_type: 1034, event_type =99000021, value = [0, 0, 3, -51, 0, 0, 89, -19, 29, -77, 0, 0, 1, 1, 88, 2, 0, 0]
05-26 19:35:02.343  5591  5591 D BYDAutoYunDevice: postEvent device_type: 1034, event_type =99000021, value = [0, 0, 3, 30, 0, 0, 89, -19, 29, -74, 19, 8, 0, 0, -96, 0, 0, 68]
05-26 19:35:02.348  5591  5591 D BYDAutoYunDevice: postEvent device_type: 1034, event_type =99000021, value = [0, 0, 3, -39, 7, 0, 89, -19, 29, -69, 7, -1, -1, -1, -49, 1, -1, -1]
05-26 19:35:02.348  5591  5591 D BYDAutoYunDevice: postEvent device_type: 1034, event_type =99000021, value = [0, 0, 1, 33, 0, 1, 89, -19, 29, -69, 0, 0, 0, -112, -27, 5, -106, -17]
05-26 19:35:02.348  5591  5591 D BYDAutoYunDevice: postEvent device_type: 1034, event_type =99000021, value = [0, 0, 3, -39, 7, 2, 89, -19, 29, -69, 7, -1, -1, -1, -49, 1, -1, -1]
05-26 19:35:02.351  5591  5591 D BYDAutoYunDevice: postEvent device_type: 1034, event_type =99000021, value = [0, 0, 2, -108, 0, 0, 89, -19, 29, -65, 85, 0, 86, 3, 76, 34, 2, -31]
05-26 19:35:02.351  5591  5591 D BYDAutoYunDevice: postEvent device_type: 1034, event_type =99000021, value = [0, 0, 2, -108, 0, 2, 89, -19, 29, -65, 85, 0, 86, 3, 76, 34, 2, -31]
05-26 19:35:02.359  5591  5591 D BYDAutoYunDevice: postEvent device_type: 1034, event_type =99000021, value = [0, 0, 0, -116, 0, 1, 89, -19, 29, -58, 0, -80, 0, 0, -80, 2, -99, -80]
05-26 19:35:02.365  5591  5591 D BYDAutoStatisticDevice: postEvent device_type: 1014, event_type =44a00020, value = 5010
05-26 19:35:02.380  5591  5591 D BYDAutoYunDevice: postEvent device_type: 1034, event_type =99000021, value = [0, 0, 1, 45, 0, 0, 89, -19, 29, -38, -96, 40, 0, 34, 12, 49, 79, -119]
05-26 19:35:02.380  5591  5591 D BYDAutoYunDevice: postEvent device_type: 1034, event_type =99000021, value = [0, 0, 0, -116, 0, 1, 89, -19, 29, -38, 0, -64, 0, 0, -80, 2, -115, -64]
05-26 19:35:02.386  5591  5591 D BYDAutoYunDevice: postEvent device_type: 1034, event_type =99000021, value = [0, 0, 2, 111, 0, 0, 89, -19, 29, -29, -1, -1, 63, -126, 1, 19, -48, 92]
05-26 19:35:02.393  5591  5591 D BYDAutoYunDevice: postEvent device_type: 1034, event_type =99000021, value = [0, 0, 4, 51, 0, 0, 89, -19, 29, -25, 85, -123, -107, -42, 89, 3, -128, 0]
05-26 19:35:02.399  5591  5591 D BYDAutoYunDevice: postEvent device_type: 1034, event_type =99000021, value = [0, 0, 0, -116, 0, 1, 89, -19, 29, -18, 0, -48, 0, 0, -80, 2, 125, -48]
05-26 19:35:02.401  5591  5591 D BYDAutoYunDevice: postEvent device_type: 1034, event_type =99000021, value = [0, 0, 2, -108, 0, 0, 89, -19, 29, -15, 85, 0, 86, 3, 76, 34, 3, -32]
