05-26 19:34:59.300  5591  5591 D BYDAutoYunDevice: postEvent device_type: 1034, event_type =99000021, value = [0, 0, 4, 7, 0, 0, 89, -19, 17, -48, 85, -106, 24, 16, -11, -107, 34, -126]
05-26 19:34:59.300  5591  5591 D BYDAutoYunDevice: postEvent device_type: 1034, event_type =99000021, value = [0, 0, 0, -116, 0, 1, 89, -19, 17, -46, 0, 32, 0, 0, -80, 2, 45, 32]
05-26 19:34:59.300  5591  5591 D BYDAutoYunDevice: postEvent device_type: 1034, event_type =99000021, value = [0, 0, 3, 30, 0, 0, 89, -19, 17, -44, 19, 8, 0, 0, -96, 0, 0, 68]
05-26 19:34:59.313  5591  5591 D BYDAutoYunDevice: postEvent device_type: 1034, event_type =99000021, value = [0, 0, 2, -108, 0, 0, 89, -19, 17, -31, 85, 0, 86, 3, 76, 34, 6, -35]
05-26 19:34:59.313  5591  5591 D BYDAutoYunDevice: postEvent device_type: 1034, event_type =99000021, value = [0, 0, 2, -108, 0, 2, 89, -19, 17, -31, 85, 0, 86, 3, 76, 34, 6, -35]
05-26 19:34:59.315  5591  5591 D BYDAutoYunDevice: postEvent device_type: 1034, event_type =99000021, value = [0, 0, 4, -21, 6, 0, 89, -19, 17, -26, 6, -102, 0, 64, 63, 0, 0, 2]
05-26 19:34:59.315  5591  5591 D BYDAutoYunDevice: postEvent device_type: 1034, event_type =99000021, value = [0, 0, 0, -116, 0, 1, 89, -19, 17, -26, 0, 48, 0, 0, -80, 2, 29, 48]
05-26 19:34:59.331  5591  5591 D BYDAutoYunDevice: postEvent device_type: 1034, event_type =99000021, value = [0, 0, 4, -91, 8, 0, 89, -19, 17, -16, 8, -1, -1, -65, 1, 0, 28, 0]
05-26 19:34:59.334  5591  5591 D BYDAutoStatisticDevice: postEvent device_type: 1014, event_type =44500830, value = 20000
05-26 19:34:59.334  5591  5591 D BYDAutoYunDevice: postEvent device_type: 1034, event_type =99000021, value = [0, 0, 4, 69, 0, 2, 89, -19, 17, -11, 23, -92, -1, -1, 0, 32, 78, -40]
05-26 19:34:59.340 29160 29160 D BYDAutoSafetyBeltDevice: postEvent device_type: 1042, event_type =12d0003f, value = 1
05-26 19:34:59.341  5591  5591 D BYDAutoYunDevice: postEvent device_type: 1034, event_type =99000021, value = [0, 0, 1, 45, 0, 0, 89, -19, 17, -9, -96, 40, 0, 34, 12, 49, -113, 73]
05-26 19:34:59.341  5591  5591 D BYDAutoYunDevice: postEvent device_type: 1034, event_type =99000021, value = [0, 0, 2, -64, 0, 0, 89, -19, 17, -6, 0, 16, 10, 0, 0, 0, 47, -74]
05-26 19:34:59.341  5591  5591 D BYDAutoYunDevice: postEvent device_type: 1034, event_type =99000021, value = [0, 0, 0, -116, 0, 1, 89, -19, 17, -6, 0, 64, 0, 0, -80, 2, 13, 64]
05-26 19:34:59.342  5591  5591 D BYDAutoYunDevice: postEvent device_type: 1034, event_type =99000021, value = [0, 0, 3, -39, 7, 2, 89, -19, 17, -4, 7, -1, -1, -1, -49, 1, -1, -1]
05-26 19:34:59.342  5591  5591 D BYDAutoYunDevice: postEvent device_type: 1034, event_type =99000021, value = [0, 0, 3, -39, 7, 0, 89, -19, 17, -4, 7, -1, -1, -1, -49, 1, -1, -1]
05-26 19:34:59.342  5591  5591 D BYDAutoYunDevice: postEvent device_type: 1034, event_type =99000021, value = [0, 0, 2, 111, 0, 0, 89, -19, 18, 0, -1, -1, 63, -126, 1, 19, 16, 28]
05-26 19:34:59.343  4313  4313 D BYDAutoSafetyBeltDevice: postEvent device_type: 1042, event_type =12d0003f, value = 1
05-26 19:34:59.348  5591  5591 D BYDAutoStatisticDevice: postEvent device_type: 1014, event_type =44a00020, value = 5008
05-26 19:34:59.355  5591  5591 D BYDAutoYunDevice: postEvent device_type: 1034, event_type =99000021, value = [0, 0, 0, -116, 0, 1, 89, -19, 18, 14, 0, 80, 0, 0, -80, 2, -3, 80]
05-26 19:34:59.364  5591  5591 D BYDAutoYunDevice: postEvent device_type: 1034, event_type =99000021, value = [0, 0, 2, -108, 0, 0, 89, -19, 18, 20, 85, 0, 86, 3, 76, 34, 7, -36]
05-26 19:34:59.365  5591  5591 D BYDAutoYunDevice: postEvent device_type: 1034, event_type =99000021, value = [0, 0, 2, -108, 0, 2, 89, -19, 18, 20, 85, 0, 86, 3, 76, 34, 7, -36]
05-26 19:34:59.371  5591  5591 D BYDAutoSensorDevice: postEvent device_type: 1043, event_type =22300008, value = 809
05-26 19:34:59.378  5591  5591 D BYDAutoYunDevice: postEvent device_type: 1034, event_type =99000021, value = [0, 0, 0, -116, 0, 1, 89, -19, 18, 34, 0, 96, 0, 0, -80, 2, -19, 96]
05-26 19:34:59.384  5591  5591 D BYDAutoYunDevice: postEvent device_type: 1034, event_type =99000021, value = [0, 0, 4, 51, 0, 0, 89, -19, 18, 40, 85, -123, -107, -42, 89, 3, -128, 0]
05-26 19:34:59.388  5591  5591 D BYDAutoYunDevice: postEvent device_type: 1034, event_type =99000021, value = [0, 0, 3, 71, 0, 0, 89, -19, 18, 44, 3, 0, 0, 57, 1, -1, -1, -60]
05-26 19:34:59.389  5591  5591 D BYDAutoYunDevice: postEvent device_type: 1034, event_type =99000021, value = [0, 0, 1, 45, 0, 0, 89, -19, 18, 44, -96, 40, 0, 34, 12, 49, -97, 57]
05-26 19:34:59.392  5591  5591 D BYDAutoYunDevice: postEvent device_type: 1034, event_type =99000021, value = [0, 0, 2, 111, 0, 0, 89, -19, 18, 51, -1, -1, 63, -126, 1, 19, 32, 12]
05-26 19:34:59.399  5591  5591 D BYDAutoYunDevice: postEvent device_type: 1034, event_type =99000021, value = [0, 0, 1, 68, 0, 0, 89, -19, 18, 53, 0, -3, -1, -24, -45, -126, 96, 102]
05-26 19:34:59.399  5591  5591 D BYDAutoYunDevice: postEvent device_type: 1034, event_type =99000021, value = [0, 0, 0, -116, 0, 1, 89, -19, 18, 54, 0, 112, 0, 0, -80, 2, -35, 112]
05-26 19:34:59.407  5591  5591 D BYDAutoYunDevice: postEvent device_type: 1034, event_type =99000021, value = [0, 0, 3, -120, 0, 0, 89, -19, 18, 67, 0, 0, 12, 0, 15, 0, 102, 0]
05-26 19:34:59.413  5591  5591 D BYDAutoYunDevice: postEvent device_type: 1034, event_type =99000021, value = [0, 0, 2, -108, 0, 0, 89, -19, 18, 70, 85, 0, 86, 3, 76, 34, 8, -37]
05-26 19:34:59.417  5591  5591 D BYDAutoYunDevice: postEvent device_type: 1034, event_type =99000021, value = [0, 0, 2, -108, 0, 2, 89, -19, 18, 71, 85, 0, 86, 3, 76, 34, 8, -37]
05-26 19:34:59.417  5591  5591 D BYDAutoYunDevice: postEvent device_type: 1034, event_type =99000021, value = [0, 0, 4, 39, 5, 0, 89, -19, 18, 72, 5, -4, 0, 0, 0, 0, 0, -1]
05-26 19:34:59.417  5591  5591 D BYDAutoYunDevice: postEvent device_type: 1034, event_type =99000021, value = [0, 0, 0, -116, 0, 1, 89, -19, 18, 74, 0, -128, 0, 0, -80, 2, -51, -128]
05-26 19:34:59.424  3546  8586 D AbsBYDAutoDevice: set featureIDs is int[]: [6dc00826, 6dc00810, 6dc00818, 6dc00808, 6dc00827, ] intArrayValue is int[]: [1, 50e, 1, 67, 0, ]
05-26 19:34:59.433  5591  5591 D BYDAutoYunDevice: postEvent device_type: 1034, event_type =99000021, value = [0, 0, 3, -38, 0, 0, 89, -19, 18, 84, 2, -112, 5, -96, 0, 10, 0, -16]
05-26 19:34:59.438  5591  5591 D BYDAutoYunDevice: postEvent device_type: 1034, event_type =99000021, value = [0, 0, 4, 68, 0, 2, 89, -19, 18, 91, 20, 2, -111, 19, 97, 63, -92, 1]
05-26 19:34:59.439  5591  5591 D BYDAutoYunDevice: postEvent device_type: 1034, event_type =99000021, value = [0, 0, 0, -116, 0, 1, 89, -19, 18, 94, 0, -112, 0, 0, -80, 2, -67, -112]
05-26 19:34:59.439  5591  5591 D BYDAutoYunDevice: postEvent device_type: 1034, event_type =99000021, value = [0, 0, 1, 45, 0, 0, 89, -19, 18, 96, -96, 40, 0, 34, 12, 49, -81, 41]
05-26 19:34:59.439  5591  5591 D BYDAutoYunDevice: postEvent device_type: 1034, event_type =99000021, value = [0, 0, 4, 70, 0, 2, 89, -19, 18, 96, 23, -9, 12, 65, 25, -1, 12, -128]
05-26 19:34:59.445  5591  5591 D BYDAutoYunDevice: postEvent device_type: 1034, event_type =99000021, value = [0, 0, 2, 111, 0, 0, 89, -19, 18, 100, -1, -1, 63, -126, 1, 19, 48, -4]
05-26 19:34:59.447  5591  5591 D BYDAutoStatisticDevice: postEvent device_type: 1014, event_type =44a00020, value = 5009
05-26 19:34:59.448  5591  5591 D BYDAutoYunDevice: postEvent device_type: 1034, event_type =99000021, value = [0, 0, 3, -39, 4, 0, 89, -19, 18, 107, 4, 105, -15, -1, -1, 55, 18, 125]
05-26 19:34:59.451  5591  5591 D BYDAutoYunDevice: postEvent device_type: 1034, event_type =99000021, value = [0, 0, 3, -39, 4, 2, 89, -19, 18, 110, 4, 105, -15, -1, -1, 55, 18, 125]
05-26 19:34:59.460  5591  5591 D BYDAutoYunDevice: postEvent device_type: 1034, event_type =99000021, value = [0, 0, 0, -116, 0, 1, 89, -19, 18, 114, 0, -96, 0, 0, -80, 2, -83, -96]
05-26 19:34:59.461  5591  5591 D BYDAutoSettingDevice: postEvent device_type: 1023, event_type =42f00037, value = 1
05-26 19:34:59.465  5591  5591 D BYDAutoYunDevice: postEvent device_type: 1034, event_type =99000021, value = [0, 0, 2, -108, 0, 0, 89, -19, 18, 121, 85, 0, 86, 3, 76, 34, 9, -38]
05-26 19:34:59.465  5591  5591 D BYDAutoYunDevice: postEvent device_type: 1034, event_type =99000021, value = [0, 0, 2, -108, 0, 2, 89, -19, 18, 121, 85, 0, 86, 3, 76, 34, 9, -38]
05-26 19:34:59.467  5591  5591 D BYDAutoSensorDevice: postEvent device_type: 1043, event_type =22300008, value = 808
05-26 19:34:59.478  5591  5591 D BYDAutoYunDevice: postEvent device_type: 1034, event_type =99000021, value = [0, 0, 0, -116, 0, 1, 89, -19, 18, -122, 0, -80, 0, 0, -80, 2, -99, -80]
05-26 19:34:59.487  5591  5591 D BYDAutoYunDevice: postEvent device_type: 1034, event_type =99000021, value = [0, 0, 3, 71, 0, 0, 89, -19, 18, -111, 3, 0, 0, 57, 1, -1, -1, -60]
05-26 19:34:59.490  5591  5591 D BYDAutoYunDevice: postEvent device_type: 1034, event_type =99000021, value = [0, 0, 1, 45, 0, 0, 89, -19, 18, -109, -96, 40, 0, 34, 12, 49, -65, 25]
05-26 19:34:59.499  5591  5591 D BYDAutoYunDevice: postEvent device_type: 1034, event_type =99000021, value = [0, 0, 2, 111, 0, 0, 89, -19, 18, -103, -1, -1, 63, -126, 1, 19, 64, -20]
05-26 19:34:59.499  5591  5591 D BYDAutoYunDevice: postEvent device_type: 1034, event_type =99000021, value = [0, 0, 0, -116, 0, 1, 89, -19, 18, -102, 0, -64, 0, 0, -80, 2, -115, -64]
05-26 19:34:59.503  5591  5591 D BYDAutoYunDevice: postEvent device_type: 1034, event_type =99000021, value = [0, 0, 3, 68, 0, 2, 89, -19, 18, -94, -122, 65, 31, 0, 0, -128, 8, -111]
05-26 19:34:59.508  5591  5591 D BYDAutoYunDevice: postEvent device_type: 1034, event_type =99000021, value = [0, 0, 4, 41, 0, 0, 89, -19, 18, -88, 65, 0, 0, 0, 0, 0, 0, 0]
05-26 19:34:59.514  5591  5591 D BYDAutoYunDevice: postEvent device_type: 1034, event_type =99000021, value = [0, 0, 2, -108, 0, 0, 89, -19, 18, -85, 85, 0, 86, 3, 76, 34, 10, -39]
05-26 19:34:59.514  5591  5591 D BYDAutoYunDevice: postEvent device_type: 1034, event_type =99000021, value = [0, 0, 2, -108, 0, 2, 89, -19, 18, -85, 85, 0, 86, 3, 76, 34, 10, -39]
05-26 19:34:59.517  5591  5591 D BYDAutoYunDevice: postEvent device_type: 1034, event_type =99000021, value = [0, 0, 0, -116, 0, 1, 89, -19, 18, -82, 0, -48, 0, 0, -80, 2, 125, -48]
05-26 19:34:59.529  5591  5591 D BYDAutoStatisticDevice: postEvent device_type: 1014, event_type =34500018, value = 2463
05-26 19:34:59.531  5591  5591 D BYDAutoYunDevice: postEvent device_type: 1034, event_type =99000021, value = [0, 0, 1, 33, 0, 1, 89, -19, 18, -73, 0, 0, 0, -112, -27, 5, -103, -20]
05-26 19:34:59.539  5591  5591 D BYDAutoYunDevice: postEvent device_type: 1034, event_type =99000021, value = [0, 0, 0, -116, 0, 1, 89, -19, 18, -62, 0, -32, 0, 0, -80, 2, 109, -32]
05-26 19:34:59.540  5591  5591 D BYDAutoYunDevice: postEvent device_type: 1034, event_type =99000021, value = [0, 0, 1, 45, 0, 0, 89, -19, 18, -59, -96, 40, 0, 34, 12, 49, -49, 9]
05-26 19:34:59.546  5591  5591 D BYDAutoStatisticDevice: postEvent device_type: 1014, event_type =44a00020, value = 5008
05-26 19:34:59.546  5591  5591 D BYDAutoYunDevice: postEvent device_type: 1034, event_type =99000021, value = [0, 0, 2, 111, 0, 0, 89, -19, 18, -52, -1, -1, 63, -126, 1, 19, 80, -36]
05-26 19:34:59.550  5591  5591 D BYDAutoYunDevice: postEvent device_type: 1034, event_type =99000021, value = [0, 0, 4, -91, 2, 0, 89, -19, 18, -50, 2, -88, -101, 2, -24, -1, 65, 90]
05-26 19:34:59.552  5591  5591 D BYDAutoYunDevice: postEvent device_type: 1034, event_type =99000021, value = [0, 0, 4, 71, 0, 2, 89, -19, 18, -46, 4, 64, 1, 65, 126, 2, 64, -71]
05-26 19:34:59.554  5591  5591 D BYDAutoYunDevice: postEvent device_type: 1034, event_type =99000021, value = [0, 0, 4, 71, 0, 0, 89, -19, 18, -45, 4, 64, 1, 65, 126, 2, 64, -71]
05-26 19:34:59.564  5591  5591 D BYDAutoYunDevice: postEvent device_type: 1034, event_type =99000021, value = [0, 0, 0, -116, 0, 1, 89, -19, 18, -42, 0, -16, 0, 0, -80, 2, 93, -16]
05-26 19:34:59.566 13510 14755 D AbsBYDAutoDevice: double eventTypes is 12100008
05-26 19:34:59.567  5591  5591 D BYDAutoYunDevice: postEvent device_type: 1034, event_type =99000021, value = [0, 0, 3, -39, 6, 0, 89, -19, 18, -38, 6, -48, -14, -33, 0, 92, -68, 0]
05-26 19:34:59.568  5591  5591 D BYDAutoYunDevice: postEvent device_type: 1034, event_type =99000021, value = [0, 0, 3, -39, 6, 2, 89, -19, 18, -38, 6, -48, -14, -33, 0, 92, -68, 0]
05-26 19:34:59.570 13510 14756 D BYDAutoStatisticDevice: getSpeedSignalVDisValue speed is: 0
05-26 19:34:59.570  5591  5591 D BYDAutoYunDevice: postEvent device_type: 1034, event_type =99000021, value = [0, 0, 2, -108, 0, 0, 89, -19, 18, -35, 85, 0, 86, 3, 76, 34, 11, -40]
05-26 19:34:59.570  5591  5591 D BYDAutoYunDevice: postEvent device_type: 1034, event_type =99000021, value = [0, 0, 2, -108, 0, 2, 89, -19, 18, -35, 85, 0, 86, 3, 76, 34, 11, -40]
05-26 19:34:59.570  5591  5591 D BYDAutoSensorDevice: postEvent device_type: 1043, event_type =22300008, value = 809
05-26 19:34:59.572 13510 14755 D BYDAutoGearboxDevice: getGearboxAutoModeType type is: 1
05-26 19:34:59.577  5591  5591 D BYDAutoYunDevice: postEvent device_type: 1034, event_type =99000021, value = [0, 0, 0, -116, 0, 1, 89, -19, 18, -22, 0, 0, 0, 0, -80, 2, 77, 0]
05-26 19:34:59.589  5591  5591 D BYDAutoYunDevice: postEvent device_type: 1034, event_type =99000021, value = [0, 0, 3, 71, 0, 0, 89, -19, 18, -10, 3, 0, 0, 57, 1, -1, -1, -60]
05-26 19:34:59.590  5591  5591 D BYDAutoYunDevice: postEvent device_type: 1034, event_type =99000021, value = [0, 0, 1, 45, 0, 0, 89, -19, 18, -9, -96, 40, 0, 34, 12, 49, -33, -7]
05-26 19:34:59.596  5591  5591 D BYDAutoYunDevice: postEvent device_type: 1034, event_type =99000021, value = [0, 0, 2, 111, 0, 0, 89, -19, 18, -2, -1, -1, 63, -126, 1, 19, 96, -52]
05-26 19:34:59.597  5591  5591 D BYDAutoYunDevice: postEvent device_type: 1034, event_type =99000021, value = [0, 0, 0, -116, 0, 1, 89, -19, 18, -2, 0, 16, 0, 0, -80, 2, 61, 16]
05-26 19:34:59.613  5591  5591 D BYDAutoYunDevice: postEvent device_type: 1034, event_type =99000021, value = [0, 0, 2, -108, 0, 0, 89, -19, 19, 16, 85, 0, 86, 3, 76, 34, 12, -41]
05-26 19:34:59.613  5591  5591 D BYDAutoYunDevice: postEvent device_type: 1034, event_type =99000021, value = [0, 0, 2, -108, 0, 2, 89, -19, 19, 16, 85, 0, 86, 3, 76, 34, 12, -41]
05-26 19:34:59.618  5591  5591 D BYDAutoYunDevice: postEvent device_type: 1034, event_type =99000021, value = [0, 0, 0, -116, 0, 1, 89, -19, 19, 18, 0, 32, 0, 0, -80, 2, 45, 32]
05-26 19:34:59.634  5591  5591 D BYDAutoChargingDevice: postEvent device_type: 1009, event_type =44400018, value = 0.8000183
05-26 19:34:59.635  5591  5591 D BYDAutoChargingDevice: postEvent device_type: 1009, event_type =c4400018, value = 5008.0
05-26 19:34:59.638  5591  5591 D BYDAutoYunDevice: postEvent device_type: 1034, event_type =99000021, value = [0, 0, 0, -116, 0, 1, 89, -19, 19, 38, 0, 48, 0, 0, -80, 2, 29, 48]
05-26 19:34:59.640  5591  5591 D BYDAutoYunDevice: postEvent device_type: 1034, event_type =99000021, value = [0, 0, 1, 45, 0, 0, 89, -19, 19, 41, -96, 40, 0, 34, 12, 49, -17, -23]
05-26 19:34:59.646  5591  5591 D BYDAutoYunDevice: postEvent device_type: 1034, event_type =99000021, value = [0, 0, 2, 111, 0, 0, 89, -19, 19, 48, -1, -1, 63, -126, 1, 19, 112, -68]
05-26 19:34:59.650  5591  5591 D BYDAutoYunDevice: postEvent device_type: 1034, event_type =99000021, value = [0, 0, 3, -106, 0, 0, 89, -19, 19, 53, 85, 81, -128, 0, 0, 0, 0, 1]
05-26 19:34:59.657  5591  5591 D BYDAutoYunDevice: postEvent device_type: 1034, event_type =99000021, value = [0, 0, 0, -116, 0, 1, 89, -19, 19, 58, 0, 64, 0, 0, -80, 2, 13, 64]
05-26 19:34:59.668  5591  5591 D BYDAutoYunDevice: postEvent device_type: 1034, event_type =99000021, value = [0, 0, 2, -108, 0, 0, 89, -19, 19, 66, 85, 0, 86, 3, 76, 34, 13, -42]
05-26 19:34:59.670  5591  5591 D BYDAutoYunDevice: postEvent device_type: 1034, event_type =99000021, value = [0, 0, 2, -108, 0, 2, 89, -19, 19, 66, 85, 0, 86, 3, 76, 34, 13, -42]
05-26 19:34:59.679  5591  5591 D BYDAutoYunDevice: postEvent device_type: 1034, event_type =99000021, value = [0, 0, 0, -116, 0, 1, 89, -19, 19, 78, 0, 80, 0, 0, -80, 2, -3, 80]
05-26 19:34:59.681  5591  5591 D BYDAutoYunDevice: postEvent device_type: 1034, event_type =99000021, value = [0, 0, 3, -51, 0, 0, 89, -19, 19, 82, 1, 0, -4, 0, 88, 2, 0, 0]
05-26 19:34:59.691  5591  5591 D BYDAutoYunDevice: postEvent device_type: 1034, event_type =99000021, value = [0, 0, 1, 45, 0, 0, 89, -19, 19, 92, -96, 40, 0, 34, 12, 49, -1, -39]
05-26 19:34:59.691  5591  5591 D BYDAutoYunDevice: postEvent device_type: 1034, event_type =99000021, value = [0, 0, 3, 71, 0, 0, 89, -19, 19, 94, 3, 0, 0, 57, 1, -1, -1, -60]
05-26 19:34:59.706  5591  5591 D BYDAutoYunDevice: postEvent device_type: 1034, event_type =99000021, value = [0, 0, 0, -116, 0, 1, 89, -19, 19, 98, 0, 96, 0, 0, -80, 2, -19, 96]
05-26 19:34:59.706  5591  5591 D BYDAutoYunDevice: postEvent device_type: 1034, event_type =99000021, value = [0, 0, 2, 111, 0, 0, 89, -19, 19, 101, -1, -1, 63, -126, 1, 19, -128, -84]
05-26 19:34:59.708  5591  5591 D BYDAutoYunDevice: postEvent device_type: 1034, event_type =99000021, value = [0, 0, 4, -114, 0, 0, 89, -19, 19, 108, -107, 85, 24, 57, 41, 33, -96, -38]
05-26 19:34:59.719  5591  5591 D BYDAutoYunDevice: postEvent device_type: 1034, event_type =99000021, value = [0, 0, 0, -116, 0, 1, 89, -19, 19, 118, 0, 112, 0, 0, -80, 2, -35, 112]
05-26 19:34:59.720  5591  5591 D BYDAutoYunDevice: postEvent device_type: 1034, event_type =99000021, value = [0, 0, 2, -108, 0, 0, 89, -19, 19, 120, 85, 0, 86, 3, 76, 34, 14, -43]
05-26 19:34:59.720  5591  5591 D BYDAutoYunDevice: postEvent device_type: 1034, event_type =99000021, value = [0, 0, 2, -108, 0, 2, 89, -19, 19, 120, 85, 0, 86, 3, 76, 34, 14, -43]
05-26 19:34:59.726  5591  5591 D BYDAutoStatisticDevice: postEvent device_type: 1014, event_type =34500018, value = 2459
05-26 19:34:59.736  5591  5591 D BYDAutoYunDevice: postEvent device_type: 1034, event_type =99000021, value = [0, 0, 0, -116, 0, 1, 89, -19, 19, -118, 0, -128, 0, 0, -80, 2, -51, -128]
05-26 19:34:59.741  4313  4313 D BYDAutoSafetyBeltDevice: postEvent device_type: 1042, event_type =12d0003f, value = 0
05-26 19:34:59.741 29160 29160 D BYDAutoSafetyBeltDevice: postEvent device_type: 1042, event_type =12d0003f, value = 0
05-26 19:34:59.743  5591  5591 D BYDAutoYunDevice: postEvent device_type: 1034, event_type =99000021, value = [0, 0, 1, 45, 0, 0, 89, -19, 19, -114, -96, 40, 0, 34, 12, 49, 15, -55]
05-26 19:34:59.750  5591  5591 D BYDAutoStatisticDevice: postEvent device_type: 1014, event_type =44a00020, value = 5009
05-26 19:34:59.752  5591  5591 D BYDAutoYunDevice: postEvent device_type: 1034, event_type =99000021, value = [0, 0, 2, 111, 0, 0, 89, -19, 19, -102, -1, -1, 63, -126, 1, 19, -112, -100]
05-26 19:34:59.758  5591  5591 D BYDAutoYunDevice: postEvent device_type: 1034, event_type =99000021, value = [0, 0, 0, -116, 0, 1, 89, -19, 19, -98, 0, -112, 0, 0, -80, 2, -67, -112]
05-26 19:34:59.778  5591  5591 D BYDAutoYunDevice: postEvent device_type: 1034, event_type =99000021, value = [0, 0, 2, -108, 0, 0, 89, -19, 19, -86, 85, 0, 86, 3, 76, 34, 15, -44]
05-26 19:34:59.778  5591  5591 D BYDAutoYunDevice: postEvent device_type: 1034, event_type =99000021, value = [0, 0, 2, -108, 0, 2, 89, -19, 19, -84, 85, 0, 86, 3, 76, 34, 15, -44]
05-26 19:34:59.782  5591  5591 D BYDAutoYunDevice: postEvent device_type: 1034, event_type =99000021, value = [0, 0, 0, -116, 0, 1, 89, -19, 19, -78, 0, -96, 0, 0, -80, 2, -83, -96]
05-26 19:34:59.795  5591  5591 D BYDAutoYunDevice: postEvent device_type: 1034, event_type =99000021, value = [0, 0, 1, 45, 0, 0, 89, -19, 19, -62, -96, 40, 0, 34, 12, 49, 31, -71]
05-26 19:34:59.796  5591  5591 D BYDAutoYunDevice: postEvent device_type: 1034, event_type =99000021, value = [0, 0, 3, 71, 0, 0, 89, -19, 19, -62, 3, 0, 0, 57, 1, -1, -1, -60]
05-26 19:34:59.798  5591  5591 D BYDAutoYunDevice: postEvent device_type: 1034, event_type =99000021, value = [0, 0, 0, -116, 0, 1, 89, -19, 19, -58, 0, -80, 0, 0, -80, 2, -99, -80]
05-26 19:34:59.801  5591  5591 D BYDAutoYunDevice: postEvent device_type: 1034, event_type =99000021, value = [0, 0, 3, -44, 0, 0, 89, -19, 19, -54, 0, 0, 0, -128, 14, 0, -30, 0, 0, 0, 0, 0, 0, 0, 0, 0, 0, 0, 0, 0, 0, 0, 0, 0, 0, 0, 0, 0, 0, 0, 0, 0, 0, 0, 0, 0, 0, 0, 0, 0, 0, 0, 0, 0, 0, 0, 0, -1, 0, 0, 0, 0, 0, -1, 0, 0, 0, 0, 0, 0, 0, -4, -1, -1]
05-26 19:34:59.801  5591  5591 D BYDAutoYunDevice: postEvent device_type: 1034, event_type =99000021, value = [0, 0, 2, 111, 0, 0, 89, -19, 19, -52, -1, -1, 63, -126, 1, 19, -96, -116]
05-26 19:34:59.806  5591  5591 D BYDAutoYunDevice: postEvent device_type: 1034, event_type =99000021, value = [0, 0, 4, 28, 0, 0, 89, -19, 19, -47, 9, 69, 1, 81, 53, 0, 0, 0]
05-26 19:34:59.825  5591  5591 D BYDAutoYunDevice: postEvent device_type: 1034, event_type =99000021, value = [0, 0, 0, -116, 0, 1, 89, -19, 19, -38, 0, -64, 0, 0, -80, 2, -115, -64]
05-26 19:34:59.826  5591  5591 D BYDAutoYunDevice: postEvent device_type: 1034, event_type =99000021, value = [0, 0, 4, -10, 0, 0, 89, -19, 19, -36, -1, 5, -96, 0, -1, 73, -5, -1]
05-26 19:34:59.826  5591  5591 D BYDAutoYunDevice: postEvent device_type: 1034, event_type =99000021, value = [0, 0, 2, -108, 0, 0, 89, -19, 19, -35, 85, 0, 86, 3, 76, 34, 0, -29]
05-26 19:34:59.826  5591  5591 D BYDAutoYunDevice: postEvent device_type: 1034, event_type =99000021, value = [0, 0, 2, -108, 0, 2, 89, -19, 19, -35, 85, 0, 86, 3, 76, 34, 0, -29]
05-26 19:34:59.830  5591  5591 D BYDAutoStatisticDevice: postEvent device_type: 1014, event_type =34500018, value = 2463
05-26 19:34:59.838  5591  5591 D BYDAutoYunDevice: postEvent device_type: 1034, event_type =99000021, value = [0, 0, 0, -116, 0, 1, 89, -19, 19, -18, 0, -48, 0, 0, -80, 2, 125, -48]
05-26 19:34:59.842  5591  5591 D BYDAutoYunDevice: postEvent device_type: 1034, event_type =99000021, value = [0, 0, 1, 45, 0, 0, 89, -19, 19, -12, -96, 40, 0, 34, 12, 49, 47, -87]
05-26 19:34:59.846  5591  5591 D BYDAutoStatisticDevice: postEvent device_type: 1014, event_type =44a00020, value = 5008
05-26 19:34:59.854  5591  5591 D BYDAutoYunDevice: postEvent device_type: 1034, event_type =99000021, value = [0, 0, 2, 111, 0, 0, 89, -19, 19, -2, -1, -1, 63, -126, 1, 19, -80, 124]
05-26 19:34:59.858  5591  5591 D BYDAutoYunDevice: postEvent device_type: 1034, event_type =99000021, value = [0, 0, 0, -116, 0, 1, 89, -19, 20, 2, 0, -32, 0, 0, -80, 2, 109, -32]
05-26 19:34:59.869  5591  5591 D BYDAutoSensorDevice: postEvent device_type: 1043, event_type =22300008, value = 808
05-26 19:34:59.871  5591  5591 D BYDAutoYunDevice: postEvent device_type: 1034, event_type =99000021, value = [0, 0, 2, -108, 0, 0, 89, -19, 20, 15, 85, 0, 86, 3, 76, 34, 1, -30]
05-26 19:34:59.872  5591  5591 D BYDAutoYunDevice: postEvent device_type: 1034, event_type =99000021, value = [0, 0, 2, -108, 0, 2, 89, -19, 20, 16, 85, 0, 86, 3, 76, 34, 1, -30]
05-26 19:34:59.872  5591  5591 D BYDAutoYunDevice: postEvent device_type: 1034, event_type =99000021, value = [0, 0, 4, 6, 1, 0, 89, -19, 20, 16, 1, -87, -108, 4, 0, 74, 89, 0]
05-26 19:34:59.876 13510 13510 D AbsBYDAutoDevice: int eventTypes is 40c0b022
05-26 19:34:59.876 13510 13510 E BydAutoSettingProxy: [main]getSrModeValue:2
05-26 19:34:59.877 13510 13510 D AbsBYDAutoDevice: int eventTypes is 40c03032
05-26 19:34:59.877 13510 13510 D AbsBYDAutoDevice: int eventTypes is 40c0b022
05-26 19:34:59.877 13510 13510 E BydAutoSettingProxy: [main]getSrModeValue:2
05-26 19:34:59.878 13510 13510 D AbsBYDAutoDevice: int eventTypes is 40c0b022
05-26 19:34:59.878 13510 13510 E BydAutoSettingProxy: [main]getSrModeValue:2
05-26 19:34:59.878 13510 13510 D AbsBYDAutoDevice: set featureID is 4c10a018 intValue is 1
05-26 19:34:59.878  5591  5591 D BYDAutoYunDevice: postEvent device_type: 1034, event_type =99000021, value = [0, 0, 0, -116, 0, 1, 89, -19, 20, 22, 0, -16, 0, 0, -80, 2, 93, -16]
05-26 19:34:59.890 13510 13510 D BYDAutoInstrumentDevice: postEvent device_type: 1007, event_type =40c03032, value = 1
05-26 19:34:59.890 13510 13510 E BydAutoInstrumentProxy: [main]onDataEventChanged: 40C03032 value = 1!
05-26 19:34:59.890 13510 13510 D AbsBYDAutoDevice: set featureID is 4c10e015 intValue is 3
05-26 19:34:59.891  5591  5591 D BYDAutoYunDevice: postEvent device_type: 1034, event_type =99000021, value = [0, 0, 4, -91, 1, 0, 89, -19, 20, 36, 1, -1, -1, 15, 64, -92, -12, -31]
05-26 19:34:59.892 13510 13510 D BYDAutoBodyworkDevice: getPowerLevel level is: 2
05-26 19:34:59.892 13510 13510 E PlatformApiImpl: [main]sendNavigateInfoToCAN setNaviState has AMapService not send
05-26 19:34:59.892 13510 13510 D AbsBYDAutoDevice: int eventTypes is 40c0b022
05-26 19:34:59.892 13510 13510 E BydAutoSettingProxy: [main]getSrModeValue:2
05-26 19:34:59.893 13510 13510 D AbsBYDAutoDevice: int eventTypes is 40c0b022
05-26 19:34:59.893 13510 13510 E BydAutoSettingProxy: [main]getSrModeValue:2
05-26 19:34:59.898  5591  5591 D BYDAutoInstrumentDevice: postEvent device_type: 1007, event_type =40c03032, value = 1
05-26 19:34:59.898  5591  5591 D BYDAutoYunDevice: postEvent device_type: 1034, event_type =99000021, value = [0, 0, 2, 64, 0, 2, 89, -19, 20, 37, 0, 66, 26, 52, 63, 9, -88, 127]
05-26 19:34:59.898  5591  5591 D BYDAutoYunDevice: postEvent device_type: 1034, event_type =99000021, value = [0, 0, 3, 71, 0, 0, 89, -19, 20, 38, 3, 0, 0, 57, 1, -1, -1, -60]
05-26 19:34:59.899  5591  5591 D BYDAutoYunDevice: postEvent device_type: 1034, event_type =99000021, value = [0, 0, 1, 45, 0, 0, 89, -19, 20, 40, -96, 40, 0, 34, 12, 49, 63, -103]
05-26 19:34:59.900  5591  5591 D BYDAutoYunDevice: postEvent device_type: 1034, event_type =99000021, value = [0, 0, 0, -116, 0, 1, 89, -19, 20, 42, 0, 0, 0, 0, -80, 2, 77, 0]
05-26 19:34:59.904  5591  5591 D BYDAutoYunDevice: postEvent device_type: 1034, event_type =99000021, value = [0, 0, 2, 111, 0, 0, 89, -19, 20, 48, -1, -1, 63, -126, 1, 19, -64, 108]
05-26 19:34:59.909  5591  5591 D BYDAutoYunDevice: postEvent device_type: 1034, event_type =99000021, value = [0, 0, 3, 65, 0, 2, 89, -19, 20, 49, -48, -35, 0, -117, -1, -1, 2, -57]
05-26 19:34:59.920  5591  5591 D BYDAutoYunDevice: postEvent device_type: 1034, event_type =99000021, value = [0, 0, 0, -116, 0, 1, 89, -19, 20, 62, 0, 16, 0, 0, -80, 2, 61, 16]
05-26 19:34:59.922  5591  5591 D BYDAutoYunDevice: postEvent device_type: 1034, event_type =99000021, value = [0, 0, 2, -108, 0, 0, 89, -19, 20, 65, 85, 0, 86, 3, 76, 34, 2, -31]
05-26 19:34:59.922  5591  5591 D BYDAutoYunDevice: postEvent device_type: 1034, event_type =99000021, value = [0, 0, 2, -108, 0, 2, 89, -19, 20, 65, 85, 0, 86, 3, 76, 34, 2, -31]
05-26 19:34:59.937  5591  5591 D BYDAutoStatisticDevice: postEvent device_type: 1014, event_type =34500018, value = 2459
05-26 19:34:59.938  5591  5591 D BYDAutoYunDevice: postEvent device_type: 1034, event_type =99000021, value = [0, 0, 4, -71, 0, 0, 89, -19, 20, 77, 101, 15, 0, 9, -128, -16, -1, 15]
05-26 19:34:59.938  5591  5591 D BYDAutoYunDevice: postEvent device_type: 1034, event_type =99000021, value = [0, 0, 4, 52, 0, 0, 89, -19, 20, 80, 0, 0, 8, 0, -120, 68, -126, -87]
05-26 19:34:59.938  5591  5591 D BYDAutoYunDevice: postEvent device_type: 1034, event_type =99000021, value = [0, 0, 3, 97, 0, 2, 89, -19, 20, 80, -47, -1, 10, 0, 0, 0, 0, 37]
05-26 19:34:59.946  5591  5591 D BYDAutoYunDevice: postEvent device_type: 1034, event_type =99000021, value = [0, 0, 0, -116, 0, 1, 89, -19, 20, 82, 0, 32, 0, 0, -80, 2, 45, 32]
05-26 19:34:59.947  5591  5591 D BYDAutoYunDevice: postEvent device_type: 1034, event_type =99000021, value = [0, 0, 4, 73, 0, 2, 89, -19, 20, 82, 5, -74, -50, 100, 93, -36, 2, 3]
05-26 19:34:59.947  5591  5591 D BYDAutoYunDevice: postEvent device_type: 1034, event_type =99000021, value = [0, 0, 1, 45, 0, 0, 89, -19, 20, 90, -96, 40, 0, 34, 12, 49, 79, -119]
05-26 19:34:59.952  5591  5591 D BYDAutoYunDevice: postEvent device_type: 1034, event_type =99000021, value = [0, 0, 2, 111, 0, 0, 89, -19, 20, 98, -1, -1, 63, -126, 1, 19, -48, 92]
05-26 19:34:59.952  5591  5591 D BYDAutoStatisticDevice: postEvent device_type: 1014, event_type =44a00020, value = 5009
05-26 19:34:59.956  5591  5591 D BYDAutoYunDevice: postEvent device_type: 1034, event_type =99000021, value = [0, 0, 0, -116, 0, 1, 89, -19, 20, 102, 0, 48, 0, 0, -80, 2, 29, 48]
05-26 19:34:59.965  5591  5591 D BYDAutoYunDevice: postEvent device_type: 1034, event_type =99000021, value = [0, 0, 4, -122, 0, 0, 89, -19, 20, 109, 8, 72, 0, 0, 0, 0, 0, 1]
05-26 19:34:59.970  5591  5591 D BYDAutoSensorDevice: postEvent device_type: 1043, event_type =3ff00036, value = 2310
05-26 19:34:59.972  5591  5591 D BYDAutoSensorDevice: postEvent device_type: 1043, event_type =22300008, value = 809
05-26 19:34:59.975  5591  5591 D BYDAutoYunDevice: postEvent device_type: 1034, event_type =99000021, value = [0, 0, 2, -108, 0, 0, 89, -19, 20, 115, 85, 0, 86, 3, 76, 34, 3, -32]
05-26 19:34:59.975  5591  5591 D BYDAutoYunDevice: postEvent device_type: 1034, event_type =99000021, value = [0, 0, 2, -108, 0, 2, 89, -19, 20, 116, 85, 0, 86, 3, 76, 34, 3, -32]
05-26 19:34:59.982  5591  5591 D BYDAutoYunDevice: postEvent device_type: 1034, event_type =99000021, value = [0, 0, 0, -116, 0, 1, 89, -19, 20, 122, 0, 64, 0, 0, -80, 2, 13, 64]
05-26 19:34:59.991  5591  5591 D BYDAutoYunDevice: postEvent device_type: 1034, event_type =99000021, value = [0, 0, 4, 108, 0, 2, 89, -19, 20, -126, 16, 39, 16, 39, -1, -1, -1, -1]
05-26 19:35:00.006  5591  5591 D BYDAutoYunDevice: postEvent device_type: 1034, event_type =99000021, value = [0, 0, 3, 71, 0, 0, 89, -19, 20, -118, 3, 0, 0, 57, 1, -1, -1, -60]
05-26 19:35:00.006  5591  5591 D BYDAutoYunDevice: postEvent device_type: 1034, event_type =99000021, value = [0, 0, 1, 45, 0, 0, 89, -19, 20, -116, -96, 40, 0, 34, 12, 49, 95, 121]
05-26 19:35:00.006  5591  5591 D BYDAutoYunDevice: postEvent device_type: 1034, event_type =99000021, value = [0, 0, 0, -116, 0, 1, 89, -19, 20, -114, 0, 80, 0, 0, -80, 2, -3, 80]
05-26 19:35:00.009  5591  5591 D BYDAutoYunDevice: postEvent device_type: 1034, event_type =99000021, value = [0, 0, 2, 111, 0, 0, 89, -19, 20, -104, -1, -1, 63, -126, 1, 19, -32, 76]
05-26 19:35:00.010  5591  5591 D BYDAutoSensorDevice: postEvent device_type: 1043, event_type =3bd00148, value = 2310
05-26 19:35:00.018  5591  5591 D BYDAutoYunDevice: postEvent device_type: 1034, event_type =99000021, value = [0, 0, 0, -116, 0, 1, 89, -19, 20, -94, 0, 96, 0, 0, -80, 2, -19, 96]
05-26 19:35:00.029  5591  5591 D BYDAutoYunDevice: postEvent device_type: 1034, event_type =99000021, value = [0, 0, 2, -108, 0, 0, 89, -19, 20, -90, 85, 0, 86, 3, 76, 34, 4, -33]
05-26 19:35:00.029  5591  5591 D BYDAutoYunDevice: postEvent device_type: 1034, event_type =99000021, value = [0, 0, 2, -108, 0, 2, 89, -19, 20, -90, 85, 0, 86, 3, 76, 34, 4, -33]
05-26 19:35:00.040  5591  5591 D BYDAutoYunDevice: postEvent device_type: 1034, event_type =99000021, value = [0, 0, 4, -91, 4, 0, 89, -19, 20, -74, 4, -1, -1, -1, -1, -1, -2, -17]
05-26 19:35:00.042  5591  5591 D BYDAutoYunDevice: postEvent device_type: 1034, event_type =99000021, value = [0, 0, 0, -116, 0, 1, 89, -19, 20, -74, 0, 112, 0, 0, -80, 2, -35, 112]
05-26 19:35:00.070  5591  5591 D BYDAutoYunDevice: postEvent device_type: 1034, event_type =99000021, value = [0, 0, 1, 45, 0, 0, 89, -19, 20, -66, -96, 40, 0, 34, 12, 49, 111, 105]
05-26 19:35:00.076  5591  5591 D BYDAutoStatisticDevice: postEvent device_type: 1014, event_type =44a00020, value = 5008
05-26 19:35:00.076  5591  5591 D BYDAutoYunDevice: postEvent device_type: 1034, event_type =99000021, value = [0, 0, 2, 111, 0, 0, 89, -19, 20, -54, -1, -1, 63, -126, 1, 19, -16, 60]
05-26 19:35:00.082  5591  5591 D BYDAutoYunDevice: postEvent device_type: 1034, event_type =99000021, value = [0, 0, 0, -116, 0, 1, 89, -19, 20, -54, 0, -128, 0, 0, -80, 2, -51, -128]
05-26 19:35:00.084  5591  5591 D BYDAutoYunDevice: postEvent device_type: 1034, event_type =99000021, value = [0, 0, 2, -108, 0, 0, 89, -19, 20, -39, 85, 0, 86, 3, 76, 34, 5, -34]
05-26 19:35:00.084  5591  5591 D BYDAutoYunDevice: postEvent device_type: 1034, event_type =99000021, value = [0, 0, 2, -108, 0, 2, 89, -19, 20, -39, 85, 0, 86, 3, 76, 34, 5, -34]
05-26 19:35:00.084  5591  5591 D BYDAutoYunDevice: postEvent device_type: 1034, event_type =99000021, value = [0, 0, 4, -6, 0, 0, 89, -19, 20, -36, 9, -128, -86, 0, 0, -127, -127, 34]
05-26 19:35:00.084  5591  5591 D BYDAutoYunDevice: postEvent device_type: 1034, event_type =99000021, value = [0, 0, 0, -116, 0, 1, 89, -19, 20, -34, 0, -112, 0, 0, -80, 2, -67, -112]
05-26 19:35:00.097  5591  5591 D BYDAutoYunDevice: postEvent device_type: 1034, event_type =99000021, value = [0, 0, 3, 71, 0, 0, 89, -19, 20, -18, 3, 0, 0, 57, 1, -1, -1, -60]
05-26 19:35:00.099  5591  5591 D BYDAutoYunDevice: postEvent device_type: 1034, event_type =99000021, value = [0, 0, 1, 45, 0, 0, 89, -19, 20, -16, -96, 40, 0, 34, 12, 49, 127, 89]
05-26 19:35:00.099  5591  5591 D BYDAutoYunDevice: postEvent device_type: 1034, event_type =99000021, value = [0, 0, 0, -116, 0, 1, 89, -19, 20, -14, 0, -96, 0, 0, -80, 2, -83, -96]
05-26 19:35:00.103  5591  5591 D BYDAutoYunDevice: postEvent device_type: 1034, event_type =99000021, value = [0, 0, 2, 111, 0, 0, 89, -19, 20, -4, -1, -1, 63, -126, 1, 19, 0, 44]
05-26 19:35:00.106  5591  5591 D BYDAutoYunDevice: postEvent device_type: 1034, event_type =99000021, value = [0, 0, 4, -91, 5, 0, 89, -19, 20, -2, 5, -1, 127, -115, -124, -111, 118, 82]
05-26 19:35:00.116  5591  5591 D BYDAutoYunDevice: postEvent device_type: 1034, event_type =99000021, value = [0, 0, 0, -116, 0, 1, 89, -19, 21, 6, 0, -80, 0, 0, -80, 2, -99, -80]
05-26 19:35:00.116  5591  5591 D BYDAutoYunDevice: postEvent device_type: 1034, event_type =99000021, value = [0, 0, 3, -39, 3, 0, 89, -19, 21, 7, 3, 0, 2, 4, -32, -1, -1, -1]
05-26 19:35:00.116  5591  5591 D BYDAutoYunDevice: postEvent device_type: 1034, event_type =99000021, value = [0, 0, 3, -39, 3, 2, 89, -19, 21, 7, 3, 0, 2, 4, -32, -1, -1, -1]
05-26 19:35:00.121  5591  5591 D BYDAutoYunDevice: postEvent device_type: 1034, event_type =99000021, value = [0, 0, 2, -108, 0, 0, 89, -19, 21, 13, 85, 0, 86, 3, 76, 34, 6, -35]
05-26 19:35:00.121  5591  5591 D BYDAutoYunDevice: postEvent device_type: 1034, event_type =99000021, value = [0, 0, 2, -108, 0, 2, 89, -19, 21, 13, 85, 0, 86, 3, 76, 34, 6, -35]
05-26 19:35:00.128  5591  5591 D BYDAutoYunDevice: postEvent device_type: 1034, event_type =99000021, value = [0, 0, 1, -47, 0, 1, 89, -19, 21, 18, 0, -8, 15, -64, -1, -113, -62, -24]
05-26 19:35:00.128  5591  5591 D BYDAutoSensorDevice: postEvent device_type: 1043, event_type =40200008, value = -44
05-26 19:35:00.128  5591  5591 D BYDAutoSettingDevice: postEvent device_type: 1023, event_type =48600040, value = 0
05-26 19:35:00.128  5591  5591 D BYDAutoSettingDevice: postEvent device_type: 1023, event_type =40200037, value = 0
05-26 19:35:00.136  5591  5591 D BYDAutoStatisticDevice: postEvent device_type: 1014, event_type =34500018, value = 2463
05-26 19:35:00.136  5591  5591 D BYDAutoSettingDevice: postEvent device_type: 1023, event_type =42f00037, value = 0
05-26 19:35:00.136  5591  5591 D BYDAutoYunDevice: postEvent device_type: 1034, event_type =99000021, value = [0, 0, 3, 35, 0, 0, 89, -19, 21, 23, 64, -1, -2, 15, -1, -1, 35, -110]
05-26 19:35:00.137  5591  5591 D BYDAutoYunDevice: postEvent device_type: 1034, event_type =99000021, value = [0, 0, 0, -116, 0, 1, 89, -19, 21, 26, 0, -64, 0, 0, -80, 2, -115, -64]
05-26 19:35:00.143 29160 29160 D BYDAutoSafetyBeltDevice: postEvent device_type: 1042, event_type =12d0003f, value = 1
05-26 19:35:00.143  5591  5591 D BYDAutoYunDevice: postEvent device_type: 1034, event_type =99000021, value = [0, 0, 1, 45, 0, 0, 89, -19, 21, 34, -96, 40, 0, 34, 12, 49, -113, 73]
05-26 19:35:00.144  4313  4313 D BYDAutoSafetyBeltDevice: postEvent device_type: 1042, event_type =12d0003f, value = 1
05-26 19:35:00.161  5591  5591 D BYDAutoYunDevice: postEvent device_type: 1034, event_type =99000021, value = [0, 0, 2, 111, 0, 0, 89, -19, 21, 46, -1, -1, 63, -126, 1, 19, 16, 28]
05-26 19:35:00.165  5591  5591 D BYDAutoYunDevice: postEvent device_type: 1034, event_type =99000021, value = [0, 0, 0, -116, 0, 1, 89, -19, 21, 46, 0, -48, 0, 0, -80, 2, 125, -48]
05-26 19:35:00.168  5591  5591 D BYDAutoSensorDevice: postEvent device_type: 1043, event_type =22300008, value = 810
05-26 19:35:00.173  5591  5591 D BYDAutoYunDevice: postEvent device_type: 1034, event_type =99000021, value = [0, 0, 2, -108, 0, 0, 89, -19, 21, 63, 85, 0, 86, 3, 76, 34, 7, -36]
05-26 19:35:00.175  5591  5591 D BYDAutoYunDevice: postEvent device_type: 1034, event_type =99000021, value = [0, 0, 2, -108, 0, 2, 89, -19, 21, 63, 85, 0, 86, 3, 76, 34, 7, -36]
05-26 19:35:00.177  5591  5591 D BYDAutoYunDevice: postEvent device_type: 1034, event_type =99000021, value = [0, 0, 0, -116, 0, 1, 89, -19, 21, 66, 0, -32, 0, 0, -80, 2, 109, -32]
05-26 19:35:00.200  5591  5591 D BYDAutoYunDevice: postEvent device_type: 1034, event_type =99000021, value = [0, 0, 3, 71, 0, 0, 89, -19, 21, 82, 3, 0, 0, 57, 1, -1, -1, -60]
05-26 19:35:00.200  5591  5591 D BYDAutoYunDevice: postEvent device_type: 1034, event_type =99000021, value = [0, 0, 4, 4, 0, 0, 89, -19, 21, 82, 33, 86, 1, 92, 22, 22, -107, -35]
05-26 19:35:00.203  5591  5591 D BYDAutoYunDevice: postEvent device_type: 1034, event_type =99000021, value = [0, 0, 1, 45, 0, 0, 89, -19, 21, 84, -96, 40, 0, 34, 12, 49, -97, 57]
05-26 19:35:00.204  5591  5591 D BYDAutoYunDevice: postEvent device_type: 1034, event_type =99000021, value = [0, 0, 0, -116, 0, 1, 89, -19, 21, 86, 0, -16, 0, 0, -80, 2, 93, -16]
05-26 19:35:00.216  5591  5591 D BYDAutoYunDevice: postEvent device_type: 1034, event_type =99000021, value = [0, 0, 2, 111, 0, 0, 89, -19, 21, 96, -1, -1, 63, -126, 1, 19, 32, 12]
05-26 19:35:00.218  5591  5591 D BYDAutoSensorDevice: postEvent device_type: 1043, event_type =40200008, value = -43
05-26 19:35:00.221  5591  5591 D BYDAutoSettingDevice: postEvent device_type: 1023, event_type =48600040, value = 1
05-26 19:35:00.222  5591  5591 D BYDAutoSettingDevice: postEvent device_type: 1023, event_type =40200037, value = 1
05-26 19:35:00.222  5591  5591 D BYDAutoYunDevice: postEvent device_type: 1034, event_type =99000021, value = [0, 0, 3, 54, 0, 0, 89, -19, 21, 104, 4, 3, 0, -1, 63, 0, 24, 1]
05-26 19:35:00.222  5591  5591 D BYDAutoYunDevice: postEvent device_type: 1034, event_type =99000021, value = [0, 0, 0, -116, 0, 1, 89, -19, 21, 106, 0, 0, 0, 0, -80, 2, 77, 0]
05-26 19:35:00.227  5591  5591 D BYDAutoYunDevice: postEvent device_type: 1034, event_type =99000021, value = [0, 0, 2, -108, 0, 0, 89, -19, 21, 112, 85, 0, 86, 3, 76, 34, 8, -37]
05-26 19:35:00.227  5591  5591 D BYDAutoYunDevice: postEvent device_type: 1034, event_type =99000021, value = [0, 0, 2, -108, 0, 2, 89, -19, 21, 113, 85, 0, 86, 3, 76, 34, 8, -37]
05-26 19:35:00.234  5591  5591 D BYDAutoStatisticDevice: postEvent device_type: 1014, event_type =34500018, value = 2459
05-26 19:35:00.236  5591  5591 D BYDAutoYunDevice: postEvent device_type: 1034, event_type =99000021, value = [0, 0, 0, -116, 0, 1, 89, -19, 21, 126, 0, 16, 0, 0, -80, 2, 61, 16]
05-26 19:35:00.237  5591  5591 D BYDAutoYunDevice: postEvent device_type: 1034, event_type =99000021, value = [0, 0, 3, -39, 5, 0, 89, -19, 21, 126, 5, -88, -101, 2, -8, 79, 74, -2]
05-26 19:35:00.237  5591  5591 D BYDAutoYunDevice: postEvent device_type: 1034, event_type =99000021, value = [0, 0, 3, -39, 5, 2, 89, -19, 21, -128, 5, -88, -101, 2, -8, 79, 74, -2]
05-26 19:35:00.244  5591  5591 D BYDAutoYunDevice: postEvent device_type: 1034, event_type =99000021, value = [0, 0, 1, 45, 0, 0, 89, -19, 21, -122, -96, 40, 0, 34, 12, 49, -81, 41]
05-26 19:35:00.255  5591  5591 D BYDAutoYunDevice: postEvent device_type: 1034, event_type =99000021, value = [0, 0, 4, -91, 7, 0, 89, -19, 21, -111, 7, -1, -37, -113, 0, -4, -1, -1]
05-26 19:35:00.259  5591  5591 D BYDAutoYunDevice: postEvent device_type: 1034, event_type =99000021, value = [0, 0, 0, -116, 0, 1, 89, -19, 21, -110, 0, 32, 0, 0, -80, 2, 45, 32]
05-26 19:35:00.259  5591  5591 D BYDAutoYunDevice: postEvent device_type: 1034, event_type =99000021, value = [0, 0, 2, 111, 0, 0, 89, -19, 21, -109, -1, -1, 63, -126, 1, 19, 48, -4]
05-26 19:35:00.271  5591  5591 D BYDAutoSensorDevice: postEvent device_type: 1043, event_type =22300008, value = 808
05-26 19:35:00.275  5591  5591 D BYDAutoYunDevice: postEvent device_type: 1034, event_type =99000021, value = [0, 0, 2, -108, 0, 0, 89, -19, 21, -92, 85, 0, 86, 3, 76, 34, 9, -38]
05-26 19:35:00.277  5591  5591 D BYDAutoYunDevice: postEvent device_type: 1034, event_type =99000021, value = [0, 0, 2, -108, 0, 2, 89, -19, 21, -92, 85, 0, 86, 3, 76, 34, 9, -38]
05-26 19:35:00.277  5591  5591 D BYDAutoSensorDevice: postEvent device_type: 1043, event_type =3ff00036, value = 2280
05-26 19:35:00.278  5591  5591 D BYDAutoYunDevice: postEvent device_type: 1034, event_type =99000021, value = [0, 0, 0, -116, 0, 1, 89, -19, 21, -90, 0, 48, 0, 0, -80, 2, 29, 48]
05-26 19:35:00.296  5591  5591 D BYDAutoYunDevice: postEvent device_type: 1034, event_type =99000021, value = [0, 0, 3, 71, 0, 0, 89, -19, 21, -74, 3, 0, 0, 57, 1, -1, -1, -60]
05-26 19:35:00.301  5591  5591 D BYDAutoYunDevice: postEvent device_type: 1034, event_type =99000021, value = [0, 0, 4, 7, 0, 0, 89, -19, 21, -72, 85, -106, 24, 16, -11, -107, 34, -126]
05-26 19:35:00.305  5591  5591 D BYDAutoYunDevice: postEvent device_type: 1034, event_type =99000021, value = [0, 0, 0, -116, 0, 1, 89, -19, 21, -70, 0, 64, 0, 0, -80, 2, 13, 64]
05-26 19:35:00.305  5591  5591 D BYDAutoYunDevice: postEvent device_type: 1034, event_type =99000021, value = [0, 0, 1, 45, 0, 0, 89, -19, 21, -69, -96, 40, 0, 34, 12, 49, -65, 25]
05-26 19:35:00.305  5591  5591 D BYDAutoYunDevice: postEvent device_type: 1034, event_type =99000021, value = [0, 0, 2, -64, 0, 0, 89, -19, 21, -65, 0, 16, 10, 0, 0, 0, 95, -122]
05-26 19:35:00.309  5591  5591 D BYDAutoYunDevice: postEvent device_type: 1034, event_type =99000021, value = [0, 0, 2, 111, 0, 0, 89, -19, 21, -57, -1, -1, 63, -126, 1, 19, 64, -20]
05-26 19:35:00.312  5591  5591 D BYDAutoSensorDevice: postEvent device_type: 1043, event_type =3bd00148, value = 2280
05-26 19:35:00.313  5591  5591 D BYDAutoSensorDevice: postEvent device_type: 1043, event_type =3bd00158, value = 552
05-26 19:35:00.315  5591  5591 D BYDAutoYunDevice: postEvent device_type: 1034, event_type =99000021, value = [0, 0, 3, 30, 0, 0, 89, -19, 21, -51, 19, 8, 0, 0, -96, 0, 0, 68]
05-26 19:35:00.316  5591  5591 D BYDAutoYunDevice: postEvent device_type: 1034, event_type =99000021, value = [0, 0, 0, -116, 0, 1, 89, -19, 21, -50, 0, 80, 0, 0, -80, 2, -3, 80]
05-26 19:35:00.316  5591  5591 D BYDAutoYunDevice: postEvent device_type: 1034, event_type =99000021, value = [0, 0, 4, -21, 6, 0, 89, -19, 21, -48, 6, -102, 0, 64, 63, 0, 0, 2]
05-26 19:35:00.318  5591  5591 D BYDAutoYunDevice: postEvent device_type: 1034, event_type =99000021, value = [0, 0, 1, 68, 0, 0, 89, -19, 21, -45, 0, -3, -1, -24, -45, -126, 32, -90]
05-26 19:35:00.325  5591  5591 D BYDAutoYunDevice: postEvent device_type: 1034, event_type =99000021, value = [0, 0, 4, 69, 0, 2, 89, -19, 21, -43, 23, -92, -1, -1, 0, 32, 78, -40]
05-26 19:35:00.325  5591  5591 D BYDAutoYunDevice: postEvent device_type: 1034, event_type =99000021, value = [0, 0, 2, -108, 0, 0, 89, -19, 21, -42, 85, 0, 86, 3, 76, 34, 10, -39]
05-26 19:35:00.326  5591  5591 D BYDAutoYunDevice: postEvent device_type: 1034, event_type =99000021, value = [0, 0, 2, -108, 0, 2, 89, -19, 21, -42, 85, 0, 86, 3, 76, 34, 10, -39]
05-26 19:35:00.326  5591  5591 D BYDAutoYunDevice: postEvent device_type: 1034, event_type =99000021, value = [0, 0, 4, -91, 8, 0, 89, -19, 21, -40, 8, -1, -1, -65, 1, 0, 28, 0]
05-26 19:35:00.339  5591  5591 D BYDAutoYunDevice: postEvent device_type: 1034, event_type =99000021, value = [0, 0, 0, -116, 0, 1, 89, -19, 21, -30, 0, 96, 0, 0, -80, 2, -19, 96]
05-26 19:35:00.348  5591  5591 D BYDAutoYunDevice: postEvent device_type: 1034, event_type =99000021, value = [0, 0, 1, 45, 0, 0, 89, -19, 21, -19, -96, 40, 0, 34, 12, 49, -49, 9]
05-26 19:35:00.370  5591  5591 D BYDAutoStatisticDevice: postEvent device_type: 1014, event_type =44a00020, value = 5009
05-26 19:35:00.370  5591  5591 D BYDAutoYunDevice: postEvent device_type: 1034, event_type =99000021, value = [0, 0, 3, -39, 7, 0, 89, -19, 21, -12, 7, -1, -1, -1, -49, 1, -1, -1]
05-26 19:35:00.370  5591  5591 D BYDAutoYunDevice: postEvent device_type: 1034, event_type =99000021, value = [0, 0, 3, -39, 7, 2, 89, -19, 21, -12, 7, -1, -1, -1, -49, 1, -1, -1]
05-26 19:35:00.370  5591  5591 D BYDAutoYunDevice: postEvent device_type: 1034, event_type =99000021, value = [0, 0, 0, -116, 0, 1, 89, -19, 21, -10, 0, 112, 0, 0, -80, 2, -35, 112]
05-26 19:35:00.370  5591  5591 D BYDAutoYunDevice: postEvent device_type: 1034, event_type =99000021, value = [0, 0, 2, 111, 0, 0, 89, -19, 21, -7, -1, -1, 63, -126, 1, 19, 80, -36]
05-26 19:35:00.375  5591  5591 D BYDAutoYunDevice: postEvent device_type: 1034, event_type =99000021, value = [0, 0, 2, -108, 0, 0, 89, -19, 22, 8, 85, 0, 86, 3, 76, 34, 11, -40]
05-26 19:35:00.375  5591  5591 D BYDAutoYunDevice: postEvent device_type: 1034, event_type =99000021, value = [0, 0, 2, -108, 0, 2, 89, -19, 22, 8, 85, 0, 86, 3, 76, 34, 11, -40]
05-26 19:35:00.383  5591  5591 D BYDAutoYunDevice: postEvent device_type: 1034, event_type =99000021, value = [0, 0, 0, -116, 0, 1, 89, -19, 22, 10, 0, -128, 0, 0, -80, 2, -51, -128]
05-26 19:35:00.384  5591  5591 D BYDAutoYunDevice: postEvent device_type: 1034, event_type =99000021, value = [0, 0, 4, 51, 0, 0, 89, -19, 22, 18, 85, -123, -107, -42, 89, 3, -128, 0]
05-26 19:35:00.397  5591  5591 D BYDAutoYunDevice: postEvent device_type: 1034, event_type =99000021, value = [0, 0, 3, 71, 0, 0, 89, -19, 22, 26, 3, 0, 0, 57, 1, -1, -1, -60]
05-26 19:35:00.402  5591  5591 D BYDAutoYunDevice: postEvent device_type: 1034, event_type =99000021, value = [0, 0, 0, -116, 0, 1, 89, -19, 22, 30, 0, -112, 0, 0, -80, 2, -67, -112]
05-26 19:35:00.402  5591  5591 D BYDAutoYunDevice: postEvent device_type: 1034, event_type =99000021, value = [0, 0, 1, 45, 0, 0, 89, -19, 22, 31, -96, 40, 0, 34, 12, 49, -33, -7]
05-26 19:35:00.410  5591  5591 D BYDAutoYunDevice: postEvent device_type: 1034, event_type =99000021, value = [0, 0, 2, 111, 0, 0, 89, -19, 22, 43, -1, -1, 63, -126, 1, 19, 96, -52]
05-26 19:35:00.416  5591  5591 D BYDAutoYunDevice: postEvent device_type: 1034, event_type =99000021, value = [0, 0, 3, -120, 0, 0, 89, -19, 22, 50, 0, 0, 12, 0, 15, 0, 102, 0]
05-26 19:35:00.417  5591  5591 D BYDAutoYunDevice: postEvent device_type: 1034, event_type =99000021, value = [0, 0, 0, -116, 0, 1, 89, -19, 22, 50, 0, -96, 0, 0, -80, 2, -83, -96]
05-26 19:35:00.417  5591  5591 D BYDAutoYunDevice: postEvent device_type: 1034, event_type =99000021, value = [0, 0, 4, 39, 5, 0, 89, -19, 22, 51, 5, -4, 0, 0, 0, 0, 0, -1]
05-26 19:35:00.426  5591  5591 D BYDAutoYunDevice: postEvent device_type: 1034, event_type =99000021, value = [0, 0, 2, -108, 0, 0, 89, -19, 22, 60, 85, 0, 86, 3, 76, 34, 12, -41]
05-26 19:35:00.427  5591  5591 D BYDAutoYunDevice: postEvent device_type: 1034, event_type =99000021, value = [0, 0, 2, -108, 0, 2, 89, -19, 22, 60, 85, 0, 86, 3, 76, 34, 12, -41]
05-26 19:35:00.429  3546  8586 D AbsBYDAutoDevice: set featureIDs is int[]: [6dc00826, 6dc00810, 6dc00818, 6dc00808, 6dc00827, ] intArrayValue is int[]: [1, 50e, 1, 67, 0, ]
05-26 19:35:00.431  5591  5591 D BYDAutoYunDevice: postEvent device_type: 1034, event_type =99000021, value = [0, 0, 3, -38, 0, 0, 89, -19, 22, 63, 2, -112, 5, -96, 0, 10, 0, -16]
05-26 19:35:00.433  5591  5591 D BYDAutoStatisticDevice: postEvent device_type: 1014, event_type =34500018, value = 2463
05-26 19:35:00.438  5591  5591 D BYDAutoYunDevice: postEvent device_type: 1034, event_type =99000021, value = [0, 0, 4, 70, 0, 2, 89, -19, 22, 68, 23, -9, 12, 65, 25, -1, 12, -128]
05-26 19:35:00.438  5591  5591 D BYDAutoYunDevice: postEvent device_type: 1034, event_type =99000021, value = [0, 0, 0, -116, 0, 1, 89, -19, 22, 70, 0, -80, 0, 0, -80, 2, -99, -80]
05-26 19:35:00.441  5591  5591 D BYDAutoYunDevice: postEvent device_type: 1034, event_type =99000021, value = [0, 0, 4, 68, 0, 2, 89, -19, 22, 74, 20, 2, -112, 19, 97, 63, -92, 2]
05-26 19:35:00.448  5591  5591 D BYDAutoYunDevice: postEvent device_type: 1034, event_type =99000021, value = [0, 0, 1, 45, 0, 0, 89, -19, 22, 81, -96, 40, 0, 34, 12, 49, -17, -23]
05-26 19:35:00.452  5591  5591 D BYDAutoStatisticDevice: postEvent device_type: 1014, event_type =44a00020, value = 5008
05-26 19:35:00.461  5591  5591 D BYDAutoYunDevice: postEvent device_type: 1034, event_type =99000021, value = [0, 0, 0, -116, 0, 1, 89, -19, 22, 90, 0, -64, 0, 0, -80, 2, -115, -64]
05-26 19:35:00.462  5591  5591 D BYDAutoSettingDevice: postEvent device_type: 1023, event_type =42f00037, value = 1
05-26 19:35:00.462  5591  5591 D BYDAutoYunDevice: postEvent device_type: 1034, event_type =99000021, value = [0, 0, 2, 111, 0, 0, 89, -19, 22, 93, -1, -1, 63, -126, 1, 19, 112, -68]
05-26 19:35:00.465  5591  5591 D BYDAutoYunDevice: postEvent device_type: 1034, event_type =99000021, value = [0, 0, 3, -39, 4, 0, 89, -19, 22, 99, 4, 105, -15, -1, -1, 55, 18, 125]
05-26 19:35:00.467  5591  5591 D BYDAutoYunDevice: postEvent device_type: 1034, event_type =99000021, value = [0, 0, 3, -39, 4, 2, 89, -19, 22, 99, 4, 105, -15, -1, -1, 55, 18, 125]
05-26 19:35:00.469  5591  5591 D BYDAutoYunDevice: postEvent device_type: 1034, event_type =99000021, value = [0, 0, 1, 33, 0, 1, 89, -19, 22, 99, 0, 0, 0, -112, -27, 5, -104, -19]
