10:40:21.347	I	YandexNotif	listener connected
10:40:21.381	I	YA11Y	connected
10:40:21.494	I	YandexNotif	posted icon=notifications_app_logo m=0(NONE) d=11m road='Камера контроля скорости' eta=0s maps=true
10:40:22.455	I	YandexNotif	posted icon=notifications_app_logo m=0(NONE) d=3m road='Камера контроля скорости' eta=0s maps=true
10:40:23.427	I	!YNDX	=== YANDEX NAVI ON ===
10:40:23.449	I	FGS	created
10:40:23.454	I	SIPBR	bind server rc=true attempt=#0
10:40:23.460	I	SIPBR	server connected ComponentInfo{com.ts.car.someip.service/com.ts.car.someip.service.manager.SomeIpServerService}
10:40:23.492	I	YandexNotif	posted icon=notifications_app_logo m=17(ROUNDABOUT_IN) d=410m road='круговое движение' eta=0s maps=true
10:40:23.660	I	SIPBR	registerCallback rc=0
10:40:23.669	I	SIPBR	startService(0xb010a00010000) rc=0
10:40:23.671	I	FGS	startService rc=0
10:40:23.673	I	LOOP	started @ 1000ms tagIdx=0 gaode=true
10:40:24.510	I	YandexNotif	posted icon=notifications_app_logo m=17(ROUNDABOUT_IN) d=390m road='круговое движение' eta=0s maps=true
10:40:25.535	I	YandexNotif	posted icon=notifications_app_logo m=17(ROUNDABOUT_IN) d=370m road='круговое движение' eta=0s maps=true
10:40:26.531	I	YandexNotif	posted icon=notifications_app_logo m=17(ROUNDABOUT_IN) d=360m road='круговое движение' eta=0s maps=true
10:40:28.733	I	YandexNotif	posted icon=notifications_app_logo m=17(ROUNDABOUT_IN) d=350m road='круговое движение' eta=0s maps=true
10:40:32.241	I	YandexNotif	posted icon=notifications_app_logo m=17(ROUNDABOUT_IN) d=340m road='круговое движение' eta=0s maps=true
10:40:32.785	I	LOOP	tick #10 rc=0 m=11(GAODE) tag=f28 pk d=340
10:40:35.703	I	YandexNotif	posted icon=notifications_app_logo m=17(ROUNDABOUT_IN) d=330m road='круговое движение' eta=0s maps=true
10:40:37.733	I	YandexNotif	posted icon=notifications_app_logo m=17(ROUNDABOUT_IN) d=320m road='круговое движение' eta=0s maps=true
10:40:38.752	I	YandexNotif	posted icon=notifications_app_logo m=17(ROUNDABOUT_IN) d=300m road='круговое движение' eta=0s maps=true
10:40:39.771	I	YandexNotif	posted icon=notifications_app_logo m=17(ROUNDABOUT_IN) d=240m road='круговое движение' eta=0s maps=true
10:40:40.781	I	YandexNotif	posted icon=notifications_app_logo m=17(ROUNDABOUT_IN) d=170m road='круговое движение' eta=0s maps=true
10:40:41.824	I	YandexNotif	posted icon=notifications_app_logo m=17(ROUNDABOUT_IN) d=120m road='круговое движение' eta=0s maps=true
10:40:42.839	I	YandexNotif	posted icon=notifications_app_logo m=17(ROUNDABOUT_IN) d=100m road='круговое движение' eta=0s maps=true
10:40:42.894	I	LOOP	tick #20 rc=0 m=11(GAODE) tag=f28 pk d=100
10:40:43.852	I	YandexNotif	posted icon=notifications_app_logo m=17(ROUNDABOUT_IN) d=140m road='круговое движение' eta=0s maps=true
10:40:44.988	I	YandexNotif	posted icon=notifications_app_logo m=17(ROUNDABOUT_IN) d=130m road='круговое движение' eta=0s maps=true
10:40:52.992	I	LOOP	tick #30 rc=0 m=11(GAODE) tag=f28 pk d=130
10:41:03.114	I	LOOP	tick #40 rc=0 m=11(GAODE) tag=f28 pk d=130
10:41:13.220	I	LOOP	tick #50 rc=0 m=11(GAODE) tag=f28 pk d=130
10:41:13.997	I	YandexNotif	posted icon=notifications_app_logo m=17(ROUNDABOUT_IN) d=120m road='круговое движение' eta=0s maps=true
10:41:15.007	I	YandexNotif	posted icon=notifications_app_logo m=17(ROUNDABOUT_IN) d=110m road='круговое движение' eta=0s maps=true
10:41:16.027	I	YandexNotif	posted icon=notifications_app_logo m=17(ROUNDABOUT_IN) d=60m road='круговое движение' eta=0s maps=true
10:41:17.041	I	YandexNotif	posted icon=notifications_app_logo m=0(NONE) d=140m road='проспект Юрия Гагарина' eta=0s maps=true
10:41:18.063	I	YandexNotif	posted icon=notifications_app_logo m=0(NONE) d=90m road='проспект Юрия Гагарина' eta=0s maps=true
10:41:19.104	I	YandexNotif	posted icon=notifications_app_logo m=0(NONE) d=60m road='проспект Юрия Гагарина' eta=0s maps=true
10:41:20.111	I	YandexNotif	posted icon=notifications_app_logo m=0(NONE) d=40m road='проспект Юрия Гагарина' eta=0s maps=true
10:41:21.120	I	YandexNotif	posted icon=notifications_app_logo m=0(NONE) d=30m road='проспект Юрия Гагарина' eta=0s maps=true
10:41:22.846	I	YandexNotif	posted icon=notifications_app_logo m=0(NONE) d=20m road='проспект Юрия Гагарина' eta=0s maps=true
10:41:23.307	I	LOOP	tick #60 rc=0 m=11(GAODE) tag=f28 pk d=20
10:41:23.972	I	YandexNotif	posted icon=notifications_app_logo m=0(NONE) d=10m road='проспект Юрия Гагарина' eta=0s maps=true
10:41:25.096	I	YandexNotif	posted icon=notifications_app_logo m=0(NONE) d=10m road='проспект Юрия Гагарина' eta=0s maps=true
10:41:26.136	I	YandexNotif	posted icon=notifications_app_logo m=0(NONE) d=50m road='проспект Юрия Гагарина' eta=0s maps=true
10:41:27.139	I	YandexNotif	posted icon=notifications_app_logo m=0(NONE) d=40m road='проспект Юрия Гагарина' eta=0s maps=true
10:41:28.402	I	YandexNotif	posted icon=notifications_app_logo m=0(NONE) d=30m road='проспект Юрия Гагарина' eta=0s maps=true
10:41:29.892	I	YandexNotif	posted icon=notifications_app_logo m=0(NONE) d=20m road='проспект Юрия Гагарина' eta=0s maps=true
10:41:31.356	I	YandexNotif	posted icon=notifications_app_logo m=0(NONE) d=10m road='проспект Юрия Гагарина' eta=0s maps=true
10:41:32.900	I	YandexNotif	posted icon=notifications_app_logo m=0(NONE) d=10m road='проспект Юрия Гагарина' eta=0s maps=true
10:41:33.406	I	LOOP	tick #70 rc=0 m=11(GAODE) tag=f28 pk d=10
10:41:34.406	I	YandexNotif	posted icon=notifications_app_logo m=0(NONE) d=120m road='улица Надежды Островской' eta=0s maps=true
10:41:41.258	I	YandexNotif	posted icon=notifications_app_logo m=0(NONE) d=60m road='проспект Юрия Гагарина' eta=0s maps=true
10:41:43.495	I	LOOP	tick #80 rc=0 m=11(GAODE) tag=f28 pk d=60
10:41:43.737	I	YandexNotif	posted icon=notifications_app_logo m=0(NONE) d=50m road='проспект Юрия Гагарина' eta=0s maps=true
10:41:44.794	I	YandexNotif	posted icon=notifications_app_logo m=0(NONE) d=40m road='проспект Юрия Гагарина' eta=0s maps=true
10:41:45.773	I	YandexNotif	posted icon=notifications_app_logo m=0(NONE) d=10m road='проспект Юрия Гагарина' eta=0s maps=true
10:41:46.802	I	YandexNotif	posted icon=notifications_app_logo m=0(NONE) d=50m road='улица Надежды Островской' eta=0s maps=true
10:41:47.832	I	YandexNotif	posted icon=notifications_app_logo m=2(LEFT) d=70m road='налево' eta=0s maps=true
10:41:53.578	I	LOOP	tick #90 rc=0 m=11(GAODE) tag=f28 pk d=70
10:41:57.585	I	YandexNotif	posted icon=notifications_app_logo m=2(LEFT) d=60m road='налево' eta=0s maps=true
10:41:58.639	I	YandexNotif	posted icon=notifications_app_logo m=2(LEFT) d=30m road='налево' eta=0s maps=true
10:41:59.646	I	YandexNotif	posted icon=notifications_app_logo m=0(NONE) d=130m road='До конца маршрута' eta=0s maps=true
10:42:00.658	I	YandexNotif	posted icon=notifications_app_logo m=0(NONE) d=80m road='До конца маршрута' eta=0s maps=true
10:42:01.667	I	YandexNotif	posted icon=notifications_app_logo m=0(NONE) d=40m road='До конца маршрута' eta=0s maps=true
10:42:02.691	I	YandexNotif	posted icon=notifications_app_logo m=0(NONE) d=10m road='До конца маршрута' eta=0s maps=true
10:42:03.651	I	LOOP	tick #100 rc=0 m=11(GAODE) tag=f28 pk d=10
10:42:03.733	I	YandexNotif	posted icon=notifications_app_logo m=0(NONE) d=10m road='До конца маршрута' eta=0s maps=true
10:42:13.735	I	LOOP	tick #110 rc=0 m=11(GAODE) tag=f28 pk d=10
10:42:21.328	I	YandexNotif	posted icon=notifications_app_logo m=0(NONE) d=40m road='До конца маршрута' eta=0s maps=true
10:42:23.138	I	YandexNotif	posted icon=notifications_app_logo m=0(NONE) d=30m road='До конца маршрута' eta=0s maps=true
10:42:23.795	I	LOOP	tick #120 rc=0 m=11(GAODE) tag=f28 pk d=30
10:42:24.929	I	YandexNotif	posted icon=notifications_app_logo m=0(NONE) d=20m road='До конца маршрута' eta=0s maps=true
10:42:26.757	I	YandexNotif	posted icon=notifications_app_logo m=0(NONE) d=10m road='До конца маршрута' eta=0s maps=true
10:42:28.543	I	YandexNotif	posted icon=notifications_app_logo m=0(NONE) d=10m road='До конца маршрута' eta=0s maps=true
10:42:33.867	I	LOOP	tick #130 rc=0 m=11(GAODE) tag=f28 pk d=10
10:42:37.338	I	YandexNotif	posted icon=notifications_app_logo m=0(NONE) d=60m road='До конца маршрута' eta=0s maps=true
10:42:40.497	I	YandexNotif	posted icon=notifications_app_logo m=0(NONE) d=50m road='До конца маршрута' eta=0s maps=true
10:42:43.940	I	LOOP	tick #140 rc=0 m=11(GAODE) tag=f28 pk d=50
10:42:44.897	I	YandexNotif	posted icon=notifications_app_logo m=0(NONE) d=40m road='До конца маршрута' eta=0s maps=true
10:42:46.376	I	YandexNotif	posted icon=notifications_app_logo m=0(NONE) d=30m road='До конца маршрута' eta=0s maps=true
10:42:47.390	I	YandexNotif	posted icon=notifications_app_logo m=0(NONE) d=70m road='До конца маршрута' eta=0s maps=true
10:42:54.008	I	LOOP	tick #150 rc=0 m=11(GAODE) tag=f28 pk d=70
10:42:58.252	I	YA11Y	node d=5 vid=com.android.launcher3:id/home_time cls=android.widget.TextView t='10:42' desc=''
10:42:58.321	I	YA11Y	node d=6 vid=com.android.launcher3:id/home_date cls=android.widget.TextView t='06/06' desc=''
10:42:58.387	I	YA11Y	node d=6 vid=com.android.launcher3:id/home_date_week cls=android.widget.TextView t='Sat' desc=''
10:42:58.475	I	YandexNotif	posted icon=notifications_app_logo m=0(NONE) d=0m road='Навигатор запущен' eta=0s maps=true
10:42:58.823	I	YA11Y	pkg=ru.yandex.yandexmaps m=NONE d=80m road='' eta=60s balloon=true
10:42:59.526	I	YA11Y	pkg=ru.yandex.yandexmaps m=NONE d=80m road='' eta=60s balloon=true
10:43:00.157	I	YA11Y	pkg=ru.yandex.yandexmaps m=NONE d=80m road='' eta=60s balloon=true
10:43:01.329	I	YA11Y	pkg=ru.yandex.yandexmaps m=NONE d=80m road='' eta=60s balloon=true
10:43:01.402	I	YA11Y	pkg=ru.yandex.yandexmaps m=NONE d=80m road='' eta=60s balloon=true
10:43:02.052	I	YandexNotif	removed — debounce 3000ms
10:43:03.316	I	YA11Y	node d=10 vid=ru.yandex.yandexmaps:id/top_notification_title cls=android.widget.TextView t='Можно повысить точность геолокации' desc=''
10:43:03.319	I	YA11Y	node d=14 vid=ru.yandex.yandexmaps:id/control_profile_menu_icon cls=android.widget.ImageView t='' desc='Меню'
10:43:03.325	I	YA11Y	node d=12 vid=ru.yandex.yandexmaps:id/navi_service_controller_service_name cls=android.widget.TextView t='Навигатор' desc=''
10:43:03.328	I	YA11Y	node d=12 vid=ru.yandex.yandexmaps:id/control_traffic cls=android.widget.Button t='' desc='Пробки недоступны'
10:43:03.335	I	YA11Y	node d=12 vid=ru.yandex.yandexmaps:id/control_carparks cls=android.widget.FrameLayout t='' desc='Парковки скрыты'
10:43:03.337	I	YA11Y	node d=14 vid= cls=android.widget.ImageView t='' desc='Добавить дорожное событие'
10:43:03.341	I	YA11Y	node d=14 vid=ru.yandex.yandexmaps:id/control_voice_search_image cls=android.widget.ImageView t='' desc='Голосовой поиск'
10:43:03.343	I	YA11Y	node d=14 vid=ru.yandex.yandexmaps:id/control_zoom_in_touch_zone cls=android.widget.Button t='' desc='Увеличить масштаб'
10:43:03.346	I	YA11Y	node d=14 vid=ru.yandex.yandexmaps:id/control_zoom_out_touch_zone cls=android.widget.Button t='' desc='Уменьшить масштаб'
10:43:03.350	I	YA11Y	node d=14 vid=ru.yandex.yandexmaps:id/control_position_combined_compass cls=android.widget.FrameLayout t='' desc='Кнопка местоположения – режим «Компас»'
10:43:03.352	I	YA11Y	node d=14 vid= cls=android.widget.Button t='' desc='Маршрут'
10:43:03.354	I	YA11Y	node d=14 vid= cls=android.widget.Button t='' desc='Построить маршрут Домой 9 мин'
10:43:03.358	I	YA11Y	node d=16 vid=ru.yandex.yandexmaps:id/suggest_secondary_text cls=android.widget.TextView t='9 мин' desc=''
10:43:03.360	I	YA11Y	node d=17 vid=ru.yandex.yandexmaps:id/view_navi_mini_player_title cls=android.widget.TextView t='ТЫ НЕ ХОТЕЛА' desc=''
10:43:03.364	I	YA11Y	node d=17 vid=ru.yandex.yandexmaps:id/view_navi_mini_player_subtitle cls=android.widget.TextView t='XOLIDAYBOY' desc=''
10:43:04.186	I	LOOP	tick #160 rc=0 m=11(GAODE) tag=f28 pk d=80
10:43:05.344	I	YandexNotif	removed after debounce — deactivating HUD
10:43:08.335	I	YA11Y	nodes=21 first 10:
10:43:08.348	I	YA11Y	node d=10 vid=ru.yandex.yandexmaps:id/top_notification_title cls=android.widget.TextView t='Можно повысить точность геолокации' desc=''
10:43:08.350	I	YA11Y	node d=14 vid=ru.yandex.yandexmaps:id/long_tap_header_title cls=android.widget.TextView t='Точка на карте' desc=''
10:43:08.356	I	YA11Y	node d=15 vid= cls=android.widget.TextView t='Координаты:' desc=''
10:43:08.358	I	YA11Y	node d=16 vid=ru.yandex.yandexmaps:id/coordinates_text cls=android.widget.TextView t='44.589832, 33.488755' desc=''
10:43:08.361	I	YA11Y	node d=13 vid=ru.yandex.yandexmaps:id/close_button cls=android.widget.ImageView t='' desc='Закрыть'
10:43:08.364	I	YA11Y	node d=15 vid= cls=android.widget.TextView t='Панорама улицы' desc=''
10:43:08.368	I	YA11Y	node d=14 vid=ru.yandex.yandexmaps:id/control_profile_menu_icon cls=android.widget.ImageView t='' desc='Меню'
10:43:08.371	I	YA11Y	node d=12 vid=ru.yandex.yandexmaps:id/navi_service_controller_service_name cls=android.widget.TextView t='Навигатор' desc=''
10:43:08.374	I	YA11Y	node d=12 vid=ru.yandex.yandexmaps:id/control_traffic cls=android.widget.Button t='' desc='Пробки недоступны'
10:43:08.376	I	YA11Y	node d=12 vid=ru.yandex.yandexmaps:id/control_carparks cls=android.widget.FrameLayout t='' desc='Парковки скрыты'
10:43:11.497	I	YandexNotif	posted icon=notifications_app_logo m=0(NONE) d=0m road='Навигатор запущен' eta=0s maps=true
10:43:13.922	I	YA11Y	node d=23 vid=ru.yandex.yandexmaps:id/view_navi_mini_player_title cls=android.widget.TextView t='ТЫ НЕ ХОТЕЛА' desc=''
10:43:13.924	I	YA11Y	node d=23 vid=ru.yandex.yandexmaps:id/view_navi_mini_player_subtitle cls=android.widget.TextView t='XOLIDAYBOY' desc=''
10:43:13.926	I	YA11Y	node d=21 vid=ru.yandex.yandexmaps:id/textview_eta_distance cls=android.widget.TextView t='1,5 км' desc=''
10:43:13.929	I	YA11Y	node d=21 vid=ru.yandex.yandexmaps:id/textview_eta_arrival cls=android.widget.TextView t='10:47' desc=''
10:43:13.935	I	YA11Y	node d=21 vid=ru.yandex.yandexmaps:id/textview_eta_time cls=android.widget.TextView t='4 мин' desc=''
10:43:13.937	I	YA11Y	node d=17 vid=ru.yandex.yandexmaps:id/text_maneuverballoon_distance cls=android.widget.TextView t='210' desc=''
10:43:13.939	I	YA11Y	node d=17 vid=ru.yandex.yandexmaps:id/text_maneuverballoon_metrics cls=android.widget.TextView t='м' desc=''
10:43:13.941	I	YA11Y	node d=17 vid=ru.yandex.yandexmaps:id/text_nextstreet cls=android.widget.TextView t='ул. Вакуленчука' desc=''
10:43:13.943	I	YA11Y	node d=17 vid=ru.yandex.yandexmaps:id/text_speed_value cls=android.widget.TextView t='0' desc=''
10:43:13.945	I	YA11Y	node d=17 vid=ru.yandex.yandexmaps:id/text_speedlimit cls=android.widget.TextView t='40' desc=''
10:43:13.950	I	YA11Y	node d=10 vid=ru.yandex.yandexmaps:id/top_notification_title cls=android.widget.TextView t='Можно повысить точность геолокации' desc=''
10:43:13.953	I	YA11Y	pkg=ru.yandex.yandexmaps m=NONE d=210m road='ул. Вакуленчука' eta=240s balloon=true
10:43:14.443	I	YA11Y	pkg=ru.yandex.yandexmaps m=NONE d=210m road='ул. Вакуленчука' eta=240s balloon=true
10:43:15.705	I	YA11Y	pkg=ru.yandex.yandexmaps m=NONE d=210m road='ул. Вакуленчука' eta=240s balloon=true
10:43:17.720	I	YA11Y	pkg=ru.yandex.yandexmaps m=NONE d=210m road='ул. Вакуленчука' eta=240s balloon=true
10:43:18.133	I	YandexNotif	posted icon=notifications_app_logo m=0(NONE) d=200m road='улица Вакуленчука' eta=0s maps=true
10:43:20.342	I	LOOP	tick #170 rc=0 m=11(GAODE) tag=f28 pk d=200
