05-28 16:41:04.194 28423 31078 D CarSettings-VisibleFromSelfLearnUtil: [Thread:CsThreadPool-1-Thread-6][fileInfo:VisibleFromSelfLearnUtil.java(77) readVisibleFromSelfLearn] NavigationVolume readVisibleFromSelfLearn true
05-28 16:41:04.196  3523 30517 D AbsBYDAutoDevice: set featureIDs is int[]: [6dc00826, 6dc00810, 6dc00818, 6dc00808, 6dc00827, ] intArrayValue is int[]: [1, 53, 6, 0, 0, ]
05-28 16:41:04.201 28423 31078 D CarSettings-VisibleFromSelfLearnUtil: [Thread:CsThreadPool-1-Thread-6][fileInfo:VisibleFromSelfLearnUtil.java(77) readVisibleFromSelfLearn] NavigationVolume readVisibleFromSelfLearn true
05-28 16:41:04.201 28423 31078 D CarSettings-VisibleFromSelfLearnUtil: [Thread:CsThreadPool-1-Thread-6][fileInfo:VisibleFromSelfLearnUtil.java(117) updateFunctionIdDb] updateFunctionIdDb FunctionLearnEntity {"function_class_name":"com.byd.vehiclesettings.smartreminder.view.NavigationVolume","function_id":"00601100100000","function_state":0,"id":0,"parent_function_class_name":"com.byd.carsettings.sound.fragment.Di5IviXSoundReminderFragment","parent_function_id":"01000200000000"} Already exists!!!
05-28 16:41:04.202 28423 31078 D CarSettings-HotWordsRegister: [Thread:CsThreadPool-1-Thread-6][fileInfo:HotWordsRegister.java(56) register] register SearchDataEntity SearchDataEntity{声音显示 Sound&Display 智能提醒 Intelligent Reminders 导航音压低媒体音 Navigation tone lowers media tone 00601100100000 0} Already exists!!!
05-28 16:41:04.204 28423 31078 E AbsBYDAutoDevice: AbsBYDAutoDevice construct enter
05-28 16:41:04.204 28423 31078 E AbsBYDAutoDevice: AbsBYDAutoDevice construct exit
05-28 16:41:04.206 28423 31078 D AbsBYDAutoDevice: int eventTypes is b230000d
05-28 16:41:04.207 28423 31078 D AbsBYDAutoDevice: int eventTypes is b230000d
05-28 16:41:04.210 28423 31078 D AbsBYDAutoDevice: int eventTypes is 4fd00040
05-28 16:41:04.212 28423 31078 D AbsBYDAutoDevice: int eventTypes is 4fd00040
05-28 16:41:04.213 28423 31078 D AbsBYDAutoDevice: int eventTypes is 35201025
05-28 16:41:04.215 28423 31078 D AbsBYDAutoDevice: byte[] eventTypes is 99000194
05-28 16:41:04.221 28423 31078 D AbsBYDAutoDevice: int eventTypes is 47a01010
05-28 16:41:04.222 28423 31078 D CarSettings-HalGetter: [Thread:CsThreadPool-1-Thread-6][fileInfo:HalGetter.java(175) logEcuInfo] getEcu2BYDAuto IBYDAutoDevice : BYDAutoSettingDevice FeatureId : 47A01010 Id : 47A SubId : 1 position : 2.0 returnIntValue : 0
05-28 16:41:04.226 28423 31078 D AbsBYDAutoDevice: int eventTypes is 27800008
05-28 16:41:04.226 28423 31078 D CarSettings-HalGetter: [Thread:CsThreadPool-1-Thread-6][fileInfo:HalGetter.java(175) logEcuInfo] getEcu2BYDAuto IBYDAutoDevice : BYDAutoSettingDevice FeatureId : 27800008 Id : 278 SubId : 0 position : 1.0 returnIntValue : 0
05-28 16:41:04.246 28423 31078 D BYDAutoSettingDevice: hasFeature: If has the feature(RearACPanelAutoLockTime): 4
05-28 16:41:04.251 28423 31078 D AbsBYDAutoDevice: int eventTypes is 4640703c
05-28 16:41:04.254 28423 31078 D AbsBYDAutoDevice: int eventTypes is 40c06018
05-28 16:41:04.254 28423 31078 D CarSettings-HalGetter: [Thread:CsThreadPool-1-Thread-6][fileInfo:HalGetter.java(175) logEcuInfo] getEcu2BYDAuto IBYDAutoDevice : BYDAutoInstrumentDevice FeatureId : 40C06018 Id : 40C SubId : 6 position : 3.0 returnIntValue : 2
05-28 16:41:04.254 28423 31078 E AbsBYDAutoDevice: AbsBYDAutoDevice construct enter
05-28 16:41:04.254 28423 31078 E AbsBYDAutoDevice: AbsBYDAutoDevice construct exit
05-28 16:41:04.255 28423 31078 D AbsBYDAutoDevice: byte[] eventTypes is 99000152
05-28 16:41:04.261 28423 31078 D AbsBYDAutoDevice: int eventTypes is 34700020
05-28 16:41:04.262 28423 31078 D CarSettings-HalGetter: [Thread:CsThreadPool-1-Thread-6][fileInfo:HalGetter.java(175) logEcuInfo] getEcu2BYDAuto IBYDAutoDevice : BYDAutoSettingDevice FeatureId : 34700020 Id : 347 SubId : 0 position : 4.0 returnIntValue : 1
05-28 16:41:04.262 28423 31078 D CarSettings-MileageDisplayStandard: [Thread:CsThreadPool-1-Thread-6][fileInfo:MileageDisplayStandard.java(56) readVisibleFromSelfLearn] readVisibleFromSelfLearn: mcuState is 1
05-28 16:41:04.262 28423 31078 D CarSettings-MileageDisplayStandard: [Thread:CsThreadPool-1-Thread-6][fileInfo:MileageDisplayStandard.java(58) readVisibleFromSelfLearn] readVisibleFromSelfLearn visible :false
05-28 16:41:04.262 28423 31078 D CarSettings-VisibleFromSelfLearnUtil: [Thread:CsThreadPool-1-Thread-6][fileInfo:VisibleFromSelfLearnUtil.java(77) readVisibleFromSelfLearn] MileageDisplayStandard readVisibleFromSelfLearn false
05-28 16:41:04.262 28423 31078 D CarSettings-VisibleFromSelfLearnUtil: [Thread:CsThreadPool-1-Thread-6][fileInfo:VisibleFromSelfLearnUtil.java(117) updateFunctionIdDb] updateFunctionIdDb FunctionLearnEntity {"function_class_name":"com.byd.newenergy.energy.view.MileageDisplayStandard","function_id":"00500100080000","function_state":1,"id":0,"parent_function_class_name":"com.byd.carsettings.display.fragment.Di5IviXDisplayMeterFragment","parent_function_id":"01100200000000"} Already exists!!!
05-28 16:41:04.263 28423 31078 D CarSettings-HotWordsRegister: [Thread:CsThreadPool-1-Thread-6][fileInfo:HotWordsRegister.java(56) register] register SearchDataEntity SearchDataEntity{声音显示 Sound&Display 仪表 Instrument 续航里程显示标准 Range Display Standard 00500100080000 1} Already exists!!!
05-28 16:41:04.264 28423 31078 I CarSettings-McuUiStateEnergyExchangeUtils: [Thread:CsThreadPool-1-Thread-6][fileInfo:McuUiStateEnergyExchangeUtils.java(284) isKeyVisible] value = 1
05-28 16:41:04.275 28423 31078 D AbsBYDAutoDevice: int eventTypes is 38b00015
05-28 16:41:04.275 28423 31078 D CarSettings-HalGetter: [Thread:CsThreadPool-1-Thread-6][fileInfo:HalGetter.java(175) logEcuInfo] getEcu2BYDAuto IBYDAutoDevice : BYDAutoSettingDevice FeatureId : 38B00015 Id : 38B SubId : 0 position : 2.5 returnIntValue : 2
05-28 16:41:04.275 28423 31078 I CarSettings-HudFuncVisibleUtils: [Thread:CsThreadPool-1-Thread-6][fileInfo:HudFuncVisibleUtils.java(24) isHudFuncVisible] isHudFuncVisible = true
05-28 16:41:04.275 28423 31078 D CarSettings-VisibleFromSelfLearnUtil: [Thread:CsThreadPool-1-Thread-6][fileInfo:VisibleFromSelfLearnUtil.java(77) readVisibleFromSelfLearn] HudSwitch readVisibleFromSelfLearn true
05-28 16:41:04.276 28423 31078 D CarSettings-VisibleFromSelfLearnUtil: [Thread:CsThreadPool-1-Thread-6][fileInfo:VisibleFromSelfLearnUtil.java(117) updateFunctionIdDb] updateFunctionIdDb FunctionLearnEntity {"function_class_name":"com.byd.vehiclesettings.hud.view.HudSwitch","function_id":"00600400010000","function_state":0,"id":0,"parent_function_class_name":"com.byd.carsettings.display.fragment.Di5IviXDisplayHudFragment","parent_function_id":"01100300000000"} Already exists!!!
05-28 16:41:04.277 28423 31078 D CarSettings-HotWordsRegister: [Thread:CsThreadPool-1-Thread-6][fileInfo:HotWordsRegister.java(56) register] register SearchDataEntity SearchDataEntity{声音显示 Sound&Display 抬头显示 HUD 抬头显示 HUD 00600400010000 0} Already exists!!!
05-28 16:41:04.277 28423 31078 D AbsBYDAutoDevice: int eventTypes is 38b00015
05-28 16:41:04.277 28423 31078 D CarSettings-HalGetter: [Thread:CsThreadPool-1-Thread-6][fileInfo:HalGetter.java(175) logEcuInfo] getEcu2BYDAuto IBYDAutoDevice : BYDAutoSettingDevice FeatureId : 38B00015 Id : 38B SubId : 0 position : 2.5 returnIntValue : 2
05-28 16:41:04.277 28423 31078 I CarSettings-HudFuncVisibleUtils: [Thread:CsThreadPool-1-Thread-6][fileInfo:HudFuncVisibleUtils.java(24) isHudFuncVisible] isHudFuncVisible = true
05-28 16:41:04.277 28423 31078 D CarSettings-VisibleFromSelfLearnUtil: [Thread:CsThreadPool-1-Thread-6][fileInfo:VisibleFromSelfLearnUtil.java(77) readVisibleFromSelfLearn] HudThemeMode readVisibleFromSelfLearn true
05-28 16:41:04.278 28423 31078 D CarSettings-VisibleFromSelfLearnUtil: [Thread:CsThreadPool-1-Thread-6][fileInfo:VisibleFromSelfLearnUtil.java(117) updateFunctionIdDb] updateFunctionIdDb FunctionLearnEntity {"function_class_name":"com.byd.vehiclesettings.hud.view.HudThemeMode","function_id":"00600400030000","function_state":0,"id":0,"parent_function_class_name":"com.byd.carsettings.display.fragment.Di5IviXDisplayHudFragment","parent_function_id":"01100300000000"} Already exists!!!
05-28 16:41:04.279 28423 31078 D AbsBYDAutoDevice: int eventTypes is 38b00015
05-28 16:41:04.279 28423 31078 D CarSettings-HalGetter: [Thread:CsThreadPool-1-Thread-6][fileInfo:HalGetter.java(175) logEcuInfo] getEcu2BYDAuto IBYDAutoDevice : BYDAutoSettingDevice FeatureId : 38B00015 Id : 38B SubId : 0 position : 2.5 returnIntValue : 2
05-28 16:41:04.281 28423 31078 D CarSettings-HotWordsRegister: [Thread:CsThreadPool-1-Thread-6][fileInfo:HotWordsRegister.java(56) register] register SearchDataEntity SearchDataEntity{声音显示 Sound&Display 抬头显示 HUD 主题切换 Themes 00600400030000 0} Already exists!!!
05-28 16:41:04.282 28423 31078 D AbsBYDAutoDevice: int eventTypes is 38b00024
05-28 16:41:04.282 28423 31078 D CarSettings-HalGetter: [Thread:CsThreadPool-1-Thread-6][fileInfo:HalGetter.java(175) logEcuInfo] getEcu2BYDAuto IBYDAutoDevice : BYDAutoSettingDevice FeatureId : 38B00024 Id : 38B SubId : 0 position : 4.4 returnIntValue : 1
05-28 16:41:04.284 28423 31078 D AbsBYDAutoDevice: int eventTypes is 38b00015
05-28 16:41:04.284 28423 31078 D CarSettings-HalGetter: [Thread:CsThreadPool-1-Thread-6][fileInfo:HalGetter.java(175) logEcuInfo] getEcu2BYDAuto IBYDAutoDevice : BYDAutoSettingDevice FeatureId : 38B00015 Id : 38B SubId : 0 position : 2.5 returnIntValue : 2
05-28 16:41:04.285 28423 31078 I CarSettings-HudFuncVisibleUtils: [Thread:CsThreadPool-1-Thread-6][fileInfo:HudFuncVisibleUtils.java(84) isModeChangeVisible] isRotateVisible mcuState = 1 visible = true
05-28 16:41:04.285 28423 31078 D CarSettings-VisibleFromSelfLearnUtil: [Thread:CsThreadPool-1-Thread-6][fileInfo:VisibleFromSelfLearnUtil.java(77) readVisibleFromSelfLearn] HudModeChangeSetup readVisibleFromSelfLearn true
05-28 16:41:04.285 28423 31078 D CarSettings-VisibleFromSelfLearnUtil: [Thread:CsThreadPool-1-Thread-6][fileInfo:VisibleFromSelfLearnUtil.java(117) updateFunctionIdDb] updateFunctionIdDb FunctionLearnEntity {"function_class_name":"com.byd.vehiclesettings.hud.view.HudModeChangeSetup","function_id":"00600400080000","function_state":0,"id":0,"parent_function_class_name":"com.byd.carsettings.display.fragment.Di5IviXDisplayHudFragment","parent_function_id":"01100300000000"} Already exists!!!
05-28 16:41:04.286 28423 31078 D CarSettings-HotWordsRegister: [Thread:CsThreadPool-1-Thread-6][fileInfo:HotWordsRegister.java(56) register] register SearchDataEntity SearchDataEntity{声音显示 Sound&Display 抬头显示 HUD 模式切换 Modes 00600400080000 0} Already exists!!!
05-28 16:41:04.287 28423 31078 D AbsBYDAutoDevice: int eventTypes is 38b00010
05-28 16:41:04.287 28423 31078 D CarSettings-HalGetter: [Thread:CsThreadPool-1-Thread-6][fileInfo:HalGetter.java(175) logEcuInfo] getEcu2BYDAuto IBYDAutoDevice : BYDAutoSettingDevice FeatureId : 38B00010 Id : 38B SubId : 0 position : 2.0 returnIntValue : 10
05-28 16:41:04.290 28423 31078 D AbsBYDAutoDevice: int eventTypes is 38b00015
05-28 16:41:04.290 28423 31078 D CarSettings-HalGetter: [Thread:CsThreadPool-1-Thread-6][fileInfo:HalGetter.java(175) logEcuInfo] getEcu2BYDAuto IBYDAutoDevice : BYDAutoSettingDevice FeatureId : 38B00015 Id : 38B SubId : 0 position : 2.5 returnIntValue : 2
05-28 16:41:04.290 28423 31078 I CarSettings-HudFuncVisibleUtils: [Thread:CsThreadPool-1-Thread-6][fileInfo:HudFuncVisibleUtils.java(24) isHudFuncVisible] isHudFuncVisible = true
05-28 16:41:04.290 28423 31078 I CarSettings-HudFuncVisibleUtils: [Thread:CsThreadPool-1-Thread-6][fileInfo:HudFuncVisibleUtils.java(44) isBrightnessVisible] isBrightnessVisible mcuState = 10 visible = true
05-28 16:41:04.290 28423 31078 D CarSettings-VisibleFromSelfLearnUtil: [Thread:CsThreadPool-1-Thread-6][fileInfo:VisibleFromSelfLearnUtil.java(77) readVisibleFromSelfLearn] HudBrightnessAdjust readVisibleFromSelfLearn true
05-28 16:41:04.291 28423 31078 D CarSettings-VisibleFromSelfLearnUtil: [Thread:CsThreadPool-1-Thread-6][fileInfo:VisibleFromSelfLearnUtil.java(117) updateFunctionIdDb] updateFunctionIdDb FunctionLearnEntity {"function_class_name":"com.byd.vehiclesettings.hud.view.HudBrightnessAdjust","function_id":"00600400060000","function_state":0,"id":0,"parent_function_class_name":"com.byd.carsettings.display.fragment.Di5IviXDisplayHudFragment","parent_function_id":"01100300000000"} Already exists!!!
05-28 16:41:04.292 28423 31078 D CarSettings-HotWordsRegister: [Thread:CsThreadPool-1-Thread-6][fileInfo:HotWordsRegister.java(56) register] register SearchDataEntity SearchDataEntity{声音显示 Sound&Display 抬头显示 HUD 亮度 Brightness 00600400060000 0} Already exists!!!
05-28 16:41:04.292 28423 31078 E CarControlServer-FileUtils: [Thread:CsThreadPool-1-Thread-6][fileInfo:FileUtils.java(24) getApiClassName] getApiClassName funId : 00600401500000 className : com.byd.ccs.impl.server.hud.HudAutoAdjustHeight
05-28 16:41:04.293  2473  2511 D AbsBYDAutoDevice: int eventTypes is 3010002c
05-28 16:41:04.293  2473  2511 I CAR.L.CAR_CAR_PROPERTY: [device=BYDAutoSettingDevice,operation=get,features=[806354988],intValue=65535]
05-28 16:41:04.294 28423 31078 D CarControlServer-HudAutoAdjustHeight: [Thread:CsThreadPool-1-Thread-6][fileInfo:HudAutoAdjustHeight.java(49) readSelfLearnState] HudAutoAdjustHeight readVisibleFromSelfLearn flag : 65535
05-28 16:41:04.294 28423 31078 D CarSettings-VisibleFromSelfLearnUtil: [Thread:CsThreadPool-1-Thread-6][fileInfo:VisibleFromSelfLearnUtil.java(77) readVisibleFromSelfLearn] HudHeightAutoAdjust readVisibleFromSelfLearn false
05-28 16:41:04.294 28423 31078 D CarSettings-VisibleFromSelfLearnUtil: [Thread:CsThreadPool-1-Thread-6][fileInfo:VisibleFromSelfLearnUtil.java(117) updateFunctionIdDb] updateFunctionIdDb FunctionLearnEntity {"function_class_name":"com.byd.vehiclesettings.hud.view.HudHeightAutoAdjust","function_id":"00600401500000","function_state":1,"id":0,"parent_function_class_name":"com.byd.carsettings.display.fragment.Di5IviXDisplayHudFragment","parent_function_id":"01100300000000"} Already exists!!!
05-28 16:41:04.295 28423 31078 D CarSettings-HotWordsRegister: [Thread:CsThreadPool-1-Thread-6][fileInfo:HotWordsRegister.java(56) register] register SearchDataEntity SearchDataEntity{声音显示 Sound&Display 抬头显示 HUD 高度自动调节 Automatic Height Adjustment 00600401500000 1} Already exists!!!
05-28 16:41:04.295 28423 31078 D AbsBYDAutoDevice: int eventTypes is 38b00008
05-28 16:41:04.295 28423 31078 D CarSettings-HalGetter: [Thread:CsThreadPool-1-Thread-6][fileInfo:HalGetter.java(175) logEcuInfo] getEcu2BYDAuto IBYDAutoDevice : BYDAutoSettingDevice FeatureId : 38B00008 Id : 38B SubId : 0 position : 1.0 returnIntValue : 11
05-28 16:41:04.296 28423 31078 D AbsBYDAutoDevice: int eventTypes is 38b00015
05-28 16:41:04.296 28423 31078 D CarSettings-HalGetter: [Thread:CsThreadPool-1-Thread-6][fileInfo:HalGetter.java(175) logEcuInfo] getEcu2BYDAuto IBYDAutoDevice : BYDAutoSettingDevice FeatureId : 38B00015 Id : 38B SubId : 0 position : 2.5 returnIntValue : 2
05-28 16:41:04.296 28423 31078 I CarSettings-HudFuncVisibleUtils: [Thread:CsThreadPool-1-Thread-6][fileInfo:HudFuncVisibleUtils.java(24) isHudFuncVisible] isHudFuncVisible = true
05-28 16:41:04.296 28423 31078 I CarSettings-HudFuncVisibleUtils: [Thread:CsThreadPool-1-Thread-6][fileInfo:HudFuncVisibleUtils.java(55) isHeightVisible] isHeightVisible mcuState = 11 visible = true
05-28 16:41:04.296 28423 31078 D CarSettings-VisibleFromSelfLearnUtil: [Thread:CsThreadPool-1-Thread-6][fileInfo:VisibleFromSelfLearnUtil.java(77) readVisibleFromSelfLearn] HudHeightAdjust readVisibleFromSelfLearn true
05-28 16:41:04.296 28423 31078 D CarSettings-VisibleFromSelfLearnUtil: [Thread:CsThreadPool-1-Thread-6][fileInfo:VisibleFromSelfLearnUtil.java(117) updateFunctionIdDb] updateFunctionIdDb FunctionLearnEntity {"function_class_name":"com.byd.vehiclesettings.hud.view.HudHeightAdjust","function_id":"00600400040000","function_state":0,"id":0,"parent_function_class_name":"com.byd.carsettings.display.fragment.Di5IviXDisplayHudFragment","parent_function_id":"01100300000000"} Already exists!!!
05-28 16:41:04.297 28423 31078 D CarSettings-HotWordsRegister: [Thread:CsThreadPool-1-Thread-6][fileInfo:HotWordsRegister.java(56) register] register SearchDataEntity SearchDataEntity{声音显示 Sound&Display 抬头显示 HUD 高度 Height 00600400040000 0} Already exists!!!
05-28 16:41:04.297 28423 31078 D AbsBYDAutoDevice: double eventTypes is 38b00018
05-28 16:41:04.297 28423 31078 D CarSettings-HalGetter: [Thread:CsThreadPool-1-Thread-6][fileInfo:HalGetter.java(175) logEcuInfo] getEcu2BYDAuto IBYDAutoDevice : BYDAutoSettingDevice FeatureId : 38B00018 Id : 38B SubId : 0 position : 3.0 returnIntValue : -1.2
05-28 16:41:04.297 28423 31078 I CarSettings-HudFuncVisibleUtils: [Thread:CsThreadPool-1-Thread-6][fileInfo:HudFuncVisibleUtils.java(63) isRotateVisible] isRotateVisible mcuState = -1.2
05-28 16:41:04.297 28423 31078 D AbsBYDAutoDevice: int eventTypes is 38b00015
05-28 16:41:04.298 28423 31078 D CarSettings-HalGetter: [Thread:CsThreadPool-1-Thread-6][fileInfo:HalGetter.java(175) logEcuInfo] getEcu2BYDAuto IBYDAutoDevice : BYDAutoSettingDevice FeatureId : 38B00015 Id : 38B SubId : 0 position : 2.5 returnIntValue : 2
05-28 16:41:04.298 28423 31078 D AbsBYDAutoDevice: int eventTypes is 38b00015
05-28 16:41:04.298 28423 31078 D CarSettings-HalGetter: [Thread:CsThreadPool-1-Thread-6][fileInfo:HalGetter.java(175) logEcuInfo] getEcu2BYDAuto IBYDAutoDevice : BYDAutoSettingDevice FeatureId : 38B00015 Id : 38B SubId : 0 position : 2.5 returnIntValue : 2
05-28 16:41:04.298 28423 31078 D AbsBYDAutoDevice: int eventTypes is 38b0003b
05-28 16:41:04.298 28423 31078 D CarSettings-HalGetter: [Thread:CsThreadPool-1-Thread-6][fileInfo:HalGetter.java(175) logEcuInfo] getEcu2BYDAuto IBYDAutoDevice : BYDAutoSettingDevice FeatureId : 38B0003B Id : 38B SubId : 0 position : 7.3 returnIntValue : 2
05-28 16:41:04.298 28423 31078 D CarSettings-VisibleFromSelfLearnUtil: [Thread:CsThreadPool-1-Thread-6][fileInfo:VisibleFromSelfLearnUtil.java(77) readVisibleFromSelfLearn] HudRotateAdjust readVisibleFromSelfLearn true
05-28 16:41:04.299 28423 31078 D CarSettings-VisibleFromSelfLearnUtil: [Thread:CsThreadPool-1-Thread-6][fileInfo:VisibleFromSelfLearnUtil.java(117) updateFunctionIdDb] updateFunctionIdDb FunctionLearnEntity {"function_class_name":"com.byd.vehiclesettings.hud.view.HudRotateAdjust","function_id":"00600400050000","function_state":0,"id":0,"parent_function_class_name":"com.byd.carsettings.display.fragment.Di5IviXDisplayHudFragment","parent_function_id":"01100300000000"} Already exists!!!
05-28 16:41:04.300 28423 31078 D CarSettings-HotWordsRegister: [Thread:CsThreadPool-1-Thread-6][fileInfo:HotWordsRegister.java(56) register] register SearchDataEntity SearchDataEntity{声音显示 Sound&Display 抬头显示 HUD 角度 Angle 00600400050000 0} Already exists!!!
05-28 16:41:04.300 28423 31078 D AbsBYDAutoDevice: int eventTypes is 38b0001e
05-28 16:41:04.301 28423 31078 D CarSettings-HalGetter: [Thread:CsThreadPool-1-Thread-6][fileInfo:HalGetter.java(175) logEcuInfo] getEcu2BYDAuto IBYDAutoDevice : BYDAutoSettingDevice FeatureId : 38B0001E Id : 38B SubId : 0 position : 3.6 returnIntValue : 0
05-28 16:41:04.301 28423 31078 D AbsBYDAutoDevice: int eventTypes is 38b00028
05-28 16:41:04.301 28423 31078 D CarSettings-HalGetter: [Thread:CsThreadPool-1-Thread-6][fileInfo:HalGetter.java(175) logEcuInfo] getEcu2BYDAuto IBYDAutoDevice : BYDAutoSettingDevice FeatureId : 38B00028 Id : 38B SubId : 0 position : 5.0 returnIntValue : 0
05-28 16:41:04.301 28423 31078 I CarSettings-HudFuncVisibleUtils: [Thread:CsThreadPool-1-Thread-6][fileInfo:HudFuncVisibleUtils.java(118) isOptionDisplayVisible] isOptionDisplayVisible mcuState1 = 0 mcuState2 = 0 visible = false
05-28 16:41:04.301 28423 31078 D CarSettings-VisibleFromSelfLearnUtil: [Thread:CsThreadPool-1-Thread-6][fileInfo:VisibleFromSelfLearnUtil.java(77) readVisibleFromSelfLearn] HudOptionDisplay readVisibleFromSelfLearn false
05-28 16:41:04.301 28423 31078 D CarSettings-VisibleFromSelfLearnUtil: [Thread:CsThreadPool-1-Thread-6][fileInfo:VisibleFromSelfLearnUtil.java(117) updateFunctionIdDb] updateFunctionIdDb FunctionLearnEntity {"function_class_name":"com.byd.vehiclesettings.hud.view.HudOptionDisplay","function_id":"00600400020000","function_state":1,"id":0,"parent_function_class_name":"com.byd.carsettings.display.fragment.Di5IviXDisplayHudFragment","parent_function_id":"01100300000000"} Already exists!!!
05-28 16:41:04.302 28423 31078 D CarSettings-HotWordsRegister: [Thread:CsThreadPool-1-Thread-6][fileInfo:HotWordsRegister.java(56) register] register SearchDataEntity SearchDataEntity{声音显示 Sound&Display 抬头显示 HUD 可选显示内容 Optional display content 00600400020000 1} Already exists!!!
05-28 16:41:04.305 28423 31078 D AbsBYDAutoDevice: int eventTypes is 38b00015
05-28 16:41:04.305 28423 31078 D CarSettings-HalGetter: [Thread:CsThreadPool-1-Thread-6][fileInfo:HalGetter.java(175) logEcuInfo] getEcu2BYDAuto IBYDAutoDevice : BYDAutoSettingDevice FeatureId : 38B00015 Id : 38B SubId : 0 position : 2.5 returnIntValue : 2
05-28 16:41:04.305 28423 31078 D CarSettings-VisibleFromSelfLearnUtil: [Thread:CsThreadPool-1-Thread-6][fileInfo:VisibleFromSelfLearnUtil.java(77) readVisibleFromSelfLearn] HudSafetyDrivingFuse readVisibleFromSelfLearn true
05-28 16:41:04.305 28423 31078 D CarSettings-VisibleFromSelfLearnUtil: [Thread:CsThreadPool-1-Thread-6][fileInfo:VisibleFromSelfLearnUtil.java(117) updateFunctionIdDb] updateFunctionIdDb FunctionLearnEntity {"function_class_name":"com.byd.vehiclesettings.hud.view.HudSafetyDrivingFuse","function_id":"00600400070000","function_state":0,"id":0,"parent_function_class_name":"com.byd.carsettings.display.fragment.Di5IviXDisplayHudFragment","parent_function_id":"01100300000000"} Already exists!!!
05-28 16:41:04.306 28423 31078 D CarSettings-HotWordsRegister: [Thread:CsThreadPool-1-Thread-6][fileInfo:HotWordsRegister.java(56) register] register SearchDataEntity SearchDataEntity{声音显示 Sound&Display 抬头显示 HUD 安全驾驶辅助融合 Safe driving assistance fusion 00600400070000 0} Already exists!!!
05-28 16:41:04.307 28423 31078 D AbsBYDAutoDevice: int eventTypes is 38b00015
05-28 16:41:04.307 28423 31078 D CarSettings-HalGetter: [Thread:CsThreadPool-1-Thread-6][fileInfo:HalGetter.java(175) logEcuInfo] getEcu2BYDAuto IBYDAutoDevice : BYDAutoSettingDevice FeatureId : 38B00015 Id : 38B SubId : 0 position : 2.5 returnIntValue : 2
05-28 16:41:04.307 28423 31078 D CarSettings-VisibleFromSelfLearnUtil: [Thread:CsThreadPool-1-Thread-6][fileInfo:VisibleFromSelfLearnUtil.java(77) readVisibleFromSelfLearn] HudNavigationFuse readVisibleFromSelfLearn true
05-28 16:41:04.307 28423 31078 D CarSettings-VisibleFromSelfLearnUtil: [Thread:CsThreadPool-1-Thread-6][fileInfo:VisibleFromSelfLearnUtil.java(117) updateFunctionIdDb] updateFunctionIdDb FunctionLearnEntity {"function_class_name":"com.byd.vehiclesettings.hud.view.HudNavigationFuse","function_id":"00600400090000","function_state":0,"id":0,"parent_function_class_name":"com.byd.carsettings.display.fragment.Di5IviXDisplayHudFragment","parent_function_id":"01100300000000"} Already exists!!!
05-28 16:41:04.308 28423 31078 D CarSettings-HotWordsRegister: [Thread:CsThreadPool-1-Thread-6][fileInfo:HotWordsRegister.java(56) register] register SearchDataEntity SearchDataEntity{声音显示 Sound&Display 抬头显示 HUD 导航融合 Navigation fusion 00600400090000 0} Already exists!!!
05-28 16:41:04.308 28423 31078 D AbsBYDAutoDevice: int eventTypes is 4c50000b
05-28 16:41:04.309 28423 31078 D CarSettings-HalGetter: [Thread:CsThreadPool-1-Thread-6][fileInfo:HalGetter.java(175) logEcuInfo] getEcu2BYDAuto IBYDAutoDevice : BYDAutoSettingDevice FeatureId : 4C50000B Id : 4C5 SubId : 0 position : 1.3 returnIntValue : 0
05-28 16:41:04.309 28423 31078 I CarSettings-HudFuncVisibleUtils: [Thread:CsThreadPool-1-Thread-6][fileInfo:HudFuncVisibleUtils.java(102) isHudImageTextFuseVisible] isHudImageTextFuseVisible mcuState = 0 visible = false
05-28 16:41:04.309 28423 31078 D CarSettings-VisibleFromSelfLearnUtil: [Thread:CsThreadPool-1-Thread-6][fileInfo:VisibleFromSelfLearnUtil.java(77) readVisibleFromSelfLearn] HudImageTextFuse readVisibleFromSelfLearn false
05-28 16:41:04.309 28423 31078 D CarSettings-VisibleFromSelfLearnUtil: [Thread:CsThreadPool-1-Thread-6][fileInfo:VisibleFromSelfLearnUtil.java(117) updateFunctionIdDb] updateFunctionIdDb FunctionLearnEntity {"function_class_name":"com.byd.vehiclesettings.hud.view.HudImageTextFuse","function_id":"00600401200000","function_state":1,"id":0,"parent_function_class_name":"com.byd.carsettings.display.fragment.Di5IviXDisplayHudFragment","parent_function_id":"01100300000000"} Already exists!!!
05-28 16:41:04.310 28423 31078 D CarSettings-HotWordsRegister: [Thread:CsThreadPool-1-Thread-6][fileInfo:HotWordsRegister.java(56) register] register SearchDataEntity SearchDataEntity{声音显示 Sound&Display 抬头显示 HUD 图文提示信息融合 Graphic tips information integration display 00600401200000 1} Already exists!!!
05-28 16:41:04.310 28423 31078 D AbsBYDAutoDevice: int eventTypes is 4c50000b
05-28 16:41:04.310 28423 31078 D CarSettings-HalGetter: [Thread:CsThreadPool-1-Thread-6][fileInfo:HalGetter.java(175) logEcuInfo] getEcu2BYDAuto IBYDAutoDevice : BYDAutoSettingDevice FeatureId : 4C50000B Id : 4C5 SubId : 0 position : 1.3 returnIntValue : 0
05-28 16:41:04.310 28423 31078 I CarSettings-HudFuncVisibleUtils: [Thread:CsThreadPool-1-Thread-6][fileInfo:HudFuncVisibleUtils.java(93) isHudMultimediaFuseVisible] isHudMultimediaFuseVisible mcuState = 0 visible = false
05-28 16:41:04.310 28423 31078 D CarSettings-VisibleFromSelfLearnUtil: [Thread:CsThreadPool-1-Thread-6][fileInfo:VisibleFromSelfLearnUtil.java(77) readVisibleFromSelfLearn] HudMultimediaFuse readVisibleFromSelfLearn false
05-28 16:41:04.310 28423 31078 D CarSettings-VisibleFromSelfLearnUtil: [Thread:CsThreadPool-1-Thread-6][fileInfo:VisibleFromSelfLearnUtil.java(117) updateFunctionIdDb] updateFunctionIdDb FunctionLearnEntity {"function_class_name":"com.byd.vehiclesettings.hud.view.HudMultimediaFuse","function_id":"00600400110000","function_state":1,"id":0,"parent_function_class_name":"com.byd.carsettings.display.fragment.Di5IviXDisplayHudFragment","parent_function_id":"01100300000000"} Already exists!!!
05-28 16:41:04.311 28423 31078 D CarSettings-HotWordsRegister: [Thread:CsThreadPool-1-Thread-6][fileInfo:HotWordsRegister.java(56) register] register SearchDataEntity SearchDataEntity{声音显示 Sound&Display 抬头显示 HUD 多媒体信息融合 Multimedia information integration display 00600400110000 1} Already exists!!!
05-28 16:41:04.312 28423 31078 E CarControlServer-FileUtils: [Thread:CsThreadPool-1-Thread-6][fileInfo:FileUtils.java(24) getApiClassName] getApiClassName funId : 00600401300000 className : com.byd.ccs.impl.server.hud.Hud00600401300000
05-28 16:41:04.316  2473  2511 D AbsBYDAutoDevice: int eventTypes is 38b00030
05-28 16:41:04.316  2473  2511 I CAR.L.CAR_CAR_PROPERTY: [device=BYDAutoInstrumentDevice,operation=get,features=[951058480],intValue=0]
05-28 16:41:04.317 28423 31078 D CarControlServer-Hud00600401300000: [Thread:CsThreadPool-1-Thread-6][fileInfo:Hud00600401300000.java(49) readSelfLearnState] Hud00600401300000 readVisibleFromSelfLearn flag : 0
05-28 16:41:04.317 28423 31078 D CarSettings-HUDNavigationMap: [Thread:CsThreadPool-1-Thread-6][fileInfo:HudNavigationMap.java(43) readVisibleFromSelfLearn] readVisibleFromSelfLearn flag false
05-28 16:41:04.317 28423 31078 D CarSettings-VisibleFromSelfLearnUtil: [Thread:CsThreadPool-1-Thread-6][fileInfo:VisibleFromSelfLearnUtil.java(77) readVisibleFromSelfLearn] HudNavigationMap readVisibleFromSelfLearn false
05-28 16:41:04.317 28423 31078 D CarSettings-VisibleFromSelfLearnUtil: [Thread:CsThreadPool-1-Thread-6][fileInfo:VisibleFromSelfLearnUtil.java(117) updateFunctionIdDb] updateFunctionIdDb FunctionLearnEntity {"function_class_name":"com.byd.vehiclesettings.hud.view.HudNavigationMap","function_id":"00600401300000","function_state":1,"id":0,"parent_function_class_name":"com.byd.carsettings.display.fragment.Di5IviXDisplayHudFragment","parent_function_id":"01100300000000"} Already exists!!!
05-28 16:41:04.318 28423 31078 D CarSettings-HotWordsRegister: [Thread:CsThreadPool-1-Thread-6][fileInfo:HotWordsRegister.java(56) register] register SearchDataEntity SearchDataEntity{声音显示 Sound&Display 抬头显示 HUD 导航地图 Navigation map 00600401300000 1} Already exists!!!
05-28 16:41:04.318 28423 31078 D CarSettings-VisibleFromSelfLearnUtil: [Thread:CsThreadPool-1-Thread-6][fileInfo:VisibleFromSelfLearnUtil.java(117) updateFunctionIdDb] updateFunctionIdDb FunctionLearnEntity {"function_class_name":"com.byd.carsettings.display.fragment.Di5IviXDisplayHudFragment","function_id":"01100300000000","function_state":0,"id":0,"parent_function_class_name":"com.byd.carsettings.sound.Di5IviXSoundAndDisplayFragment","parent_function_id":"01400000000000"} Already exists!!!
05-28 16:41:04.321 28423 31078 E AbsBYDAutoDevice: AbsBYDAutoDevice construct enter
05-28 16:41:04.321 28423 31078 E AbsBYDAutoDevice: AbsBYDAutoDevice construct exit
05-28 16:41:04.322 28423 31078 D AbsBYDAutoDevice: int eventTypes is 4d200008
05-28 16:41:04.322 28423 31078 D AbsBYDAutoDevice: int eventTypes is 4d20001e
05-28 16:41:04.325 28423 31078 D AbsBYDAutoDevice: int eventTypes is 3e100042
05-28 16:41:04.326 28423 31078 D AbsBYDAutoDevice: int eventTypes is 3e100020
05-28 16:41:04.331 28423 31078 D AbsBYDAutoDevice: int eventTypes is 3e100042
05-28 16:41:04.331 28423 31078 D AbsBYDAutoDevice: int eventTypes is 3e100013
05-28 16:41:04.336 28423 31078 D AbsBYDAutoDevice: int eventTypes is 3e100042
05-28 16:41:04.336 28423 31078 D AbsBYDAutoDevice: int eventTypes is 3e10001a
05-28 16:41:04.339 28423 31078 D AbsBYDAutoDevice: int eventTypes is 3e100042
05-28 16:41:04.339 28423 31078 D AbsBYDAutoDevice: int eventTypes is 3e100040
05-28 16:41:04.341 28423 31078 D AbsBYDAutoDevice: int eventTypes is 3e100042
05-28 16:41:04.343 28423 31078 D AbsBYDAutoDevice: int eventTypes is 3e10000e
05-28 16:41:04.345 28423 31078 D AbsBYDAutoDevice: int eventTypes is 4d200008
05-28 16:41:04.345 28423 31078 D AbsBYDAutoDevice: int eventTypes is 4d20001e
05-28 16:41:04.346 28423 31078 D AbsBYDAutoDevice: int eventTypes is 4d200008
05-28 16:41:04.346 28423 31078 D AbsBYDAutoDevice: int eventTypes is 4d20001e
05-28 16:41:04.346 28423 31078 D AbsBYDAutoDevice: int eventTypes is 4d200008
05-28 16:41:04.347 28423 31078 D AbsBYDAutoDevice: int eventTypes is 4d20001e
05-28 16:41:04.350 28423 31078 D AbsBYDAutoDevice: int eventTypes is 4d200008
05-28 16:41:04.350 28423 31078 D AbsBYDAutoDevice: int eventTypes is 4d20001e
05-28 16:41:04.356 28423 31078 D AbsBYDAutoDevice: int eventTypes is 2ed00008
05-28 16:41:04.356 28423 31078 D CarSettings-HalGetter: [Thread:CsThreadPool-1-Thread-6][fileInfo:HalGetter.java(175) logEcuInfo] getEcu2BYDAuto IBYDAutoDevice : BYDAutoSettingDevice FeatureId : 2ED00008 Id : 2ED SubId : 0 position : 1.0 returnIntValue : 0
05-28 16:41:04.358  2473  2511 D AbsBYDAutoDevice: int eventTypes is 4a302843
05-28 16:41:04.365 28423 31078 I CarSettings-McuUiStateEnergyExchangeUtils: [Thread:CsThreadPool-1-Thread-6][fileInfo:McuUiStateEnergyExchangeUtils.java(284) isKeyVisible] value = 1
05-28 16:41:04.368 28423 31078 D AbsBYDAutoDevice: int eventTypes is 2ba00000
05-28 16:41:04.370 28423 31078 D AbsBYDAutoDevice: int eventTypes is 2ba0003b
05-28 16:41:04.385 28423 31078 E AbsBYDAutoDevice: AbsBYDAutoDevice construct enter
05-28 16:41:04.385 28423 31078 E AbsBYDAutoDevice: AbsBYDAutoDevice construct exit
05-28 16:41:04.385 28423 31078 D AbsBYDAutoDevice: int eventTypes is 48b0403b
05-28 16:41:04.407  1133  1676 D WifiScoreCard: BSSID update SIGNAL_POLL ID: 1082925072 SSID: "Xiaomi13", BSSID: ca:f8:**:**:ce:8c, MAC: 56:76:**:**:0d:ce, Security type: 2, Supplicant state: COMPLETED, HE Eight Max VHT Spatial Streams Supported AP: false, Eight Max VHT Spatial streams support: false, Wi-Fi standard: 4, RSSI: -52, Link speed: 173Mbps, Tx Link speed: 173Mbps, Max Supported Tx Link speed: 144Mbps, Rx Link speed: 144Mbps, Max Supported Rx Link speed: 144Mbps, Frequency: 2462MHz, Net ID: 1, Metered hint: true, score: 60, CarrierMerged: false, SubscriptionId: -1, IsPrimary: 1
05-28 16:41:04.430 28423 31078 D AbsBYDAutoDevice: int eventTypes is 34700028
05-28 16:41:04.432 28423 31078 D AbsBYDAutoDevice: int eventTypes is 2ba00000
05-28 16:41:04.438  1133  1706 D StreamFocusControl: streamType is STREAM_NAVI or STREAM_SYSTEM
05-28 16:41:04.441 28423 31078 D AbsBYDAutoDevice: int eventTypes is 2620000a
05-28 16:41:04.443 28423 31078 I CarSettings-McuUiStateEnergyExchangeUtils: [Thread:CsThreadPool-1-Thread-6][fileInfo:McuUiStateEnergyExchangeUtils.java(284) isKeyVisible] value = 0
05-28 16:41:04.452  2473  2511 E AbsBYDAutoDevice: AbsBYDAutoDevice construct enter
05-28 16:41:04.453  2473  2511 E AbsBYDAutoDevice: AbsBYDAutoDevice construct exit
05-28 16:41:04.453  2473  2511 D AbsBYDAutoDevice: int eventTypes is 3380601a
05-28 16:41:04.457 28423 31078 D AbsBYDAutoDevice: int eventTypes is 2ed00008
05-28 16:41:04.457 28423 31078 D CarSettings-HalGetter: [Thread:CsThreadPool-1-Thread-6][fileInfo:HalGetter.java(175) logEcuInfo] getEcu2BYDAuto IBYDAutoDevice : BYDAutoSettingDevice FeatureId : 2ED00008 Id : 2ED SubId : 0 position : 1.0 returnIntValue : 0
05-28 16:41:04.458  2473  2511 D AbsBYDAutoDevice: int eventTypes is 4a302843
05-28 16:41:04.461 28423 31078 D AbsBYDAutoDevice: int eventTypes is 2ed00008
05-28 16:41:04.461 28423 31078 D CarSettings-HalGetter: [Thread:CsThreadPool-1-Thread-6][fileInfo:HalGetter.java(175) logEcuInfo] getEcu2BYDAuto IBYDAutoDevice : BYDAutoSettingDevice FeatureId : 2ED00008 Id : 2ED SubId : 0 position : 1.0 returnIntValue : 0
05-28 16:41:04.462  2473  2511 D AbsBYDAutoDevice: int eventTypes is 4a302843
05-28 16:41:04.464 28423 31078 D AbsBYDAutoDevice: int eventTypes is 39100028
05-28 16:41:04.464 28423 31078 D CarSettings-HalGetter: [Thread:CsThreadPool-1-Thread-6][fileInfo:HalGetter.java(175) logEcuInfo] getEcu2BYDAuto IBYDAutoDevice : BYDAutoSettingDevice FeatureId : 39100028 Id : 391 SubId : 0 position : 5.0 returnIntValue : 65535
05-28 16:41:04.464 28423 31078 D AbsBYDAutoDevice: int eventTypes is 391000a0
05-28 16:41:04.466  2473  2511 D AbsBYDAutoDevice: int eventTypes is 27000030
05-28 16:41:04.467 28423 31078 D BYDAutoSettingDevice: getBackDoorElectricModeOnlineState value is: 1
05-28 16:41:04.469 28423 31078 D AbsBYDAutoDevice: int eventTypes is 44f0001a
05-28 16:41:04.471 28423 31078 D AbsBYDAutoDevice: int eventTypes is 39100110
05-28 16:41:04.471 28423 31078 D CarSettings-HalGetter: [Thread:CsThreadPool-1-Thread-6][fileInfo:HalGetter.java(175) logEcuInfo] getEcu2BYDAuto IBYDAutoDevice : BYDAutoSettingDevice FeatureId : 39100110 Id : 391 SubId : 0 position : 34.0 returnIntValue : 65535
05-28 16:41:04.473 28423 31078 D AbsBYDAutoDevice: int eventTypes is 39100096
05-28 16:41:04.473 28423 31078 D CarSettings-HalGetter: [Thread:CsThreadPool-1-Thread-6][fileInfo:HalGetter.java(175) logEcuInfo] getEcu2BYDAuto IBYDAutoDevice : BYDAutoSettingDevice FeatureId : 39100096 Id : 391 SubId : 0 position : 18.6 returnIntValue : 65535
05-28 16:41:04.473 28423 31078 D AbsBYDAutoDevice: int eventTypes is 391000a0
05-28 16:41:04.475 28423 31078 D AbsBYDAutoDevice: int eventTypes is 39100050
05-28 16:41:04.475 28423 31078 D CarSettings-HalGetter: [Thread:CsThreadPool-1-Thread-6][fileInfo:HalGetter.java(175) logEcuInfo] getEcu2BYDAuto IBYDAutoDevice : BYDAutoSettingDevice FeatureId : 39100050 Id : 391 SubId : 0 position : 10.0 returnIntValue : 0
05-28 16:41:04.475 28423 31078 D AbsBYDAutoDevice: int eventTypes is 391000a0
05-28 16:41:04.478 28423 31078 D AbsBYDAutoDevice: int eventTypes is 3910009a
05-28 16:41:04.478 28423 31078 D CarSettings-HalGetter: [Thread:CsThreadPool-1-Thread-6][fileInfo:HalGetter.java(175) logEcuInfo] getEcu2BYDAuto IBYDAutoDevice : BYDAutoSettingDevice FeatureId : 3910009A Id : 391 SubId : 0 position : 19.2 returnIntValue : 65535
05-28 16:41:04.479 28423 31078 D AbsBYDAutoDevice: int eventTypes is 391000a0
05-28 16:41:04.481 28423 31078 D AbsBYDAutoDevice: int eventTypes is 39100098
05-28 16:41:04.481 28423 31078 D CarSettings-HalGetter: [Thread:CsThreadPool-1-Thread-6][fileInfo:HalGetter.java(175) logEcuInfo] getEcu2BYDAuto IBYDAutoDevice : BYDAutoSettingDevice FeatureId : 39100098 Id : 391 SubId : 0 position : 19.0 returnIntValue : 65535
05-28 16:41:04.481 28423 31078 D AbsBYDAutoDevice: int eventTypes is 391000a0
05-28 16:41:04.483 28423 31078 D AbsBYDAutoDevice: int eventTypes is c0700041
05-28 16:41:04.483 28423 31078 D CarSettings-HalGetter: [Thread:CsThreadPool-1-Thread-6][fileInfo:HalGetter.java(175) logEcuInfo] getEcu2BYDAuto IBYDAutoDevice : BYDAutoSettingDevice FeatureId : C0700041 Id : FFFFFC07 SubId : 0 position : 8.1 returnIntValue : 1
05-28 16:41:04.485 28423 31078 D AbsBYDAutoDevice: int eventTypes is cb200012
05-28 16:41:04.489  2473  2511 D AbsBYDAutoDevice: int eventTypes is 4ee00012
05-28 16:41:04.493  2473  2511 D AbsBYDAutoDevice: int eventTypes is 3fb00012
05-28 16:41:04.497 28423 31078 D AbsBYDAutoDevice: int eventTypes is 39100052
05-28 16:41:04.497 28423 31078 D CarSettings-HalGetter: [Thread:CsThreadPool-1-Thread-6][fileInfo:HalGetter.java(175) logEcuInfo] getEcu2BYDAuto IBYDAutoDevice : BYDAutoSettingDevice FeatureId : 39100052 Id : 391 SubId : 0 position : 10.2 returnIntValue : 0
05-28 16:41:04.497 28423 31078 D AbsBYDAutoDevice: int eventTypes is 391000a0
05-28 16:41:04.499 28423 31078 D AbsBYDAutoDevice: int eventTypes is 39100112
05-28 16:41:04.499 28423 31078 D AbsBYDAutoDevice: int eventTypes is 391000a0
05-28 16:41:04.503 28423 31078 D BYDAutoSettingDevice: getLockUpwindow value is: 1
05-28 16:41:04.507 28423 31078 D AbsBYDAutoDevice: int eventTypes is 48e0003e
05-28 16:41:04.508 28423 31078 D BYDAutoSettingDevice: getRemoteControlUpwindow value is: 1
05-28 16:41:04.509 28423 31078 D BYDAutoSettingDevice: getRemoteControlDownwindow value is: 1
05-28 16:41:04.511 28423 31078 D BYDAutoSettingDevice: getLPSwitchUpwindow value is: 1
05-28 16:41:04.512 28423 31078 D BYDAutoSettingDevice: getLPSwitchDownwindow value is: 2
05-28 16:41:04.513 28423 31078 D BYDAutoSettingDevice: getUnlockSettingOnlineState value is: 2
05-28 16:41:04.515 28423 31078 E AbsBYDAutoDevice: AbsBYDAutoDevice construct enter
05-28 16:41:04.515 28423 31078 E AbsBYDAutoDevice: AbsBYDAutoDevice construct exit
05-28 16:41:04.515 28423 31078 D AbsBYDAutoDevice: int eventTypes is 3f100008
05-28 16:41:04.515 28423 31078 D AbsBYDAutoDevice: int eventTypes is 40800008
05-28 16:41:04.517 28423 31078 D AbsBYDAutoDevice: int eventTypes is cb3001ac
05-28 16:41:04.518 28423 31078 D AbsBYDAutoDevice: int eventTypes is cb3001ae
05-28 16:41:04.520 28423 31078 D BYDAutoSettingDevice: getAutoLock value is: 1
05-28 16:41:04.520 28423 31078 D AbsBYDAutoDevice: int eventTypes is c0700041
05-28 16:41:04.521 28423 31078 D CarSettings-HalGetter: [Thread:CsThreadPool-1-Thread-6][fileInfo:HalGetter.java(175) logEcuInfo] getEcu2BYDAuto IBYDAutoDevice : BYDAutoSettingDevice FeatureId : C0700041 Id : FFFFFC07 SubId : 0 position : 8.1 returnIntValue : 1
05-28 16:41:04.522 28423 31078 D AbsBYDAutoDevice: int eventTypes is 4360000a
05-28 16:41:04.523 28423 31078 D CarSettings-HalGetter: [Thread:CsThreadPool-1-Thread-6][fileInfo:HalGetter.java(175) logEcuInfo] getEcu2BYDAuto IBYDAutoDevice : BYDAutoSettingDevice FeatureId : 4360000A Id : 436 SubId : 0 position : 1.2 returnIntValue : 2
05-28 16:41:04.523 28423 31078 D AbsBYDAutoDevice: int eventTypes is 4360000a
05-28 16:41:04.523 28423 31078 D CarSettings-HalGetter: [Thread:CsThreadPool-1-Thread-6][fileInfo:HalGetter.java(175) logEcuInfo] getEcu2BYDAuto IBYDAutoDevice : BYDAutoSettingDevice FeatureId : 4360000A Id : 436 SubId : 0 position : 1.2 returnIntValue : 2
05-28 16:41:04.524 28423 31078 D AbsBYDAutoDevice: int eventTypes is 443000d6
05-28 16:41:04.525 28423 31078 D CarSettings-HalGetter: [Thread:CsThreadPool-1-Thread-6][fileInfo:HalGetter.java(175) logEcuInfo] getEcu2BYDAuto IBYDAutoDevice : BYDAutoSettingDevice FeatureId : 443000D6 Id : 443 SubId : 0 position : 26.6 returnIntValue : 0
05-28 16:41:04.526 28423 31078 D AbsBYDAutoDevice: int eventTypes is 443000d6
05-28 16:41:04.526 28423 31078 D CarSettings-HalGetter: [Thread:CsThreadPool-1-Thread-6][fileInfo:HalGetter.java(175) logEcuInfo] getEcu2BYDAuto IBYDAutoDevice : BYDAutoSettingDevice FeatureId : 443000D6 Id : 443 SubId : 0 position : 26.6 returnIntValue : 0
05-28 16:41:04.531 28423 31078 D CarSettings-VisibleFromSelfLearnUtil: [Thread:CsThreadPool-1-Thread-6][fileInfo:VisibleFromSelfLearnUtil.java(77) readVisibleFromSelfLearn] IviSmartAssistDrivingTitleView readVisibleFromSelfLearn false
05-28 16:41:04.531 28423 31078 E CarSettings-JumpActionEntity: [Thread:CsThreadPool-1-Thread-6][fileInfo:JumpActionEntity.java(127) getFunctionId] IviSmartAssistDrivingTitleView updateFunctionIdDb (Throwable)java.lang.NoSuchMethodException: com.byd.carsettings.driving.view.smartassist.IviSmartAssistDrivingTitleView.getFunctionId []
05-28 16:41:04.531 28423 31078 W CarSettings-HotWordsRegister: [Thread:CsThreadPool-1-Thread-6][fileInfo:HotWordsRegister.java(76) getHotWords] getHotWords (NoSuchMethodException) class com.byd.carsettings.driving.view.smartassist.IviSmartAssistDrivingTitleView
05-28 16:41:04.532 28423 31078 D AbsBYDAutoDevice: int eventTypes is 45400030
05-28 16:41:04.532 28423 31078 D CarSettings-HalGetter: [Thread:CsThreadPool-1-Thread-6][fileInfo:HalGetter.java(175) logEcuInfo] getEcu2BYDAuto IBYDAutoDevice : BYDAutoSettingDevice FeatureId : 45400030 Id : 454 SubId : 0 position : 6.0 returnIntValue : 1
05-28 16:41:04.532 28423 31078 D CarSettings-VisibleFromSelfLearnUtil: [Thread:CsThreadPool-1-Thread-6][fileInfo:VisibleFromSelfLearnUtil.java(117) updateFunctionIdDb] updateFunctionIdDb FunctionLearnEntity {"function_class_name":"com.byd.dipilot.view.safetyassistance.accelerator.AcceleratorPedalSwitch","function_id":"00400200260000","function_state":1,"id":0,"parent_function_class_name":"com.byd.carsettings.driving.fragment.Di5IviXSubDrivingSmartAssistFragment","parent_function_id":"00800100000000"} Already exists!!!
05-28 16:41:04.533 28423 31078 D CarSettings-HotWordsRegister: [Thread:CsThreadPool-1-Thread-6][fileInfo:HotWordsRegister.java(56) register] register SearchDataEntity SearchDataEntity{驾驶 Driving 智能辅助 Driver Assist 加速踏板防误踩 Anti-Maloperation for Accelerator Pedal 00400200260000 1} Already exists!!!
05-28 16:41:04.535 28423 31078 D CarSettings-VisibleFromSelfLearnUtil: [Thread:CsThreadPool-1-Thread-6][fileInfo:VisibleFromSelfLearnUtil.java(117) updateFunctionIdDb] updateFunctionIdDb FunctionLearnEntity {"function_class_name":"com.byd.dipilot.view.safetyassistance.steepdescent.SteepDescentSwitch","function_id":"00400200240000","function_state":1,"id":0,"parent_function_class_name":"com.byd.carsettings.driving.fragment.Di5IviXSubDrivingSmartAssistFragment","parent_function_id":"00800100000000"} Already exists!!!
05-28 16:41:04.536 28423 31078 D CarSettings-HotWordsRegister: [Thread:CsThreadPool-1-Thread-6][fileInfo:HotWordsRegister.java(56) register] register SearchDataEntity SearchDataEntity{驾驶 Driving 智能辅助 Driver Assist 陡坡缓降 Hill Descent Control 00400200240000 1} Already exists!!!
05-28 16:41:04.537 28423 31078 D AbsBYDAutoDevice: int eventTypes is 45400042
05-28 16:41:04.538 28423 31078 D CarSettings-HalGetter: [Thread:CsThreadPool-1-Thread-6][fileInfo:HalGetter.java(175) logEcuInfo] getEcu2BYDAuto IBYDAutoDevice : BYDAutoSettingDevice FeatureId : 45400042 Id : 454 SubId : 0 position : 8.2 returnIntValue : 3
05-28 16:41:04.538 28423 31078 I CarSettings-NarrowRoadAssistSwitch: [Thread:CsThreadPool-1-Thread-6][fileInfo:NarrowRoadAssistSwitch.java(70) readVisibleFromSelfLearn] isNarrowRoadVisible: mcuState = 3 visible = false
05-28 16:41:04.538 28423 31078 D CarSettings-VisibleFromSelfLearnUtil: [Thread:CsThreadPool-1-Thread-6][fileInfo:VisibleFromSelfLearnUtil.java(77) readVisibleFromSelfLearn] NarrowRoadAssistSwitch readVisibleFromSelfLearn false
05-28 16:41:04.538 28423 31078 D CarSettings-VisibleFromSelfLearnUtil: [Thread:CsThreadPool-1-Thread-6][fileInfo:VisibleFromSelfLearnUtil.java(117) updateFunctionIdDb] updateFunctionIdDb FunctionLearnEntity {"function_class_name":"com.byd.dipilot.view.driveassist.narrowroad.NarrowRoadAssistSwitch","function_id":"00400100060000","function_state":1,"id":0,"parent_function_class_name":"com.byd.carsettings.driving.fragment.Di5IviXSubDrivingSmartAssistFragment","parent_function_id":"00800100000000"} Already exists!!!
05-28 16:41:04.539 28423 31078 D CarSettings-HotWordsRegister: [Thread:CsThreadPool-1-Thread-6][fileInfo:HotWordsRegister.java(56) register] register SearchDataEntity SearchDataEntity{驾驶 Driving 智能辅助 Driver Assist 窄道通行辅助 Narrow Road Pilot 00400100060000 1} Already exists!!!
05-28 16:41:04.540 28423 31078 D AbsBYDAutoDevice: int eventTypes is 2b500026
05-28 16:41:04.540 28423 31078 D AbsBYDAutoDevice: int eventTypes is 2b500026
05-28 16:41:04.541 28423 31078 D AbsBYDAutoDevice: int eventTypes is 2b500026
05-28 16:41:04.541 28423 31078 D CarSettings-VisibleFromSelfLearnUtil: [Thread:CsThreadPool-1-Thread-6][fileInfo:VisibleFromSelfLearnUtil.java(77) readVisibleFromSelfLearn] IviSmartAssistNightSystemTitleView readVisibleFromSelfLearn false
05-28 16:41:04.541 28423 31078 E CarSettings-JumpActionEntity: [Thread:CsThreadPool-1-Thread-6][fileInfo:JumpActionEntity.java(127) getFunctionId] IviSmartAssistNightSystemTitleView updateFunctionIdDb (Throwable)java.lang.NoSuchMethodException: com.byd.carsettings.driving.view.smartassist.IviSmartAssistNightSystemTitleView.getFunctionId []
05-28 16:41:04.541 28423 31078 W CarSettings-HotWordsRegister: [Thread:CsThreadPool-1-Thread-6][fileInfo:HotWordsRegister.java(76) getHotWords] getHotWords (NoSuchMethodException) class com.byd.carsettings.driving.view.smartassist.IviSmartAssistNightSystemTitleView
05-28 16:41:04.542 28423 31078 D AbsBYDAutoDevice: int eventTypes is 2b500026
05-28 16:41:04.542 28423 31078 D CarSettings-VisibleFromSelfLearnUtil: [Thread:CsThreadPool-1-Thread-6][fileInfo:VisibleFromSelfLearnUtil.java(117) updateFunctionIdDb] updateFunctionIdDb FunctionLearnEntity {"function_class_name":"com.byd.vehiclesettings.meter.view.NightVisionSwitch","function_id":"00400200340000","function_state":1,"id":0,"parent_function_class_name":"com.byd.carsettings.driving.fragment.Di5IviXSubDrivingSmartAssistFragment","parent_function_id":"00800100000000"} Already exists!!!
05-28 16:41:04.543 28423 31078 D CarSettings-HotWordsRegister: [Thread:CsThreadPool-1-Thread-6][fileInfo:HotWordsRegister.java(56) register] register SearchDataEntity SearchDataEntity{驾驶 Driving 智能辅助 Driver Assist 夜视系统模式 Night Vision System Mode 00400200340000 1} Already exists!!!
05-28 16:41:04.544 28423 31078 D AbsBYDAutoDevice: int eventTypes is 2b500026
05-28 16:41:04.544 28423 31078 D CarSettings-VisibleFromSelfLearnUtil: [Thread:CsThreadPool-1-Thread-6][fileInfo:VisibleFromSelfLearnUtil.java(117) updateFunctionIdDb] updateFunctionIdDb FunctionLearnEntity {"function_class_name":"com.byd.vehiclesettings.meter.view.NightVisionMode","function_id":"00400200350000","function_state":1,"id":0,"parent_function_class_name":"com.byd.carsettings.driving.fragment.Di5IviXSubDrivingSmartAssistFragment","parent_function_id":"00800100000000"} Already exists!!!
05-28 16:41:04.545 28423 31078 D CarSettings-HotWordsRegister: [Thread:CsThreadPool-1-Thread-6][fileInfo:HotWordsRegister.java(56) register] register SearchDataEntity SearchDataEntity{驾驶 Driving 智能辅助 Driver Assist 夜视系统模式 Night Vision System Mode 00400200350000 1} Already exists!!!
05-28 16:41:04.545 28423 31078 D AbsBYDAutoDevice: int eventTypes is 2b500026
05-28 16:41:04.546 28423 31078 D CarSettings-VisibleFromSelfLearnUtil: [Thread:CsThreadPool-1-Thread-6][fileInfo:VisibleFromSelfLearnUtil.java(117) updateFunctionIdDb] updateFunctionIdDb FunctionLearnEntity {"function_class_name":"com.byd.vehiclesettings.meter.view.NightVisionActivate","function_id":"00400200360000","function_state":1,"id":0,"parent_function_class_name":"com.byd.carsettings.driving.fragment.Di5IviXSubDrivingSmartAssistFragment","parent_function_id":"00800100000000"} Already exists!!!
05-28 16:41:04.547 28423 31078 D CarSettings-HotWordsRegister: [Thread:CsThreadPool-1-Thread-6][fileInfo:HotWordsRegister.java(56) register] register SearchDataEntity SearchDataEntity{驾驶 Driving 智能辅助 Driver Assist 自动激活 Activated automatically 00400200360000 1} Already exists!!!
05-28 16:41:04.547 28423 31078 D AbsBYDAutoDevice: int eventTypes is 2b500026
05-28 16:41:04.547 28423 31078 D CarSettings-VisibleFromSelfLearnUtil: [Thread:CsThreadPool-1-Thread-6][fileInfo:VisibleFromSelfLearnUtil.java(117) updateFunctionIdDb] updateFunctionIdDb FunctionLearnEntity {"function_class_name":"com.byd.vehiclesettings.meter.view.NightVisionCollision","function_id":"00400200370000","function_state":1,"id":0,"parent_function_class_name":"com.byd.carsettings.driving.fragment.Di5IviXSubDrivingSmartAssistFragment","parent_function_id":"00800100000000"} Already exists!!!
05-28 16:41:04.548 28423 31078 D CarSettings-HotWordsRegister: [Thread:CsThreadPool-1-Thread-6][fileInfo:HotWordsRegister.java(56) register] register SearchDataEntity SearchDataEntity{驾驶 Driving 智能辅助 Driver Assist 碰撞预警 Collision warning 00400200370000 1} Already exists!!!
05-28 16:41:04.549 28423 31078 D CarSettings-VisibleFromSelfLearnUtil: [Thread:CsThreadPool-1-Thread-6][fileInfo:VisibleFromSelfLearnUtil.java(117) updateFunctionIdDb] updateFunctionIdDb FunctionLearnEntity {"function_class_name":"com.byd.carsettings.driving.fragment.Di5IviXSubDrivingSmartAssistFragment","function_id":"00800100000000","function_state":1,"id":0,"parent_function_class_name":"com.byd.carsettings.driving.Di5IviXDrivingFragment","parent_function_id":"00800000000000"} Already exists!!!
05-28 16:41:04.560  2473  2511 W AbsBYDAutoDevice: You have no permission to use the feature: 0x1430000f with this device: 1023!
