05-28 16:40:57.154  3523 30517 D AbsBYDAutoDevice: set featureIDs is int[]: [6dc00826, 6dc00810, 6dc00818, 6dc00808, 6dc00827, ] intArrayValue is int[]: [1, 53, 6, 0, 0, ]
05-28 16:40:57.232  3239 25808 D BydMediaProviderObserver: notifyInsertOrUpdateScan:filePath=/storage/4A21-0000/Download/hud_sniff_out/session_20260528_164055/logs/QV9maWx0ZXJlZC5sb2c=
05-28 16:40:57.233  3239 25808 I BydMediaProviderObserver: notifyScanFile: publish scan file:/storage/4A21-0000/Download/hud_sniff_out/session_20260528_164055/logs/QV9maWx0ZXJlZC5sb2c=
05-28 16:40:57.253  3239 25360 D BydMediaProviderObserver: notifyInsertOrUpdateScan:filePath=/storage/4A21-0000/Download/hud_sniff_out/session_20260528_164055/logs/Ql9ieWRhdXRvLmxvZw==
05-28 16:40:57.254  3239 25360 I BydMediaProviderObserver: notifyScanFile: publish scan file:/storage/4A21-0000/Download/hud_sniff_out/session_20260528_164055/logs/Ql9ieWRhdXRvLmxvZw==
05-28 16:40:57.255  3239 29222 D BydMediaProviderObserver: notifyInsertOrUpdateScan:filePath=/storage/4A21-0000/Download/hud_sniff_out/session_20260528_164055/LnBpZHM=
05-28 16:40:57.256  3239 29222 I BydMediaProviderObserver: notifyScanFile: publish scan file:/storage/4A21-0000/Download/hud_sniff_out/session_20260528_164055/LnBpZHM=
05-28 16:40:57.270  3239 25808 D BydMediaProviderObserver: notifyInsertOrUpdateScan:filePath=/storage/4A21-0000/Download/hud_sniff_out/session_20260528_164055/logs/Q19icm9hZGNhc3RzLmxvZw==
05-28 16:40:57.270  3239 25808 I BydMediaProviderObserver: notifyScanFile: publish scan file:/storage/4A21-0000/Download/hud_sniff_out/session_20260528_164055/logs/Q19icm9hZGNhc3RzLmxvZw==
05-28 16:40:57.290  3239 25360 D BydMediaProviderObserver: notifyInsertOrUpdateScan:filePath=/storage/4A21-0000/Download/hud_sniff_out/session_20260528_164055/logs/RF9yYXdfbWFpbl9zeXN0ZW0ubG9n
05-28 16:40:57.290  3239 25360 I BydMediaProviderObserver: notifyScanFile: publish scan file:/storage/4A21-0000/Download/hud_sniff_out/session_20260528_164055/logs/RF9yYXdfbWFpbl9zeXN0ZW0ubG9n
05-28 16:40:57.600  5789  5789 D BYDAutoSettingDevice: postEvent device_type: 1023, event_type =48600040, value = 1
05-28 16:40:57.601  5789  5789 D BYDAutoSettingDevice: postEvent device_type: 1023, event_type =40200037, value = 1
05-28 16:40:57.852  5789  5789 D BYDAutoSettingDevice: postEvent device_type: 1023, event_type =48600040, value = 0
05-28 16:40:57.852  5789  5789 D BYDAutoSettingDevice: postEvent device_type: 1023, event_type =40200037, value = 0
05-28 16:40:57.868  5789  5789 D BYDAutoSettingDevice: postEvent device_type: 1023, event_type =48600040, value = 1
05-28 16:40:57.868  5789  5789 D BYDAutoSettingDevice: postEvent device_type: 1023, event_type =42f00037, value = 1
05-28 16:40:57.909  5789  5789 D BYDAutoSettingDevice: postEvent device_type: 1023, event_type =48600040, value = 0
05-28 16:40:57.909  5789  5789 D BYDAutoSettingDevice: postEvent device_type: 1023, event_type =42f00037, value = 0
05-28 16:40:58.163  3523 30517 D AbsBYDAutoDevice: set featureIDs is int[]: [6dc00826, 6dc00810, 6dc00818, 6dc00808, 6dc00827, ] intArrayValue is int[]: [1, 53, 6, 0, 0, ]
05-28 16:40:58.347  1133  1676 D WifiScoreCard: BSSID update SIGNAL_POLL ID: 1082925072 SSID: "Xiaomi13", BSSID: ca:f8:**:**:ce:8c, MAC: 56:76:**:**:0d:ce, Security type: 2, Supplicant state: COMPLETED, HE Eight Max VHT Spatial Streams Supported AP: false, Eight Max VHT Spatial streams support: false, Wi-Fi standard: 4, RSSI: -44, Link speed: 173Mbps, Tx Link speed: 173Mbps, Max Supported Tx Link speed: 144Mbps, Rx Link speed: 173Mbps, Max Supported Rx Link speed: 144Mbps, Frequency: 2462MHz, Net ID: 1, Metered hint: true, score: 60, CarrierMerged: false, SubscriptionId: -1, IsPrimary: 1
05-28 16:40:58.599  5789  5789 D BYDAutoSettingDevice: postEvent device_type: 1023, event_type =48600040, value = 1
05-28 16:40:58.600  5789  5789 D BYDAutoSettingDevice: postEvent device_type: 1023, event_type =40200037, value = 1
05-28 16:40:58.852  5789  5789 D BYDAutoSettingDevice: postEvent device_type: 1023, event_type =48600040, value = 0
05-28 16:40:58.852  5789  5789 D BYDAutoSettingDevice: postEvent device_type: 1023, event_type =40200037, value = 0
05-28 16:40:58.874  5789  5789 D BYDAutoSettingDevice: postEvent device_type: 1023, event_type =48600040, value = 1
05-28 16:40:58.875  5789  5789 D BYDAutoSettingDevice: postEvent device_type: 1023, event_type =42f00037, value = 1
05-28 16:40:58.911  5789  5789 D BYDAutoSettingDevice: postEvent device_type: 1023, event_type =48600040, value = 0
05-28 16:40:58.911  5789  5789 D BYDAutoSettingDevice: postEvent device_type: 1023, event_type =42f00037, value = 0
05-28 16:40:59.168  3523 30517 D AbsBYDAutoDevice: set featureIDs is int[]: [6dc00826, 6dc00810, 6dc00818, 6dc00808, 6dc00827, ] intArrayValue is int[]: [1, 53, 6, 0, 0, ]
05-28 16:40:59.299  3239 25808 D BydMediaProviderObserver: notifyInsertOrUpdateScan:filePath=/storage/4A21-0000/Download/hud_sniff_out/session_20260528_164055/bWFya2Vycy50eHQ=
05-28 16:40:59.301  3239 25808 I BydMediaProviderObserver: notifyScanFile: publish scan file:/storage/4A21-0000/Download/hud_sniff_out/session_20260528_164055/bWFya2Vycy50eHQ=
05-28 16:40:59.316 31032 31032 I HUD_SNIFF: MARKER PHASE_0_BASELINE_START
05-28 16:40:59.602  5789  5789 D BYDAutoSettingDevice: postEvent device_type: 1023, event_type =48600040, value = 1
05-28 16:40:59.602  5789  5789 D BYDAutoSettingDevice: postEvent device_type: 1023, event_type =40200037, value = 1
05-28 16:40:59.852  5789  5789 D BYDAutoSettingDevice: postEvent device_type: 1023, event_type =48600040, value = 0
05-28 16:40:59.852  5789  5789 D BYDAutoSettingDevice: postEvent device_type: 1023, event_type =40200037, value = 0
05-28 16:40:59.870  5789  5789 D BYDAutoSettingDevice: postEvent device_type: 1023, event_type =48600040, value = 1
05-28 16:40:59.870  5789  5789 D BYDAutoSettingDevice: postEvent device_type: 1023, event_type =42f00037, value = 1
05-28 16:40:59.912  5789  5789 D BYDAutoSettingDevice: postEvent device_type: 1023, event_type =48600040, value = 0
05-28 16:40:59.912  5789  5789 D BYDAutoSettingDevice: postEvent device_type: 1023, event_type =42f00037, value = 0
05-28 16:41:00.173  3523 30517 D AbsBYDAutoDevice: set featureIDs is int[]: [6dc00826, 6dc00810, 6dc00818, 6dc00808, 6dc00827, ] intArrayValue is int[]: [1, 53, 6, 0, 0, ]
05-28 16:41:00.603  5789  5789 D BYDAutoSettingDevice: postEvent device_type: 1023, event_type =48600040, value = 1
05-28 16:41:00.603  5789  5789 D BYDAutoSettingDevice: postEvent device_type: 1023, event_type =40200037, value = 1
05-28 16:41:00.855  5789  5789 D BYDAutoSettingDevice: postEvent device_type: 1023, event_type =48600040, value = 0
05-28 16:41:00.855  5789  5789 D BYDAutoSettingDevice: postEvent device_type: 1023, event_type =40200037, value = 0
05-28 16:41:00.871  5789  5789 D BYDAutoSettingDevice: postEvent device_type: 1023, event_type =48600040, value = 1
05-28 16:41:00.871  5789  5789 D BYDAutoSettingDevice: postEvent device_type: 1023, event_type =42f00037, value = 1
05-28 16:41:00.914  5789  5789 D BYDAutoSettingDevice: postEvent device_type: 1023, event_type =48600040, value = 0
05-28 16:41:00.914  5789  5789 D BYDAutoSettingDevice: postEvent device_type: 1023, event_type =42f00037, value = 0
05-28 16:41:01.178  3523 30517 D AbsBYDAutoDevice: set featureIDs is int[]: [6dc00826, 6dc00810, 6dc00818, 6dc00808, 6dc00827, ] intArrayValue is int[]: [1, 53, 6, 0, 0, ]
05-28 16:41:01.369  1133  1676 D WifiScoreCard: BSSID update SIGNAL_POLL ID: 1082925072 SSID: "Xiaomi13", BSSID: ca:f8:**:**:ce:8c, MAC: 56:76:**:**:0d:ce, Security type: 2, Supplicant state: COMPLETED, HE Eight Max VHT Spatial Streams Supported AP: false, Eight Max VHT Spatial streams support: false, Wi-Fi standard: 4, RSSI: -43, Link speed: 173Mbps, Tx Link speed: 173Mbps, Max Supported Tx Link speed: 144Mbps, Rx Link speed: 144Mbps, Max Supported Rx Link speed: 144Mbps, Frequency: 2462MHz, Net ID: 1, Metered hint: true, score: 60, CarrierMerged: false, SubscriptionId: -1, IsPrimary: 1
05-28 16:41:01.378  1133  1484 D AbsBYDAutoDevice: set featureID is 4c11e024 intValue is 2
05-28 16:41:01.604  5789  5789 D BYDAutoSettingDevice: postEvent device_type: 1023, event_type =48600040, value = 1
05-28 16:41:01.604  5789  5789 D BYDAutoSettingDevice: postEvent device_type: 1023, event_type =40200037, value = 1
05-28 16:41:01.852  5789  5789 D BYDAutoSettingDevice: postEvent device_type: 1023, event_type =48600040, value = 0
05-28 16:41:01.853  5789  5789 D BYDAutoSettingDevice: postEvent device_type: 1023, event_type =40200037, value = 0
05-28 16:41:01.870  5789  5789 D BYDAutoSettingDevice: postEvent device_type: 1023, event_type =48600040, value = 1
05-28 16:41:01.871  5789  5789 D BYDAutoSettingDevice: postEvent device_type: 1023, event_type =42f00037, value = 1
05-28 16:41:01.911  5789  5789 D BYDAutoSettingDevice: postEvent device_type: 1023, event_type =48600040, value = 0
05-28 16:41:01.911  5789  5789 D BYDAutoSettingDevice: postEvent device_type: 1023, event_type =42f00037, value = 0
05-28 16:41:02.162  1133  1655 D InputDispatcher: debug_input pos:[252,1039], deviceId:3, displayId:0, pid:1931, 22c2b1c NavigationBar0
05-28 16:41:02.181  1931  1931 I Custom_NaviGestureDetectorCompat: distance:0 deltaX: 0 deltaY: 0
05-28 16:41:02.184  3523 30517 D AbsBYDAutoDevice: set featureIDs is int[]: [6dc00826, 6dc00810, 6dc00818, 6dc00808, 6dc00827, ] intArrayValue is int[]: [1, 53, 6, 0, 0, ]
05-28 16:41:02.198  1931  1931 I Custom_NaviGestureDetectorCompat: distance:0 deltaX: 0 deltaY: 0
05-28 16:41:02.214  1931  1931 I Custom_NaviGestureDetectorCompat: distance:0 deltaX: 0 deltaY: 0
05-28 16:41:02.231  1931  1931 I Custom_NaviGestureDetectorCompat: distance:0 deltaX: 0 deltaY: 0
05-28 16:41:02.236  1931  1931 I Custom_NaviGestureDetectorCompat: distance:0 deltaX: 0 deltaY: 0
05-28 16:41:02.236  1931  1931 D Custom_NaviGestureDetectorCompat: cancelGesture
05-28 16:41:02.236  1931  1931 D Custom_NaviGestureDetectorCompat: cancelTaps
05-28 16:41:02.597  5789  5789 D BYDAutoSettingDevice: postEvent device_type: 1023, event_type =48600040, value = 1
05-28 16:41:02.597  5789  5789 D BYDAutoSettingDevice: postEvent device_type: 1023, event_type =40200037, value = 1
05-28 16:41:02.629  1133  1655 D InputDispatcher: debug_input pos:[457,1055], deviceId:3, displayId:0, pid:1931, 22c2b1c NavigationBar0
05-28 16:41:02.629  1931  1931 D Custom_NaviItemView: dispatchTouchEvent ev.getAction() -> 0
05-28 16:41:02.629  1931  1931 D Custom_BaseNaviItem: updateNaviItemPressVisibility
05-28 16:41:02.629  1931  1931 D Custom_SettingsItem: setNaviItemPressVisibility visibility :true
05-28 16:41:02.630  1931  1931 D Custom_NaviItemView: onTouchEvent ev.getAction() = 0 , ev.getX() = 46.0
05-28 16:41:02.648  1931  1931 D Custom_NaviItemView: dispatchTouchEvent ev.getAction() -> 2
05-28 16:41:02.648  1931  1931 D Custom_NaviItemView: onTouchEvent ev.getAction() = 2 , ev.getX() = 46.0
05-28 16:41:02.665  1931  1931 D Custom_NaviItemView: dispatchTouchEvent ev.getAction() -> 2
05-28 16:41:02.665  1931  1931 D Custom_NaviItemView: onTouchEvent ev.getAction() = 2 , ev.getX() = 46.0
05-28 16:41:02.682  1931  1931 D Custom_NaviItemView: dispatchTouchEvent ev.getAction() -> 2
05-28 16:41:02.682  1931  1931 D Custom_NaviItemView: onTouchEvent ev.getAction() = 2 , ev.getX() = 46.0
05-28 16:41:02.687  1931  1931 D Custom_NaviItemView: dispatchTouchEvent ev.getAction() -> 2
05-28 16:41:02.687  1931  1931 D Custom_NaviItemView: onTouchEvent ev.getAction() = 2 , ev.getX() = 46.0
05-28 16:41:02.687  1931  1931 D Custom_NaviItemView: dispatchTouchEvent ev.getAction() -> 1
05-28 16:41:02.687  1931  1931 D Custom_BaseNaviItem: updateNaviItemPressVisibility
05-28 16:41:02.687  1931  1931 D Custom_SettingsItem: setNaviItemPressVisibility visibility :false
05-28 16:41:02.687  1931  1931 D Custom_NavigationBarController: cancelGesture
05-28 16:41:02.687  1931  1931 D Custom_NavigationBarController: cancelGesture cancel
05-28 16:41:02.687  1931  1931 D Custom_NaviGestureDetectorCompat: cancelGesture
05-28 16:41:02.687  1931  1931 D Custom_NaviGestureDetectorCompat: cancelTaps
05-28 16:41:02.687  1931  1931 D Custom_NaviItemView: dispatchTouchEvent edit = false , upDistanceX = 0 , upDistanceY = 0 , upTime 57 , tapTime = 480
05-28 16:41:02.688  1931  1931 D Custom_BaseNaviItem: onItemClick
05-28 16:41:02.689  1931  1931 D Custom_BaseNaviItem: closeAllDialog isIgnoreCloseStatusBarDialog = false
05-28 16:41:02.689  1931  1931 D Custom_SettingsItem: onNaviItemClick
05-28 16:41:02.689  1931  1931 D Custom_BaseNaviItem: isInPowerOnGuide bootBusiness:activated bootSubBusiness:null
05-28 16:41:02.689  1931  1931 D AbsBYDAutoDevice: int eventTypes is 13400008
05-28 16:41:02.690  1931  1931 D AbsBYDAutoDevice: int eventTypes is 2cb0005c
05-28 16:41:02.690  1931  1931 D AbsBYDAutoDevice: int eventTypes is 2cb000f8
05-28 16:41:02.691  1133  1706 D StreamFocusControl: streamType is STREAM_NAVI or STREAM_SYSTEM
05-28 16:41:02.706  1133  4686 D ActivityTaskManager: debug_draw Task#showSurfaceOnCreation=Task{66a526a #21 type=standard ?? U=0 visible=false visibleRequested=false mode=fullscreen magicmode=0 translucent=true sz=0} taskvisable=false
05-28 16:41:02.707  1133  4686 D splitScreen: setNewTask task =Task{66a526a #21 type=standard A=1000:com.byd.carsettings U=0 visible=false visibleRequested=false mode=fullscreen magicmode=0 translucent=true sz=0}, mTargetRootTask =Task{66a526a #21 type=standard A=1000:com.byd.carsettings U=0 visible=false visibleRequested=false mode=fullscreen magicmode=0 translucent=true sz=0}
05-28 16:41:02.719  1931  1931 D Custom_NaviItemView: onTouchEvent ev.getAction() = 1 , ev.getX() = 46.0
05-28 16:41:02.766   383   383 D SurfaceFlinger: debug_focus 7 visible 0 window=bbq-wrapper#2#112(show:na,0), bbq-wrapper#1#78(show:na,0), 7cae5b8 com.byd.launchermap#189(show:na,0), SurfaceView[](BLAST)#0#192(show:na,0), 22c2b1c NavigationBar0#105(show:na,0), b8f2a14 StatusBar#106(show:na,0), 132269 com.bydmate.app#202(show:na,0), 92d83f6 com.van.diplus#179(show:na,0), 9b61837 com.van.diplus#176(show:na,0), 3e4ce82 com.alphainventor.filemanager/com.alphainventor.filemanager.activity.MainActivity#444(show:na,0), 86f6e44 ActivityRecordInputSink com.alphainventor.filemanager/.activity.MainActivity#339(show:na,0), 47dc033 ActivityRecordInputSink com.android.launcher3/.Launcher#229(hide:ActivityRecord{7549969 u0 com.android.launcher3/.Launcher#0#222,0), 297dd20 ActivityRecordInputSink com.android.launcher3/.home.MainActivity#157(hide:ActivityRecord{b66ff7f u0 com.android.launcher3/.home.MainActivity#0#156,0), Wallpaper BBQ wrapper#0#76(hide:com.byd.dogwallpaper.VideoDog
05-28 16:41:02.815  1931  1931 D BarIconController: setPackageNameForStatusAndNaviationBar name=com.byd.carsettings
05-28 16:41:02.816   383   383 D SurfaceFlinger: debug_focus 7 visible 0 window=bbq-wrapper#2#112(show:na,0), bbq-wrapper#1#78(show:na,0), 7cae5b8 com.byd.launchermap#189(show:na,0), SurfaceView[](BLAST)#0#192(show:na,0), 22c2b1c NavigationBar0#105(show:na,0), b8f2a14 StatusBar#106(show:na,0), 132269 com.bydmate.app#202(show:na,0), 92d83f6 com.van.diplus#179(show:na,0), 9b61837 com.van.diplus#176(show:na,0), Splash Screen com.byd.carsettings#0#456(hide:Task=21#0#452,0), 3e4ce82 com.alphainventor.filemanager/com.alphainventor.filemanager.activity.MainActivity#444(show:na,0), 86f6e44 ActivityRecordInputSink com.alphainventor.filemanager/.activity.MainActivity#339(show:na,0), 47dc033 ActivityRecordInputSink com.android.launcher3/.Launcher#229(hide:ActivityRecord{7549969 u0 com.android.launcher3/.Launcher#0#222,0), 297dd20 ActivityRecordInputSink com.android.launcher3/.home.MainActivity#157(hide:ActivityRecord{b66ff7f u0 com.android.launcher3/.home.MainActivity#0#156,0)
05-28 16:41:02.849   383   383 D SurfaceFlinger: debug_focus 7 visible 0 window=bbq-wrapper#2#112(show:na,0), bbq-wrapper#1#78(show:na,0), 7cae5b8 com.byd.launchermap#189(show:na,0), SurfaceView[](BLAST)#0#192(show:na,0), 22c2b1c NavigationBar0#105(show:na,0), b8f2a14 StatusBar#106(show:na,0), 132269 com.bydmate.app#202(show:na,0), 92d83f6 com.van.diplus#179(show:na,0), 9b61837 com.van.diplus#176(show:na,0), a1ec4c2 Splash Screen com.byd.carsettings#456(hide:Task=21#0#452,0), 3e4ce82 com.alphainventor.filemanager/com.alphainventor.filemanager.activity.MainActivity#444(show:na,0), 86f6e44 ActivityRecordInputSink com.alphainventor.filemanager/.activity.MainActivity#339(show:na,0), 47dc033 ActivityRecordInputSink com.android.launcher3/.Launcher#229(hide:ActivityRecord{7549969 u0 com.android.launcher3/.Launcher#0#222,0), 297dd20 ActivityRecordInputSink com.android.launcher3/.home.MainActivity#157(hide:ActivityRecord{b66ff7f u0 com.android.launcher3/.home.MainActivity#0#
05-28 16:41:02.917   383   383 D SurfaceFlinger: debug_focus 7 visible 0 window=bbq-wrapper#2#112(show:na,0), bbq-wrapper#1#78(show:na,0), 7cae5b8 com.byd.launchermap#189(show:na,0), SurfaceView[](BLAST)#0#192(show:na,0), 22c2b1c NavigationBar0#105(show:na,0), b8f2a14 StatusBar#106(show:na,0), 132269 com.bydmate.app#202(show:na,0), 92d83f6 com.van.diplus#179(show:na,0), 9b61837 com.van.diplus#176(show:na,0), a1ec4c2 Splash Screen com.byd.carsettings#456(hide:ActivityRecord{85d935b u0 com.byd.carsettings/.MainActivity#0#453,0), 3e4ce82 com.alphainventor.filemanager/com.alphainventor.filemanager.activity.MainActivity#444(show:na,0), 86f6e44 ActivityRecordInputSink com.alphainventor.filemanager/.activity.MainActivity#339(show:na,0), 47dc033 ActivityRecordInputSink com.android.launcher3/.Launcher#229(hide:ActivityRecord{7549969 u0 com.android.launcher3/.Launcher#0#222,0), 297dd20 ActivityRecordInputSink com.android.launcher3/.home.MainActivity#157(hide:ActivityRecord{b6
05-28 16:41:02.949  1931  1931 D BydNavigationBar: setSplitNavViewShow isShow =false
05-28 16:41:02.949  1931  1931 I BarIconController: updateStatusNaviBarBackground :mPackageName:com.byd.carsettings mActivityName:com.alphainventor.filemanager.activity.MainActivity
05-28 16:41:02.949  1931  1931 D BarIconController: setNavigationBarBackground packageName  = com.byd.carsettings , activityName = com.alphainventor.filemanager.activity.MainActivity mDivider = false
05-28 16:41:02.949  1931  1931 D Custom_NavigationBarController: updateNavBarIcon packageName = com.byd.carsettings , activityName = com.alphainventor.filemanager.activity.MainActivity
05-28 16:41:02.949  1931  1931 D Custom_NavigationBarController: updateNaviIconColor colorId = 2131100140 , mColorId = 2131100140
05-28 16:41:02.949  1931  1931 D Custom_NavigationBarController: isThirdApp, isTransparentStatusNaviBar return false
05-28 16:41:02.949  1931  1931 D Custom_NavigationBarController: isBlur, packageName = com.byd.carsettings, activityName = com.alphainventor.filemanager.activity.MainActivity
05-28 16:41:02.949  1931  1931 D BarIconController: setPackageNameForStatusAndNaviationBar isThirdApp:false
05-28 16:41:03.000   383   383 D SurfaceFlinger: debug_focus 7 visible 0 window=bbq-wrapper#2#112(show:na,0), bbq-wrapper#1#78(show:na,0), 7cae5b8 com.byd.launchermap#189(show:na,0), SurfaceView[](BLAST)#0#192(show:na,0), 22c2b1c NavigationBar0#105(show:na,0), b8f2a14 StatusBar#106(show:na,0), 132269 com.bydmate.app#202(show:na,0), 92d83f6 com.van.diplus#179(show:na,0), 9b61837 com.van.diplus#176(show:na,0), a1ec4c2 Splash Screen com.byd.carsettings#456(show:na,0), 8ab7855 ActivityRecordInputSink com.byd.carsettings/.MainActivity#460(show:na,0), 3e4ce82 com.alphainventor.filemanager/com.alphainventor.filemanager.activity.MainActivity#444(show:na,0), 86f6e44 ActivityRecordInputSink com.alphainventor.filemanager/.activity.MainActivity#339(show:na,0), 47dc033 ActivityRecordInputSink com.android.launcher3/.Launcher#229(hide:ActivityRecord{7549969 u0 com.android.launcher3/.Launcher#0#222,0), 297dd20 ActivityRecordInputSink com.android.launcher3/.home.MainActivity#157(hid
05-28 16:41:03.002  4278  4307 D AppMangerBaseUtils: checkAppInstalled Pakage NameNotFound pkgName=com.byd.naviauto
05-28 16:41:03.015  5789  5789 D BYDAutoSettingDevice: postEvent device_type: 1023, event_type =48600040, value = 0
05-28 16:41:03.015  5789  5789 D BYDAutoSettingDevice: postEvent device_type: 1023, event_type =40200037, value = 0
05-28 16:41:03.016  4278  4307 D AppMangerBaseUtils: checkAppInstalled Pakage NameNotFound pkgName=com.byd.naviauto
05-28 16:41:03.026  5789  5789 D BYDAutoSettingDevice: postEvent device_type: 1023, event_type =48600040, value = 1
05-28 16:41:03.027  5789  5789 D BYDAutoSettingDevice: postEvent device_type: 1023, event_type =42f00037, value = 1
05-28 16:41:03.027  4278  4307 D AppMangerBaseUtils: checkAppInstalled Pakage NameNotFound pkgName=com.byd.naviauto
05-28 16:41:03.027  5789  5789 D BYDAutoSettingDevice: postEvent device_type: 1023, event_type =48600040, value = 0
05-28 16:41:03.027  5789  5789 D BYDAutoSettingDevice: postEvent device_type: 1023, event_type =42f00037, value = 0
05-28 16:41:03.115 28423 28442 D CarSettings-SystemSettingsApplication: [Thread:Binder:28423_1][fileInfo:SystemSettingsApplication.java(129) onTopActivityChanged] onTopActivityChanged activity:com.byd.carsettings/.MainActivity
05-28 16:41:03.118  4200  4237 D BtSettingService: onTopActivityChanged top= com.byd.carsettings/.MainActivity
05-28 16:41:03.133   383   452 D Layer   : de_layer create layer name=Surface(name=22c2b1c NavigationBar0)/@0x26212bf - animation-leash of insets_animation#1, layerId=464, ownerUid=1000, pid=1133
05-28 16:41:03.134   383   383 D SurfaceFlinger: debug_focus 7 visible 0 window=bbq-wrapper#2#112(show:na,0), bbq-wrapper#1#78(show:na,0), 7cae5b8 com.byd.launchermap#189(show:na,0), SurfaceView[](BLAST)#0#192(show:na,0), 22c2b1c NavigationBar0#105(show:na,0), b8f2a14 StatusBar#106(show:na,0), 132269 com.bydmate.app#202(show:na,0), 92d83f6 com.van.diplus#179(show:na,0), 9b61837 com.van.diplus#176(show:na,0), a1ec4c2 Splash Screen com.byd.carsettings#456(show:na,0), com.byd.carsettings/com.byd.carsettings.MainActivity#0#462(hide:com.byd.carsettings/com.byd.carsettings.MainActivity#0#462,0), 8ab7855 ActivityRecordInputSink com.byd.carsettings/.MainActivity#460(show:na,0), 3e4ce82 com.alphainventor.filemanager/com.alphainventor.filemanager.activity.MainActivity#444(show:na,0), 86f6e44 ActivityRecordInputSink com.alphainventor.filemanager/.activity.MainActivity#339(show:na,0), 47dc033 ActivityRecordInputSink com.android.launcher3/.Launcher#229(hide:ActivityRecord{754996
05-28 16:41:03.147  1931  1931 D SceneModeManager: setActivityNameForStatusAndNavigaitonBar currentIviActivityName=com.byd.carsettings.MainActivity name=com.byd.carsettings.MainActivity
05-28 16:41:03.151   383   383 D SurfaceFlinger: debug_focus 7 visible 0 window=bbq-wrapper#2#112(show:na,0), bbq-wrapper#1#78(show:na,0), 7cae5b8 com.byd.launchermap#189(show:na,0), SurfaceView[](BLAST)#0#192(show:na,0), 22c2b1c NavigationBar0#105(show:na,0), b8f2a14 StatusBar#106(show:na,0), 132269 com.bydmate.app#202(show:na,0), 92d83f6 com.van.diplus#179(show:na,0), 9b61837 com.van.diplus#176(show:na,0), a1ec4c2 Splash Screen com.byd.carsettings#456(show:na,0), c639c1f com.byd.carsettings/com.byd.carsettings.MainActivity#462(hide:com.byd.carsettings/com.byd.carsettings.MainActivity#0#462,1), 8ab7855 ActivityRecordInputSink com.byd.carsettings/.MainActivity#460(show:na,0), 3e4ce82 com.alphainventor.filemanager/com.alphainventor.filemanager.activity.MainActivity#444(show:na,0), 86f6e44 ActivityRecordInputSink com.alphainventor.filemanager/.activity.MainActivity#339(show:na,0), 47dc033 ActivityRecordInputSink com.android.launcher3/.Launcher#229(hide:ActivityRecord{
05-28 16:41:03.153  1931  1931 D AbsBYDAutoDevice: int eventTypes is 12d0002a
05-28 16:41:03.154  1931  1931 D BarIconController: setActivityNameForStatusAndNavigaitonBar name=com.byd.carsettings.MainActivity
05-28 16:41:03.162  1931  3123 D BarIconController: setActivityNameForStatusAndNavigaitonBar mRolePackageName=com.android.launcher3
05-28 16:41:03.166   383   383 D Layer   : de_layer destroy layer name=Surface(name=22c2b1c NavigationBar0)/@0x26212bf - animation-leash of insets_animation#0, layerId=446, ownerUid=1000, pid=1133
05-28 16:41:03.167  2473  2511 D AbsBYDAutoDevice: int eventTypes is 43200038
05-28 16:41:03.188  3523 30517 D AbsBYDAutoDevice: set featureIDs is int[]: [6dc00826, 6dc00810, 6dc00818, 6dc00808, 6dc00827, ] intArrayValue is int[]: [1, 53, 6, 0, 0, ]
05-28 16:41:03.215  1931  3123 D BarIconController: setActivityNameForStatusAndNavigaitonBar displayId:0
05-28 16:41:03.215  1931  1931 I BarIconController: updateStatusNaviBarBackground :mPackageName:com.byd.carsettings mActivityName:com.byd.carsettings.MainActivity
05-28 16:41:03.215  1931  1931 D BarIconController: setNavigationBarBackground packageName  = com.byd.carsettings , activityName = com.byd.carsettings.MainActivity mDivider = false
05-28 16:41:03.215  1931  1931 D Custom_NavigationBarController: updateNavBarIcon packageName = com.byd.carsettings , activityName = com.byd.carsettings.MainActivity
05-28 16:41:03.215  1931  1931 D Custom_NavigationBarController: updateNaviIconColor colorId = 2131100140 , mColorId = 2131100140
05-28 16:41:03.215  1931  1931 D Custom_NavigationBarController: isThirdApp, isTransparentStatusNaviBar return false
05-28 16:41:03.215  1931  1931 D Custom_NavigationBarController: isBlur, packageName = com.byd.carsettings, activityName = com.byd.carsettings.MainActivity
05-28 16:41:03.215  1931  1931 D BarIconController: setActivityNameForStatusAndNavigaitonBar isThirdApp:false
05-28 16:41:03.217   383   383 D SurfaceFlinger: debug_focus 7 visible 0 window=bbq-wrapper#2#112(show:na,0), bbq-wrapper#1#78(show:na,0), 7cae5b8 com.byd.launchermap#189(show:na,0), SurfaceView[](BLAST)#0#192(show:na,0), 22c2b1c NavigationBar0#105(show:na,0), b8f2a14 StatusBar#106(show:na,0), 132269 com.bydmate.app#202(show:na,0), 92d83f6 com.van.diplus#179(show:na,0), 9b61837 com.van.diplus#176(show:na,0), a1ec4c2 Splash Screen com.byd.carsettings#456(show:na,0), c639c1f com.byd.carsettings/com.byd.carsettings.MainActivity#462(show:na,1), 8ab7855 ActivityRecordInputSink com.byd.carsettings/.MainActivity#460(show:na,0), 3e4ce82 com.alphainventor.filemanager/com.alphainventor.filemanager.activity.MainActivity#444(show:na,0), 86f6e44 ActivityRecordInputSink com.alphainventor.filemanager/.activity.MainActivity#339(show:na,0), 47dc033 ActivityRecordInputSink com.android.launcher3/.Launcher#229(hide:ActivityRecord{7549969 u0 com.android.launcher3/.Launcher#0#222,0), 297
05-28 16:41:03.234   383   383 D SurfaceFlinger: debug_focus 7 visible 0 window=bbq-wrapper#2#112(show:na,0), bbq-wrapper#1#78(show:na,0), 7cae5b8 com.byd.launchermap#189(show:na,0), SurfaceView[](BLAST)#0#192(show:na,0), 22c2b1c NavigationBar0#105(show:na,0), b8f2a14 StatusBar#106(show:na,0), 132269 com.bydmate.app#202(show:na,0), 92d83f6 com.van.diplus#179(show:na,0), 9b61837 com.van.diplus#176(show:na,0), a1ec4c2 Splash Screen com.byd.carsettings#456(show:na,0), c639c1f com.byd.carsettings/com.byd.carsettings.MainActivity#462(show:na,1), 8ab7855 ActivityRecordInputSink com.byd.carsettings/.MainActivity#460(show:na,0), 3e4ce82 com.alphainventor.filemanager/com.alphainventor.filemanager.activity.MainActivity#444(hide:ActivityRecord{ed3862 u0 com.alphainventor.filemanager/.activity.MainActivity#0#333,0), 86f6e44 ActivityRecordInputSink com.alphainventor.filemanager/.activity.MainActivity#339(hide:ActivityRecord{ed3862 u0 com.alphainventor.filemanager/.activity.MainA
05-28 16:41:03.277 28423 31078 E AbsBYDAutoDevice: AbsBYDAutoDevice construct enter
05-28 16:41:03.307 28423 31078 E AbsBYDAutoDevice: AbsBYDAutoDevice construct exit
05-28 16:41:03.367 28423 28423 D AbsBYDAutoDevice: int eventTypes is 2b500026
05-28 16:41:03.369 28423 31078 D AbsBYDAutoDevice: int eventTypes is 43200008
05-28 16:41:03.385 28423 31078 D AbsBYDAutoDevice: int eventTypes is 4320000f
05-28 16:41:03.387  2473  3042 E AbsBYDAutoDevice: AbsBYDAutoDevice construct enter
05-28 16:41:03.387  2473  3042 E AbsBYDAutoDevice: AbsBYDAutoDevice construct exit
05-28 16:41:03.387 28423 31078 D AbsBYDAutoDevice: int eventTypes is 4320001b
05-28 16:41:03.388  2473  3042 D AbsBYDAutoDevice: int eventTypes is 3be00012
05-28 16:41:03.388 28423 31078 D CarSettings-DrivingAssistModeProMax: [Thread:CsThreadPool-1-Thread-6][fileInfo:DrivingAssistModeProMax.java(135) readVisibleFromSelfLearn] isDrivingAssistModeVisible: ACC is 1 TJA = 1 HNP = 1 visible = true
05-28 16:41:03.388 28423 31078 D CarSettings-VisibleFromSelfLearnUtil: [Thread:CsThreadPool-1-Thread-6][fileInfo:VisibleFromSelfLearnUtil.java(77) readVisibleFromSelfLearn] DrivingAssistModeProMax readVisibleFromSelfLearn true
05-28 16:41:03.394 28423 31078 D CarSettings-VisibleFromSelfLearnUtil: [Thread:CsThreadPool-1-Thread-6][fileInfo:VisibleFromSelfLearnUtil.java(117) updateFunctionIdDb] updateFunctionIdDb FunctionLearnEntity {"function_class_name":"com.byd.dipilot.view.driveassist.DrivingAssistModeProMax","function_id":"00400100090000","function_state":0,"id":0,"parent_function_class_name":"com.byd.carsettings.dipilot.fragment.Di5IviXDriveAssistFragment","parent_function_id":"00900100000000"} Already exists!!!
05-28 16:41:03.395  2473  2536 D AbsBYDAutoDevice: int eventTypes is 4750003c
05-28 16:41:03.395  2473  2536 I CAR.L.CAR_CAR_PROPERTY: [device=BYDAutoSettingDevice,operation=get,features=[1196425276],intValue=0]
05-28 16:41:03.398  2473  3042 D AbsBYDAutoDevice: int eventTypes is 2db0002b
05-28 16:41:03.398  2473  3042 I CAR.L.CAR_CAR_PROPERTY: [device=BYDAutoSettingDevice,operation=get,features=[766509099],intValue=65535]
05-28 16:41:03.405 28423 28423 E AbsBYDAutoDevice: AbsBYDAutoDevice construct enter
05-28 16:41:03.405 28423 28423 E AbsBYDAutoDevice: AbsBYDAutoDevice construct exit
05-28 16:41:03.407 28423 28423 I CarSettings-McuUiStateEnergyExchangeUtils: [Thread:main][fileInfo:McuUiStateEnergyExchangeUtils.java(284) isKeyVisible] value = 0
05-28 16:41:03.410 28423 28423 E AbsBYDAutoDevice: AbsBYDAutoDevice construct enter
05-28 16:41:03.410 28423 28423 E AbsBYDAutoDevice: AbsBYDAutoDevice construct exit
05-28 16:41:03.411 28423 28423 D AbsBYDAutoDevice: registerListener featureIDs: int[]: [11f00020, 11f00021, ] end.
05-28 16:41:03.412 28423 28423 D AbsBYDAutoDevice: int eventTypes is 4c90009f
05-28 16:41:03.413 28423 31078 D CarSettings-HotWordsRegister: [Thread:CsThreadPool-1-Thread-6][fileInfo:HotWordsRegister.java(56) register] register SearchDataEntity SearchDataEntity{DiPilot DiPilot 行车辅助 Driving Assist 行车辅助模式 ADAS Mode 00400100090000 0} Already exists!!!
05-28 16:41:03.416 28423 28423 E AbsBYDAutoDevice: AbsBYDAutoDevice construct enter
05-28 16:41:03.416 28423 28423 E AbsBYDAutoDevice: AbsBYDAutoDevice construct exit
05-28 16:41:03.416 28423 28423 D AbsBYDAutoDevice: int eventTypes is 443000d6
05-28 16:41:03.417 28423 28423 D CarSettings-HalGetter: [Thread:main][fileInfo:HalGetter.java(175) logEcuInfo] getEcu2BYDAuto IBYDAutoDevice : BYDAutoSettingDevice FeatureId : 443000D6 Id : 443 SubId : 0 position : 26.6 returnIntValue : 0
05-28 16:41:03.419 28423 28423 D AbsBYDAutoDevice: int eventTypes is 443000d6
05-28 16:41:03.420 28423 28423 D CarSettings-HalGetter: [Thread:main][fileInfo:HalGetter.java(175) logEcuInfo] getEcu2BYDAuto IBYDAutoDevice : BYDAutoSettingDevice FeatureId : 443000D6 Id : 443 SubId : 0 position : 26.6 returnIntValue : 0
05-28 16:41:03.427 28423 28423 E AbsBYDAutoDevice: AbsBYDAutoDevice construct enter
05-28 16:41:03.427 28423 28423 E AbsBYDAutoDevice: AbsBYDAutoDevice construct exit
05-28 16:41:03.427 28423 28423 D AbsBYDAutoDevice: int eventTypes is 3c500046
05-28 16:41:03.429 28423 28423 D AbsBYDAutoDevice: int eventTypes is 2f4001a2
05-28 16:41:03.430 28423 28423 D AbsBYDAutoDevice: int eventTypes is 2f4001a4
05-28 16:41:03.431 28423 28423 D AbsBYDAutoDevice: int eventTypes is 2f4001a6
05-28 16:41:03.432 28423 28423 D AbsBYDAutoDevice: int eventTypes is 2f4001a8
05-28 16:41:03.432 28423 28423 D AbsBYDAutoDevice: int eventTypes is 2f4001aa
05-28 16:41:03.433 28423 28423 D AbsBYDAutoDevice: int eventTypes is 2f4001ac
05-28 16:41:03.433 28423 28423 D AbsBYDAutoDevice: int eventTypes is 2f4001ae
05-28 16:41:03.434  2473  3042 D AbsBYDAutoDevice: int eventTypes is 43200036
05-28 16:41:03.435 28423 28423 D AbsBYDAutoDevice: int eventTypes is 3c500046
05-28 16:41:03.436 28423 28423 D AbsBYDAutoDevice: int eventTypes is 2f4001a2
05-28 16:41:03.436 28423 28423 D AbsBYDAutoDevice: int eventTypes is 2f4001a4
05-28 16:41:03.438 28423 28423 D AbsBYDAutoDevice: int eventTypes is 2f4001a6
05-28 16:41:03.440 28423 28423 D AbsBYDAutoDevice: int eventTypes is 2f4001a8
05-28 16:41:03.441 28423 28423 D AbsBYDAutoDevice: int eventTypes is 2f4001aa
05-28 16:41:03.442 28423 28423 D AbsBYDAutoDevice: int eventTypes is 2f4001ac
05-28 16:41:03.443 28423 28423 D AbsBYDAutoDevice: int eventTypes is 2f4001ae
05-28 16:41:03.444 28423 31078 D CarSettings-VisibleFromSelfLearnUtil: [Thread:CsThreadPool-1-Thread-6][fileInfo:VisibleFromSelfLearnUtil.java(117) updateFunctionIdDb] updateFunctionIdDb FunctionLearnEntity {"function_class_name":"com.byd.dipilot.view.driveassist.OverTakingStyle","function_id":"00400100100000","function_state":1,"id":0,"parent_function_class_name":"com.byd.carsettings.dipilot.fragment.Di5IviXDriveAssistFragment","parent_function_id":"00900100000000"} Already exists!!!
05-28 16:41:03.445 28423 28423 D AbsBYDAutoDevice: int eventTypes is 31e00013
05-28 16:41:03.446 28423 28423 D CarSettings-HalGetter: [Thread:main][fileInfo:HalGetter.java(175) logEcuInfo] getEcu2BYDAuto IBYDAutoDevice : BYDAutoSettingDevice FeatureId : 31E00013 Id : 31E SubId : 0 position : 2.3 returnIntValue : 1
05-28 16:41:03.448 28423 31078 D CarSettings-HotWordsRegister: [Thread:CsThreadPool-1-Thread-6][fileInfo:HotWordsRegister.java(56) register] register SearchDataEntity SearchDataEntity{DiPilot DiPilot 行车辅助 Driving Assist 变道风格 Lane Change Style 00400100100000 1} Already exists!!!
05-28 16:41:03.450 28423 31078 D AbsBYDAutoDevice: int eventTypes is 43200032
05-28 16:41:03.450 28423 31078 D CarSettings-LaneChangeAssist: [Thread:CsThreadPool-1-Thread-6][fileInfo:LaneChangeAssist.java(113) readVisibleFromSelfLearn] readVisibleFromSelfLearn visible:true,value:2
05-28 16:41:03.450 28423 31078 D CarSettings-VisibleFromSelfLearnUtil: [Thread:CsThreadPool-1-Thread-6][fileInfo:VisibleFromSelfLearnUtil.java(77) readVisibleFromSelfLearn] LaneChangeAssist readVisibleFromSelfLearn true
05-28 16:41:03.450 28423 31078 D CarSettings-VisibleFromSelfLearnUtil: [Thread:CsThreadPool-1-Thread-6][fileInfo:VisibleFromSelfLearnUtil.java(77) readVisibleFromSelfLearn] LaneChangeTitle readVisibleFromSelfLearn true
05-28 16:41:03.450 28423 31078 E CarSettings-JumpActionEntity: [Thread:CsThreadPool-1-Thread-6][fileInfo:JumpActionEntity.java(127) getFunctionId] LaneChangeTitle updateFunctionIdDb (Throwable)java.lang.NoSuchMethodException: com.byd.dipilot.view.driveassist.LaneChangeTitle.getFunctionId []
05-28 16:41:03.450 28423 31078 W CarSettings-HotWordsRegister: [Thread:CsThreadPool-1-Thread-6][fileInfo:HotWordsRegister.java(76) getHotWords] getHotWords (NoSuchMethodException) class com.byd.dipilot.view.driveassist.LaneChangeTitle
05-28 16:41:03.453 28423 31078 D AbsBYDAutoDevice: int eventTypes is 4320003a
05-28 16:41:03.453 28423 31078 D CarSettings-LaneChangeSwitch: [Thread:CsThreadPool-1-Thread-6][fileInfo:LaneChangeSwitch.java(102) readVisibleFromSelfLearn] readVisibleFromSelfLearn visible:true
05-28 16:41:03.454 28423 31078 D CarSettings-VisibleFromSelfLearnUtil: [Thread:CsThreadPool-1-Thread-6][fileInfo:VisibleFromSelfLearnUtil.java(77) readVisibleFromSelfLearn] LaneChangeSwitch readVisibleFromSelfLearn true
05-28 16:41:03.458 28423 31078 D CarSettings-VisibleFromSelfLearnUtil: [Thread:CsThreadPool-1-Thread-6][fileInfo:VisibleFromSelfLearnUtil.java(117) updateFunctionIdDb] updateFunctionIdDb FunctionLearnEntity {"function_class_name":"com.byd.dipilot.view.driveassist.LaneChangeSwitch","function_id":"00400100040000 ","function_state":0,"id":0,"parent_function_class_name":"com.byd.carsettings.dipilot.fragment.Di5IviXDriveAssistFragment","parent_function_id":"00900100000000"} Already exists!!!
05-28 16:41:03.465 28423 31078 D CarSettings-HotWordsRegister: [Thread:CsThreadPool-1-Thread-6][fileInfo:HotWordsRegister.java(56) register] register SearchDataEntity SearchDataEntity{DiPilot DiPilot 行车辅助 Driving Assist 拨杆变道 Intelligent Lane Change Assist 00400100040000  0} Already exists!!!
05-28 16:41:03.466 28423 31078 D AbsBYDAutoDevice: int eventTypes is 43200032
05-28 16:41:03.469 28423 31078 D CarSettings-LaneChangeAssist: [Thread:CsThreadPool-1-Thread-6][fileInfo:LaneChangeAssist.java(113) readVisibleFromSelfLearn] readVisibleFromSelfLearn visible:true,value:2
05-28 16:41:03.469 28423 31078 D CarSettings-VisibleFromSelfLearnUtil: [Thread:CsThreadPool-1-Thread-6][fileInfo:VisibleFromSelfLearnUtil.java(77) readVisibleFromSelfLearn] LaneChangeAssist readVisibleFromSelfLearn true
05-28 16:41:03.472 28423 31078 D CarSettings-VisibleFromSelfLearnUtil: [Thread:CsThreadPool-1-Thread-6][fileInfo:VisibleFromSelfLearnUtil.java(117) updateFunctionIdDb] updateFunctionIdDb FunctionLearnEntity {"function_class_name":"com.byd.dipilot.view.driveassist.LaneChangeAssist","function_id":"00400100110000","function_state":0,"id":0,"parent_function_class_name":"com.byd.carsettings.dipilot.fragment.Di5IviXDriveAssistFragment","parent_function_id":"00900100000000"} Already exists!!!
05-28 16:41:03.477 28423 31078 D CarSettings-HotWordsRegister: [Thread:CsThreadPool-1-Thread-6][fileInfo:HotWordsRegister.java(56) register] register SearchDataEntity SearchDataEntity{DiPilot DiPilot 行车辅助 Driving Assist 激活方式 Enable By 00400100110000 0} Already exists!!!
05-28 16:41:03.486 28423 31078 D AbsBYDAutoDevice: int eventTypes is 4540000c
05-28 16:41:03.487 28423 31078 D CarSettings-HalGetter: [Thread:CsThreadPool-1-Thread-6][fileInfo:HalGetter.java(175) logEcuInfo] getEcu2BYDAuto IBYDAutoDevice : BYDAutoSettingDevice FeatureId : 4540000C Id : 454 SubId : 0 position : 1.4 returnIntValue : 5
05-28 16:41:03.492 28423 31078 D AbsBYDAutoDevice: int eventTypes is 4320001e
05-28 16:41:03.493 28423 28423 E AbsBYDAutoDevice: AbsBYDAutoDevice construct enter
05-28 16:41:03.493 28423 28423 E AbsBYDAutoDevice: AbsBYDAutoDevice construct exit
05-28 16:41:03.494 28423 31078 D CarSettings-SpeedLimitAssist: [Thread:CsThreadPool-1-Thread-6][fileInfo:SpeedLimitAssist.java(111) readVisibleFromSelfLearn] isSpeedLimitAssistVisible: value is 0 state = 5 visible = true
05-28 16:41:03.494 28423 31078 D CarSettings-VisibleFromSelfLearnUtil: [Thread:CsThreadPool-1-Thread-6][fileInfo:VisibleFromSelfLearnUtil.java(77) readVisibleFromSelfLearn] SpeedLimitAssist readVisibleFromSelfLearn true
05-28 16:41:03.494 28423 31078 E CarSettings-JumpActionEntity: [Thread:CsThreadPool-1-Thread-6][fileInfo:JumpActionEntity.java(127) getFunctionId] SpeedLimitTitle updateFunctionIdDb (Throwable)java.lang.NoSuchMethodException: com.byd.dipilot.view.driveassist.SpeedLimitTitle.getFunctionId []
05-28 16:41:03.494 28423 31078 W CarSettings-HotWordsRegister: [Thread:CsThreadPool-1-Thread-6][fileInfo:HotWordsRegister.java(76) getHotWords] getHotWords (NoSuchMethodException) class com.byd.dipilot.view.driveassist.SpeedLimitTitle
05-28 16:41:03.495 28423 31078 D AbsBYDAutoDevice: int eventTypes is 4540000c
05-28 16:41:03.495 28423 31078 D CarSettings-HalGetter: [Thread:CsThreadPool-1-Thread-6][fileInfo:HalGetter.java(175) logEcuInfo] getEcu2BYDAuto IBYDAutoDevice : BYDAutoSettingDevice FeatureId : 4540000C Id : 454 SubId : 0 position : 1.4 returnIntValue : 5
05-28 16:41:03.496 28423 31078 D AbsBYDAutoDevice: int eventTypes is 4320001e
05-28 16:41:03.496 28423 28423 D AbsBYDAutoDevice: int eventTypes is 3ff0000a
05-28 16:41:03.496 28423 31078 D CarSettings-SpeedLimitAssist: [Thread:CsThreadPool-1-Thread-6][fileInfo:SpeedLimitAssist.java(111) readVisibleFromSelfLearn] isSpeedLimitAssistVisible: value is 0 state = 5 visible = true
05-28 16:41:03.496 28423 31078 D CarSettings-VisibleFromSelfLearnUtil: [Thread:CsThreadPool-1-Thread-6][fileInfo:VisibleFromSelfLearnUtil.java(77) readVisibleFromSelfLearn] SpeedLimitAssist readVisibleFromSelfLearn true
05-28 16:41:03.496 28423 28423 D CarSettings-HalGetter: [Thread:main][fileInfo:HalGetter.java(175) logEcuInfo] getEcu2BYDAuto IBYDAutoDevice : BYDAutoSettingDevice FeatureId : 3FF0000A Id : 3FF SubId : 0 position : 1.2 returnIntValue : 6
05-28 16:41:03.499 28423 31078 D CarSettings-VisibleFromSelfLearnUtil: [Thread:CsThreadPool-1-Thread-6][fileInfo:VisibleFromSelfLearnUtil.java(117) updateFunctionIdDb] updateFunctionIdDb FunctionLearnEntity {"function_class_name":"com.byd.dipilot.view.driveassist.SpeedLimitAssist","function_id":"00400200050000","function_state":0,"id":0,"parent_function_class_name":"com.byd.carsettings.dipilot.fragment.Di5IviXDriveAssistFragment","parent_function_id":"00900100000000"} Already exists!!!
05-28 16:41:03.513 28423 31078 D CarSettings-HotWordsRegister: [Thread:CsThreadPool-1-Thread-6][fileInfo:HotWordsRegister.java(56) register] register SearchDataEntity SearchDataEntity{DiPilot DiPilot 行车辅助 Driving Assist 限速控制 Intelligent Speed Limit Control 00400200050000 0} Already exists!!!
05-28 16:41:03.515 28423 28423 I CarSettings-McuUiStateEnergyExchangeUtils: [Thread:main][fileInfo:McuUiStateEnergyExchangeUtils.java(284) isKeyVisible] value = 1
05-28 16:41:03.517 28423 31078 D AbsBYDAutoDevice: int eventTypes is 43200030
05-28 16:41:03.517 28423 28423 D AbsBYDAutoDevice: int eventTypes is d500013
05-28 16:41:03.523 28423 28423 E AbsBYDAutoDevice: AbsBYDAutoDevice construct enter
05-28 16:41:03.523 28423 28423 E AbsBYDAutoDevice: AbsBYDAutoDevice construct exit
05-28 16:41:03.523 28423 28423 D AbsBYDAutoDevice: int eventTypes is 4fd00030
05-28 16:41:03.524 28423 28423 D AbsBYDAutoDevice: int eventTypes is 4ab00018
05-28 16:41:03.525 28423 28423 D AbsBYDAutoDevice: int eventTypes is 4ab0001d
05-28 16:41:03.537  2473  2536 E AbsBYDAutoDevice: AbsBYDAutoDevice construct enter
05-28 16:41:03.537  2473  2536 E AbsBYDAutoDevice: AbsBYDAutoDevice construct exit
05-28 16:41:03.538  2473  2536 D AbsBYDAutoDevice: int eventTypes is 35a000d8
05-28 16:41:03.541 28423 31078 D CarSettings-VisibleFromSelfLearnUtil: [Thread:CsThreadPool-1-Thread-6][fileInfo:VisibleFromSelfLearnUtil.java(117) updateFunctionIdDb] updateFunctionIdDb FunctionLearnEntity {"function_class_name":"com.byd.dipilot.view.driveassist.SpeedLimitOffset","function_id":"00400100120000","function_state":0,"id":0,"parent_function_class_name":"com.byd.carsettings.dipilot.fragment.Di5IviXDriveAssistFragment","parent_function_id":"00900100000000"} Already exists!!!
05-28 16:41:03.546 28423 31078 D CarSettings-HotWordsRegister: [Thread:CsThreadPool-1-Thread-6][fileInfo:HotWordsRegister.java(56) register] register SearchDataEntity SearchDataEntity{DiPilot DiPilot 行车辅助 Driving Assist 目标车速偏移值 Offset 00400100120000 0} Already exists!!!
05-28 16:41:03.547 28423 31078 D AbsBYDAutoDevice: int eventTypes is 4320002c
05-28 16:41:03.547 28423 28423 D AbsBYDAutoDevice: int eventTypes is 4640703c
05-28 16:41:03.547 28423 31078 D CarSettings-VisibleFromSelfLearnUtil: [Thread:CsThreadPool-1-Thread-6][fileInfo:VisibleFromSelfLearnUtil.java(117) updateFunctionIdDb] updateFunctionIdDb FunctionLearnEntity {"function_class_name":"com.byd.dipilot.view.driveassist.LaneKeepingControl","function_id":"00400100130000","function_state":1,"id":0,"parent_function_class_name":"com.byd.carsettings.dipilot.fragment.Di5IviXDriveAssistFragment","parent_function_id":"00900100000000"} Already exists!!!
05-28 16:41:03.548 28423 31078 D CarSettings-HotWordsRegister: [Thread:CsThreadPool-1-Thread-6][fileInfo:HotWordsRegister.java(56) register] register SearchDataEntity SearchDataEntity{DiPilot DiPilot 行车辅助 Driving Assist 车道保持 Lane Keeping Control 00400100130000 1} Already exists!!!
05-28 16:41:03.549 28423 28423 E AbsBYDAutoDevice: AbsBYDAutoDevice construct enter
05-28 16:41:03.549 28423 28423 E AbsBYDAutoDevice: AbsBYDAutoDevice construct exit
05-28 16:41:03.549 28423 31078 D AbsBYDAutoDevice: int eventTypes is 4320001d
05-28 16:41:03.550 28423 28423 I CarSettings-McuUiStateEnergyExchangeUtils: [Thread:main][fileInfo:McuUiStateEnergyExchangeUtils.java(284) isKeyVisible] value = 1
05-28 16:41:03.552 28423 28423 D AbsBYDAutoDevice: int eventTypes is 34700020
05-28 16:41:03.553 28423 28423 D CarSettings-HalGetter: [Thread:main][fileInfo:HalGetter.java(175) logEcuInfo] getEcu2BYDAuto IBYDAutoDevice : BYDAutoSettingDevice FeatureId : 34700020 Id : 347 SubId : 0 position : 4.0 returnIntValue : 1
05-28 16:41:03.554 28423 28423 D CarSettings-MileageDisplayStandard: [Thread:main][fileInfo:MileageDisplayStandard.java(56) readVisibleFromSelfLearn] readVisibleFromSelfLearn: mcuState is 1
05-28 16:41:03.555 28423 28423 D CarSettings-MileageDisplayStandard: [Thread:main][fileInfo:MileageDisplayStandard.java(58) readVisibleFromSelfLearn] readVisibleFromSelfLearn visible :false
05-28 16:41:03.555 28423 28423 D CarSettings-VisibleFromSelfLearnUtil: [Thread:main][fileInfo:VisibleFromSelfLearnUtil.java(77) readVisibleFromSelfLearn] MileageDisplayStandard readVisibleFromSelfLearn false
05-28 16:41:03.555 28423 28423 D CarSettings-RecommendImageUtils: [Thread:main][fileInfo:RecommendUtils.java(152) readRecommendVisible] readRecommendVisible functionId: 00500100080000 functionClassName: com.byd.newenergy.energy.view.MileageDisplayStandard result: false
05-28 16:41:03.565 28423 31078 D CarSettings-VisibleFromSelfLearnUtil: [Thread:CsThreadPool-1-Thread-6][fileInfo:VisibleFromSelfLearnUtil.java(117) updateFunctionIdDb] updateFunctionIdDb FunctionLearnEntity {"function_class_name":"com.byd.dipilot.view.driveassist.TrafficLightAttention","function_id":"00400200090000","function_state":1,"id":0,"parent_function_class_name":"com.byd.carsettings.dipilot.fragment.Di5IviXDriveAssistFragment","parent_function_id":"00900100000000"} Already exists!!!
05-28 16:41:03.566 28423 31078 D CarSettings-HotWordsRegister: [Thread:CsThreadPool-1-Thread-6][fileInfo:HotWordsRegister.java(56) register] register SearchDataEntity SearchDataEntity{DiPilot DiPilot 行车辅助 Driving Assist 交通灯提醒 Traffic Light Attention 00400200090000 1} Already exists!!!
05-28 16:41:03.572  2473  2511 D AbsBYDAutoDevice: int eventTypes is 43200008
05-28 16:41:03.599  2473  3042 D AbsBYDAutoDevice: int eventTypes is 49f001e6
05-28 16:41:03.602   383   383 D SurfaceFlinger: debug_focus 7 visible 0 window=bbq-wrapper#2#112(show:na,0), bbq-wrapper#1#78(show:na,0), 7cae5b8 com.byd.launchermap#189(show:na,0), SurfaceView[](BLAST)#0#192(show:na,0), 22c2b1c NavigationBar0#105(show:na,0), b8f2a14 StatusBar#106(show:na,0), 132269 com.bydmate.app#202(show:na,0), 92d83f6 com.van.diplus#179(show:na,0), 9b61837 com.van.diplus#176(show:na,0), a1ec4c2 Splash Screen com.byd.carsettings#456(show:na,0), c639c1f com.byd.carsettings/com.byd.carsettings.MainActivity#462(show:na,1), 8ab7855 ActivityRecordInputSink com.byd.carsettings/.MainActivity#460(show:na,0), 86f6e44 ActivityRecordInputSink com.alphainventor.filemanager/.activity.MainActivity#339(hide:ActivityRecord{ed3862 u0 com.alphainventor.filemanager/.activity.MainActivity#0#333,0), 47dc033 ActivityRecordInputSink com.android.launcher3/.Launcher#229(hide:ActivityRecord{7549969 u0 com.android.launcher3/.Launcher#0#222,0), 297dd20 ActivityRecordInputS
05-28 16:41:03.606 28423 28423 D AbsBYDAutoDevice: int eventTypes is 3ff00035
05-28 16:41:03.609 28423 31078 D CarSettings-VisibleFromSelfLearnUtil: [Thread:CsThreadPool-1-Thread-6][fileInfo:VisibleFromSelfLearnUtil.java(117) updateFunctionIdDb] updateFunctionIdDb FunctionLearnEntity {"function_class_name":"com.byd.dipilot.view.driveassist.IndicatorLight","function_id":"00400100200000","function_state":1,"id":0,"parent_function_class_name":"com.byd.carsettings.dipilot.fragment.Di5IviXDriveAssistFragment","parent_function_id":"00900100000000"} Already exists!!!
05-28 16:41:03.613 28423 31078 D CarSettings-HotWordsRegister: [Thread:CsThreadPool-1-Thread-6][fileInfo:HotWordsRegister.java(56) register] register SearchDataEntity SearchDataEntity{DiPilot DiPilot 行车辅助 Driving Assist 驾驶辅助指示灯 ADS Light 00400100200000 1} Already exists!!!
05-28 16:41:03.615  5789  5789 D BYDAutoSettingDevice: postEvent device_type: 1023, event_type =48600040, value = 1
05-28 16:41:03.615  5789  5789 D BYDAutoSettingDevice: postEvent device_type: 1023, event_type =40200037, value = 1
05-28 16:41:03.622  2473  3042 D AbsBYDAutoDevice: int eventTypes is 1ff03039
05-28 16:41:03.632 28423 31078 D CarSettings-VisibleFromSelfLearnUtil: [Thread:CsThreadPool-1-Thread-6][fileInfo:VisibleFromSelfLearnUtil.java(117) updateFunctionIdDb] updateFunctionIdDb FunctionLearnEntity {"function_class_name":"com.byd.dipilot.view.driveassist.TrafficGreenStart","function_id":"00400100150000","function_state":1,"id":0,"parent_function_class_name":"com.byd.carsettings.dipilot.fragment.Di5IviXDriveAssistFragment","parent_function_id":"00900100000000"} Already exists!!!
05-28 16:41:03.634 28423 31078 D CarSettings-HotWordsRegister: [Thread:CsThreadPool-1-Thread-6][fileInfo:HotWordsRegister.java(56) register] register SearchDataEntity SearchDataEntity{DiPilot DiPilot 行车辅助 Driving Assist 绿灯起步提醒 Green Light Go Attention 00400100150000 1} Already exists!!!
05-28 16:41:03.640  2473  3042 D AbsBYDAutoDevice: int eventTypes is 1ff0302c
05-28 16:41:03.644 28423 31078 D CarSettings-VisibleFromSelfLearnUtil: [Thread:CsThreadPool-1-Thread-6][fileInfo:VisibleFromSelfLearnUtil.java(117) updateFunctionIdDb] updateFunctionIdDb FunctionLearnEntity {"function_class_name":"com.byd.dipilot.view.driveassist.TrafficIntersection","function_id":"00400100160000","function_state":1,"id":0,"parent_function_class_name":"com.byd.carsettings.dipilot.fragment.Di5IviXDriveAssistFragment","parent_function_id":"00900100000000"} Already exists!!!
