05-28 16:42:04.873  5789  5789 D BYDAutoSettingDevice: postEvent device_type: 1023, event_type =42f00037, value = 1
05-28 16:42:04.909  3523 31174 D AbsBYDAutoDevice: set featureIDs is int[]: [6dc00826, 6dc00810, 6dc00818, 6dc00808, 6dc00827, ] intArrayValue is int[]: [1, 53, 6, 0, 0, ]
05-28 16:42:04.941  5789  5789 D BYDAutoSettingDevice: postEvent device_type: 1023, event_type =48600040, value = 0
05-28 16:42:04.941  5789  5789 D BYDAutoSettingDevice: postEvent device_type: 1023, event_type =42f00037, value = 0
05-28 16:42:04.945  1133  1676 D WifiScoreCard: BSSID update SIGNAL_POLL ID: 1082925072 SSID: "Xiaomi13", BSSID: ca:f8:**:**:ce:8c, MAC: 56:76:**:**:0d:ce, Security type: 2, Supplicant state: COMPLETED, HE Eight Max VHT Spatial Streams Supported AP: false, Eight Max VHT Spatial streams support: false, Wi-Fi standard: 4, RSSI: -43, Link speed: 192Mbps, Tx Link speed: 192Mbps, Max Supported Tx Link speed: 144Mbps, Rx Link speed: 173Mbps, Max Supported Rx Link speed: 144Mbps, Frequency: 2462MHz, Net ID: 1, Metered hint: true, score: 60, CarrierMerged: false, SubscriptionId: -1, IsPrimary: 1
05-28 16:42:05.598  5789  5789 D BYDAutoSettingDevice: postEvent device_type: 1023, event_type =48600040, value = 1
05-28 16:42:05.598  5789  5789 D BYDAutoSettingDevice: postEvent device_type: 1023, event_type =40200037, value = 1
05-28 16:42:05.872  5789  5789 D BYDAutoSettingDevice: postEvent device_type: 1023, event_type =48600040, value = 0
05-28 16:42:05.874  5789  5789 D BYDAutoSettingDevice: postEvent device_type: 1023, event_type =40200037, value = 0
05-28 16:42:05.875  5789  5789 D BYDAutoSettingDevice: postEvent device_type: 1023, event_type =48600040, value = 1
05-28 16:42:05.875  5789  5789 D BYDAutoSettingDevice: postEvent device_type: 1023, event_type =42f00037, value = 1
05-28 16:42:05.913  3523 31174 D AbsBYDAutoDevice: set featureIDs is int[]: [6dc00826, 6dc00810, 6dc00818, 6dc00808, 6dc00827, ] intArrayValue is int[]: [1, 53, 6, 0, 0, ]
05-28 16:42:05.936  5789  5789 D BYDAutoSettingDevice: postEvent device_type: 1023, event_type =48600040, value = 0
05-28 16:42:05.936  5789  5789 D BYDAutoSettingDevice: postEvent device_type: 1023, event_type =42f00037, value = 0
05-28 16:42:06.600  5789  5789 D BYDAutoSettingDevice: postEvent device_type: 1023, event_type =48600040, value = 1
05-28 16:42:06.600  5789  5789 D BYDAutoSettingDevice: postEvent device_type: 1023, event_type =40200037, value = 1
05-28 16:42:06.674  1133  1484 D AbsBYDAutoDevice: set featureID is 4c11e024 intValue is 2
05-28 16:42:06.873  5789  5789 D BYDAutoSettingDevice: postEvent device_type: 1023, event_type =48600040, value = 0
05-28 16:42:06.873  5789  5789 D BYDAutoSettingDevice: postEvent device_type: 1023, event_type =40200037, value = 0
05-28 16:42:06.874  5789  5789 D BYDAutoSettingDevice: postEvent device_type: 1023, event_type =48600040, value = 1
05-28 16:42:06.874  5789  5789 D BYDAutoSettingDevice: postEvent device_type: 1023, event_type =42f00037, value = 1
05-28 16:42:06.915  3523 31174 D AbsBYDAutoDevice: set featureIDs is int[]: [6dc00826, 6dc00810, 6dc00818, 6dc00808, 6dc00827, ] intArrayValue is int[]: [1, 53, 6, 0, 0, ]
05-28 16:42:06.926 28423 28423 D CarSettings-HudNavigationFuse: [Thread:main][fileInfo:AbsSwitchGroup.java(152) onInterceptTouchEvent] onInterceptTouchEvent isChecked : false
05-28 16:42:06.937  5789  5789 D BYDAutoSettingDevice: postEvent device_type: 1023, event_type =48600040, value = 0
05-28 16:42:06.938 28423 28423 D CarSettings-HudNavigationFuse: [Thread:main][fileInfo:AbsSwitchGroup.java(190) lambda$initView$2$AbsSwitchGroup] bydSwitch setOnCheckedChangeListener false
05-28 16:42:06.940  5789  5789 D BYDAutoSettingDevice: postEvent device_type: 1023, event_type =42f00037, value = 0
05-28 16:42:06.946  1133  1706 D StreamFocusControl: streamType is STREAM_NAVI or STREAM_SYSTEM
05-28 16:42:07.154 28423 28423 I CarSettings-HudNavigationFuseModel: [Thread:main][fileInfo:HudNavigationFuseModel.java(78) setHudNavigationFuseState] setHudNavigationFuseState newState = false mcuState = 1
05-28 16:42:07.154 28423 28423 D CarSettings-HalSetter: [Thread:main][fileInfo:HalSetter.java(364) set] sendEcu2BYDAuto containsKey BYDAutoSettingDevice_1217 diffTime 9021
05-28 16:42:07.154 28423 28423 D CarSettings-HalSetter: [Thread:main][fileInfo:HalSetter.java(323) logEcuInfo] sendEcu2BYDAuto IBYDAutoDevice : BYDAutoSettingDevice FeatureId : 4C10E036 Id : 4C1 SubId : E position : 6.6 intValue : 1
05-28 16:42:07.154 28423 28423 D AbsBYDAutoDevice: set featureID is 4c10e036 intValue is 1
05-28 16:42:07.250 28423 28423 D BYDAutoSettingDevice: postEvent device_type: 1023, event_type =38b00034, value = 1
05-28 16:42:07.250 28423 28423 I CarSettings-AbsBYDAutoSettingListener: [Thread:main][fileInfo:HudNavigationFuseModel.java(36) onDataEventChanged] onDataEventChanged newState = false mcuState = 1
05-28 16:42:07.251 28423 28423 E CarSettings-HudNavigationFuse: [Thread:main][fileInfo:AbsSwitchGroup.java(440) setViewState] setViewState isRunning state false
05-28 16:42:07.251  5789  5789 D BYDAutoSettingDevice: postEvent device_type: 1023, event_type =38b00034, value = 1
05-28 16:42:07.604  5789  5789 D BYDAutoSettingDevice: postEvent device_type: 1023, event_type =48600040, value = 1
05-28 16:42:07.604  5789  5789 D BYDAutoSettingDevice: postEvent device_type: 1023, event_type =40200037, value = 1
05-28 16:42:07.874  5789  5789 D BYDAutoSettingDevice: postEvent device_type: 1023, event_type =48600040, value = 0
05-28 16:42:07.874  5789  5789 D BYDAutoSettingDevice: postEvent device_type: 1023, event_type =40200037, value = 0
05-28 16:42:07.874  5789  5789 D BYDAutoSettingDevice: postEvent device_type: 1023, event_type =48600040, value = 1
05-28 16:42:07.875  5789  5789 D BYDAutoSettingDevice: postEvent device_type: 1023, event_type =42f00037, value = 1
05-28 16:42:07.919  3523 31174 D AbsBYDAutoDevice: set featureIDs is int[]: [6dc00826, 6dc00810, 6dc00818, 6dc00808, 6dc00827, ] intArrayValue is int[]: [1, 53, 6, 0, 0, ]
05-28 16:42:07.934  5789  5789 D BYDAutoSettingDevice: postEvent device_type: 1023, event_type =48600040, value = 0
05-28 16:42:07.935  5789  5789 D BYDAutoSettingDevice: postEvent device_type: 1023, event_type =42f00037, value = 0
05-28 16:42:07.974  1133  1676 D WifiScoreCard: BSSID update SIGNAL_POLL ID: 1082925072 SSID: "Xiaomi13", BSSID: ca:f8:**:**:ce:8c, MAC: 56:76:**:**:0d:ce, Security type: 2, Supplicant state: COMPLETED, HE Eight Max VHT Spatial Streams Supported AP: false, Eight Max VHT Spatial streams support: false, Wi-Fi standard: 4, RSSI: -44, Link speed: 192Mbps, Tx Link speed: 192Mbps, Max Supported Tx Link speed: 144Mbps, Rx Link speed: 173Mbps, Max Supported Rx Link speed: 144Mbps, Frequency: 2462MHz, Net ID: 1, Metered hint: true, score: 60, CarrierMerged: false, SubscriptionId: -1, IsPrimary: 1
05-28 16:42:08.350  4278 31074 D AbsBYDAutoDevice: int eventTypes is 3bb00000
05-28 16:42:08.353  4278 31074 D AbsBYDAutoDevice: int eventTypes is 3c800000
05-28 16:42:08.365  4278 31074 D AbsBYDAutoDevice: int eventTypes is 3f200042
05-28 16:42:08.366  4278 31074 D AbsBYDAutoDevice: int eventTypes is 3f200008
05-28 16:42:08.366  4278 31074 D AbsBYDAutoDevice: int eventTypes is 3a000000
05-28 16:42:08.369  4278 31074 D AbsBYDAutoDevice: int eventTypes is 3a300000
05-28 16:42:08.607  5789  5789 D BYDAutoSettingDevice: postEvent device_type: 1023, event_type =48600040, value = 1
05-28 16:42:08.608  5789  5789 D BYDAutoSettingDevice: postEvent device_type: 1023, event_type =40200037, value = 1
05-28 16:42:08.874  5789  5789 D BYDAutoSettingDevice: postEvent device_type: 1023, event_type =48600040, value = 0
05-28 16:42:08.874  5789  5789 D BYDAutoSettingDevice: postEvent device_type: 1023, event_type =40200037, value = 0
05-28 16:42:08.874  5789  5789 D BYDAutoSettingDevice: postEvent device_type: 1023, event_type =48600040, value = 1
05-28 16:42:08.875  5789  5789 D BYDAutoSettingDevice: postEvent device_type: 1023, event_type =42f00037, value = 1
05-28 16:42:08.929  3523 31174 D AbsBYDAutoDevice: set featureIDs is int[]: [6dc00826, 6dc00810, 6dc00818, 6dc00808, 6dc00827, ] intArrayValue is int[]: [1, 53, 6, 0, 0, ]
05-28 16:42:08.937  5789  5789 D BYDAutoSettingDevice: postEvent device_type: 1023, event_type =48600040, value = 0
05-28 16:42:08.940 28423 28423 D AbsBYDAutoDevice: int eventTypes is 38b00034
05-28 16:42:08.940 28423 28423 D CarSettings-HalGetter: [Thread:main][fileInfo:HalGetter.java(175) logEcuInfo] getEcu2BYDAuto IBYDAutoDevice : BYDAutoSettingDevice FeatureId : 38B00034 Id : 38B SubId : 0 position : 6.4 returnIntValue : 1
05-28 16:42:08.940 28423 28423 I CarSettings-HudNavigationFuseModel: [Thread:main][fileInfo:HudNavigationFuseModel.java(71) getHudNavigationFuseState] getHudNavigationFuseState newState = false mcuState = 1
05-28 16:42:08.940 28423 28423 E CarSettings-HudNavigationFuse: [Thread:main][fileInfo:AbsSwitchGroup.java(444) setViewState] bydSwitch.isChecked() == state false
05-28 16:42:08.940  5789  5789 D BYDAutoSettingDevice: postEvent device_type: 1023, event_type =42f00037, value = 0
05-28 16:42:09.515  3239 25383 D BydMediaProviderObserver: notifyInsertOrUpdateScan:filePath=/storage/4A21-0000/Download/hud_sniff_out/session_20260528_164055/after/phase3_nav_off/c3lzdGVtLnR4dA==
05-28 16:42:09.515  3239 25383 I BydMediaProviderObserver: notifyScanFile: publish scan file:/storage/4A21-0000/Download/hud_sniff_out/session_20260528_164055/after/phase3_nav_off/c3lzdGVtLnR4dA==
05-28 16:42:09.569  3239 25808 D BydMediaProviderObserver: notifyInsertOrUpdateScan:filePath=/storage/4A21-0000/Download/hud_sniff_out/session_20260528_164055/after/phase3_nav_off/c2VjdXJlLnR4dA==
05-28 16:42:09.570  3239 25808 I BydMediaProviderObserver: notifyScanFile: publish scan file:/storage/4A21-0000/Download/hud_sniff_out/session_20260528_164055/after/phase3_nav_off/c2VjdXJlLnR4dA==
05-28 16:42:09.602  5789  5789 D BYDAutoSettingDevice: postEvent device_type: 1023, event_type =48600040, value = 1
05-28 16:42:09.602  5789  5789 D BYDAutoSettingDevice: postEvent device_type: 1023, event_type =40200037, value = 1
05-28 16:42:09.611  3239 29222 D BydMediaProviderObserver: notifyInsertOrUpdateScan:filePath=/storage/4A21-0000/Download/hud_sniff_out/session_20260528_164055/after/phase3_nav_off/Z2xvYmFsLnR4dA==
05-28 16:42:09.612  3239 29222 I BydMediaProviderObserver: notifyScanFile: publish scan file:/storage/4A21-0000/Download/hud_sniff_out/session_20260528_164055/after/phase3_nav_off/Z2xvYmFsLnR4dA==
05-28 16:42:09.647  3239 25360 D BydMediaProviderObserver: notifyInsertOrUpdateScan:filePath=/storage/4A21-0000/Download/hud_sniff_out/session_20260528_164055/after/phase3_nav_off/Zm9jdXMudHh0
05-28 16:42:09.648  3239 25360 I BydMediaProviderObserver: notifyScanFile: publish scan file:/storage/4A21-0000/Download/hud_sniff_out/session_20260528_164055/after/phase3_nav_off/Zm9jdXMudHh0
05-28 16:42:09.688 31556 31556 I HUD_SNIFF: MARKER PHASE_3_NAV_TOGGLE_ON
05-28 16:42:09.874  5789  5789 D BYDAutoSettingDevice: postEvent device_type: 1023, event_type =48600040, value = 0
05-28 16:42:09.874  5789  5789 D BYDAutoSettingDevice: postEvent device_type: 1023, event_type =40200037, value = 0
05-28 16:42:09.875  5789  5789 D BYDAutoSettingDevice: postEvent device_type: 1023, event_type =48600040, value = 1
05-28 16:42:09.875  5789  5789 D BYDAutoSettingDevice: postEvent device_type: 1023, event_type =42f00037, value = 1
05-28 16:42:09.936  3523 31174 D AbsBYDAutoDevice: set featureIDs is int[]: [6dc00826, 6dc00810, 6dc00818, 6dc00808, 6dc00827, ] intArrayValue is int[]: [1, 53, 6, 0, 0, ]
05-28 16:42:09.936  5789  5789 D BYDAutoSettingDevice: postEvent device_type: 1023, event_type =48600040, value = 0
05-28 16:42:09.936  5789  5789 D BYDAutoSettingDevice: postEvent device_type: 1023, event_type =42f00037, value = 0
05-28 16:42:10.600  5789  5789 D BYDAutoSettingDevice: postEvent device_type: 1023, event_type =48600040, value = 1
05-28 16:42:10.600  5789  5789 D BYDAutoSettingDevice: postEvent device_type: 1023, event_type =40200037, value = 1
05-28 16:42:10.871  5789  5789 D BYDAutoSettingDevice: postEvent device_type: 1023, event_type =48600040, value = 0
05-28 16:42:10.871  5789  5789 D BYDAutoSettingDevice: postEvent device_type: 1023, event_type =40200037, value = 0
05-28 16:42:10.872  5789  5789 D BYDAutoSettingDevice: postEvent device_type: 1023, event_type =48600040, value = 1
05-28 16:42:10.872  5789  5789 D BYDAutoSettingDevice: postEvent device_type: 1023, event_type =42f00037, value = 1
05-28 16:42:10.938  5789  5789 D BYDAutoSettingDevice: postEvent device_type: 1023, event_type =48600040, value = 0
05-28 16:42:10.939  5789  5789 D BYDAutoSettingDevice: postEvent device_type: 1023, event_type =42f00037, value = 0
05-28 16:42:10.941  3523 31174 D AbsBYDAutoDevice: set featureIDs is int[]: [6dc00826, 6dc00810, 6dc00818, 6dc00808, 6dc00827, ] intArrayValue is int[]: [1, 53, 6, 0, 0, ]
05-28 16:42:11.001  1133  1676 D WifiScoreCard: BSSID update SIGNAL_POLL ID: 1082925072 SSID: "Xiaomi13", BSSID: ca:f8:**:**:ce:8c, MAC: 56:76:**:**:0d:ce, Security type: 2, Supplicant state: COMPLETED, HE Eight Max VHT Spatial Streams Supported AP: false, Eight Max VHT Spatial streams support: false, Wi-Fi standard: 4, RSSI: -43, Link speed: 192Mbps, Tx Link speed: 192Mbps, Max Supported Tx Link speed: 144Mbps, Rx Link speed: 173Mbps, Max Supported Rx Link speed: 144Mbps, Frequency: 2462MHz, Net ID: 1, Metered hint: true, score: 60, CarrierMerged: false, SubscriptionId: -1, IsPrimary: 1
05-28 16:42:11.602  5789  5789 D BYDAutoSettingDevice: postEvent device_type: 1023, event_type =48600040, value = 1
05-28 16:42:11.602  5789  5789 D BYDAutoSettingDevice: postEvent device_type: 1023, event_type =40200037, value = 1
05-28 16:42:11.702  1133  1484 D AbsBYDAutoDevice: set featureID is 4c11e024 intValue is 2
05-28 16:42:11.870  5789  5789 D BYDAutoSettingDevice: postEvent device_type: 1023, event_type =48600040, value = 0
05-28 16:42:11.870  5789  5789 D BYDAutoSettingDevice: postEvent device_type: 1023, event_type =40200037, value = 0
05-28 16:42:11.873  5789  5789 D BYDAutoSettingDevice: postEvent device_type: 1023, event_type =48600040, value = 1
05-28 16:42:11.873  5789  5789 D BYDAutoSettingDevice: postEvent device_type: 1023, event_type =42f00037, value = 1
05-28 16:42:11.939  5789  5789 D BYDAutoSettingDevice: postEvent device_type: 1023, event_type =48600040, value = 0
05-28 16:42:11.941  5789  5789 D BYDAutoSettingDevice: postEvent device_type: 1023, event_type =42f00037, value = 0
05-28 16:42:11.944  3523 31174 D AbsBYDAutoDevice: set featureIDs is int[]: [6dc00826, 6dc00810, 6dc00818, 6dc00808, 6dc00827, ] intArrayValue is int[]: [1, 53, 6, 0, 0, ]
05-28 16:42:12.605  5789  5789 D BYDAutoSettingDevice: postEvent device_type: 1023, event_type =48600040, value = 1
05-28 16:42:12.605  5789  5789 D BYDAutoSettingDevice: postEvent device_type: 1023, event_type =40200037, value = 1
05-28 16:42:12.871  5789  5789 D BYDAutoSettingDevice: postEvent device_type: 1023, event_type =48600040, value = 0
05-28 16:42:12.871  5789  5789 D BYDAutoSettingDevice: postEvent device_type: 1023, event_type =40200037, value = 0
05-28 16:42:12.874  5789  5789 D BYDAutoSettingDevice: postEvent device_type: 1023, event_type =48600040, value = 1
05-28 16:42:12.876  5789  5789 D BYDAutoSettingDevice: postEvent device_type: 1023, event_type =42f00037, value = 1
05-28 16:42:12.940  5789  5789 D BYDAutoSettingDevice: postEvent device_type: 1023, event_type =48600040, value = 0
05-28 16:42:12.940  5789  5789 D BYDAutoSettingDevice: postEvent device_type: 1023, event_type =42f00037, value = 0
05-28 16:42:12.949  3523 31174 D AbsBYDAutoDevice: set featureIDs is int[]: [6dc00826, 6dc00810, 6dc00818, 6dc00808, 6dc00827, ] intArrayValue is int[]: [1, 53, 6, 0, 0, ]
05-28 16:42:13.596  5789  5789 D BYDAutoSettingDevice: postEvent device_type: 1023, event_type =48600040, value = 1
05-28 16:42:13.596  5789  5789 D BYDAutoSettingDevice: postEvent device_type: 1023, event_type =40200037, value = 1
05-28 16:42:13.876  5789  5789 D BYDAutoSettingDevice: postEvent device_type: 1023, event_type =48600040, value = 0
05-28 16:42:13.876  5789  5789 D BYDAutoSettingDevice: postEvent device_type: 1023, event_type =40200037, value = 0
05-28 16:42:13.876  5789  5789 D BYDAutoSettingDevice: postEvent device_type: 1023, event_type =48600040, value = 1
05-28 16:42:13.876  5789  5789 D BYDAutoSettingDevice: postEvent device_type: 1023, event_type =42f00037, value = 1
05-28 16:42:13.938  5789  5789 D BYDAutoSettingDevice: postEvent device_type: 1023, event_type =48600040, value = 0
05-28 16:42:13.940  5789  5789 D BYDAutoSettingDevice: postEvent device_type: 1023, event_type =42f00037, value = 0
05-28 16:42:13.957  3523 31174 D AbsBYDAutoDevice: set featureIDs is int[]: [6dc00826, 6dc00810, 6dc00818, 6dc00808, 6dc00827, ] intArrayValue is int[]: [1, 53, 6, 0, 0, ]
05-28 16:42:14.017  1133  1676 D WifiScoreCard: BSSID update SIGNAL_POLL ID: 1082925072 SSID: "Xiaomi13", BSSID: ca:f8:**:**:ce:8c, MAC: 56:76:**:**:0d:ce, Security type: 2, Supplicant state: COMPLETED, HE Eight Max VHT Spatial Streams Supported AP: false, Eight Max VHT Spatial streams support: false, Wi-Fi standard: 4, RSSI: -43, Link speed: 192Mbps, Tx Link speed: 192Mbps, Max Supported Tx Link speed: 144Mbps, Rx Link speed: 173Mbps, Max Supported Rx Link speed: 144Mbps, Frequency: 2462MHz, Net ID: 1, Metered hint: true, score: 60, CarrierMerged: false, SubscriptionId: -1, IsPrimary: 1
05-28 16:42:14.577  1133  1704 D AbsBYDAutoDevice: set featureID is aa000146 bufferDataValue is [7, -22, 5, 28, 16, 42, 14, 4, 2, 1]
05-28 16:42:14.599  5789  5789 D BYDAutoSettingDevice: postEvent device_type: 1023, event_type =48600040, value = 1
05-28 16:42:14.599  5789  5789 D BYDAutoSettingDevice: postEvent device_type: 1023, event_type =40200037, value = 1
05-28 16:42:14.874  5789  5789 D BYDAutoSettingDevice: postEvent device_type: 1023, event_type =48600040, value = 0
05-28 16:42:14.874  5789  5789 D BYDAutoSettingDevice: postEvent device_type: 1023, event_type =40200037, value = 0
05-28 16:42:14.874  5789  5789 D BYDAutoSettingDevice: postEvent device_type: 1023, event_type =48600040, value = 1
05-28 16:42:14.875  5789  5789 D BYDAutoSettingDevice: postEvent device_type: 1023, event_type =42f00037, value = 1
05-28 16:42:14.940  5789  5789 D BYDAutoSettingDevice: postEvent device_type: 1023, event_type =48600040, value = 0
05-28 16:42:14.940  5789  5789 D BYDAutoSettingDevice: postEvent device_type: 1023, event_type =42f00037, value = 0
05-28 16:42:14.970  3523 31174 D AbsBYDAutoDevice: set featureIDs is int[]: [6dc00826, 6dc00810, 6dc00818, 6dc00808, 6dc00827, ] intArrayValue is int[]: [1, 53, 6, 0, 0, ]
05-28 16:42:15.274  4990 24894 D AbsBYDAutoDevice: int eventTypes is 42100024
05-28 16:42:15.276  4990 24894 D AbsBYDAutoDevice: int eventTypes is 42100024
05-28 16:42:15.285  4990 24894 W AbsBYDAutoDevice: You have no permission to use the feature: 0x44700828 with this device: 1014!
05-28 16:42:15.307  4990 24894 D BYDAutoInstrumentDevice: getLowPowerBatteryWarnLightColor value is: 1
05-28 16:42:15.309  4990 24894 D BYDAutoInstrumentDevice: getLowFuelWarnLightColor value is: 0
05-28 16:42:15.311  4990 24894 D BYDAutoSettingDevice: getDriveConfig: The drive config type is 2
05-28 16:42:15.602  5789  5789 D BYDAutoSettingDevice: postEvent device_type: 1023, event_type =48600040, value = 1
05-28 16:42:15.602  5789  5789 D BYDAutoSettingDevice: postEvent device_type: 1023, event_type =40200037, value = 1
05-28 16:42:15.874  5789  5789 D BYDAutoSettingDevice: postEvent device_type: 1023, event_type =48600040, value = 0
05-28 16:42:15.874  5789  5789 D BYDAutoSettingDevice: postEvent device_type: 1023, event_type =40200037, value = 0
05-28 16:42:15.874  5789  5789 D BYDAutoSettingDevice: postEvent device_type: 1023, event_type =48600040, value = 1
05-28 16:42:15.874  5789  5789 D BYDAutoSettingDevice: postEvent device_type: 1023, event_type =42f00037, value = 1
05-28 16:42:15.939  5789  5789 D BYDAutoSettingDevice: postEvent device_type: 1023, event_type =48600040, value = 0
05-28 16:42:15.940  5789  5789 D BYDAutoSettingDevice: postEvent device_type: 1023, event_type =42f00037, value = 0
05-28 16:42:15.973  3523 31174 D AbsBYDAutoDevice: set featureIDs is int[]: [6dc00826, 6dc00810, 6dc00818, 6dc00808, 6dc00827, ] intArrayValue is int[]: [1, 53, 6, 0, 0, ]
05-28 16:42:16.608  5789  5789 D BYDAutoSettingDevice: postEvent device_type: 1023, event_type =48600040, value = 1
05-28 16:42:16.608  5789  5789 D BYDAutoSettingDevice: postEvent device_type: 1023, event_type =40200037, value = 1
05-28 16:42:16.736  1133  1484 D AbsBYDAutoDevice: set featureID is 4c11e024 intValue is 2
05-28 16:42:16.874  5789  5789 D BYDAutoSettingDevice: postEvent device_type: 1023, event_type =48600040, value = 0
05-28 16:42:16.875  5789  5789 D BYDAutoSettingDevice: postEvent device_type: 1023, event_type =40200037, value = 0
05-28 16:42:16.875  5789  5789 D BYDAutoSettingDevice: postEvent device_type: 1023, event_type =48600040, value = 1
05-28 16:42:16.875  5789  5789 D BYDAutoSettingDevice: postEvent device_type: 1023, event_type =42f00037, value = 1
05-28 16:42:16.939  5789  5789 D BYDAutoSettingDevice: postEvent device_type: 1023, event_type =48600040, value = 0
05-28 16:42:16.939  5789  5789 D BYDAutoSettingDevice: postEvent device_type: 1023, event_type =42f00037, value = 0
05-28 16:42:16.976  3523 31174 D AbsBYDAutoDevice: set featureIDs is int[]: [6dc00826, 6dc00810, 6dc00818, 6dc00808, 6dc00827, ] intArrayValue is int[]: [1, 53, 6, 0, 0, ]
05-28 16:42:17.042  1133  1676 D WifiScoreCard: BSSID update SIGNAL_POLL ID: 1082925072 SSID: "Xiaomi13", BSSID: ca:f8:**:**:ce:8c, MAC: 56:76:**:**:0d:ce, Security type: 2, Supplicant state: COMPLETED, HE Eight Max VHT Spatial Streams Supported AP: false, Eight Max VHT Spatial streams support: false, Wi-Fi standard: 4, RSSI: -43, Link speed: 192Mbps, Tx Link speed: 192Mbps, Max Supported Tx Link speed: 144Mbps, Rx Link speed: 192Mbps, Max Supported Rx Link speed: 144Mbps, Frequency: 2462MHz, Net ID: 1, Metered hint: true, score: 60, CarrierMerged: false, SubscriptionId: -1, IsPrimary: 1
05-28 16:42:17.600  5789  5789 D BYDAutoSettingDevice: postEvent device_type: 1023, event_type =48600040, value = 1
05-28 16:42:17.600  5789  5789 D BYDAutoSettingDevice: postEvent device_type: 1023, event_type =40200037, value = 1
05-28 16:42:17.878  5789  5789 D BYDAutoSettingDevice: postEvent device_type: 1023, event_type =48600040, value = 0
05-28 16:42:17.879  5789  5789 D BYDAutoSettingDevice: postEvent device_type: 1023, event_type =40200037, value = 0
05-28 16:42:17.879  5789  5789 D BYDAutoSettingDevice: postEvent device_type: 1023, event_type =48600040, value = 1
05-28 16:42:17.879  5789  5789 D BYDAutoSettingDevice: postEvent device_type: 1023, event_type =42f00037, value = 1
05-28 16:42:17.940  5789  5789 D BYDAutoSettingDevice: postEvent device_type: 1023, event_type =48600040, value = 0
05-28 16:42:17.940  5789  5789 D BYDAutoSettingDevice: postEvent device_type: 1023, event_type =42f00037, value = 0
05-28 16:42:17.978  3523 31174 D AbsBYDAutoDevice: set featureIDs is int[]: [6dc00826, 6dc00810, 6dc00818, 6dc00808, 6dc00827, ] intArrayValue is int[]: [1, 53, 6, 0, 0, ]
05-28 16:42:18.436  4278 31074 D AbsBYDAutoDevice: int eventTypes is 3bb00000
05-28 16:42:18.437  4278 31074 D AbsBYDAutoDevice: int eventTypes is 3c800000
05-28 16:42:18.439  4278 31074 D AbsBYDAutoDevice: int eventTypes is 3f200042
05-28 16:42:18.440  4278 31074 D AbsBYDAutoDevice: int eventTypes is 3f200008
05-28 16:42:18.441  4278 31074 D AbsBYDAutoDevice: int eventTypes is 3a000000
05-28 16:42:18.441  4278 31074 D AbsBYDAutoDevice: int eventTypes is 3a300000
05-28 16:42:18.600  5789  5789 D BYDAutoSettingDevice: postEvent device_type: 1023, event_type =48600040, value = 1
05-28 16:42:18.600  5789  5789 D BYDAutoSettingDevice: postEvent device_type: 1023, event_type =40200037, value = 1
05-28 16:42:18.873  5789  5789 D BYDAutoSettingDevice: postEvent device_type: 1023, event_type =48600040, value = 0
05-28 16:42:18.873  5789  5789 D BYDAutoSettingDevice: postEvent device_type: 1023, event_type =40200037, value = 0
05-28 16:42:18.873  5789  5789 D BYDAutoSettingDevice: postEvent device_type: 1023, event_type =48600040, value = 1
05-28 16:42:18.873  5789  5789 D BYDAutoSettingDevice: postEvent device_type: 1023, event_type =42f00037, value = 1
05-28 16:42:18.940  5789  5789 D BYDAutoSettingDevice: postEvent device_type: 1023, event_type =48600040, value = 0
05-28 16:42:18.940  5789  5789 D BYDAutoSettingDevice: postEvent device_type: 1023, event_type =42f00037, value = 0
05-28 16:42:18.982  3523 31174 D AbsBYDAutoDevice: set featureIDs is int[]: [6dc00826, 6dc00810, 6dc00818, 6dc00808, 6dc00827, ] intArrayValue is int[]: [1, 53, 6, 0, 0, ]
05-28 16:42:19.609  5789  5789 D BYDAutoSettingDevice: postEvent device_type: 1023, event_type =48600040, value = 1
05-28 16:42:19.609  5789  5789 D BYDAutoSettingDevice: postEvent device_type: 1023, event_type =40200037, value = 1
05-28 16:42:19.873  5789  5789 D BYDAutoSettingDevice: postEvent device_type: 1023, event_type =48600040, value = 0
05-28 16:42:19.873  5789  5789 D BYDAutoSettingDevice: postEvent device_type: 1023, event_type =40200037, value = 0
05-28 16:42:19.874  5789  5789 D BYDAutoSettingDevice: postEvent device_type: 1023, event_type =48600040, value = 1
05-28 16:42:19.874  5789  5789 D BYDAutoSettingDevice: postEvent device_type: 1023, event_type =42f00037, value = 1
05-28 16:42:19.939  5789  5789 D BYDAutoSettingDevice: postEvent device_type: 1023, event_type =48600040, value = 0
05-28 16:42:19.939  5789  5789 D BYDAutoSettingDevice: postEvent device_type: 1023, event_type =42f00037, value = 0
05-28 16:42:19.990  3523 31174 D AbsBYDAutoDevice: set featureIDs is int[]: [6dc00826, 6dc00810, 6dc00818, 6dc00808, 6dc00827, ] intArrayValue is int[]: [1, 53, 6, 0, 0, ]
05-28 16:42:20.064  1133  1676 D WifiScoreCard: BSSID update SIGNAL_POLL ID: 1082925072 SSID: "Xiaomi13", BSSID: ca:f8:**:**:ce:8c, MAC: 56:76:**:**:0d:ce, Security type: 2, Supplicant state: COMPLETED, HE Eight Max VHT Spatial Streams Supported AP: false, Eight Max VHT Spatial streams support: false, Wi-Fi standard: 4, RSSI: -44, Link speed: 192Mbps, Tx Link speed: 192Mbps, Max Supported Tx Link speed: 144Mbps, Rx Link speed: 192Mbps, Max Supported Rx Link speed: 144Mbps, Frequency: 2462MHz, Net ID: 1, Metered hint: true, score: 60, CarrierMerged: false, SubscriptionId: -1, IsPrimary: 1
05-28 16:42:20.603  5789  5789 D BYDAutoSettingDevice: postEvent device_type: 1023, event_type =48600040, value = 1
05-28 16:42:20.604  5789  5789 D BYDAutoSettingDevice: postEvent device_type: 1023, event_type =40200037, value = 1
05-28 16:42:20.874  5789  5789 D BYDAutoSettingDevice: postEvent device_type: 1023, event_type =48600040, value = 0
05-28 16:42:20.874  5789  5789 D BYDAutoSettingDevice: postEvent device_type: 1023, event_type =40200037, value = 0
05-28 16:42:20.874  5789  5789 D BYDAutoSettingDevice: postEvent device_type: 1023, event_type =48600040, value = 1
05-28 16:42:20.874  5789  5789 D BYDAutoSettingDevice: postEvent device_type: 1023, event_type =42f00037, value = 1
05-28 16:42:20.941  5789  5789 D BYDAutoSettingDevice: postEvent device_type: 1023, event_type =48600040, value = 0
05-28 16:42:20.942  5789  5789 D BYDAutoSettingDevice: postEvent device_type: 1023, event_type =42f00037, value = 0
05-28 16:42:20.995  3523 31174 D AbsBYDAutoDevice: set featureIDs is int[]: [6dc00826, 6dc00810, 6dc00818, 6dc00808, 6dc00827, ] intArrayValue is int[]: [1, 53, 6, 0, 0, ]
05-28 16:42:21.599  5789  5789 D BYDAutoSettingDevice: postEvent device_type: 1023, event_type =48600040, value = 1
05-28 16:42:21.600  5789  5789 D BYDAutoSettingDevice: postEvent device_type: 1023, event_type =40200037, value = 1
05-28 16:42:21.762  1133  1484 D AbsBYDAutoDevice: set featureID is 4c11e024 intValue is 2
05-28 16:42:21.875  5789  5789 D BYDAutoSettingDevice: postEvent device_type: 1023, event_type =48600040, value = 0
05-28 16:42:21.875  5789  5789 D BYDAutoSettingDevice: postEvent device_type: 1023, event_type =40200037, value = 0
05-28 16:42:21.875  5789  5789 D BYDAutoSettingDevice: postEvent device_type: 1023, event_type =48600040, value = 1
05-28 16:42:21.875  5789  5789 D BYDAutoSettingDevice: postEvent device_type: 1023, event_type =42f00037, value = 1
05-28 16:42:21.943  5789  5789 D BYDAutoSettingDevice: postEvent device_type: 1023, event_type =48600040, value = 0
05-28 16:42:21.943  5789  5789 D BYDAutoSettingDevice: postEvent device_type: 1023, event_type =42f00037, value = 0
05-28 16:42:21.999  3523 31174 D AbsBYDAutoDevice: set featureIDs is int[]: [6dc00826, 6dc00810, 6dc00818, 6dc00808, 6dc00827, ] intArrayValue is int[]: [1, 53, 6, 0, 0, ]
05-28 16:42:22.227  4840 29542 D AbsBYDAutoDevice: int eventTypes is 3a000000
05-28 16:42:22.600  5789  5789 D BYDAutoSettingDevice: postEvent device_type: 1023, event_type =48600040, value = 1
05-28 16:42:22.602  5789  5789 D BYDAutoSettingDevice: postEvent device_type: 1023, event_type =40200037, value = 1
05-28 16:42:22.871  5789  5789 D BYDAutoSettingDevice: postEvent device_type: 1023, event_type =48600040, value = 0
05-28 16:42:22.871  5789  5789 D BYDAutoSettingDevice: postEvent device_type: 1023, event_type =40200037, value = 0
05-28 16:42:22.875  5789  5789 D BYDAutoSettingDevice: postEvent device_type: 1023, event_type =48600040, value = 1
05-28 16:42:22.875  5789  5789 D BYDAutoSettingDevice: postEvent device_type: 1023, event_type =42f00037, value = 1
05-28 16:42:22.943  5789  5789 D BYDAutoSettingDevice: postEvent device_type: 1023, event_type =48600040, value = 0
05-28 16:42:22.944  5789  5789 D BYDAutoSettingDevice: postEvent device_type: 1023, event_type =42f00037, value = 0
05-28 16:42:23.007  3523 31174 D AbsBYDAutoDevice: set featureIDs is int[]: [6dc00826, 6dc00810, 6dc00818, 6dc00808, 6dc00827, ] intArrayValue is int[]: [1, 53, 6, 0, 0, ]
05-28 16:42:23.087  1133  1676 D WifiScoreCard: BSSID update SIGNAL_POLL ID: 1082925072 SSID: "Xiaomi13", BSSID: ca:f8:**:**:ce:8c, MAC: 56:76:**:**:0d:ce, Security type: 2, Supplicant state: COMPLETED, HE Eight Max VHT Spatial Streams Supported AP: false, Eight Max VHT Spatial streams support: false, Wi-Fi standard: 4, RSSI: -44, Link speed: 192Mbps, Tx Link speed: 192Mbps, Max Supported Tx Link speed: 144Mbps, Rx Link speed: 192Mbps, Max Supported Rx Link speed: 144Mbps, Frequency: 2462MHz, Net ID: 1, Metered hint: true, score: 60, CarrierMerged: false, SubscriptionId: -1, IsPrimary: 1
05-28 16:42:23.599  5789  5789 D BYDAutoSettingDevice: postEvent device_type: 1023, event_type =48600040, value = 1
05-28 16:42:23.600  5789  5789 D BYDAutoSettingDevice: postEvent device_type: 1023, event_type =40200037, value = 1
05-28 16:42:23.872  5789  5789 D BYDAutoSettingDevice: postEvent device_type: 1023, event_type =48600040, value = 0
05-28 16:42:23.873  5789  5789 D BYDAutoSettingDevice: postEvent device_type: 1023, event_type =40200037, value = 0
05-28 16:42:23.873  5789  5789 D BYDAutoSettingDevice: postEvent device_type: 1023, event_type =48600040, value = 1
05-28 16:42:23.873  5789  5789 D BYDAutoSettingDevice: postEvent device_type: 1023, event_type =42f00037, value = 1
05-28 16:42:23.949  5789  5789 D BYDAutoSettingDevice: postEvent device_type: 1023, event_type =48600040, value = 0
05-28 16:42:23.949  5789  5789 D BYDAutoSettingDevice: postEvent device_type: 1023, event_type =42f00037, value = 0
05-28 16:42:24.015  3523 31174 D AbsBYDAutoDevice: set featureIDs is int[]: [6dc00826, 6dc00810, 6dc00818, 6dc00808, 6dc00827, ] intArrayValue is int[]: [1, 53, 6, 0, 0, ]
05-28 16:42:24.606  5789  5789 D BYDAutoSettingDevice: postEvent device_type: 1023, event_type =48600040, value = 1
05-28 16:42:24.606  5789  5789 D BYDAutoSettingDevice: postEvent device_type: 1023, event_type =40200037, value = 1
05-28 16:42:24.874  5789  5789 D BYDAutoSettingDevice: postEvent device_type: 1023, event_type =48600040, value = 0
05-28 16:42:24.874  5789  5789 D BYDAutoSettingDevice: postEvent device_type: 1023, event_type =40200037, value = 0
05-28 16:42:24.874  5789  5789 D BYDAutoSettingDevice: postEvent device_type: 1023, event_type =48600040, value = 1
05-28 16:42:24.874  5789  5789 D BYDAutoSettingDevice: postEvent device_type: 1023, event_type =42f00037, value = 1
05-28 16:42:24.943  5789  5789 D BYDAutoSettingDevice: postEvent device_type: 1023, event_type =48600040, value = 0
05-28 16:42:24.943  5789  5789 D BYDAutoSettingDevice: postEvent device_type: 1023, event_type =42f00037, value = 0
05-28 16:42:25.020  3523 31174 D AbsBYDAutoDevice: set featureIDs is int[]: [6dc00826, 6dc00810, 6dc00818, 6dc00808, 6dc00827, ] intArrayValue is int[]: [1, 53, 6, 0, 0, ]
05-28 16:42:25.610  5789  5789 D BYDAutoSettingDevice: postEvent device_type: 1023, event_type =48600040, value = 1
05-28 16:42:25.611  5789  5789 D BYDAutoSettingDevice: postEvent device_type: 1023, event_type =40200037, value = 1
05-28 16:42:25.877  5789  5789 D BYDAutoSettingDevice: postEvent device_type: 1023, event_type =42f00037, value = 1
05-28 16:42:25.878  5789  5789 D BYDAutoSettingDevice: postEvent device_type: 1023, event_type =48600040, value = 0
05-28 16:42:25.881  5789  5789 D BYDAutoSettingDevice: postEvent device_type: 1023, event_type =40200037, value = 0
05-28 16:42:25.944  5789  5789 D BYDAutoSettingDevice: postEvent device_type: 1023, event_type =42f00037, value = 0
05-28 16:42:26.029  3523 31174 D AbsBYDAutoDevice: set featureIDs is int[]: [6dc00826, 6dc00810, 6dc00818, 6dc00808, 6dc00827, ] intArrayValue is int[]: [1, 53, 6, 0, 0, ]
05-28 16:42:26.118  1133  1676 D WifiScoreCard: BSSID update SIGNAL_POLL ID: 1082925072 SSID: "Xiaomi13", BSSID: ca:f8:**:**:ce:8c, MAC: 56:76:**:**:0d:ce, Security type: 2, Supplicant state: COMPLETED, HE Eight Max VHT Spatial Streams Supported AP: false, Eight Max VHT Spatial streams support: false, Wi-Fi standard: 4, RSSI: -44, Link speed: 192Mbps, Tx Link speed: 192Mbps, Max Supported Tx Link speed: 144Mbps, Rx Link speed: 192Mbps, Max Supported Rx Link speed: 144Mbps, Frequency: 2462MHz, Net ID: 1, Metered hint: true, score: 60, CarrierMerged: false, SubscriptionId: -1, IsPrimary: 1
05-28 16:42:26.492  3239 29014 D BydMediaProviderObserver: notifyInsertOrUpdateScan:filePath=/storage/4A21-0000/Download/hud_sniff_out/session_20260528_164055/after/phase3_nav_on/c3lzdGVtLnR4dA==
05-28 16:42:26.493  3239 29014 I BydMediaProviderObserver: notifyScanFile: publish scan file:/storage/4A21-0000/Download/hud_sniff_out/session_20260528_164055/after/phase3_nav_on/c3lzdGVtLnR4dA==
05-28 16:42:26.522  3239 29015 D BydMediaProviderObserver: notifyInsertOrUpdateScan:filePath=/storage/4A21-0000/Download/hud_sniff_out/session_20260528_164055/after/phase3_nav_on/c2VjdXJlLnR4dA==
05-28 16:42:26.523  3239 29015 I BydMediaProviderObserver: notifyScanFile: publish scan file:/storage/4A21-0000/Download/hud_sniff_out/session_20260528_164055/after/phase3_nav_on/c2VjdXJlLnR4dA==
05-28 16:42:26.555  3239 29014 D BydMediaProviderObserver: notifyInsertOrUpdateScan:filePath=/storage/4A21-0000/Download/hud_sniff_out/session_20260528_164055/after/phase3_nav_on/Z2xvYmFsLnR4dA==
05-28 16:42:26.561  3239 29014 I BydMediaProviderObserver: notifyScanFile: publish scan file:/storage/4A21-0000/Download/hud_sniff_out/session_20260528_164055/after/phase3_nav_on/Z2xvYmFsLnR4dA==
05-28 16:42:26.600  5789  5789 D BYDAutoSettingDevice: postEvent device_type: 1023, event_type =48600040, value = 1
05-28 16:42:26.602  5789  5789 D BYDAutoSettingDevice: postEvent device_type: 1023, event_type =40200037, value = 1
05-28 16:42:26.615  3239 29015 D BydMediaProviderObserver: notifyInsertOrUpdateScan:filePath=/storage/4A21-0000/Download/hud_sniff_out/session_20260528_164055/after/phase3_nav_on/Zm9jdXMudHh0
05-28 16:42:26.616  3239 29015 I BydMediaProviderObserver: notifyScanFile: publish scan file:/storage/4A21-0000/Download/hud_sniff_out/session_20260528_164055/after/phase3_nav_on/Zm9jdXMudHh0
05-28 16:42:26.661 31652 31652 I HUD_SNIFF: MARKER PHASE_3_NAV_TOGGLE_OFF
05-28 16:42:26.664 28423 28423 D CarSettings-HudNavigationFuse: [Thread:main][fileInfo:AbsSwitchGroup.java(152) onInterceptTouchEvent] onInterceptTouchEvent isChecked : true
05-28 16:42:26.667 28423 28423 D CarSettings-HudNavigationFuse: [Thread:main][fileInfo:AbsSwitchGroup.java(190) lambda$initView$2$AbsSwitchGroup] bydSwitch setOnCheckedChangeListener true
05-28 16:42:26.677  1133  1706 D StreamFocusControl: streamType is STREAM_NAVI or STREAM_SYSTEM
05-28 16:42:26.791  1133  1484 D AbsBYDAutoDevice: set featureID is 4c11e024 intValue is 2
05-28 16:42:26.875  5789  5789 D BYDAutoSettingDevice: postEvent device_type: 1023, event_type =42f00037, value = 1
05-28 16:42:26.878  5789  5789 D BYDAutoSettingDevice: postEvent device_type: 1023, event_type =48600040, value = 0
05-28 16:42:26.878  5789  5789 D BYDAutoSettingDevice: postEvent device_type: 1023, event_type =40200037, value = 0
05-28 16:42:26.884 28423 28423 I CarSettings-HudNavigationFuseModel: [Thread:main][fileInfo:HudNavigationFuseModel.java(78) setHudNavigationFuseState] setHudNavigationFuseState newState = true mcuState = 2
05-28 16:42:26.885 28423 28423 D CarSettings-HalSetter: [Thread:main][fileInfo:HalSetter.java(364) set] sendEcu2BYDAuto containsKey BYDAutoSettingDevice_1217 diffTime 19730
05-28 16:42:26.885 28423 28423 D CarSettings-HalSetter: [Thread:main][fileInfo:HalSetter.java(323) logEcuInfo] sendEcu2BYDAuto IBYDAutoDevice : BYDAutoSettingDevice FeatureId : 4C10E036 Id : 4C1 SubId : E position : 6.6 intValue : 2
05-28 16:42:26.885 28423 28423 D AbsBYDAutoDevice: set featureID is 4c10e036 intValue is 2
05-28 16:42:26.943  5789  5789 D BYDAutoSettingDevice: postEvent device_type: 1023, event_type =42f00037, value = 0
05-28 16:42:26.974 28423 28423 D BYDAutoSettingDevice: postEvent device_type: 1023, event_type =38b00034, value = 2
05-28 16:42:26.974 28423 28423 I CarSettings-AbsBYDAutoSettingListener: [Thread:main][fileInfo:HudNavigationFuseModel.java(36) onDataEventChanged] onDataEventChanged newState = true mcuState = 2
05-28 16:42:26.974 28423 28423 E CarSettings-HudNavigationFuse: [Thread:main][fileInfo:AbsSwitchGroup.java(440) setViewState] setViewState isRunning state true
05-28 16:42:26.974  5789  5789 D BYDAutoSettingDevice: postEvent device_type: 1023, event_type =38b00034, value = 2
05-28 16:42:27.033  3523 31174 D AbsBYDAutoDevice: set featureIDs is int[]: [6dc00826, 6dc00810, 6dc00818, 6dc00808, 6dc00827, ] intArrayValue is int[]: [1, 53, 6, 0, 0, ]
05-28 16:42:27.098  3377 24087 D com.byd.hf.query.PatchQuery: PatchQueryParams{{vin='***6189', modelCodeNum='158', platformVer='Di5.0_5.0UI', androidVer='**.*.63.2510203.1', deviceType=1, resolution='1920 * 1080', sotaVer=70102015}[AppVersion{appPkgName='org.eobdfacile.android', versionCode=205}, AppVersion{appPkgName='com.byd.logswitch', versionCode=3}, AppVersion{appPkgName='com.android.cts.priv.ctsshim', versionCode=31}, AppVersion{appPkgName='com.byd.networktethering', versionCode=32}, AppVersion{appPkgName='com.qualcomm.qti.qcolor', versionCode=32}, AppVersion{appPkgName='com.baidu.mapauto.pass', versionCode=1}, AppVersion{appPkgName='com.android.providers.telephony', versionCode=32}, AppVersion{appPkgName='com.huawei.dmsdpdevice', versionCode=400600}, AppVersion{appPkgName='de.szalkowski.activitylauncher.rustore_fork', versionCode=150}, AppVersion{appPkgName='com.byd.wfd.client', versionCode=1}, AppVersion{appPkgName='com.byd.crosscontrol', versionCode=20250804}, AppVersion{appPkgName='com.android.providers.calendar', versionCode=32}, AppVersion{appPkgName='com.arlosoft.macrodroid', versionCode=851000001}, AppVersion{appPkgName='com.qti.service.colorservice', versionCode=1}, AppVersion{appPkgName='com.byd.appstartmanagement', versionCode=10500000}, AppVersion{appPkgName='com.qualcomm.qti.server.qtiwifi', versionCode=32}, AppVersion{appPkgName='com.android.wallpapercropper', versionCode=32}, AppVersion{appPkgName='com.byd.byddatachecktool', versionCode=10500000}, AppVersion{appPkgName='com.huawei.nearby', versionCode=804600}, AppVersion{appPkgName='cloud.speedcn.speedcnx', versionCode=182}, AppVersion{appPkgName='com.byd.filemanager', versionCode=10551088}, AppVersion{appPkgName='com.byd.acquisitioncontrol', versionCode=2}, AppVersion{appPkgName='com.byd.updated', versionCode=70102015}, AppVersion{appPkgName='com.byd.clusterdebug', versionCode=10601004}, AppVersion{appPkgName='com.alipay.arome.app', versionCode=56}, AppVersion{appPkgName='com.alipay.arome.ext', versionCode=10}, AppVersion{appPkgName='com.android.documentsui', versionCode=32}, AppVersion{appPkgName='com.android.externalstorage', versionCode=32}, AppVersion{appPkgName='com.qualcomm.uimremoteclient', versionCode=32}, AppVersion{appPkgName='com.byd.wlan', versionCode=10501001}, AppVersion{appPkgName='com.android.htmlviewer', versionCode=32}, AppVersion{appPkgName='com.alphainventor.filemanager', versionCode=2103038}, AppVersion{appPkgName='com.qualcomm.qti.uceShimService', versionCode=32}, AppVersion{appPkgName='com.android.companiondevicemanager', versionCode=32}, AppVersion{appPkgName='com.byd.yunnian.service', versionCode=16}, AppVersion{appPkgName='com.qualcomm.qti.qms.service.connectionsecurity', versionCode=2534896}, AppVersion{appPkgName='com.android.providers.downloads', versionCode=32}, AppVersion{appPkgName='com.ivolk.StrelkaGPS', versionCode=25011}, AppVersion{appPkgName='vendor.qti.hardware.cacert.server', versionCode=1}, AppVersion{appPkgName='com.android.wifi.resources.overlay.yupik_iot', versionCode=30}, AppVersion{appPkgName='com.android.voicereminder', versionCode=1}, AppVersion{appPkgName='com.byd.providers.carsettings', versionCode=32}, AppVersion{appPkgName='com.byd.usertutorial', versionCode=250904}, AppVersion{appPkgName='com.qualcomm.qti.telephonyservice', versionCode=32}, AppVersion{appPkgName='com.android.browser', versionCode=3}, AppVersion{appPkgName='com.btet.automap', versionCode=13}, AppVersion{appPkgName='com.byd.condi', versionCode=12}, AppVersion{appPkgName='com.byd.mycar', versionCode=789}, AppVersion{appPkgName='com.byd.xcall', versionCode=10501001}, AppVersion{appPkgName='com.qualcomm.qti.ridemodeaudio', versionCode=32}, AppVersion{appPkgName='com.byd.gpsinfo', versionCode=10501001}, AppVersion{appPkgName='com.byd.spotinspection', versionCode=330701100}, AppVersion{appPkgName='vendor.qti.iwlan', versionCode=1}, AppVersion{appPkgName='com.v2ray.ang', versionCode=4000579}, AppVersion{appPkgName='com.byd.sdcardservice', versionCode=1}, AppVersion{appPkgName='android.qvaoverlay.common', v
05-28 16:42:27.098  3377 24087 D com.byd.hf.query.PatchQuery: ersionCode=32}, AppVersion{appPkgName='com.byd.softwareservice', versionCode=1}, AppVersion{appPkgName='com.byd.btlogtool', versionCode=1}, AppVersion{appPkgName='com.byd.vehicleconfig', versionCode=10501001}, AppVersion{appPkgName='com.android.providers.downloads.ui', versionCode=32}, AppVersion{appPkgName='com.android.pacprocessor', versionCode=32}, AppVersion{appPkgName='com.byd.CanDataCollect', versionCode=10501001}, AppVersion{appPkgName='com.byd.vehicledialog', versionCode=1}, AppVersion{appPkgName='com.android.networkstack', versionCode=319999900}, AppVersion{appPkgName='air.StrelkaSDFREE', versionCode=37000003}, AppVersion{appPkgName='android.overlay.common', versionCode=32}, AppVersion{appPkgName='com.byd.sentrymode', versionCode=10501001}, AppVersion{appPkgName='com.android.connectivity.resources', versionCode=1}, AppVersion{appPkgName='com.byd.droneclient', versionCode=10204008}, AppVersion{appPkgName='com.tencent.mm', versionCode=2400}, AppVersion{appPkgName='com.android.modulemetadata', versionCode=32}, AppVersion{appPkgName='com.byd.carsettings.plugins', versionCode=10101002}, AppVersion{appPkgName='com.android.certinstaller', versionCode=32}, AppVersion{appPkgName='cm.aptoidetv.pt', versionCode=531}, AppVersion{appPkgName='com.android.carrierconfig', versionCode=1}, AppVersion{appPkgName='com.qti.qualcomm.datastatusnotification', versionCode=32}, AppVersion{appPkgName='com.byd.providers.appstartup', versionCode=32}, AppVersion{appPkgName='android', versionCode=32}, AppVersion{appPkgName='com.huawei.hwid', versionCode=61500332}, AppVersion{appPkgName='com.qualcomm.wfd.service', versionCode=2}, AppVersion{appPkgName='com.byd.containerservice', versionCode=32}, AppVersion{appPkgName='com.qti.qualcomm.deviceinfo', versionCode=32}, AppVersion{appPkgName='org.telegram.messenger.web', versionCode=62119}, AppVersion{appPkgName='com.android.mtp', versionCode=32}, AppVersion{appPkgName='com.android.ons', versionCode=32}, AppVersion{appPkgName='com.android.launcher3', versionCode=50603035}, AppVersion{appPkgName='com.xinsheng.videntityserver', versionCode=1}, AppVersion{appPkgName='com.burakgon.dnschanger', versionCode=1329}, AppVersion{appPkgName='com.byd.carsettings', versionCode=30503031}, AppVersion{appPkgName='com.byd.upgradeserver', versionCode=10501001}, AppVersion{appPkgName='com.ucarhu.demo', versionCode=200006}, AppVersion{appPkgName='com.byd.amapservice', versionCode=1}, AppVersion{appPkgName='org.codeaurora.ims', versionCode=1}, AppVersion{appPkgName='com.android.statementservice', versionCode=1}, AppVersion{appPkgName='com.byd.widget.mediacenter', versionCode=10500000}, AppVersion{appPkgName='com.byd.wallpaper.wukong', versionCode=1}, AppVersion{appPkgName='android.overlay.target', versionCode=30}, AppVersion{appPkgName='com.byd.musicwidget', versionCode=10506035}, AppVersion{appPkgName='ru.bydconnect', versionCode=3}, AppVersion{appPkgName='com.byd.weatherhelper', versionCode=29}]}
05-28 16:42:27.608  5789  5789 D BYDAutoSettingDevice: postEvent device_type: 1023, event_type =48600040, value = 1
05-28 16:42:27.608  5789  5789 D BYDAutoSettingDevice: postEvent device_type: 1023, event_type =40200037, value = 1
05-28 16:42:27.873  5789  5789 D BYDAutoSettingDevice: postEvent device_type: 1023, event_type =42f00037, value = 1
05-28 16:42:27.876  5789  5789 D BYDAutoSettingDevice: postEvent device_type: 1023, event_type =48600040, value = 0
05-28 16:42:27.876  5789  5789 D BYDAutoSettingDevice: postEvent device_type: 1023, event_type =40200037, value = 0
05-28 16:42:27.943  5789  5789 D BYDAutoSettingDevice: postEvent device_type: 1023, event_type =42f00037, value = 0
05-28 16:42:28.045  3523 31174 D AbsBYDAutoDevice: set featureIDs is int[]: [6dc00826, 6dc00810, 6dc00818, 6dc00808, 6dc00827, ] intArrayValue is int[]: [1, 53, 6, 0, 0, ]
05-28 16:42:28.601  5789  5789 D BYDAutoSettingDevice: postEvent device_type: 1023, event_type =48600040, value = 1
05-28 16:42:28.603  5789  5789 D BYDAutoSettingDevice: postEvent device_type: 1023, event_type =40200037, value = 1
05-28 16:42:28.670 28423 28423 D AbsBYDAutoDevice: int eventTypes is 38b00034
05-28 16:42:28.670 28423 28423 D CarSettings-HalGetter: [Thread:main][fileInfo:HalGetter.java(175) logEcuInfo] getEcu2BYDAuto IBYDAutoDevice : BYDAutoSettingDevice FeatureId : 38B00034 Id : 38B SubId : 0 position : 6.4 returnIntValue : 2
05-28 16:42:28.670 28423 28423 I CarSettings-HudNavigationFuseModel: [Thread:main][fileInfo:HudNavigationFuseModel.java(71) getHudNavigationFuseState] getHudNavigationFuseState newState = true mcuState = 2
05-28 16:42:28.670 28423 28423 E CarSettings-HudNavigationFuse: [Thread:main][fileInfo:AbsSwitchGroup.java(444) setViewState] bydSwitch.isChecked() == state true
05-28 16:42:28.876  5789  5789 D BYDAutoSettingDevice: postEvent device_type: 1023, event_type =42f00037, value = 1
05-28 16:42:28.877  5789  5789 D BYDAutoSettingDevice: postEvent device_type: 1023, event_type =48600040, value = 0
05-28 16:42:28.877  5789  5789 D BYDAutoSettingDevice: postEvent device_type: 1023, event_type =40200037, value = 0
05-28 16:42:28.944  5789  5789 D BYDAutoSettingDevice: postEvent device_type: 1023, event_type =42f00037, value = 0
05-28 16:42:29.048  3523 31174 D AbsBYDAutoDevice: set featureIDs is int[]: [6dc00826, 6dc00810, 6dc00818, 6dc00808, 6dc00827, ] intArrayValue is int[]: [1, 53, 6, 0, 0, ]
05-28 16:42:29.142  1133  1676 D WifiScoreCard: BSSID update SIGNAL_POLL ID: 1082925072 SSID: "Xiaomi13", BSSID: ca:f8:**:**:ce:8c, MAC: 56:76:**:**:0d:ce, Security type: 2, Supplicant state: COMPLETED, HE Eight Max VHT Spatial Streams Supported AP: false, Eight Max VHT Spatial streams support: false, Wi-Fi standard: 4, RSSI: -47, Link speed: 192Mbps, Tx Link speed: 192Mbps, Max Supported Tx Link speed: 144Mbps, Rx Link speed: 192Mbps, Max Supported Rx Link speed: 144Mbps, Frequency: 2462MHz, Net ID: 1, Metered hint: true, score: 60, CarrierMerged: false, SubscriptionId: -1, IsPrimary: 1
05-28 16:42:29.446  4278 31074 D AbsBYDAutoDevice: int eventTypes is 3bb00000
05-28 16:42:29.448  4278 31074 D AbsBYDAutoDevice: int eventTypes is 3c800000
05-28 16:42:29.449  4278 31074 D AbsBYDAutoDevice: int eventTypes is 3f200042
05-28 16:42:29.449  4278 31074 D AbsBYDAutoDevice: int eventTypes is 3f200008
05-28 16:42:29.450  4278 31074 D AbsBYDAutoDevice: int eventTypes is 3a000000
05-28 16:42:29.450  4278 31074 D AbsBYDAutoDevice: int eventTypes is 3a300000
05-28 16:42:29.608  5789  5789 D BYDAutoSettingDevice: postEvent device_type: 1023, event_type =48600040, value = 1
05-28 16:42:29.608  5789  5789 D BYDAutoSettingDevice: postEvent device_type: 1023, event_type =40200037, value = 1
05-28 16:42:29.874  5789  5789 D BYDAutoSettingDevice: postEvent device_type: 1023, event_type =42f00037, value = 1
05-28 16:42:29.875  5789  5789 D BYDAutoSettingDevice: postEvent device_type: 1023, event_type =48600040, value = 0
05-28 16:42:29.875  5789  5789 D BYDAutoSettingDevice: postEvent device_type: 1023, event_type =40200037, value = 0
05-28 16:42:29.946  5789  5789 D BYDAutoSettingDevice: postEvent device_type: 1023, event_type =42f00037, value = 0
