05-28 16:41:04.560  2473  2511 I CAR.L.CAR_CAR_PROPERTY: [device=BYDAutoSettingDevice,operation=get,features=[338690063],intValue=-2147482648]
05-28 16:41:04.562 28423 31078 I CarSettings-DrivingAdjustVisibleUtils: [Thread:CsThreadPool-1-Thread-6][fileInfo:DrivingAdjustVisibleUtils.java(58) isDriftModeDynaVisible] isDriftModeDynaVisible mcuState = -2147483648 visible = false
05-28 16:41:04.563  2473  2511 W AbsBYDAutoDevice: You have no permission to use the feature: 0x1430000f with this device: 1023!
05-28 16:41:04.563  2473  2511 I CAR.L.CAR_CAR_PROPERTY: [device=BYDAutoSettingDevice,operation=get,features=[338690063],intValue=-2147482648]
05-28 16:41:04.563 28423 31078 I CarSettings-DrivingAdjustVisibleUtils: [Thread:CsThreadPool-1-Thread-6][fileInfo:DrivingAdjustVisibleUtils.java(58) isDriftModeDynaVisible] isDriftModeDynaVisible mcuState = -2147483648 visible = false
05-28 16:41:04.564 28423 31078 D AbsBYDAutoDevice: int eventTypes is 14700018
05-28 16:41:04.564 28423 31078 D CarSettings-HalGetter: [Thread:CsThreadPool-1-Thread-6][fileInfo:HalGetter.java(175) logEcuInfo] getEcu2BYDAuto IBYDAutoDevice : BYDAutoSettingDevice FeatureId : 14700018 Id : 147 SubId : 0 position : 3.0 returnIntValue : 0
05-28 16:41:04.565  2473  2511 D AbsBYDAutoDevice: int eventTypes is 48b06020
05-28 16:41:04.565  2473  2511 I CAR.L.CAR_CAR_PROPERTY: [device=BYDAutoSettingDevice,operation=get,features=[1219518496],intValue=1]
05-28 16:41:04.567  2473  2511 D AbsBYDAutoDevice: int eventTypes is 48b06021
05-28 16:41:04.567  2473  2511 I CAR.L.CAR_CAR_PROPERTY: [device=BYDAutoSettingDevice,operation=get,features=[1219518497],intValue=1]
05-28 16:41:04.569  2473  2511 D AbsBYDAutoDevice: int eventTypes is 48b06022
05-28 16:41:04.569  2473  2511 I CAR.L.CAR_CAR_PROPERTY: [device=BYDAutoSettingDevice,operation=get,features=[1219518498],intValue=1]
05-28 16:41:04.572  2473  2511 D AbsBYDAutoDevice: int eventTypes is 48b06023
05-28 16:41:04.572  2473  2511 I CAR.L.CAR_CAR_PROPERTY: [device=BYDAutoSettingDevice,operation=get,features=[1219518499],intValue=1]
05-28 16:41:04.574  2473  2511 D AbsBYDAutoDevice: int eventTypes is 48b06024
05-28 16:41:04.575  2473  2511 I CAR.L.CAR_CAR_PROPERTY: [device=BYDAutoSettingDevice,operation=get,features=[1219518500],intValue=1]
05-28 16:41:04.577  2473  2511 D AbsBYDAutoDevice: int eventTypes is 48b06025
05-28 16:41:04.577  2473  2511 I CAR.L.CAR_CAR_PROPERTY: [device=BYDAutoSettingDevice,operation=get,features=[1219518501],intValue=1]
05-28 16:41:04.579  2473  2511 D AbsBYDAutoDevice: int eventTypes is 48b06029
05-28 16:41:04.579  2473  2511 I CAR.L.CAR_CAR_PROPERTY: [device=BYDAutoSettingDevice,operation=get,features=[1219518505],intValue=1]
05-28 16:41:04.585  2473  2511 E AbsBYDAutoDevice: AbsBYDAutoDevice construct enter
05-28 16:41:04.586  2473  2511 E AbsBYDAutoDevice: AbsBYDAutoDevice construct exit
05-28 16:41:04.586  2473  2511 D AbsBYDAutoDevice: int eventTypes is 48b0602d
05-28 16:41:04.589  2473  2511 D AbsBYDAutoDevice: int eventTypes is 48b06020
05-28 16:41:04.589  2473  2511 I CAR.L.CAR_CAR_PROPERTY: [device=BYDAutoSettingDevice,operation=get,features=[1219518496],intValue=1]
05-28 16:41:04.592  2473  2511 D AbsBYDAutoDevice: int eventTypes is 48b06021
05-28 16:41:04.592  2473  2511 I CAR.L.CAR_CAR_PROPERTY: [device=BYDAutoSettingDevice,operation=get,features=[1219518497],intValue=1]
05-28 16:41:04.595  5789  5789 D BYDAutoSettingDevice: postEvent device_type: 1023, event_type =48600040, value = 1
05-28 16:41:04.595  5789  5789 D BYDAutoSettingDevice: postEvent device_type: 1023, event_type =40200037, value = 1
05-28 16:41:04.596  2473  2511 D AbsBYDAutoDevice: int eventTypes is 48b06022
05-28 16:41:04.596  2473  2511 I CAR.L.CAR_CAR_PROPERTY: [device=BYDAutoSettingDevice,operation=get,features=[1219518498],intValue=1]
05-28 16:41:04.600  2473  2511 D AbsBYDAutoDevice: int eventTypes is 48b06023
05-28 16:41:04.600  2473  2511 I CAR.L.CAR_CAR_PROPERTY: [device=BYDAutoSettingDevice,operation=get,features=[1219518499],intValue=1]
05-28 16:41:04.605  2473  2511 D AbsBYDAutoDevice: int eventTypes is 48b06025
05-28 16:41:04.605  2473  2511 I CAR.L.CAR_CAR_PROPERTY: [device=BYDAutoSettingDevice,operation=get,features=[1219518501],intValue=1]
05-28 16:41:04.609  2473  2511 D AbsBYDAutoDevice: int eventTypes is 48b06024
05-28 16:41:04.609  2473  2511 I CAR.L.CAR_CAR_PROPERTY: [device=BYDAutoSettingDevice,operation=get,features=[1219518500],intValue=1]
05-28 16:41:04.612  2473  2511 D AbsBYDAutoDevice: int eventTypes is 48b06029
05-28 16:41:04.613  2473  2511 I CAR.L.CAR_CAR_PROPERTY: [device=BYDAutoSettingDevice,operation=get,features=[1219518505],intValue=1]
05-28 16:41:04.617  2473  2511 D AbsBYDAutoDevice: int eventTypes is 48b0602d
05-28 16:41:04.621  2473  2511 W AbsBYDAutoDevice: You have no permission to use the feature: 0x1430000f with this device: 1023!
05-28 16:41:04.621  2473  2511 I CAR.L.CAR_CAR_PROPERTY: [device=BYDAutoSettingDevice,operation=get,features=[338690063],intValue=-2147482648]
05-28 16:41:04.622 28423 31078 I CarSettings-DrivingAdjustVisibleUtils: [Thread:CsThreadPool-1-Thread-6][fileInfo:DrivingAdjustVisibleUtils.java(58) isDriftModeDynaVisible] isDriftModeDynaVisible mcuState = -2147483648 visible = false
05-28 16:41:04.623  2473  2511 W AbsBYDAutoDevice: You have no permission to use the feature: 0x1430000f with this device: 1023!
05-28 16:41:04.623  2473  2511 I CAR.L.CAR_CAR_PROPERTY: [device=BYDAutoSettingDevice,operation=get,features=[338690063],intValue=-2147482648]
05-28 16:41:04.624 28423 31078 I CarSettings-DrivingAdjustVisibleUtils: [Thread:CsThreadPool-1-Thread-6][fileInfo:DrivingAdjustVisibleUtils.java(58) isDriftModeDynaVisible] isDriftModeDynaVisible mcuState = -2147483648 visible = false
05-28 16:41:04.624 28423 31078 D AbsBYDAutoDevice: int eventTypes is 14700018
05-28 16:41:04.624 28423 31078 D CarSettings-HalGetter: [Thread:CsThreadPool-1-Thread-6][fileInfo:HalGetter.java(175) logEcuInfo] getEcu2BYDAuto IBYDAutoDevice : BYDAutoSettingDevice FeatureId : 14700018 Id : 147 SubId : 0 position : 3.0 returnIntValue : 0
05-28 16:41:04.627  2473  2511 D AbsBYDAutoDevice: int eventTypes is 4be0002c
05-28 16:41:04.627  2473  2511 I CAR.L.CAR_CAR_PROPERTY: [device=BYDAutoSettingDevice,operation=get,features=[1272971308],intValue=0]
05-28 16:41:04.629 28423 31078 D CarSettings-HotWordsRegister: [Thread:CsThreadPool-1-Thread-6][fileInfo:HotWordsRegister.java(56) register] register SearchDataEntity SearchDataEntity{驾驶 Driving 驾驶控制 Driving Control 陷车助手 Trap Assist 00600100290000 1} Already exists!!!
05-28 16:41:04.629  2473  2511 D AbsBYDAutoDevice: int eventTypes is 2f700819
05-28 16:41:04.630  2473  2511 I CAR.L.CAR_CAR_PROPERTY: [device=BYDAutoSettingDevice,operation=get,features=[795871257],intValue=2]
05-28 16:41:04.630 28423 31078 I CarSettings-DrivingModeStudyUtils: [Thread:CsThreadPool-1-Thread-6][fileInfo:DrivingModeStudyUtils.java(175) isDrivingModeSteeringAssistVisible] isDrivingModeSteeringAssistVisible isDMSolution mcuState = 2 visible = true
05-28 16:41:04.630 28423 31078 D BYDAutoSettingDevice: hasFeature: If has the feature(PowerSteering): 1
05-28 16:41:04.631 28423 31078 D CarSettings-VisibleFromSelfLearnUtil: [Thread:CsThreadPool-1-Thread-6][fileInfo:VisibleFromSelfLearnUtil.java(77) readVisibleFromSelfLearn] SteeringAssist readVisibleFromSelfLearn true
05-28 16:41:04.632  2473  2511 D AbsBYDAutoDevice: int eventTypes is 2f700819
05-28 16:41:04.632  2473  2511 I CAR.L.CAR_CAR_PROPERTY: [device=BYDAutoSettingDevice,operation=get,features=[795871257],intValue=2]
05-28 16:41:04.633 28423 31078 I CarSettings-DrivingModeStudyUtils: [Thread:CsThreadPool-1-Thread-6][fileInfo:DrivingModeStudyUtils.java(175) isDrivingModeSteeringAssistVisible] isDrivingModeSteeringAssistVisible isDMSolution mcuState = 2 visible = true
05-28 16:41:04.633 28423 31078 D BYDAutoSettingDevice: hasFeature: If has the feature(PowerSteering): 1
05-28 16:41:04.633 28423 31078 D CarSettings-VisibleFromSelfLearnUtil: [Thread:CsThreadPool-1-Thread-6][fileInfo:VisibleFromSelfLearnUtil.java(77) readVisibleFromSelfLearn] SteeringAssist readVisibleFromSelfLearn true
05-28 16:41:04.633 28423 31078 D CarSettings-VisibleFromSelfLearnUtil: [Thread:CsThreadPool-1-Thread-6][fileInfo:VisibleFromSelfLearnUtil.java(117) updateFunctionIdDb] updateFunctionIdDb FunctionLearnEntity {"function_class_name":"com.byd.vehiclesettings.drivingadjust.view.SteeringAssist","function_id":"00600100020000","function_state":0,"id":0,"parent_function_class_name":"com.byd.carsettings.driving.fragment.Di5IviXSubDrivingControlFragment","parent_function_id":"00800200000000"} Already exists!!!
05-28 16:41:04.634 28423 31078 D CarSettings-HotWordsRegister: [Thread:CsThreadPool-1-Thread-6][fileInfo:HotWordsRegister.java(56) register] register SearchDataEntity SearchDataEntity{驾驶 Driving 驾驶控制 Driving Control 转向助力模式 Steering assist 00600100020000 0} Already exists!!!
05-28 16:41:04.634 28423 31078 D AbsBYDAutoDevice: int eventTypes is d500013
05-28 16:41:04.635 28423 31078 D CarSettings-HotWordsRegister: [Thread:CsThreadPool-1-Thread-6][fileInfo:HotWordsRegister.java(56) register] register SearchDataEntity SearchDataEntity{驾驶 Driving 驾驶控制 Driving Control 制动助力模式 Brake Assist Mode 00600100030000 0} Already exists!!!
05-28 16:41:04.637 28423 31078 D CarSettings-DatabaseHelper: [Thread:CsThreadPool-1-Thread-6][fileInfo:DatabaseHelper.java(33) getConfigInt] getConfigInt: key = esp_assist, value = 1
05-28 16:41:04.638 28423 31078 D CarSettings-VisibleFromSelfLearnUtil: [Thread:CsThreadPool-1-Thread-6][fileInfo:VisibleFromSelfLearnUtil.java(117) updateFunctionIdDb] updateFunctionIdDb FunctionLearnEntity {"function_class_name":"com.byd.dipilot.view.safetyassistance.esp.ESPCloseSwitch","function_id":"00400200220000","function_state":0,"id":0,"parent_function_class_name":"com.byd.carsettings.driving.fragment.Di5IviXSubDrivingControlFragment","parent_function_id":"00800200000000"} Already exists!!!
05-28 16:41:04.639 28423 31078 I CarSettings-com.byd.dipilot.view.safetyassistance.parking.AutoParking: [Thread:CsThreadPool-1-Thread-6][fileInfo:AutoParking.java(47) readVisibleFromSelfLearn] isAutoParkingVisible: value is 0 visible = false
05-28 16:41:04.639 28423 31078 D CarSettings-VisibleFromSelfLearnUtil: [Thread:CsThreadPool-1-Thread-6][fileInfo:VisibleFromSelfLearnUtil.java(117) updateFunctionIdDb] updateFunctionIdDb FunctionLearnEntity {"function_class_name":"com.byd.dipilot.view.safetyassistance.parking.AutoParking","function_id":"00400200230000","function_state":1,"id":0,"parent_function_class_name":"com.byd.carsettings.driving.fragment.Di5IviXSubDrivingControlFragment","parent_function_id":"00800200000000"} Already exists!!!
05-28 16:41:04.640 28423 31078 D AbsBYDAutoDevice: int eventTypes is 2180001f
05-28 16:41:04.640 28423 31078 D CarSettings-HalGetter: [Thread:CsThreadPool-1-Thread-6][fileInfo:HalGetter.java(175) logEcuInfo] getEcu2BYDAuto IBYDAutoDevice : BYDAutoSettingDevice FeatureId : 2180001F Id : 218 SubId : 0 position : 3.7 returnIntValue : 1
05-28 16:41:04.641 28423 31078 D AbsBYDAutoDevice: int eventTypes is 2180003e
05-28 16:41:04.641 28423 31078 D CarSettings-HalGetter: [Thread:CsThreadPool-1-Thread-6][fileInfo:HalGetter.java(175) logEcuInfo] getEcu2BYDAuto IBYDAutoDevice : BYDAutoSettingDevice FeatureId : 2180003E Id : 218 SubId : 0 position : 7.6 returnIntValue : 0
05-28 16:41:04.641 28423 31078 D CarSettings-VisibleFromSelfLearnUtil: [Thread:CsThreadPool-1-Thread-6][fileInfo:VisibleFromSelfLearnUtil.java(117) updateFunctionIdDb] updateFunctionIdDb FunctionLearnEntity {"function_class_name":"com.byd.dipilot.view.safetyassistance.parking.EPBParkingSwitch","function_id":"00400200250000","function_state":0,"id":0,"parent_function_class_name":"com.byd.carsettings.driving.fragment.Di5IviXSubDrivingControlFragment","parent_function_id":"00800200000000"} Already exists!!!
05-28 16:41:04.642 28423 31078 D AbsBYDAutoDevice: int eventTypes is 48100000
05-28 16:41:04.644 28423 31078 D AbsBYDAutoDevice: int eventTypes is 37f00040
05-28 16:41:04.645 28423 31078 D AbsBYDAutoDevice: int eventTypes is 27200026
05-28 16:41:04.645 28423 31078 D CarSettings-HalGetter: [Thread:CsThreadPool-1-Thread-6][fileInfo:HalGetter.java(175) logEcuInfo] getEcu2BYDAuto IBYDAutoDevice : BYDAutoSettingDevice FeatureId : 27200026 Id : 272 SubId : 0 position : 4.6 returnIntValue : 0
05-28 16:41:04.646 28423 31078 D AbsBYDAutoDevice: int eventTypes is 27200026
05-28 16:41:04.646 28423 31078 D CarSettings-HalGetter: [Thread:CsThreadPool-1-Thread-6][fileInfo:HalGetter.java(175) logEcuInfo] getEcu2BYDAuto IBYDAutoDevice : BYDAutoSettingDevice FeatureId : 27200026 Id : 272 SubId : 0 position : 4.6 returnIntValue : 0
05-28 16:41:04.647 28423 31078 D AbsBYDAutoDevice: int eventTypes is 27200028
05-28 16:41:04.647 28423 31078 D CarSettings-HalGetter: [Thread:CsThreadPool-1-Thread-6][fileInfo:HalGetter.java(175) logEcuInfo] getEcu2BYDAuto IBYDAutoDevice : BYDAutoSettingDevice FeatureId : 27200028 Id : 272 SubId : 0 position : 5.0 returnIntValue : 1
05-28 16:41:04.656 28423 31078 D AbsBYDAutoDevice: int eventTypes is 27200028
05-28 16:41:04.656 28423 31078 D CarSettings-HalGetter: [Thread:CsThreadPool-1-Thread-6][fileInfo:HalGetter.java(175) logEcuInfo] getEcu2BYDAuto IBYDAutoDevice : BYDAutoSettingDevice FeatureId : 27200028 Id : 272 SubId : 0 position : 5.0 returnIntValue : 1
05-28 16:41:04.657 28423 31078 D AbsBYDAutoDevice: int eventTypes is 27200033
05-28 16:41:04.659 28423 31078 D AbsBYDAutoDevice: int eventTypes is 4750003c
05-28 16:41:04.659 28423 31078 D CarSettings-HalGetter: [Thread:CsThreadPool-1-Thread-6][fileInfo:HalGetter.java(175) logEcuInfo] getEcu2BYDAuto IBYDAutoDevice : BYDAutoSettingDevice FeatureId : 4750003C Id : 475 SubId : 0 position : 7.4 returnIntValue : 0
05-28 16:41:04.660  2473  2511 D AbsBYDAutoDevice: int eventTypes is 3bd001f8
05-28 16:41:04.660  2473  2511 I CAR.L.CAR_CAR_PROPERTY: [device=BYDAutoSettingDevice,operation=get,features=[1003487736],intValue=3]
05-28 16:41:04.661  2473  2511 D AbsBYDAutoDevice: int eventTypes is 4750003c
05-28 16:41:04.661  2473  2511 I CAR.L.CAR_CAR_PROPERTY: [device=BYDAutoSettingDevice,operation=get,features=[1196425276],intValue=0]
05-28 16:41:04.663  2473  2511 D AbsBYDAutoDevice: int eventTypes is 49000030
05-28 16:41:04.663  2473  2511 I CAR.L.CAR_CAR_PROPERTY: [device=BYDAutoSettingDevice,operation=get,features=[1224736816],intValue=0]
05-28 16:41:04.665  2473  2511 D AbsBYDAutoDevice: int eventTypes is 4750003c
05-28 16:41:04.665  2473  2511 I CAR.L.CAR_CAR_PROPERTY: [device=BYDAutoSettingDevice,operation=get,features=[1196425276],intValue=0]
05-28 16:41:04.667  2473  2511 D AbsBYDAutoDevice: int eventTypes is 2db0002b
05-28 16:41:04.667  2473  2511 I CAR.L.CAR_CAR_PROPERTY: [device=BYDAutoSettingDevice,operation=get,features=[766509099],intValue=65535]
05-28 16:41:04.669 28423 31078 D AbsBYDAutoDevice: int eventTypes is 4750003c
05-28 16:41:04.669 28423 31078 D CarSettings-HalGetter: [Thread:CsThreadPool-1-Thread-6][fileInfo:HalGetter.java(175) logEcuInfo] getEcu2BYDAuto IBYDAutoDevice : BYDAutoSettingDevice FeatureId : 4750003C Id : 475 SubId : 0 position : 7.4 returnIntValue : 0
05-28 16:41:04.671  2473  2511 D AbsBYDAutoDevice: int eventTypes is 3bd001f8
05-28 16:41:04.671  2473  2511 I CAR.L.CAR_CAR_PROPERTY: [device=BYDAutoSettingDevice,operation=get,features=[1003487736],intValue=3]
05-28 16:41:04.673  2473  2511 D AbsBYDAutoDevice: int eventTypes is 4750003c
05-28 16:41:04.673  2473  2511 I CAR.L.CAR_CAR_PROPERTY: [device=BYDAutoSettingDevice,operation=get,features=[1196425276],intValue=0]
05-28 16:41:04.674  2473  2511 D AbsBYDAutoDevice: int eventTypes is 49000030
05-28 16:41:04.674  2473  2511 I CAR.L.CAR_CAR_PROPERTY: [device=BYDAutoSettingDevice,operation=get,features=[1224736816],intValue=0]
05-28 16:41:04.677  2473  2511 D AbsBYDAutoDevice: int eventTypes is 2b200020
05-28 16:41:04.677  2473  2511 I CAR.L.CAR_CAR_PROPERTY: [device=BYDAutoSettingDevice,operation=get,features=[723517472],intValue=65535]
05-28 16:41:04.681  2473  2511 D AbsBYDAutoDevice: int eventTypes is 2b200020
05-28 16:41:04.681  2473  2511 I CAR.L.CAR_CAR_PROPERTY: [device=BYDAutoSettingDevice,operation=get,features=[723517472],intValue=65535]
05-28 16:41:04.684 28423 31078 D AbsBYDAutoDevice: int eventTypes is c610000a
05-28 16:41:04.684 28423 31078 D AbsBYDAutoDevice: int eventTypes is c610000a
05-28 16:41:04.690 28423 31078 D AbsBYDAutoDevice: int eventTypes is cb3001a8
05-28 16:41:04.690 28423 31078 D CarSettings-HalGetter: [Thread:CsThreadPool-1-Thread-6][fileInfo:HalGetter.java(175) logEcuInfo] getEcu2BYDAuto IBYDAutoDevice : BYDAutoSettingDevice FeatureId : CB3001A8 Id : FFFFFCB3 SubId : 0 position : 53.0 returnIntValue : 1
05-28 16:41:04.690 28423 31078 D AbsBYDAutoDevice: int eventTypes is cb3001a8
05-28 16:41:04.690 28423 31078 D CarSettings-HalGetter: [Thread:CsThreadPool-1-Thread-6][fileInfo:HalGetter.java(175) logEcuInfo] getEcu2BYDAuto IBYDAutoDevice : BYDAutoSettingDevice FeatureId : CB3001A8 Id : FFFFFCB3 SubId : 0 position : 53.0 returnIntValue : 1
05-28 16:41:04.692 28423 31078 D AbsBYDAutoDevice: int eventTypes is cb3001aa
05-28 16:41:04.694 28423 31078 D BYDAutoSettingDevice: getDriverSeatBack value is: 1
05-28 16:41:04.694 28423 31078 D BYDAutoSettingDevice: getDriverSeatBack value is: 1
05-28 16:41:04.696 28423 31078 D AbsBYDAutoDevice: int eventTypes is 40200010
05-28 16:41:04.696 28423 31078 D CarSettings-HalGetter: [Thread:CsThreadPool-1-Thread-6][fileInfo:HalGetter.java(175) logEcuInfo] getEcu2BYDAuto IBYDAutoDevice : BYDAutoSettingDevice FeatureId : 40200010 Id : 402 SubId : 0 position : 2.0 returnIntValue : 0
05-28 16:41:04.697 28423 31078 D AbsBYDAutoDevice: int eventTypes is c9400022
05-28 16:41:04.697 28423 31078 D CarSettings-HalGetter: [Thread:CsThreadPool-1-Thread-6][fileInfo:HalGetter.java(175) logEcuInfo] getEcu2BYDAuto IBYDAutoDevice : BYDAutoSettingDevice FeatureId : C9400022 Id : FFFFFC94 SubId : 0 position : 4.2 returnIntValue : 0
05-28 16:41:04.698 28423 31078 D AbsBYDAutoDevice: int eventTypes is 47900158
05-28 16:41:04.698 28423 31078 D CarSettings-HalGetter: [Thread:CsThreadPool-1-Thread-6][fileInfo:HalGetter.java(175) logEcuInfo] getEcu2BYDAuto IBYDAutoDevice : BYDAutoSettingDevice FeatureId : 47900158 Id : 479 SubId : 0 position : 43.0 returnIntValue : 0
05-28 16:41:04.698 28423 31078 D AbsBYDAutoDevice: int eventTypes is 47900000
05-28 16:41:04.700 28423 31078 D AbsBYDAutoDevice: int eventTypes is 45200120
05-28 16:41:04.701 28423 31078 D CarSettings-HalGetter: [Thread:CsThreadPool-1-Thread-6][fileInfo:HalGetter.java(175) logEcuInfo] getEcu2BYDAuto IBYDAutoDevice : BYDAutoSettingDevice FeatureId : 45200120 Id : 452 SubId : 0 position : 36.0 returnIntValue : 0
05-28 16:41:04.706  2473  2511 E AbsBYDAutoDevice: AbsBYDAutoDevice construct enter
05-28 16:41:04.707  2473  2511 E AbsBYDAutoDevice: AbsBYDAutoDevice construct exit
05-28 16:41:04.707  2473  2511 D AbsBYDAutoDevice: int eventTypes is 35a001d8
05-28 16:41:04.710  2473  2511 D AbsBYDAutoDevice: int eventTypes is 35a001d8
05-28 16:41:04.713  2473  2511 D AbsBYDAutoDevice: int eventTypes is 35a001d8
05-28 16:41:04.727  2473  2511 D AbsBYDAutoDevice: int eventTypes is 3bd001f0
05-28 16:41:04.730 28423 31078 D BYDAutoSettingDevice: hasFeature: If has the feature(AutoRainWiper): 1
05-28 16:41:04.731 28423 31078 D AbsBYDAutoDevice: int eventTypes is 4c90009f
05-28 16:41:04.732 28423 31078 D AbsBYDAutoDevice: int eventTypes is 4c90009f
05-28 16:41:04.733 28423 31078 D AbsBYDAutoDevice: int eventTypes is 4c90009f
05-28 16:41:04.735  2473  2511 D AbsBYDAutoDevice: int eventTypes is 3bd00204
05-28 16:41:04.735  2473  2511 I CAR.L.CAR_CAR_PROPERTY: [device=BYDAutoSettingDevice,operation=get,features=[1003487748],intValue=0]
05-28 16:41:04.737  2473  2511 D AbsBYDAutoDevice: int eventTypes is 3bd00204
05-28 16:41:04.737  2473  2511 I CAR.L.CAR_CAR_PROPERTY: [device=BYDAutoSettingDevice,operation=get,features=[1003487748],intValue=0]
05-28 16:41:04.743  2473  2511 D AbsBYDAutoDevice: int eventTypes is 1aa04042
05-28 16:41:04.747  2473  2511 D AbsBYDAutoDevice: int eventTypes is 1aa04042
05-28 16:41:04.829 28423 31078 D CarSettings-VisibleFromSelfLearnUtil: [Thread:CsThreadPool-1-Thread-6][fileInfo:VisibleFromSelfLearnUtil.java(77) readVisibleFromSelfLearn] DriverMonitoringAssistance readVisibleFromSelfLearn true
05-28 16:41:04.829 28423 31078 D CarSettings-VisibleFromSelfLearnUtil: [Thread:CsThreadPool-1-Thread-6][fileInfo:VisibleFromSelfLearnUtil.java(117) updateFunctionIdDb] updateFunctionIdDb FunctionLearnEntity {"function_class_name":"com.byd.vehiclesettings.cabinsensing.view.DriverMonitoringAssistance","function_id":"00600700010000","function_state":0,"id":0,"parent_function_class_name":"com.byd.carsettings.driving.fragment.Di5IviXSubDrivingCabinFragment","parent_function_id":"00800400000000"} Already exists!!!
05-28 16:41:04.851 28423 31078 D AbsBYDAutoDevice: int eventTypes is 16700017
05-28 16:41:04.852 28423 31078 D CarSettings-HalGetter: [Thread:CsThreadPool-1-Thread-6][fileInfo:HalGetter.java(175) logEcuInfo] getEcu2BYDAuto IBYDAutoDevice : BYDAutoSettingDevice FeatureId : 16700017 Id : 167 SubId : 0 position : 2.7 returnIntValue : 0
05-28 16:41:04.853  5789  5789 D BYDAutoSettingDevice: postEvent device_type: 1023, event_type =48600040, value = 0
05-28 16:41:04.853  5789  5789 D BYDAutoSettingDevice: postEvent device_type: 1023, event_type =40200037, value = 0
05-28 16:41:04.856 28423 28423 I BYDAutoSettingDevice: unregisterListener
05-28 16:41:04.856 28423 28423 I BYDAutoSettingDevice: unregisterListener
05-28 16:41:04.856 28423 28423 I BYDAutoSettingDevice: unregisterListener
05-28 16:41:04.857 28423 28423 I BYDAutoSettingDevice: unregisterListener
05-28 16:41:04.866 28423 28423 E CarSettings-VisibleFromSelfLearnUtil: [Thread:main][fileInfo:VisibleFromSelfLearnUtil.java(151) readSecondMenuVisibleFromSelfLearn] readSecondMenuVisibleFromSelfLearn mItemClass: class com.byd.vehiclesettings.hud.view.HudSwitch result == true
05-28 16:41:04.866 28423 28423 D CarSettings-Di5IviXDisplayHudFragment: [Thread:main][fileInfo:SubBaseFragment.java(178) readVisibleFromSelfLearn] SubBaseFragment readVisibleFromSelfLearn : true
05-28 16:41:04.866 28423 28423 D CarSettings-Di5IviXSoundAndDisplayFragment: [Thread:main][fileInfo:AbsBaseMenuFragment.java(100) initTitleAndFragmentList] initTitleAndFragmentList add Di5IviXDisplayHudFragment{821bc79} (6c69be4a-6e1b-4962-b375-4da71bf4353d)
05-28 16:41:04.874  5789  5789 D BYDAutoSettingDevice: postEvent device_type: 1023, event_type =48600040, value = 1
05-28 16:41:04.874  5789  5789 D BYDAutoSettingDevice: postEvent device_type: 1023, event_type =42f00037, value = 1
05-28 16:41:04.887 28423 28423 D AbsBYDAutoDevice: registerListener featureIDs: int[]: [4fd0000d, 99000289, ] end.
05-28 16:41:04.888 28423 28423 D AbsBYDAutoDevice: int eventTypes is 4fd0000d
05-28 16:41:04.889 28423 28423 D AbsBYDAutoDevice: registerListener featureIDs: int[]: [cc600008, 4c600010, 4c600018, 4c600020, 4c600028, ] end.
05-28 16:41:04.889 28423 28423 D AbsBYDAutoDevice: int eventTypes is cc600008
05-28 16:41:04.890 28423 28423 D AbsBYDAutoDevice: int eventTypes is 4fd00010
05-28 16:41:04.891 28423 28423 D CarSettings-VolumeAdjustCommon: [Thread:main][fileInfo:AbsSeekBarGroup.java(107) onProgressChanged] onProgressChanged 3 mRightTextView 3,fromUser:false
05-28 16:41:04.892 28423 28423 D AbsBYDAutoDevice: registerListener featureIDs: int[]: [4fd00010, ] end.
05-28 16:41:04.915  5789  5789 D BYDAutoSettingDevice: postEvent device_type: 1023, event_type =48600040, value = 0
05-28 16:41:04.916  5789  5789 D BYDAutoSettingDevice: postEvent device_type: 1023, event_type =42f00037, value = 0
05-28 16:41:05.202  3523 30517 D AbsBYDAutoDevice: set featureIDs is int[]: [6dc00826, 6dc00810, 6dc00818, 6dc00808, 6dc00827, ] intArrayValue is int[]: [1, 53, 6, 0, 0, ]
05-28 16:41:05.390 28423 28423 D AbsBYDAutoDevice: int eventTypes is 10800038
05-28 16:41:05.443 28423 28423 D CarSettings-MultiMediaBrightAdjustCommon: [Thread:main][fileInfo:AbsSeekBarGroup.java(107) onProgressChanged] onProgressChanged 18 mRightTextView 18%,fromUser:false
05-28 16:41:05.445  2473  2511 D AbsBYDAutoDevice: int eventTypes is 2ef0002f
05-28 16:41:05.445  2473  2511 I CAR.L.CAR_CAR_PROPERTY: [device=BYDAutoSettingDevice,operation=get,features=[787480623],intValue=2]
05-28 16:41:05.467  2473  2511 D AbsBYDAutoDevice: int eventTypes is 2ef0002f
05-28 16:41:05.467  2473  2511 I CAR.L.CAR_CAR_PROPERTY: [device=BYDAutoSettingDevice,operation=get,features=[787480623],intValue=2]
05-28 16:41:05.478  2473  2511 D AbsBYDAutoDevice: int eventTypes is 26f00020
05-28 16:41:05.478  2473  2511 I CAR.L.CAR_CAR_PROPERTY: [device=BYDAutoInstrumentDevice,operation=get,features=[653262880],intValue=2]
05-28 16:41:05.486  2473  2511 D AbsBYDAutoDevice: int eventTypes is 13300023
05-28 16:41:05.488 28423 28423 D AbsBYDAutoDevice: int eventTypes is 4a503010
05-28 16:41:05.491 28423 28423 D AbsBYDAutoDevice: int eventTypes is 4a50303c
05-28 16:41:05.491 28423 28423 D CarSettings-HalGetter: [Thread:main][fileInfo:HalGetter.java(175) logEcuInfo] getEcu2BYDAuto IBYDAutoDevice : BYDAutoInstrumentDevice FeatureId : 4A50303C Id : 4A5 SubId : 3 position : 7.4 returnIntValue : 1
05-28 16:41:05.493  2473  2511 D AbsBYDAutoDevice: int eventTypes is 26f00020
05-28 16:41:05.493  2473  2511 I CAR.L.CAR_CAR_PROPERTY: [device=BYDAutoInstrumentDevice,operation=get,features=[653262880],intValue=2]
05-28 16:41:05.496  2473  3042 D AbsBYDAutoDevice: int eventTypes is 13300023
05-28 16:41:05.499 28423 28423 D AbsBYDAutoDevice: int eventTypes is 4a503010
05-28 16:41:05.501 28423 28423 D AbsBYDAutoDevice: int eventTypes is 4a50303c
05-28 16:41:05.502 28423 28423 D CarSettings-HalGetter: [Thread:main][fileInfo:HalGetter.java(175) logEcuInfo] getEcu2BYDAuto IBYDAutoDevice : BYDAutoInstrumentDevice FeatureId : 4A50303C Id : 4A5 SubId : 3 position : 7.4 returnIntValue : 1
05-28 16:41:05.543 28423 28423 D AbsBYDAutoDevice: int eventTypes is 38b00015
05-28 16:41:05.543 28423 28423 D CarSettings-HalGetter: [Thread:main][fileInfo:HalGetter.java(175) logEcuInfo] getEcu2BYDAuto IBYDAutoDevice : BYDAutoSettingDevice FeatureId : 38B00015 Id : 38B SubId : 0 position : 2.5 returnIntValue : 2
05-28 16:41:05.544 28423 28423 D AbsBYDAutoDevice: int eventTypes is 38b00015
05-28 16:41:05.544 28423 28423 D CarSettings-HalGetter: [Thread:main][fileInfo:HalGetter.java(175) logEcuInfo] getEcu2BYDAuto IBYDAutoDevice : BYDAutoSettingDevice FeatureId : 38B00015 Id : 38B SubId : 0 position : 2.5 returnIntValue : 2
05-28 16:41:05.548 28423 28423 D AbsBYDAutoDevice: int eventTypes is 4c50000b
05-28 16:41:05.548 28423 28423 D CarSettings-HalGetter: [Thread:main][fileInfo:HalGetter.java(175) logEcuInfo] getEcu2BYDAuto IBYDAutoDevice : BYDAutoSettingDevice FeatureId : 4C50000B Id : 4C5 SubId : 0 position : 1.3 returnIntValue : 0
05-28 16:41:05.548 28423 28423 D CarSettings-HudModeChangeSetup: [Thread:main][fileInfo:HudModeChangeSetup.java(164) isGhyHudMode] getGhyHudMode:0
05-28 16:41:05.549 28423 28423 D AbsBYDAutoDevice: int eventTypes is 4c50000b
05-28 16:41:05.549 28423 28423 D CarSettings-HalGetter: [Thread:main][fileInfo:HalGetter.java(175) logEcuInfo] getEcu2BYDAuto IBYDAutoDevice : BYDAutoSettingDevice FeatureId : 4C50000B Id : 4C5 SubId : 0 position : 1.3 returnIntValue : 0
05-28 16:41:05.549 28423 28423 D CarSettings-HudModeChangeSetup: [Thread:main][fileInfo:HudModeChangeSetup.java(164) isGhyHudMode] getGhyHudMode:0
05-28 16:41:05.550 28423 28423 D AbsBYDAutoDevice: int eventTypes is 4c50000b
05-28 16:41:05.550 28423 28423 D CarSettings-HalGetter: [Thread:main][fileInfo:HalGetter.java(175) logEcuInfo] getEcu2BYDAuto IBYDAutoDevice : BYDAutoSettingDevice FeatureId : 4C50000B Id : 4C5 SubId : 0 position : 1.3 returnIntValue : 0
05-28 16:41:05.550 28423 28423 D CarSettings-HudModeChangeSetup: [Thread:main][fileInfo:HudModeChangeSetup.java(164) isGhyHudMode] getGhyHudMode:0
05-28 16:41:05.551 28423 28423 D AbsBYDAutoDevice: int eventTypes is 4c50000b
05-28 16:41:05.551 28423 28423 D CarSettings-HalGetter: [Thread:main][fileInfo:HalGetter.java(175) logEcuInfo] getEcu2BYDAuto IBYDAutoDevice : BYDAutoSettingDevice FeatureId : 4C50000B Id : 4C5 SubId : 0 position : 1.3 returnIntValue : 0
05-28 16:41:05.551 28423 28423 D CarSettings-HudModeChangeSetup: [Thread:main][fileInfo:HudModeChangeSetup.java(164) isGhyHudMode] getGhyHudMode:0
05-28 16:41:05.551 28423 28423 D AbsBYDAutoDevice: int eventTypes is 4c50000b
05-28 16:41:05.552 28423 28423 D CarSettings-HalGetter: [Thread:main][fileInfo:HalGetter.java(175) logEcuInfo] getEcu2BYDAuto IBYDAutoDevice : BYDAutoSettingDevice FeatureId : 4C50000B Id : 4C5 SubId : 0 position : 1.3 returnIntValue : 0
05-28 16:41:05.552 28423 28423 D CarSettings-HudModeChangeSetup: [Thread:main][fileInfo:HudModeChangeSetup.java(164) isGhyHudMode] getGhyHudMode:0
05-28 16:41:05.553 28423 28423 D AbsBYDAutoDevice: int eventTypes is 4c50000b
05-28 16:41:05.553 28423 28423 D CarSettings-HalGetter: [Thread:main][fileInfo:HalGetter.java(175) logEcuInfo] getEcu2BYDAuto IBYDAutoDevice : BYDAutoSettingDevice FeatureId : 4C50000B Id : 4C5 SubId : 0 position : 1.3 returnIntValue : 0
05-28 16:41:05.553 28423 28423 D CarSettings-HudModeChangeSetup: [Thread:main][fileInfo:HudModeChangeSetup.java(164) isGhyHudMode] getGhyHudMode:0
05-28 16:41:05.554 28423 28423 D AbsBYDAutoDevice: int eventTypes is 4c50000b
05-28 16:41:05.554 28423 28423 D CarSettings-HalGetter: [Thread:main][fileInfo:HalGetter.java(175) logEcuInfo] getEcu2BYDAuto IBYDAutoDevice : BYDAutoSettingDevice FeatureId : 4C50000B Id : 4C5 SubId : 0 position : 1.3 returnIntValue : 0
05-28 16:41:05.554 28423 28423 D CarSettings-HudModeChangeSetup: [Thread:main][fileInfo:HudModeChangeSetup.java(164) isGhyHudMode] getGhyHudMode:0
05-28 16:41:05.559 28423 28423 D CarSettings-Di5IviXDisplayHudFragment: [Thread:main][fileInfo:SubBaseFragment.java(256) onCreateView] onCreateView time exec 30 ...
05-28 16:41:05.560 28423 28423 D CarSettings-Di5IviXDisplayHudFragment: [Thread:main][fileInfo:SubBaseFragment.java(294) onStart] onStart
05-28 16:41:05.580 28423 28423 D AbsBYDAutoDevice: int eventTypes is 38b0001c
05-28 16:41:05.580 28423 28423 D CarSettings-HalGetter: [Thread:main][fileInfo:HalGetter.java(175) logEcuInfo] getEcu2BYDAuto IBYDAutoDevice : BYDAutoSettingDevice FeatureId : 38B0001C Id : 38B SubId : 0 position : 3.4 returnIntValue : 1
05-28 16:41:05.581 28423 28423 I CarSettings-HudSwitchModel: [Thread:main][fileInfo:HudSwitchModel.java(94) getHudSwitchState] getHudSwitchState newState = true mcuState = 1
05-28 16:41:05.581 28423 28423 I CarSettings-HudOptionDisplay: [Thread:main][fileInfo:HudOptionDisplay.java(121) connectCallBack] hudSwitch status = true
05-28 16:41:05.581 28423 28423 I CarSettings-HudRotateAdjust: [Thread:main][fileInfo:HudRotateAdjust.java(124) connectCallBack] hudSwitch status = true
05-28 16:41:05.581 28423 28423 I CarSettings-HudImageTextFuse: [Thread:main][fileInfo:HudImageTextFuse.java(122) connectCallBack] hudSwitch status = true
05-28 16:41:05.581 28423 28423 I CarSettings-HudMultimediaFuse: [Thread:main][fileInfo:HudMultimediaFuse.java(122) connectCallBack] hudSwitch status = true
05-28 16:41:05.581 28423 28423 I CarSettings-HUDNavigationMap: [Thread:main][fileInfo:HudNavigationMap.java(92) connectCallBack] hudSwitch status = true
05-28 16:41:05.582 28423 28423 I CarSettings-HudModeChangeSetup: [Thread:main][fileInfo:HudModeChangeSetup.java(119) connectCallBack] hudSwitch status = true
05-28 16:41:05.582 28423 28423 D AbsBYDAutoDevice: int eventTypes is 4c50000b
05-28 16:41:05.582 28423 28423 D CarSettings-HalGetter: [Thread:main][fileInfo:HalGetter.java(175) logEcuInfo] getEcu2BYDAuto IBYDAutoDevice : BYDAutoSettingDevice FeatureId : 4C50000B Id : 4C5 SubId : 0 position : 1.3 returnIntValue : 0
05-28 16:41:05.582 28423 28423 D CarSettings-HudModeChangeSetup: [Thread:main][fileInfo:HudModeChangeSetup.java(164) isGhyHudMode] getGhyHudMode:0
05-28 16:41:05.583 28423 28423 I CarSettings-HudNavigationFuse: [Thread:main][fileInfo:HudNavigationFuse.java(121) connectCallBack] hudSwitch status = true
05-28 16:41:05.583 28423 28423 I CarSettings-HudThemeMode: [Thread:main][fileInfo:HudThemeMode.java(109) connectCallBack] hudSwitch status = true
05-28 16:41:05.583 28423 28423 I CarSettings-HudBrightnessAdjust: [Thread:main][fileInfo:HudBrightnessAdjust.java(141) connectCallBack] hudSwitch status = true
05-28 16:41:05.583 28423 28423 I CarSettings-HudHeightAdjust: [Thread:main][fileInfo:HudHeightAdjust.java(112) connectCallBack] hudSwitch status = true
05-28 16:41:05.583 28423 28423 I CarSettings-HudSafetyDrivingFuse: [Thread:main][fileInfo:HudSafetyDrivingFuse.java(128) connectCallBack] hudSwitch status = true
05-28 16:41:05.583 28423 28423 D AbsBYDAutoDevice: int eventTypes is 38b0001c
05-28 16:41:05.583 28423 28423 D CarSettings-HalGetter: [Thread:main][fileInfo:HalGetter.java(175) logEcuInfo] getEcu2BYDAuto IBYDAutoDevice : BYDAutoSettingDevice FeatureId : 38B0001C Id : 38B SubId : 0 position : 3.4 returnIntValue : 1
05-28 16:41:05.584 28423 28423 I CarSettings-HudSwitchModel: [Thread:main][fileInfo:HudSwitchModel.java(94) getHudSwitchState] getHudSwitchState newState = true mcuState = 1
05-28 16:41:05.584 28423 28423 I CarSettings-HudSwitchModel: [Thread:main][fileInfo:HudSwitchModel.java(73) registerListener] registerListener
05-28 16:41:05.584 28423 28423 I BYDAutoSettingDevice: registerListener2
05-28 16:41:05.584 28423 28423 D AbsBYDAutoDevice: registerListener featureIDs: int[]: [38b0001c, ] end.
05-28 16:41:05.584 28423 28423 D AbsBYDAutoDevice: int eventTypes is 38b00008
05-28 16:41:05.585 28423 28423 D CarSettings-HalGetter: [Thread:main][fileInfo:HalGetter.java(175) logEcuInfo] getEcu2BYDAuto IBYDAutoDevice : BYDAutoSettingDevice FeatureId : 38B00008 Id : 38B SubId : 0 position : 1.0 returnIntValue : 11
05-28 16:41:05.585 28423 28423 I CarSettings-HudHeightModel: [Thread:main][fileInfo:HudHeightModel.java(70) getHudHeightState] getHudHeightState newState = 11 mcuState = 11
05-28 16:41:05.585 28423 28423 D CarSettings-HudHeightAdjust: [Thread:main][fileInfo:AbsSeekBarGroup.java(253) onResume] initView progress 10
05-28 16:41:05.585  1133  1706 D StreamFocusControl: streamType is STREAM_NAVI or STREAM_SYSTEM
05-28 16:41:05.585 28423 28423 D CarSettings-HudHeightAdjust: [Thread:main][fileInfo:AbsSeekBarGroup.java(107) onProgressChanged] onProgressChanged 10 mRightTextView 0,fromUser:false
05-28 16:41:05.588 28423 28423 I CarSettings-HudHeightModel: [Thread:main][fileInfo:HudHeightModel.java(104) registerListener] registerListener
05-28 16:41:05.588 28423 28423 I BYDAutoSettingDevice: registerListener2
05-28 16:41:05.588 28423 28423 D AbsBYDAutoDevice: registerListener featureIDs: int[]: [38b00008, ] end.
05-28 16:41:05.589 28423 28423 D AbsBYDAutoDevice: int eventTypes is 38b00010
05-28 16:41:05.590 28423 28423 D CarSettings-HalGetter: [Thread:main][fileInfo:HalGetter.java(175) logEcuInfo] getEcu2BYDAuto IBYDAutoDevice : BYDAutoSettingDevice FeatureId : 38B00010 Id : 38B SubId : 0 position : 2.0 returnIntValue : 10
05-28 16:41:05.590 28423 28423 I CarSettings-HudBrightnessModel: [Thread:main][fileInfo:HudBrightnessModel.java(88) getHudBrightnessState] getHudBrightnessState newState = 10 mcuState = 10
05-28 16:41:05.590 28423 28423 D CarSettings-HudBrightnessAdjust: [Thread:main][fileInfo:AbsSeekBarGroup.java(253) onResume] initView progress 9
05-28 16:41:05.591   855 31118 D SimpleC2Component: Using output block pool with poolID 55 => got 55 - 0
05-28 16:41:05.591 28423 28423 D CarSettings-HudBrightnessAdjust: [Thread:main][fileInfo:AbsSeekBarGroup.java(107) onProgressChanged] onProgressChanged 9 mRightTextView 9,fromUser:false
05-28 16:41:05.591 28423 28423 I CarSettings-HudBrightnessAdjust: [Thread:main][fileInfo:HudBrightnessAdjust.java(90) getSeekBarIconByProgress] getSeekBarIconByProgress progress = 9 realProgress = 90
05-28 16:41:05.592   855 31117 D SimpleC2Component: Using output block pool with poolID 54 => got 54 - 0
05-28 16:41:05.594 28423 28423 I CarSettings-HudBrightnessAdjust: [Thread:main][fileInfo:HudBrightnessAdjust.java(90) getSeekBarIconByProgress] getSeekBarIconByProgress progress = 9 realProgress = 90
05-28 16:41:05.596  5789  5789 D BYDAutoSettingDevice: postEvent device_type: 1023, event_type =48600040, value = 1
05-28 16:41:05.596  5789  5789 D BYDAutoSettingDevice: postEvent device_type: 1023, event_type =40200037, value = 1
05-28 16:41:05.597 28423 28423 I CarSettings-HudBrightnessModel: [Thread:main][fileInfo:HudBrightnessModel.java(72) registerListener] registerListener
05-28 16:41:05.597 28423 28423 I BYDAutoSettingDevice: registerListener2
05-28 16:41:05.597 28423 28423 D AbsBYDAutoDevice: registerListener featureIDs: int[]: [38b00010, ] end.
05-28 16:41:05.597 28423 28423 D AbsBYDAutoDevice: double eventTypes is 38b00018
05-28 16:41:05.598 28423 28423 D CarSettings-HalGetter: [Thread:main][fileInfo:HalGetter.java(175) logEcuInfo] getEcu2BYDAuto IBYDAutoDevice : BYDAutoSettingDevice FeatureId : 38B00018 Id : 38B SubId : 0 position : 3.0 returnIntValue : -1.2
05-28 16:41:05.598 28423 28423 I CarSettings-HudRotateModel: [Thread:main][fileInfo:HudRotateModel.java(71) getHudRotateState] getHudRotateState newState = -1.2000000476837158 mcuState = -1.2000000476837158
05-28 16:41:05.598 28423 28423 D CarSettings-HudRotateAdjust: [Thread:main][fileInfo:HudRotateAdjust.java(138) rotate2Progress] rotate2Progress result : 2
05-28 16:41:05.598 28423 28423 D CarSettings-HudRotateAdjust: [Thread:main][fileInfo:AbsSeekBarGroup.java(253) onResume] initView progress 2
05-28 16:41:05.598 28423 28423 I CarSettings-HudRotateAdjust: [Thread:main][fileInfo:HudRotateAdjust.java(85) getRightTextView] getRightTextView = 2
05-28 16:41:05.599 28423 28423 D CarSettings-HudRotateAdjust: [Thread:main][fileInfo:AbsSeekBarGroup.java(107) onProgressChanged] onProgressChanged 2 mRightTextView -1.2°,fromUser:false
05-28 16:41:05.599 28423 28423 I CarSettings-HudRotateAdjust: [Thread:main][fileInfo:HudRotateAdjust.java(85) getRightTextView] getRightTextView = 2
05-28 16:41:05.599 28423 28423 I CarSettings-HudRotateAdjust: [Thread:main][fileInfo:HudRotateAdjust.java(85) getRightTextView] getRightTextView = 2
05-28 16:41:05.600 28423 28423 I CarSettings-HudRotateModel: [Thread:main][fileInfo:HudRotateModel.java(104) registerListener] registerListener
05-28 16:41:05.600 28423 28423 I BYDAutoSettingDevice: registerListener2
05-28 16:41:05.600 28423 28423 D AbsBYDAutoDevice: registerListener featureIDs: int[]: [38b00018, ] end.
05-28 16:41:05.600 28423 28423 D AbsBYDAutoDevice: int eventTypes is 38b0000d
05-28 16:41:05.600 28423 28423 D CarSettings-HalGetter: [Thread:main][fileInfo:HalGetter.java(175) logEcuInfo] getEcu2BYDAuto IBYDAutoDevice : BYDAutoSettingDevice FeatureId : 38B0000D Id : 38B SubId : 0 position : 1.5 returnIntValue : 1
05-28 16:41:05.600 28423 28423 I CarSettings-HudThemeModel: [Thread:main][fileInfo:HudThemeModel.java(70) getHudThemeState] getHudThemeState newState = 1 mcuState = 1
05-28 16:41:05.601 28423 28423 I CarSettings-HudThemeModel: [Thread:main][fileInfo:HudThemeModel.java(93) registerListener] registerListener
05-28 16:41:05.601 28423 28423 I BYDAutoSettingDevice: registerListener2
05-28 16:41:05.601 28423 28423 D AbsBYDAutoDevice: registerListener featureIDs: int[]: [38b0000d, ] end.
05-28 16:41:05.602 28423 28423 D AbsBYDAutoDevice: int eventTypes is 38b00038
05-28 16:41:05.602 28423 28423 D CarSettings-HalGetter: [Thread:main][fileInfo:HalGetter.java(175) logEcuInfo] getEcu2BYDAuto IBYDAutoDevice : BYDAutoSettingDevice FeatureId : 38B00038 Id : 38B SubId : 0 position : 7.0 returnIntValue : 2
05-28 16:41:05.602 28423 28423 I CarSettings-HudModeChangeModel: [Thread:main][fileInfo:HudModeChangeModel.java(70) getHudModeChangeState] getHudModeChangeState newState = 2 mcuState = 2
05-28 16:41:05.602 28423 28423 D AbsBYDAutoDevice: int eventTypes is 38b0001c
05-28 16:41:05.602 28423 28423 D CarSettings-HalGetter: [Thread:main][fileInfo:HalGetter.java(175) logEcuInfo] getEcu2BYDAuto IBYDAutoDevice : BYDAutoSettingDevice FeatureId : 38B0001C Id : 38B SubId : 0 position : 3.4 returnIntValue : 1
05-28 16:41:05.602 28423 28423 D AbsBYDAutoDevice: int eventTypes is 4c50000b
05-28 16:41:05.603 28423 28423 D CarSettings-HalGetter: [Thread:main][fileInfo:HalGetter.java(175) logEcuInfo] getEcu2BYDAuto IBYDAutoDevice : BYDAutoSettingDevice FeatureId : 4C50000B Id : 4C5 SubId : 0 position : 1.3 returnIntValue : 0
05-28 16:41:05.603 28423 28423 D CarSettings-HudModeChangeSetup: [Thread:main][fileInfo:HudModeChangeSetup.java(164) isGhyHudMode] getGhyHudMode:0
05-28 16:41:05.603 28423 28423 D AbsBYDAutoDevice: int eventTypes is 38b00038
05-28 16:41:05.603 28423 28423 D CarSettings-HalGetter: [Thread:main][fileInfo:HalGetter.java(175) logEcuInfo] getEcu2BYDAuto IBYDAutoDevice : BYDAutoSettingDevice FeatureId : 38B00038 Id : 38B SubId : 0 position : 7.0 returnIntValue : 2
05-28 16:41:05.603 28423 28423 I CarSettings-HudModeChangeModel: [Thread:main][fileInfo:HudModeChangeModel.java(70) getHudModeChangeState] getHudModeChangeState newState = 2 mcuState = 2
05-28 16:41:05.604 28423 28423 I CarSettings-HudModeChangeModel: [Thread:main][fileInfo:HudModeChangeModel.java(94) registerListener] registerListener
05-28 16:41:05.604 28423 28423 I BYDAutoSettingDevice: registerListener2
05-28 16:41:05.604 28423 28423 D AbsBYDAutoDevice: registerListener featureIDs: int[]: [38b00038, ] end.
05-28 16:41:05.604 28423 28423 D AbsBYDAutoDevice: int eventTypes is 38b00032
05-28 16:41:05.605 28423 28423 D CarSettings-HalGetter: [Thread:main][fileInfo:HalGetter.java(175) logEcuInfo] getEcu2BYDAuto IBYDAutoDevice : BYDAutoSettingDevice FeatureId : 38B00032 Id : 38B SubId : 0 position : 6.2 returnIntValue : 2
05-28 16:41:05.605 28423 28423 I CarSettings-HudSafetyDrivingFuseModel: [Thread:main][fileInfo:HudSafetyDrivingFuseModel.java(73) getHudSafetyDrivingFuseState] getHudSafetyDrivingFuseState newState = true mcuState = 2
05-28 16:41:05.605 28423 28423 I CarSettings-HudSafetyDrivingFuseModel: [Thread:main][fileInfo:HudSafetyDrivingFuseModel.java(97) registerListener] registerListener
05-28 16:41:05.605 28423 28423 I BYDAutoSettingDevice: registerListener2
05-28 16:41:05.605 28423 28423 D AbsBYDAutoDevice: registerListener featureIDs: int[]: [38b00032, ] end.
05-28 16:41:05.605 28423 28423 D AbsBYDAutoDevice: int eventTypes is 38b00034
05-28 16:41:05.606 28423 28423 D CarSettings-HalGetter: [Thread:main][fileInfo:HalGetter.java(175) logEcuInfo] getEcu2BYDAuto IBYDAutoDevice : BYDAutoSettingDevice FeatureId : 38B00034 Id : 38B SubId : 0 position : 6.4 returnIntValue : 2
05-28 16:41:05.606 28423 28423 I CarSettings-HudNavigationFuseModel: [Thread:main][fileInfo:HudNavigationFuseModel.java(71) getHudNavigationFuseState] getHudNavigationFuseState newState = true mcuState = 2
05-28 16:41:05.606 28423 28423 I CarSettings-HudNavigationFuseModel: [Thread:main][fileInfo:HudNavigationFuseModel.java(95) registerListener] registerListener
05-28 16:41:05.606 28423 28423 I BYDAutoSettingDevice: registerListener2
05-28 16:41:05.606 28423 28423 D AbsBYDAutoDevice: registerListener featureIDs: int[]: [38b00034, ] end.
05-28 16:41:05.607 28423 28423 D CarSettings-Di5IviXDisplayHudFragment: [Thread:main][fileInfo:SubBaseFragment.java(208) onResume] onResume time exec 27 ...
05-28 16:41:05.607 28423 28423 D AbsBYDAutoDevice: int eventTypes is 38b0001c
05-28 16:41:05.607 28423 28423 D CarSettings-HalGetter: [Thread:main][fileInfo:HalGetter.java(175) logEcuInfo] getEcu2BYDAuto IBYDAutoDevice : BYDAutoSettingDevice FeatureId : 38B0001C Id : 38B SubId : 0 position : 3.4 returnIntValue : 1
05-28 16:41:05.607 28423 28423 I CarSettings-HudSwitchModel: [Thread:main][fileInfo:HudSwitchModel.java(94) getHudSwitchState] getHudSwitchState newState = true mcuState = 1
05-28 16:41:05.608 28423 31078 D CarSettings-CarImageUtils: [Thread:CsThreadPool-1-Thread-6][fileInfo:CarBodyImageUtils.java(87) doRun] updateCarBodyImageJsonPagPriorityRemote  setting_hud_on_di5_ivi_dy_0x9e
05-28 16:41:05.608 28423 31078 I CarSettings-CarBodyImage-RemoteResourceLoader: [Thread:CsThreadPool-1-Thread-6][fileInfo:RemoteResourceLoader.java(127) getResourceID] getResourceID type = drawable filedName = setting_hud_on_di5_ivi_dy_0x9e
05-28 16:41:05.608 28423 31078 E CarSettings-AbsResourceLoader: [Thread:CsThreadPool-1-Thread-6][fileInfo:AbsResourceLoader.java(36) getResourceID] getResourceID drawable setting_hud_on_di5_ivi_dy_0x9e Throwable 
05-28 16:41:05.608 28423 31078 E CarSettings-AbsResourceLoader: java.lang.NoSuchFieldException: setting_hud_on_di5_ivi_dy_0x9e
05-28 16:41:05.609 28423 31078 D CarSettings-CarBodyImage-RemoteResourceLoader: [Thread:CsThreadPool-1-Thread-6][fileInfo:RemoteResourceLoader.java(129) getResourceID] Plugin fieldName setting_hud_on_di5_ivi_dy_0x9e resID 7dffffff
05-28 16:41:05.609 28423 31078 D CarSettings-CarImageUtils: [Thread:CsThreadPool-1-Thread-6][fileInfo:CarBodyImageUtils.java(204) getDrawableResId] getDrawableResId REMOTE , setting_hud_on_di5_ivi_dy_0x9e , 2113929215
05-28 16:41:05.610 28423 31078 I CarSettings-CarBodyImage-PluginResourceLoader: [Thread:CsThreadPool-1-Thread-6][fileInfo:PluginResourceLoader.java(98) getResourceID] getResourceID type = drawable filedName = setting_hud_on_di5_ivi_dy_0x9e
05-28 16:41:05.610 28423 31078 D CarSettings-AbsResourceLoader: [Thread:CsThreadPool-1-Thread-6][fileInfo:AbsResourceLoader.java(34) getResourceID] CarBody fieldName setting_hud_on_di5_ivi_dy_0x9e resID 7f0100fa
05-28 16:41:05.610 28423 31078 D CarSettings-CarBodyImage-PluginResourceLoader: [Thread:CsThreadPool-1-Thread-6][fileInfo:PluginResourceLoader.java(100) getResourceID] Plugin fieldName setting_hud_on_di5_ivi_dy_0x9e resID 7e0100fa
05-28 16:41:05.610 28423 31078 D CarSettings-CarImageUtils: [Thread:CsThreadPool-1-Thread-6][fileInfo:CarBodyImageUtils.java(204) getDrawableResId] getDrawableResId PLUGIN , setting_hud_on_di5_ivi_dy_0x9e , 2113995002
05-28 16:41:05.610 28423 31078 I CarSettings-AbsCarBodyViewGroup: [Thread:CsThreadPool-1-Thread-6][fileInfo:AbsCarBodyViewGroup.java(165) doUpdateCarBody] doUpdateCarBody = CAR_BODY_IMAGE_TYPE_IMG setting_hud_on_di5_ivi_dy_0x9e
05-28 16:41:05.852  5789  5789 D BYDAutoSettingDevice: postEvent device_type: 1023, event_type =48600040, value = 0
05-28 16:41:05.852  5789  5789 D BYDAutoSettingDevice: postEvent device_type: 1023, event_type =40200037, value = 0
05-28 16:41:05.880  5789  5789 D BYDAutoSettingDevice: postEvent device_type: 1023, event_type =48600040, value = 1
05-28 16:41:05.880  5789  5789 D BYDAutoSettingDevice: postEvent device_type: 1023, event_type =42f00037, value = 1
05-28 16:41:05.915  5789  5789 D BYDAutoSettingDevice: postEvent device_type: 1023, event_type =48600040, value = 0
05-28 16:41:05.915  5789  5789 D BYDAutoSettingDevice: postEvent device_type: 1023, event_type =42f00037, value = 0
05-28 16:41:06.211  3523 30517 D AbsBYDAutoDevice: set featureIDs is int[]: [6dc00826, 6dc00810, 6dc00818, 6dc00808, 6dc00827, ] intArrayValue is int[]: [1, 53, 6, 0, 0, ]
05-28 16:41:06.396  1133  1484 D AbsBYDAutoDevice: set featureID is 4c11e024 intValue is 2
05-28 16:41:06.598  5789  5789 D BYDAutoSettingDevice: postEvent device_type: 1023, event_type =48600040, value = 1
05-28 16:41:06.598  5789  5789 D BYDAutoSettingDevice: postEvent device_type: 1023, event_type =40200037, value = 1
05-28 16:41:06.852  5789  5789 D BYDAutoSettingDevice: postEvent device_type: 1023, event_type =48600040, value = 0
05-28 16:41:06.852  5789  5789 D BYDAutoSettingDevice: postEvent device_type: 1023, event_type =40200037, value = 0
05-28 16:41:06.873  5789  5789 D BYDAutoSettingDevice: postEvent device_type: 1023, event_type =48600040, value = 1
05-28 16:41:06.874  5789  5789 D BYDAutoSettingDevice: postEvent device_type: 1023, event_type =42f00037, value = 1
05-28 16:41:06.914  5789  5789 D BYDAutoSettingDevice: postEvent device_type: 1023, event_type =48600040, value = 0
05-28 16:41:06.914  5789  5789 D BYDAutoSettingDevice: postEvent device_type: 1023, event_type =42f00037, value = 0
05-28 16:41:07.217  3523 30517 D AbsBYDAutoDevice: set featureIDs is int[]: [6dc00826, 6dc00810, 6dc00818, 6dc00808, 6dc00827, ] intArrayValue is int[]: [1, 53, 6, 0, 0, ]
05-28 16:41:07.429  1133  1676 D WifiScoreCard: BSSID update SIGNAL_POLL ID: 1082925072 SSID: "Xiaomi13", BSSID: ca:f8:**:**:ce:8c, MAC: 56:76:**:**:0d:ce, Security type: 2, Supplicant state: COMPLETED, HE Eight Max VHT Spatial Streams Supported AP: false, Eight Max VHT Spatial streams support: false, Wi-Fi standard: 4, RSSI: -45, Link speed: 173Mbps, Tx Link speed: 173Mbps, Max Supported Tx Link speed: 144Mbps, Rx Link speed: 156Mbps, Max Supported Rx Link speed: 144Mbps, Frequency: 2462MHz, Net ID: 1, Metered hint: true, score: 60, CarrierMerged: false, SubscriptionId: -1, IsPrimary: 1
05-28 16:41:07.598  5789  5789 D BYDAutoSettingDevice: postEvent device_type: 1023, event_type =48600040, value = 1
05-28 16:41:07.598  5789  5789 D BYDAutoSettingDevice: postEvent device_type: 1023, event_type =40200037, value = 1
05-28 16:41:07.856  5789  5789 D BYDAutoSettingDevice: postEvent device_type: 1023, event_type =48600040, value = 0
05-28 16:41:07.856  5789  5789 D BYDAutoSettingDevice: postEvent device_type: 1023, event_type =40200037, value = 0
05-28 16:41:07.871  5789  5789 D BYDAutoSettingDevice: postEvent device_type: 1023, event_type =48600040, value = 1
05-28 16:41:07.871  5789  5789 D BYDAutoSettingDevice: postEvent device_type: 1023, event_type =42f00037, value = 1
05-28 16:41:07.916  5789  5789 D BYDAutoSettingDevice: postEvent device_type: 1023, event_type =48600040, value = 0
05-28 16:41:07.916  5789  5789 D BYDAutoSettingDevice: postEvent device_type: 1023, event_type =42f00037, value = 0
