--------- beginning of main
05-28 16:40:57.154  3523 30517 D AbsBYDAutoDevice: set featureIDs is int[]: [6dc00826, 6dc00810, 6dc00818, 6dc00808, 6dc00827, ] intArrayValue is int[]: [1, 53, 6, 0, 0, ]
05-28 16:40:57.600  5789  5789 D BYDAutoSettingDevice: postEvent device_type: 1023, event_type =48600040, value = 1
05-28 16:40:57.601  5789  5789 D BYDAutoSettingDevice: postEvent device_type: 1023, event_type =40200037, value = 1
05-28 16:40:57.852  5789  5789 D BYDAutoSettingDevice: postEvent device_type: 1023, event_type =48600040, value = 0
05-28 16:40:57.852  5789  5789 D BYDAutoSettingDevice: postEvent device_type: 1023, event_type =40200037, value = 0
05-28 16:40:57.868  5789  5789 D BYDAutoSettingDevice: postEvent device_type: 1023, event_type =48600040, value = 1
05-28 16:40:57.868  5789  5789 D BYDAutoSettingDevice: postEvent device_type: 1023, event_type =42f00037, value = 1
05-28 16:40:57.909  5789  5789 D BYDAutoSettingDevice: postEvent device_type: 1023, event_type =48600040, value = 0
05-28 16:40:57.909  5789  5789 D BYDAutoSettingDevice: postEvent device_type: 1023, event_type =42f00037, value = 0
05-28 16:40:58.163  3523 30517 D AbsBYDAutoDevice: set featureIDs is int[]: [6dc00826, 6dc00810, 6dc00818, 6dc00808, 6dc00827, ] intArrayValue is int[]: [1, 53, 6, 0, 0, ]
05-28 16:40:58.599  5789  5789 D BYDAutoSettingDevice: postEvent device_type: 1023, event_type =48600040, value = 1
05-28 16:40:58.600  5789  5789 D BYDAutoSettingDevice: postEvent device_type: 1023, event_type =40200037, value = 1
05-28 16:40:58.852  5789  5789 D BYDAutoSettingDevice: postEvent device_type: 1023, event_type =48600040, value = 0
05-28 16:40:58.852  5789  5789 D BYDAutoSettingDevice: postEvent device_type: 1023, event_type =40200037, value = 0
05-28 16:40:58.874  5789  5789 D BYDAutoSettingDevice: postEvent device_type: 1023, event_type =48600040, value = 1
05-28 16:40:58.875  5789  5789 D BYDAutoSettingDevice: postEvent device_type: 1023, event_type =42f00037, value = 1
05-28 16:40:58.911  5789  5789 D BYDAutoSettingDevice: postEvent device_type: 1023, event_type =48600040, value = 0
05-28 16:40:58.911  5789  5789 D BYDAutoSettingDevice: postEvent device_type: 1023, event_type =42f00037, value = 0
05-28 16:40:59.168  3523 30517 D AbsBYDAutoDevice: set featureIDs is int[]: [6dc00826, 6dc00810, 6dc00818, 6dc00808, 6dc00827, ] intArrayValue is int[]: [1, 53, 6, 0, 0, ]
05-28 16:40:59.602  5789  5789 D BYDAutoSettingDevice: postEvent device_type: 1023, event_type =48600040, value = 1
05-28 16:40:59.602  5789  5789 D BYDAutoSettingDevice: postEvent device_type: 1023, event_type =40200037, value = 1
05-28 16:40:59.852  5789  5789 D BYDAutoSettingDevice: postEvent device_type: 1023, event_type =48600040, value = 0
05-28 16:40:59.852  5789  5789 D BYDAutoSettingDevice: postEvent device_type: 1023, event_type =40200037, value = 0
05-28 16:40:59.870  5789  5789 D BYDAutoSettingDevice: postEvent device_type: 1023, event_type =48600040, value = 1
05-28 16:40:59.870  5789  5789 D BYDAutoSettingDevice: postEvent device_type: 1023, event_type =42f00037, value = 1
05-28 16:40:59.912  5789  5789 D BYDAutoSettingDevice: postEvent device_type: 1023, event_type =48600040, value = 0
05-28 16:40:59.912  5789  5789 D BYDAutoSettingDevice: postEvent device_type: 1023, event_type =42f00037, value = 0
05-28 16:41:00.173  3523 30517 D AbsBYDAutoDevice: set featureIDs is int[]: [6dc00826, 6dc00810, 6dc00818, 6dc00808, 6dc00827, ] intArrayValue is int[]: [1, 53, 6, 0, 0, ]
05-28 16:41:00.603  5789  5789 D BYDAutoSettingDevice: postEvent device_type: 1023, event_type =48600040, value = 1
05-28 16:41:00.603  5789  5789 D BYDAutoSettingDevice: postEvent device_type: 1023, event_type =40200037, value = 1
05-28 16:41:00.855  5789  5789 D BYDAutoSettingDevice: postEvent device_type: 1023, event_type =48600040, value = 0
05-28 16:41:00.855  5789  5789 D BYDAutoSettingDevice: postEvent device_type: 1023, event_type =40200037, value = 0
05-28 16:41:00.871  5789  5789 D BYDAutoSettingDevice: postEvent device_type: 1023, event_type =48600040, value = 1
05-28 16:41:00.871  5789  5789 D BYDAutoSettingDevice: postEvent device_type: 1023, event_type =42f00037, value = 1
05-28 16:41:00.914  5789  5789 D BYDAutoSettingDevice: postEvent device_type: 1023, event_type =48600040, value = 0
05-28 16:41:00.914  5789  5789 D BYDAutoSettingDevice: postEvent device_type: 1023, event_type =42f00037, value = 0
05-28 16:41:01.178  3523 30517 D AbsBYDAutoDevice: set featureIDs is int[]: [6dc00826, 6dc00810, 6dc00818, 6dc00808, 6dc00827, ] intArrayValue is int[]: [1, 53, 6, 0, 0, ]
05-28 16:41:01.378  1133  1484 D AbsBYDAutoDevice: set featureID is 4c11e024 intValue is 2
05-28 16:41:01.604  5789  5789 D BYDAutoSettingDevice: postEvent device_type: 1023, event_type =48600040, value = 1
05-28 16:41:01.604  5789  5789 D BYDAutoSettingDevice: postEvent device_type: 1023, event_type =40200037, value = 1
05-28 16:41:01.852  5789  5789 D BYDAutoSettingDevice: postEvent device_type: 1023, event_type =48600040, value = 0
05-28 16:41:01.853  5789  5789 D BYDAutoSettingDevice: postEvent device_type: 1023, event_type =40200037, value = 0
05-28 16:41:01.870  5789  5789 D BYDAutoSettingDevice: postEvent device_type: 1023, event_type =48600040, value = 1
05-28 16:41:01.871  5789  5789 D BYDAutoSettingDevice: postEvent device_type: 1023, event_type =42f00037, value = 1
05-28 16:41:01.911  5789  5789 D BYDAutoSettingDevice: postEvent device_type: 1023, event_type =48600040, value = 0
05-28 16:41:01.911  5789  5789 D BYDAutoSettingDevice: postEvent device_type: 1023, event_type =42f00037, value = 0
05-28 16:41:02.184  3523 30517 D AbsBYDAutoDevice: set featureIDs is int[]: [6dc00826, 6dc00810, 6dc00818, 6dc00808, 6dc00827, ] intArrayValue is int[]: [1, 53, 6, 0, 0, ]
05-28 16:41:02.597  5789  5789 D BYDAutoSettingDevice: postEvent device_type: 1023, event_type =48600040, value = 1
05-28 16:41:02.597  5789  5789 D BYDAutoSettingDevice: postEvent device_type: 1023, event_type =40200037, value = 1
05-28 16:41:02.689  1931  1931 D AbsBYDAutoDevice: int eventTypes is 13400008
05-28 16:41:02.690  1931  1931 D AbsBYDAutoDevice: int eventTypes is 2cb0005c
05-28 16:41:02.690  1931  1931 D AbsBYDAutoDevice: int eventTypes is 2cb000f8
05-28 16:41:03.015  5789  5789 D BYDAutoSettingDevice: postEvent device_type: 1023, event_type =48600040, value = 0
05-28 16:41:03.015  5789  5789 D BYDAutoSettingDevice: postEvent device_type: 1023, event_type =40200037, value = 0
05-28 16:41:03.026  5789  5789 D BYDAutoSettingDevice: postEvent device_type: 1023, event_type =48600040, value = 1
05-28 16:41:03.027  5789  5789 D BYDAutoSettingDevice: postEvent device_type: 1023, event_type =42f00037, value = 1
05-28 16:41:03.027  5789  5789 D BYDAutoSettingDevice: postEvent device_type: 1023, event_type =48600040, value = 0
05-28 16:41:03.027  5789  5789 D BYDAutoSettingDevice: postEvent device_type: 1023, event_type =42f00037, value = 0
05-28 16:41:03.153  1931  1931 D AbsBYDAutoDevice: int eventTypes is 12d0002a
05-28 16:41:03.167  2473  2511 D AbsBYDAutoDevice: int eventTypes is 43200038
05-28 16:41:03.188  3523 30517 D AbsBYDAutoDevice: set featureIDs is int[]: [6dc00826, 6dc00810, 6dc00818, 6dc00808, 6dc00827, ] intArrayValue is int[]: [1, 53, 6, 0, 0, ]
05-28 16:41:03.277 28423 31078 E AbsBYDAutoDevice: AbsBYDAutoDevice construct enter
05-28 16:41:03.294   126 19083 D BYDAutoServer: BYDAutoService::registerClient: callback 0xb4000077b25edac0 index is (11) mCurrentCallbackIndex=0
05-28 16:41:03.307 28423 31078 E AbsBYDAutoDevice: AbsBYDAutoDevice construct exit
05-28 16:41:03.367 28423 28423 D AbsBYDAutoDevice: int eventTypes is 2b500026
05-28 16:41:03.369 28423 31078 D AbsBYDAutoDevice: int eventTypes is 43200008
05-28 16:41:03.385 28423 31078 D AbsBYDAutoDevice: int eventTypes is 4320000f
05-28 16:41:03.387  2473  3042 E AbsBYDAutoDevice: AbsBYDAutoDevice construct enter
05-28 16:41:03.387  2473  3042 E AbsBYDAutoDevice: AbsBYDAutoDevice construct exit
05-28 16:41:03.387 28423 31078 D AbsBYDAutoDevice: int eventTypes is 4320001b
05-28 16:41:03.388  2473  3042 D AbsBYDAutoDevice: int eventTypes is 3be00012
05-28 16:41:03.395  2473  2536 D AbsBYDAutoDevice: int eventTypes is 4750003c
05-28 16:41:03.398  2473  3042 D AbsBYDAutoDevice: int eventTypes is 2db0002b
05-28 16:41:03.405 28423 28423 E AbsBYDAutoDevice: AbsBYDAutoDevice construct enter
05-28 16:41:03.405 28423 28423 E AbsBYDAutoDevice: AbsBYDAutoDevice construct exit
05-28 16:41:03.410 28423 28423 E AbsBYDAutoDevice: AbsBYDAutoDevice construct enter
05-28 16:41:03.410 28423 28423 E AbsBYDAutoDevice: AbsBYDAutoDevice construct exit
05-28 16:41:03.411 28423 28423 D AbsBYDAutoDevice: registerListener featureIDs: int[]: [11f00020, 11f00021, ] end.
05-28 16:41:03.411   126 19084 D BYDAutoServer: BYDAutoService::BYDAutoCallbackProxy::enableDevice: device type 1001 size 2 ids=11f00020,11f00021,
05-28 16:41:03.411   126 19084 D BYDAutoServer: BYDAutoCallbackProxy::enableDevice: add deviceID = 1001
05-28 16:41:03.412 28423 28423 D AbsBYDAutoDevice: int eventTypes is 4c90009f
05-28 16:41:03.416 28423 28423 E AbsBYDAutoDevice: AbsBYDAutoDevice construct enter
05-28 16:41:03.416 28423 28423 E AbsBYDAutoDevice: AbsBYDAutoDevice construct exit
05-28 16:41:03.416 28423 28423 D AbsBYDAutoDevice: int eventTypes is 443000d6
05-28 16:41:03.419 28423 28423 D AbsBYDAutoDevice: int eventTypes is 443000d6
05-28 16:41:03.427 28423 28423 E AbsBYDAutoDevice: AbsBYDAutoDevice construct enter
05-28 16:41:03.427 28423 28423 E AbsBYDAutoDevice: AbsBYDAutoDevice construct exit
05-28 16:41:03.427 28423 28423 D AbsBYDAutoDevice: int eventTypes is 3c500046
05-28 16:41:03.429 28423 28423 D AbsBYDAutoDevice: int eventTypes is 2f4001a2
05-28 16:41:03.430 28423 28423 D AbsBYDAutoDevice: int eventTypes is 2f4001a4
05-28 16:41:03.431 28423 28423 D AbsBYDAutoDevice: int eventTypes is 2f4001a6
05-28 16:41:03.432 28423 28423 D AbsBYDAutoDevice: int eventTypes is 2f4001a8
05-28 16:41:03.432 28423 28423 D AbsBYDAutoDevice: int eventTypes is 2f4001aa
05-28 16:41:03.433 28423 28423 D AbsBYDAutoDevice: int eventTypes is 2f4001ac
05-28 16:41:03.433 28423 28423 D AbsBYDAutoDevice: int eventTypes is 2f4001ae
05-28 16:41:03.434  2473  3042 D AbsBYDAutoDevice: int eventTypes is 43200036
05-28 16:41:03.435 28423 28423 D AbsBYDAutoDevice: int eventTypes is 3c500046
05-28 16:41:03.436 28423 28423 D AbsBYDAutoDevice: int eventTypes is 2f4001a2
05-28 16:41:03.436 28423 28423 D AbsBYDAutoDevice: int eventTypes is 2f4001a4
05-28 16:41:03.438 28423 28423 D AbsBYDAutoDevice: int eventTypes is 2f4001a6
05-28 16:41:03.440 28423 28423 D AbsBYDAutoDevice: int eventTypes is 2f4001a8
05-28 16:41:03.441 28423 28423 D AbsBYDAutoDevice: int eventTypes is 2f4001aa
05-28 16:41:03.442 28423 28423 D AbsBYDAutoDevice: int eventTypes is 2f4001ac
05-28 16:41:03.443 28423 28423 D AbsBYDAutoDevice: int eventTypes is 2f4001ae
05-28 16:41:03.445 28423 28423 D AbsBYDAutoDevice: int eventTypes is 31e00013
05-28 16:41:03.450 28423 31078 D AbsBYDAutoDevice: int eventTypes is 43200032
05-28 16:41:03.453 28423 31078 D AbsBYDAutoDevice: int eventTypes is 4320003a
05-28 16:41:03.466 28423 31078 D AbsBYDAutoDevice: int eventTypes is 43200032
05-28 16:41:03.486 28423 31078 D AbsBYDAutoDevice: int eventTypes is 4540000c
05-28 16:41:03.492 28423 31078 D AbsBYDAutoDevice: int eventTypes is 4320001e
05-28 16:41:03.493 28423 28423 E AbsBYDAutoDevice: AbsBYDAutoDevice construct enter
05-28 16:41:03.493 28423 28423 E AbsBYDAutoDevice: AbsBYDAutoDevice construct exit
05-28 16:41:03.495 28423 31078 D AbsBYDAutoDevice: int eventTypes is 4540000c
05-28 16:41:03.496 28423 31078 D AbsBYDAutoDevice: int eventTypes is 4320001e
05-28 16:41:03.496 28423 28423 D AbsBYDAutoDevice: int eventTypes is 3ff0000a
05-28 16:41:03.517 28423 31078 D AbsBYDAutoDevice: int eventTypes is 43200030
05-28 16:41:03.517 28423 28423 D AbsBYDAutoDevice: int eventTypes is d500013
05-28 16:41:03.523 28423 28423 E AbsBYDAutoDevice: AbsBYDAutoDevice construct enter
05-28 16:41:03.523 28423 28423 E AbsBYDAutoDevice: AbsBYDAutoDevice construct exit
05-28 16:41:03.523 28423 28423 D AbsBYDAutoDevice: int eventTypes is 4fd00030
05-28 16:41:03.524 28423 28423 D AbsBYDAutoDevice: int eventTypes is 4ab00018
05-28 16:41:03.525 28423 28423 D AbsBYDAutoDevice: int eventTypes is 4ab0001d
05-28 16:41:03.537  2473  2536 E AbsBYDAutoDevice: AbsBYDAutoDevice construct enter
05-28 16:41:03.537  2473  2536 E AbsBYDAutoDevice: AbsBYDAutoDevice construct exit
05-28 16:41:03.538  2473  2536 D AbsBYDAutoDevice: int eventTypes is 35a000d8
05-28 16:41:03.547 28423 31078 D AbsBYDAutoDevice: int eventTypes is 4320002c
05-28 16:41:03.547 28423 28423 D AbsBYDAutoDevice: int eventTypes is 4640703c
05-28 16:41:03.549 28423 28423 E AbsBYDAutoDevice: AbsBYDAutoDevice construct enter
05-28 16:41:03.549 28423 28423 E AbsBYDAutoDevice: AbsBYDAutoDevice construct exit
05-28 16:41:03.549 28423 31078 D AbsBYDAutoDevice: int eventTypes is 4320001d
05-28 16:41:03.552 28423 28423 D AbsBYDAutoDevice: int eventTypes is 34700020
05-28 16:41:03.572  2473  2511 D AbsBYDAutoDevice: int eventTypes is 43200008
05-28 16:41:03.599  2473  3042 D AbsBYDAutoDevice: int eventTypes is 49f001e6
05-28 16:41:03.606 28423 28423 D AbsBYDAutoDevice: int eventTypes is 3ff00035
05-28 16:41:03.615  5789  5789 D BYDAutoSettingDevice: postEvent device_type: 1023, event_type =48600040, value = 1
05-28 16:41:03.615  5789  5789 D BYDAutoSettingDevice: postEvent device_type: 1023, event_type =40200037, value = 1
05-28 16:41:03.622  2473  3042 D AbsBYDAutoDevice: int eventTypes is 1ff03039
05-28 16:41:03.640  2473  3042 D AbsBYDAutoDevice: int eventTypes is 1ff0302c
05-28 16:41:03.645 28423 31078 D AbsBYDAutoDevice: int eventTypes is 25800048
05-28 16:41:03.649  2473  3042 D AbsBYDAutoDevice: int eventTypes is 1ff02040
05-28 16:41:03.657  2473  3042 D AbsBYDAutoDevice: int eventTypes is 4f402024
05-28 16:41:03.671  2473  2511 D AbsBYDAutoDevice: int eventTypes is 1cb0011c
05-28 16:41:03.681 28423 31078 D AbsBYDAutoDevice: int eventTypes is 43200008
05-28 16:41:03.687 28423 31078 D AbsBYDAutoDevice: int eventTypes is 4320000f
05-28 16:41:03.688 28423 31078 D AbsBYDAutoDevice: int eventTypes is 4320001c
05-28 16:41:03.691 28423 31078 D AbsBYDAutoDevice: int eventTypes is 4540000c
05-28 16:41:03.691 28423 28423 D AbsBYDAutoDevice: int eventTypes is 39100028
05-28 16:41:03.694 28423 28423 D AbsBYDAutoDevice: int eventTypes is 391000a0
05-28 16:41:03.696 28423 31078 E AbsBYDAutoDevice: AbsBYDAutoDevice construct enter
05-28 16:41:03.696 28423 31078 E AbsBYDAutoDevice: AbsBYDAutoDevice construct exit
05-28 16:41:03.697  2473  2511 D AbsBYDAutoDevice: int eventTypes is 27000030
05-28 16:41:03.697 28423 31078 D AbsBYDAutoDevice: int eventTypes is 28400020
05-28 16:41:03.700 28423 28423 D BYDAutoSettingDevice: getBackDoorElectricModeOnlineState value is: 1
05-28 16:41:03.703 28423 31078 D AbsBYDAutoDevice: int eventTypes is 43200008
05-28 16:41:03.703 28423 31078 D AbsBYDAutoDevice: int eventTypes is 4320000f
05-28 16:41:03.706 28423 31078 D AbsBYDAutoDevice: int eventTypes is 4540000c
05-28 16:41:03.706 28423 28423 D BYDAutoSettingDevice: getLockUpwindow value is: 1
05-28 16:41:03.707 28423 31078 D AbsBYDAutoDevice: int eventTypes is 28400020
05-28 16:41:03.711 28423 28423 D BYDAutoSettingDevice: getUnlockSettingOnlineState value is: 2
05-28 16:41:03.728 28423 28423 D BYDAutoSettingDevice: getLeftHeadlampLevel level is: 1
05-28 16:41:03.729 28423 28423 D BYDAutoSettingDevice: getRightHeadlampLevel level is: 1
05-28 16:41:03.730 28423 28423 D AbsBYDAutoDevice: int eventTypes is 3ff00035
05-28 16:41:03.734 28423 28423 D AbsBYDAutoDevice: int eventTypes is 3ff00035
05-28 16:41:03.735 28423 28423 D AbsBYDAutoDevice: int eventTypes is 3ff00035
05-28 16:41:03.735  2473  2511 D AbsBYDAutoDevice: int eventTypes is 1ff0503c
05-28 16:41:03.739 28423 28423 D AbsBYDAutoDevice: int eventTypes is 3ff00035
05-28 16:41:03.740 28423 28423 D AbsBYDAutoDevice: int eventTypes is 3ff00035
05-28 16:41:03.742 28423 28423 D AbsBYDAutoDevice: int eventTypes is 3ff00035
05-28 16:41:03.743 28423 28423 I BYDAutoSettingDevice: registerListener2
05-28 16:41:03.743 28423 28423 D AbsBYDAutoDevice: registerListener featureIDs: int[]: [3ac00013, 3ad00013, ] end.
05-28 16:41:03.743   126 19083 D BYDAutoServer: BYDAutoService::BYDAutoCallbackProxy::enableDevice: device type 1023 size 2 ids=3ac00013,3ad00013,
05-28 16:41:03.743   126 19083 D BYDAutoServer: BYDAutoCallbackProxy::enableDevice: add deviceID = 1023
05-28 16:41:03.744 28423 28423 D BYDAutoSettingDevice: getEnergyFeedback value is: 1
05-28 16:41:03.745 28423 28423 I BYDAutoSettingDevice: registerListener2
05-28 16:41:03.745 28423 28423 D AbsBYDAutoDevice: registerListener featureIDs: int[]: [34100022, ] end.
05-28 16:41:03.745   126 19083 D BYDAutoServer: BYDAutoService::BYDAutoCallbackProxy::enableDevice: device type 1023 size 1 ids=34100022,
05-28 16:41:03.745   126 19083 D BYDAutoServer: BYDAutoCallbackProxy::enableDevice: find deviceID = 1023
05-28 16:41:03.747 28423 28423 D AbsBYDAutoDevice: registerListener featureIDs: int[]: [1230000d, ] end.
05-28 16:41:03.747   126   146 D BYDAutoServer: BYDAutoService::BYDAutoCallbackProxy::enableDevice: device type 1038 size 1 ids=1230000d,
05-28 16:41:03.747   126   146 D BYDAutoServer: BYDAutoCallbackProxy::enableDevice: add deviceID = 1038
05-28 16:41:03.749 28423 28423 I BYDAutoSettingDevice: registerListener2
05-28 16:41:03.749 28423 28423 D AbsBYDAutoDevice: registerListener featureIDs: int[]: [3360000e, ] end.
05-28 16:41:03.749 28423 31078 D AbsBYDAutoDevice: int eventTypes is 43200018
05-28 16:41:03.749   126   146 D BYDAutoServer: BYDAutoService::BYDAutoCallbackProxy::enableDevice: device type 1023 size 1 ids=3360000e,
05-28 16:41:03.749   126   146 D BYDAutoServer: BYDAutoCallbackProxy::enableDevice: find deviceID = 1023
05-28 16:41:03.751 28423 31078 D AbsBYDAutoDevice: int eventTypes is 43200019
05-28 16:41:03.751 28423 28423 D AbsBYDAutoDevice: int eventTypes is 3360000e
05-28 16:41:03.752 28423 28423 D AbsBYDAutoDevice: int eventTypes is 4fd00010
05-28 16:41:03.753 28423 31078 D AbsBYDAutoDevice: int eventTypes is 43200018
05-28 16:41:03.755 28423 31078 D AbsBYDAutoDevice: int eventTypes is 43200019
05-28 16:41:03.757 28423 28423 D AbsBYDAutoDevice: registerListener featureIDs: int[]: [4fd00010, ] end.
05-28 16:41:03.757   126   146 D BYDAutoServer: BYDAutoService::BYDAutoCallbackProxy::enableDevice: device type 1002 size 1 ids=4fd00010,
05-28 16:41:03.757   126   146 D BYDAutoServer: BYDAutoCallbackProxy::enableDevice: add deviceID = 1002
05-28 16:41:03.760  2473  2511 D AbsBYDAutoDevice: int eventTypes is 3430001d
05-28 16:41:03.763 28423 28423 D AbsBYDAutoDevice: int eventTypes is 2ed00008
05-28 16:41:03.764 28423 31078 D AbsBYDAutoDevice: int eventTypes is 4320000a
05-28 16:41:03.764 28423 28423 D AbsBYDAutoDevice: registerListener featureIDs: int[]: [2450003c, ] end.
05-28 16:41:03.764   126 19083 D BYDAutoServer: BYDAutoService::BYDAutoCallbackProxy::enableDevice: device type 1014 size 1 ids=2450003c,
05-28 16:41:03.764   126 19083 D BYDAutoServer: BYDAutoCallbackProxy::enableDevice: add deviceID = 1014
05-28 16:41:03.764 28423 28423 I BYDAutoSettingDevice: registerListener2
05-28 16:41:03.764 28423 28423 D AbsBYDAutoDevice: registerListener featureIDs: int[]: [3430001d, ] end.
05-28 16:41:03.764   126   146 D BYDAutoServer: BYDAutoService::BYDAutoCallbackProxy::enableDevice: device type 1023 size 1 ids=3430001d,
05-28 16:41:03.764   126   146 D BYDAutoServer: BYDAutoCallbackProxy::enableDevice: find deviceID = 1023
05-28 16:41:03.771 28423 31078 D AbsBYDAutoDevice: int eventTypes is 43200009
05-28 16:41:03.788 28423 31078 D AbsBYDAutoDevice: int eventTypes is 1d10003a
05-28 16:41:03.795  2473  2511 D AbsBYDAutoDevice: int eventTypes is 1ff0502a
05-28 16:41:03.812  2473  2511 D AbsBYDAutoDevice: int eventTypes is 4320001f
05-28 16:41:03.822 28423 31078 D AbsBYDAutoDevice: int eventTypes is 4530000a
05-28 16:41:03.824 28423 31078 D AbsBYDAutoDevice: int eventTypes is 45300008
05-28 16:41:03.829 28423 31078 D AbsBYDAutoDevice: int eventTypes is 45300009
05-28 16:41:03.832 28423 31078 D AbsBYDAutoDevice: int eventTypes is 4530000a
05-28 16:41:03.835 28423 31078 D AbsBYDAutoDevice: int eventTypes is 4530000c
05-28 16:41:03.837 28423 31078 D AbsBYDAutoDevice: int eventTypes is 4530000c
05-28 16:41:03.847 28423 31078 D AbsBYDAutoDevice: int eventTypes is 4530000b
05-28 16:41:03.857  5789  5789 D BYDAutoSettingDevice: postEvent device_type: 1023, event_type =48600040, value = 0
05-28 16:41:03.858 28423 31078 D AbsBYDAutoDevice: int eventTypes is 45400011
05-28 16:41:03.859  5789  5789 D BYDAutoSettingDevice: postEvent device_type: 1023, event_type =40200037, value = 0
05-28 16:41:03.864 28423 31078 D AbsBYDAutoDevice: int eventTypes is 43200017
05-28 16:41:03.867 28423 31078 D AbsBYDAutoDevice: int eventTypes is 45400011
05-28 16:41:03.873 28423 31078 D AbsBYDAutoDevice: int eventTypes is 43200017
05-28 16:41:03.876 28423 31078 D AbsBYDAutoDevice: int eventTypes is 4320000c
05-28 16:41:03.877 28423 31078 D AbsBYDAutoDevice: int eventTypes is 43200016
05-28 16:41:03.887  5789  5789 D BYDAutoSettingDevice: postEvent device_type: 1023, event_type =48600040, value = 1
05-28 16:41:03.887  5789  5789 D BYDAutoSettingDevice: postEvent device_type: 1023, event_type =42f00037, value = 1
05-28 16:41:03.913 28423 31078 D AbsBYDAutoDevice: int eventTypes is 31a02018
05-28 16:41:03.915 28423 31078 D AbsBYDAutoDevice: int eventTypes is 45400046
05-28 16:41:03.916  5789  5789 D BYDAutoSettingDevice: postEvent device_type: 1023, event_type =48600040, value = 0
05-28 16:41:03.916  5789  5789 D BYDAutoSettingDevice: postEvent device_type: 1023, event_type =42f00037, value = 0
05-28 16:41:03.937 28423 31078 D AbsBYDAutoDevice: int eventTypes is 288001d4
05-28 16:41:03.939 28423 31078 D AbsBYDAutoDevice: int eventTypes is 288001d6
05-28 16:41:03.940 28423 31078 D AbsBYDAutoDevice: int eventTypes is 288001d8
05-28 16:41:03.941 28423 31078 D AbsBYDAutoDevice: int eventTypes is 2eb00036
05-28 16:41:03.943 28423 31078 D AbsBYDAutoDevice: int eventTypes is 3ff0000a
05-28 16:41:03.945 28423 31078 D AbsBYDAutoDevice: int eventTypes is 288001d8
05-28 16:41:03.947 28423 31078 D AbsBYDAutoDevice: int eventTypes is 288001d4
05-28 16:41:03.949 28423 31078 D AbsBYDAutoDevice: int eventTypes is 288001d6
05-28 16:41:03.951 28423 31078 D AbsBYDAutoDevice: int eventTypes is 2eb00036
05-28 16:41:03.957 28423 31078 D AbsBYDAutoDevice: int eventTypes is 13300023
05-28 16:41:03.959 28423 31078 D AbsBYDAutoDevice: int eventTypes is 3c50001c
05-28 16:41:03.961 28423 31078 D AbsBYDAutoDevice: int eventTypes is 13300023
05-28 16:41:03.964 28423 31078 D AbsBYDAutoDevice: int eventTypes is 13300023
05-28 16:41:03.976 28423 31078 D AbsBYDAutoDevice: int eventTypes is 13300023
05-28 16:41:03.980 28423 31078 D AbsBYDAutoDevice: int eventTypes is 3c50001c
05-28 16:41:03.980 28423 31078 D AbsBYDAutoDevice: int eventTypes is 13300023
05-28 16:41:03.983 28423 31078 D AbsBYDAutoDevice: int eventTypes is 13300023
05-28 16:41:03.991 28423 31078 D AbsBYDAutoDevice: int eventTypes is 4ac0002c
05-28 16:41:03.993 28423 31078 D AbsBYDAutoDevice: int eventTypes is 3c50003c
05-28 16:41:03.994 28423 31078 D AbsBYDAutoDevice: int eventTypes is 3c500043
05-28 16:41:03.995 28423 31078 D AbsBYDAutoDevice: int eventTypes is 3c500038
05-28 16:41:03.996 28423 31078 D AbsBYDAutoDevice: int eventTypes is 3bd001c8
05-28 16:41:03.997 28423 31078 D AbsBYDAutoDevice: int eventTypes is 3ac00022
05-28 16:41:03.998 28423 31078 D AbsBYDAutoDevice: int eventTypes is 3ad00022
05-28 16:41:03.998 28423 31078 D AbsBYDAutoDevice: int eventTypes is 4320000b
05-28 16:41:04.001 28423 31078 D AbsBYDAutoDevice: int eventTypes is 3ac00022
05-28 16:41:04.002 28423 31078 D AbsBYDAutoDevice: int eventTypes is 3ad00022
05-28 16:41:04.005 28423 31078 D AbsBYDAutoDevice: int eventTypes is 34800044
05-28 16:41:04.009  2473  2511 D AbsBYDAutoDevice: int eventTypes is 4b3001d6
05-28 16:41:04.011 28423 31078 D AbsBYDAutoDevice: int eventTypes is 3c500046
05-28 16:41:04.012 28423 31078 D AbsBYDAutoDevice: int eventTypes is 2f4001a2
05-28 16:41:04.012 28423 31078 D AbsBYDAutoDevice: int eventTypes is 2f4001a4
05-28 16:41:04.012 28423 31078 D AbsBYDAutoDevice: int eventTypes is 2f4001a6
05-28 16:41:04.012 28423 31078 D AbsBYDAutoDevice: int eventTypes is 2f4001a8
05-28 16:41:04.013 28423 31078 D AbsBYDAutoDevice: int eventTypes is 2f4001aa
05-28 16:41:04.013 28423 31078 D AbsBYDAutoDevice: int eventTypes is 2f4001ac
05-28 16:41:04.013 28423 31078 D AbsBYDAutoDevice: int eventTypes is 2f4001ae
05-28 16:41:04.014 28423 31078 D AbsBYDAutoDevice: int eventTypes is 3c500046
05-28 16:41:04.014 28423 31078 D AbsBYDAutoDevice: int eventTypes is 2f4001a2
05-28 16:41:04.015 28423 31078 D AbsBYDAutoDevice: int eventTypes is 2f4001a4
05-28 16:41:04.015 28423 31078 D AbsBYDAutoDevice: int eventTypes is 2f4001a6
05-28 16:41:04.015 28423 31078 D AbsBYDAutoDevice: int eventTypes is 2f4001a8
05-28 16:41:04.016 28423 31078 D AbsBYDAutoDevice: int eventTypes is 2f4001aa
05-28 16:41:04.016 28423 31078 D AbsBYDAutoDevice: int eventTypes is 2f4001ac
05-28 16:41:04.016 28423 31078 D AbsBYDAutoDevice: int eventTypes is 2f4001ae
05-28 16:41:04.017 28423 31078 D AbsBYDAutoDevice: int eventTypes is 31e00013
05-28 16:41:04.019 28423 31078 D BYDAutoSettingDevice: getHomeLightTime value is: 2
05-28 16:41:04.023  2473  2511 D AbsBYDAutoDevice: int eventTypes is 3be00012
05-28 16:41:04.026  2473  2511 D AbsBYDAutoDevice: int eventTypes is 3be00014
05-28 16:41:04.030  2473  2511 D AbsBYDAutoDevice: int eventTypes is 3be00012
05-28 16:41:04.034  2473  2511 D AbsBYDAutoDevice: int eventTypes is 3be0000c
05-28 16:41:04.113 28423 31078 D AbsBYDAutoDevice: int eventTypes is 38d0004a
05-28 16:41:04.113 28423 31078 D AbsBYDAutoDevice: int eventTypes is 38d0004c
05-28 16:41:04.114 28423 31078 D AbsBYDAutoDevice: int eventTypes is 38d00048
05-28 16:41:04.114 28423 31078 D AbsBYDAutoDevice: int eventTypes is 38d00046
05-28 16:41:04.116 28423 31078 D AbsBYDAutoDevice: int eventTypes is 38d00044
05-28 16:41:04.142 28423 31078 D BYDAutoSettingDevice: hasFeature: If has the feature(FrontWindscreenWiperOverhaul): 2
05-28 16:41:04.158 28423 31078 D BYDAutoSettingDevice: hasFeature: If has the feature(RearWindscreenWiperOverhaul): 0
05-28 16:41:04.160 28423 31078 D AbsBYDAutoDevice: int eventTypes is 2180001f
05-28 16:41:04.160 28423 31078 D AbsBYDAutoDevice: int eventTypes is 2180003e
05-28 16:41:04.162 28423 31078 D AbsBYDAutoDevice: int eventTypes is 2580005e
05-28 16:41:04.164 28423 31078 D AbsBYDAutoDevice: int eventTypes is 4790000e
05-28 16:41:04.167 28423 31078 D AbsBYDAutoDevice: int eventTypes is 47900000
05-28 16:41:04.170 28423 31078 D AbsBYDAutoDevice: int eventTypes is 3910005e
05-28 16:41:04.171 28423 31078 D AbsBYDAutoDevice: int eventTypes is 391000a0
05-28 16:41:04.173 28423 31078 D AbsBYDAutoDevice: int eventTypes is 4520000e
05-28 16:41:04.196  3523 30517 D AbsBYDAutoDevice: set featureIDs is int[]: [6dc00826, 6dc00810, 6dc00818, 6dc00808, 6dc00827, ] intArrayValue is int[]: [1, 53, 6, 0, 0, ]
05-28 16:41:04.204 28423 31078 E AbsBYDAutoDevice: AbsBYDAutoDevice construct enter
05-28 16:41:04.204 28423 31078 E AbsBYDAutoDevice: AbsBYDAutoDevice construct exit
05-28 16:41:04.206 28423 31078 D AbsBYDAutoDevice: int eventTypes is b230000d
05-28 16:41:04.207 28423 31078 D AbsBYDAutoDevice: int eventTypes is b230000d
05-28 16:41:04.210 28423 31078 D AbsBYDAutoDevice: int eventTypes is 4fd00040
05-28 16:41:04.212 28423 31078 D AbsBYDAutoDevice: int eventTypes is 4fd00040
05-28 16:41:04.213 28423 31078 D AbsBYDAutoDevice: int eventTypes is 35201025
05-28 16:41:04.215 28423 31078 D AbsBYDAutoDevice: byte[] eventTypes is 99000194
05-28 16:41:04.221 28423 31078 D AbsBYDAutoDevice: int eventTypes is 47a01010
05-28 16:41:04.226 28423 31078 D AbsBYDAutoDevice: int eventTypes is 27800008
05-28 16:41:04.246 28423 31078 D BYDAutoSettingDevice: hasFeature: If has the feature(RearACPanelAutoLockTime): 4
05-28 16:41:04.251 28423 31078 D AbsBYDAutoDevice: int eventTypes is 4640703c
05-28 16:41:04.254 28423 31078 D AbsBYDAutoDevice: int eventTypes is 40c06018
05-28 16:41:04.254 28423 31078 E AbsBYDAutoDevice: AbsBYDAutoDevice construct enter
05-28 16:41:04.254 28423 31078 E AbsBYDAutoDevice: AbsBYDAutoDevice construct exit
05-28 16:41:04.255 28423 31078 D AbsBYDAutoDevice: byte[] eventTypes is 99000152
05-28 16:41:04.261 28423 31078 D AbsBYDAutoDevice: int eventTypes is 34700020
05-28 16:41:04.275 28423 31078 D AbsBYDAutoDevice: int eventTypes is 38b00015
05-28 16:41:04.277 28423 31078 D AbsBYDAutoDevice: int eventTypes is 38b00015
05-28 16:41:04.279 28423 31078 D AbsBYDAutoDevice: int eventTypes is 38b00015
05-28 16:41:04.282 28423 31078 D AbsBYDAutoDevice: int eventTypes is 38b00024
05-28 16:41:04.284 28423 31078 D AbsBYDAutoDevice: int eventTypes is 38b00015
05-28 16:41:04.287 28423 31078 D AbsBYDAutoDevice: int eventTypes is 38b00010
05-28 16:41:04.290 28423 31078 D AbsBYDAutoDevice: int eventTypes is 38b00015
05-28 16:41:04.293  2473  2511 D AbsBYDAutoDevice: int eventTypes is 3010002c
05-28 16:41:04.295 28423 31078 D AbsBYDAutoDevice: int eventTypes is 38b00008
05-28 16:41:04.296 28423 31078 D AbsBYDAutoDevice: int eventTypes is 38b00015
05-28 16:41:04.297 28423 31078 D AbsBYDAutoDevice: double eventTypes is 38b00018
05-28 16:41:04.297 28423 31078 D AbsBYDAutoDevice: int eventTypes is 38b00015
05-28 16:41:04.298 28423 31078 D AbsBYDAutoDevice: int eventTypes is 38b00015
05-28 16:41:04.298 28423 31078 D AbsBYDAutoDevice: int eventTypes is 38b0003b
05-28 16:41:04.300 28423 31078 D AbsBYDAutoDevice: int eventTypes is 38b0001e
05-28 16:41:04.301 28423 31078 D AbsBYDAutoDevice: int eventTypes is 38b00028
05-28 16:41:04.305 28423 31078 D AbsBYDAutoDevice: int eventTypes is 38b00015
05-28 16:41:04.307 28423 31078 D AbsBYDAutoDevice: int eventTypes is 38b00015
05-28 16:41:04.308 28423 31078 D AbsBYDAutoDevice: int eventTypes is 4c50000b
05-28 16:41:04.310 28423 31078 D AbsBYDAutoDevice: int eventTypes is 4c50000b
05-28 16:41:04.316  2473  2511 D AbsBYDAutoDevice: int eventTypes is 38b00030
05-28 16:41:04.321 28423 31078 E AbsBYDAutoDevice: AbsBYDAutoDevice construct enter
05-28 16:41:04.321 28423 31078 E AbsBYDAutoDevice: AbsBYDAutoDevice construct exit
05-28 16:41:04.322 28423 31078 D AbsBYDAutoDevice: int eventTypes is 4d200008
05-28 16:41:04.322 28423 31078 D AbsBYDAutoDevice: int eventTypes is 4d20001e
05-28 16:41:04.325 28423 31078 D AbsBYDAutoDevice: int eventTypes is 3e100042
05-28 16:41:04.326 28423 31078 D AbsBYDAutoDevice: int eventTypes is 3e100020
05-28 16:41:04.331 28423 31078 D AbsBYDAutoDevice: int eventTypes is 3e100042
05-28 16:41:04.331 28423 31078 D AbsBYDAutoDevice: int eventTypes is 3e100013
05-28 16:41:04.336 28423 31078 D AbsBYDAutoDevice: int eventTypes is 3e100042
05-28 16:41:04.336 28423 31078 D AbsBYDAutoDevice: int eventTypes is 3e10001a
05-28 16:41:04.339 28423 31078 D AbsBYDAutoDevice: int eventTypes is 3e100042
05-28 16:41:04.339 28423 31078 D AbsBYDAutoDevice: int eventTypes is 3e100040
05-28 16:41:04.341 28423 31078 D AbsBYDAutoDevice: int eventTypes is 3e100042
05-28 16:41:04.343 28423 31078 D AbsBYDAutoDevice: int eventTypes is 3e10000e
05-28 16:41:04.345 28423 31078 D AbsBYDAutoDevice: int eventTypes is 4d200008
05-28 16:41:04.345 28423 31078 D AbsBYDAutoDevice: int eventTypes is 4d20001e
05-28 16:41:04.346 28423 31078 D AbsBYDAutoDevice: int eventTypes is 4d200008
05-28 16:41:04.346 28423 31078 D AbsBYDAutoDevice: int eventTypes is 4d20001e
05-28 16:41:04.346 28423 31078 D AbsBYDAutoDevice: int eventTypes is 4d200008
05-28 16:41:04.347 28423 31078 D AbsBYDAutoDevice: int eventTypes is 4d20001e
05-28 16:41:04.350 28423 31078 D AbsBYDAutoDevice: int eventTypes is 4d200008
05-28 16:41:04.350 28423 31078 D AbsBYDAutoDevice: int eventTypes is 4d20001e
05-28 16:41:04.356 28423 31078 D AbsBYDAutoDevice: int eventTypes is 2ed00008
05-28 16:41:04.358  2473  2511 D AbsBYDAutoDevice: int eventTypes is 4a302843
05-28 16:41:04.368 28423 31078 D AbsBYDAutoDevice: int eventTypes is 2ba00000
05-28 16:41:04.370 28423 31078 D AbsBYDAutoDevice: int eventTypes is 2ba0003b
05-28 16:41:04.385 28423 31078 E AbsBYDAutoDevice: AbsBYDAutoDevice construct enter
05-28 16:41:04.385 28423 31078 E AbsBYDAutoDevice: AbsBYDAutoDevice construct exit
05-28 16:41:04.385 28423 31078 D AbsBYDAutoDevice: int eventTypes is 48b0403b
05-28 16:41:04.430 28423 31078 D AbsBYDAutoDevice: int eventTypes is 34700028
05-28 16:41:04.432 28423 31078 D AbsBYDAutoDevice: int eventTypes is 2ba00000
05-28 16:41:04.441 28423 31078 D AbsBYDAutoDevice: int eventTypes is 2620000a
05-28 16:41:04.452  2473  2511 E AbsBYDAutoDevice: AbsBYDAutoDevice construct enter
05-28 16:41:04.453  2473  2511 E AbsBYDAutoDevice: AbsBYDAutoDevice construct exit
05-28 16:41:04.453  2473  2511 D AbsBYDAutoDevice: int eventTypes is 3380601a
05-28 16:41:04.457 28423 31078 D AbsBYDAutoDevice: int eventTypes is 2ed00008
05-28 16:41:04.458  2473  2511 D AbsBYDAutoDevice: int eventTypes is 4a302843
05-28 16:41:04.461 28423 31078 D AbsBYDAutoDevice: int eventTypes is 2ed00008
05-28 16:41:04.462  2473  2511 D AbsBYDAutoDevice: int eventTypes is 4a302843
05-28 16:41:04.464 28423 31078 D AbsBYDAutoDevice: int eventTypes is 39100028
05-28 16:41:04.464 28423 31078 D AbsBYDAutoDevice: int eventTypes is 391000a0
05-28 16:41:04.466  2473  2511 D AbsBYDAutoDevice: int eventTypes is 27000030
05-28 16:41:04.467 28423 31078 D BYDAutoSettingDevice: getBackDoorElectricModeOnlineState value is: 1
05-28 16:41:04.469 28423 31078 D AbsBYDAutoDevice: int eventTypes is 44f0001a
05-28 16:41:04.471 28423 31078 D AbsBYDAutoDevice: int eventTypes is 39100110
05-28 16:41:04.473 28423 31078 D AbsBYDAutoDevice: int eventTypes is 39100096
05-28 16:41:04.473 28423 31078 D AbsBYDAutoDevice: int eventTypes is 391000a0
05-28 16:41:04.475 28423 31078 D AbsBYDAutoDevice: int eventTypes is 39100050
05-28 16:41:04.475 28423 31078 D AbsBYDAutoDevice: int eventTypes is 391000a0
05-28 16:41:04.478 28423 31078 D AbsBYDAutoDevice: int eventTypes is 3910009a
05-28 16:41:04.479 28423 31078 D AbsBYDAutoDevice: int eventTypes is 391000a0
05-28 16:41:04.481 28423 31078 D AbsBYDAutoDevice: int eventTypes is 39100098
05-28 16:41:04.481 28423 31078 D AbsBYDAutoDevice: int eventTypes is 391000a0
05-28 16:41:04.483 28423 31078 D AbsBYDAutoDevice: int eventTypes is c0700041
05-28 16:41:04.485 28423 31078 D AbsBYDAutoDevice: int eventTypes is cb200012
05-28 16:41:04.489  2473  2511 D AbsBYDAutoDevice: int eventTypes is 4ee00012
05-28 16:41:04.493  2473  2511 D AbsBYDAutoDevice: int eventTypes is 3fb00012
05-28 16:41:04.497 28423 31078 D AbsBYDAutoDevice: int eventTypes is 39100052
05-28 16:41:04.497 28423 31078 D AbsBYDAutoDevice: int eventTypes is 391000a0
05-28 16:41:04.499 28423 31078 D AbsBYDAutoDevice: int eventTypes is 39100112
05-28 16:41:04.499 28423 31078 D AbsBYDAutoDevice: int eventTypes is 391000a0
05-28 16:41:04.503 28423 31078 D BYDAutoSettingDevice: getLockUpwindow value is: 1
05-28 16:41:04.507 28423 31078 D AbsBYDAutoDevice: int eventTypes is 48e0003e
05-28 16:41:04.508 28423 31078 D BYDAutoSettingDevice: getRemoteControlUpwindow value is: 1
05-28 16:41:04.509 28423 31078 D BYDAutoSettingDevice: getRemoteControlDownwindow value is: 1
05-28 16:41:04.511 28423 31078 D BYDAutoSettingDevice: getLPSwitchUpwindow value is: 1
05-28 16:41:04.512 28423 31078 D BYDAutoSettingDevice: getLPSwitchDownwindow value is: 2
05-28 16:41:04.513 28423 31078 D BYDAutoSettingDevice: getUnlockSettingOnlineState value is: 2
05-28 16:41:04.515 28423 31078 E AbsBYDAutoDevice: AbsBYDAutoDevice construct enter
05-28 16:41:04.515 28423 31078 E AbsBYDAutoDevice: AbsBYDAutoDevice construct exit
05-28 16:41:04.515 28423 31078 D AbsBYDAutoDevice: int eventTypes is 3f100008
05-28 16:41:04.515 28423 31078 D AbsBYDAutoDevice: int eventTypes is 40800008
05-28 16:41:04.517 28423 31078 D AbsBYDAutoDevice: int eventTypes is cb3001ac
05-28 16:41:04.518 28423 31078 D AbsBYDAutoDevice: int eventTypes is cb3001ae
05-28 16:41:04.520 28423 31078 D BYDAutoSettingDevice: getAutoLock value is: 1
05-28 16:41:04.520 28423 31078 D AbsBYDAutoDevice: int eventTypes is c0700041
05-28 16:41:04.522 28423 31078 D AbsBYDAutoDevice: int eventTypes is 4360000a
05-28 16:41:04.523 28423 31078 D AbsBYDAutoDevice: int eventTypes is 4360000a
05-28 16:41:04.524 28423 31078 D AbsBYDAutoDevice: int eventTypes is 443000d6
05-28 16:41:04.526 28423 31078 D AbsBYDAutoDevice: int eventTypes is 443000d6
05-28 16:41:04.532 28423 31078 D AbsBYDAutoDevice: int eventTypes is 45400030
05-28 16:41:04.537 28423 31078 D AbsBYDAutoDevice: int eventTypes is 45400042
05-28 16:41:04.540 28423 31078 D AbsBYDAutoDevice: int eventTypes is 2b500026
05-28 16:41:04.540 28423 31078 D AbsBYDAutoDevice: int eventTypes is 2b500026
05-28 16:41:04.541 28423 31078 D AbsBYDAutoDevice: int eventTypes is 2b500026
05-28 16:41:04.542 28423 31078 D AbsBYDAutoDevice: int eventTypes is 2b500026
05-28 16:41:04.544 28423 31078 D AbsBYDAutoDevice: int eventTypes is 2b500026
05-28 16:41:04.545 28423 31078 D AbsBYDAutoDevice: int eventTypes is 2b500026
05-28 16:41:04.547 28423 31078 D AbsBYDAutoDevice: int eventTypes is 2b500026
05-28 16:41:04.560  2473  2511 W AbsBYDAutoDevice: You have no permission to use the feature: 0x1430000f with this device: 1023!
05-28 16:41:04.563  2473  2511 W AbsBYDAutoDevice: You have no permission to use the feature: 0x1430000f with this device: 1023!
05-28 16:41:04.564 28423 31078 D AbsBYDAutoDevice: int eventTypes is 14700018
05-28 16:41:04.565  2473  2511 D AbsBYDAutoDevice: int eventTypes is 48b06020
05-28 16:41:04.567  2473  2511 D AbsBYDAutoDevice: int eventTypes is 48b06021
05-28 16:41:04.569  2473  2511 D AbsBYDAutoDevice: int eventTypes is 48b06022
05-28 16:41:04.572  2473  2511 D AbsBYDAutoDevice: int eventTypes is 48b06023
05-28 16:41:04.574  2473  2511 D AbsBYDAutoDevice: int eventTypes is 48b06024
05-28 16:41:04.577  2473  2511 D AbsBYDAutoDevice: int eventTypes is 48b06025
05-28 16:41:04.579  2473  2511 D AbsBYDAutoDevice: int eventTypes is 48b06029
05-28 16:41:04.585  2473  2511 E AbsBYDAutoDevice: AbsBYDAutoDevice construct enter
05-28 16:41:04.586  2473  2511 E AbsBYDAutoDevice: AbsBYDAutoDevice construct exit
05-28 16:41:04.586  2473  2511 D AbsBYDAutoDevice: int eventTypes is 48b0602d
05-28 16:41:04.589  2473  2511 D AbsBYDAutoDevice: int eventTypes is 48b06020
05-28 16:41:04.592  2473  2511 D AbsBYDAutoDevice: int eventTypes is 48b06021
05-28 16:41:04.595  5789  5789 D BYDAutoSettingDevice: postEvent device_type: 1023, event_type =48600040, value = 1
05-28 16:41:04.595  5789  5789 D BYDAutoSettingDevice: postEvent device_type: 1023, event_type =40200037, value = 1
05-28 16:41:04.596  2473  2511 D AbsBYDAutoDevice: int eventTypes is 48b06022
05-28 16:41:04.600  2473  2511 D AbsBYDAutoDevice: int eventTypes is 48b06023
05-28 16:41:04.605  2473  2511 D AbsBYDAutoDevice: int eventTypes is 48b06025
05-28 16:41:04.609  2473  2511 D AbsBYDAutoDevice: int eventTypes is 48b06024
05-28 16:41:04.612  2473  2511 D AbsBYDAutoDevice: int eventTypes is 48b06029
05-28 16:41:04.617  2473  2511 D AbsBYDAutoDevice: int eventTypes is 48b0602d
05-28 16:41:04.621  2473  2511 W AbsBYDAutoDevice: You have no permission to use the feature: 0x1430000f with this device: 1023!
05-28 16:41:04.623  2473  2511 W AbsBYDAutoDevice: You have no permission to use the feature: 0x1430000f with this device: 1023!
05-28 16:41:04.624 28423 31078 D AbsBYDAutoDevice: int eventTypes is 14700018
05-28 16:41:04.627  2473  2511 D AbsBYDAutoDevice: int eventTypes is 4be0002c
05-28 16:41:04.629  2473  2511 D AbsBYDAutoDevice: int eventTypes is 2f700819
05-28 16:41:04.630 28423 31078 D BYDAutoSettingDevice: hasFeature: If has the feature(PowerSteering): 1
05-28 16:41:04.632  2473  2511 D AbsBYDAutoDevice: int eventTypes is 2f700819
05-28 16:41:04.633 28423 31078 D BYDAutoSettingDevice: hasFeature: If has the feature(PowerSteering): 1
05-28 16:41:04.634 28423 31078 D AbsBYDAutoDevice: int eventTypes is d500013
05-28 16:41:04.640 28423 31078 D AbsBYDAutoDevice: int eventTypes is 2180001f
05-28 16:41:04.641 28423 31078 D AbsBYDAutoDevice: int eventTypes is 2180003e
05-28 16:41:04.642 28423 31078 D AbsBYDAutoDevice: int eventTypes is 48100000
05-28 16:41:04.644 28423 31078 D AbsBYDAutoDevice: int eventTypes is 37f00040
05-28 16:41:04.645 28423 31078 D AbsBYDAutoDevice: int eventTypes is 27200026
05-28 16:41:04.646 28423 31078 D AbsBYDAutoDevice: int eventTypes is 27200026
05-28 16:41:04.647 28423 31078 D AbsBYDAutoDevice: int eventTypes is 27200028
05-28 16:41:04.656 28423 31078 D AbsBYDAutoDevice: int eventTypes is 27200028
05-28 16:41:04.657 28423 31078 D AbsBYDAutoDevice: int eventTypes is 27200033
05-28 16:41:04.659 28423 31078 D AbsBYDAutoDevice: int eventTypes is 4750003c
05-28 16:41:04.660  2473  2511 D AbsBYDAutoDevice: int eventTypes is 3bd001f8
05-28 16:41:04.661  2473  2511 D AbsBYDAutoDevice: int eventTypes is 4750003c
05-28 16:41:04.663  2473  2511 D AbsBYDAutoDevice: int eventTypes is 49000030
05-28 16:41:04.665  2473  2511 D AbsBYDAutoDevice: int eventTypes is 4750003c
05-28 16:41:04.667  2473  2511 D AbsBYDAutoDevice: int eventTypes is 2db0002b
05-28 16:41:04.669 28423 31078 D AbsBYDAutoDevice: int eventTypes is 4750003c
05-28 16:41:04.671  2473  2511 D AbsBYDAutoDevice: int eventTypes is 3bd001f8
05-28 16:41:04.673  2473  2511 D AbsBYDAutoDevice: int eventTypes is 4750003c
05-28 16:41:04.674  2473  2511 D AbsBYDAutoDevice: int eventTypes is 49000030
05-28 16:41:04.677  2473  2511 D AbsBYDAutoDevice: int eventTypes is 2b200020
05-28 16:41:04.681  2473  2511 D AbsBYDAutoDevice: int eventTypes is 2b200020
05-28 16:41:04.684 28423 31078 D AbsBYDAutoDevice: int eventTypes is c610000a
05-28 16:41:04.684 28423 31078 D AbsBYDAutoDevice: int eventTypes is c610000a
05-28 16:41:04.690 28423 31078 D AbsBYDAutoDevice: int eventTypes is cb3001a8
05-28 16:41:04.690 28423 31078 D AbsBYDAutoDevice: int eventTypes is cb3001a8
05-28 16:41:04.692 28423 31078 D AbsBYDAutoDevice: int eventTypes is cb3001aa
05-28 16:41:04.694 28423 31078 D BYDAutoSettingDevice: getDriverSeatBack value is: 1
05-28 16:41:04.694 28423 31078 D BYDAutoSettingDevice: getDriverSeatBack value is: 1
05-28 16:41:04.696 28423 31078 D AbsBYDAutoDevice: int eventTypes is 40200010
05-28 16:41:04.697 28423 31078 D AbsBYDAutoDevice: int eventTypes is c9400022
05-28 16:41:04.698 28423 31078 D AbsBYDAutoDevice: int eventTypes is 47900158
05-28 16:41:04.698 28423 31078 D AbsBYDAutoDevice: int eventTypes is 47900000
05-28 16:41:04.700 28423 31078 D AbsBYDAutoDevice: int eventTypes is 45200120
05-28 16:41:04.706  2473  2511 E AbsBYDAutoDevice: AbsBYDAutoDevice construct enter
05-28 16:41:04.707  2473  2511 E AbsBYDAutoDevice: AbsBYDAutoDevice construct exit
05-28 16:41:04.707  2473  2511 D AbsBYDAutoDevice: int eventTypes is 35a001d8
05-28 16:41:04.710  2473  2511 D AbsBYDAutoDevice: int eventTypes is 35a001d8
05-28 16:41:04.713  2473  2511 D AbsBYDAutoDevice: int eventTypes is 35a001d8
05-28 16:41:04.727  2473  2511 D AbsBYDAutoDevice: int eventTypes is 3bd001f0
05-28 16:41:04.730 28423 31078 D BYDAutoSettingDevice: hasFeature: If has the feature(AutoRainWiper): 1
05-28 16:41:04.731 28423 31078 D AbsBYDAutoDevice: int eventTypes is 4c90009f
05-28 16:41:04.732 28423 31078 D AbsBYDAutoDevice: int eventTypes is 4c90009f
05-28 16:41:04.733 28423 31078 D AbsBYDAutoDevice: int eventTypes is 4c90009f
05-28 16:41:04.735  2473  2511 D AbsBYDAutoDevice: int eventTypes is 3bd00204
05-28 16:41:04.737  2473  2511 D AbsBYDAutoDevice: int eventTypes is 3bd00204
05-28 16:41:04.743  2473  2511 D AbsBYDAutoDevice: int eventTypes is 1aa04042
05-28 16:41:04.747  2473  2511 D AbsBYDAutoDevice: int eventTypes is 1aa04042
05-28 16:41:04.851 28423 31078 D AbsBYDAutoDevice: int eventTypes is 16700017
05-28 16:41:04.853  5789  5789 D BYDAutoSettingDevice: postEvent device_type: 1023, event_type =48600040, value = 0
05-28 16:41:04.853  5789  5789 D BYDAutoSettingDevice: postEvent device_type: 1023, event_type =40200037, value = 0
05-28 16:41:04.856 28423 28423 I BYDAutoSettingDevice: unregisterListener
05-28 16:41:04.856 28423 28423 I BYDAutoSettingDevice: unregisterListener
05-28 16:41:04.856 28423 28423 I BYDAutoSettingDevice: unregisterListener
05-28 16:41:04.857 28423 28423 I BYDAutoSettingDevice: unregisterListener
05-28 16:41:04.874  5789  5789 D BYDAutoSettingDevice: postEvent device_type: 1023, event_type =48600040, value = 1
05-28 16:41:04.874  5789  5789 D BYDAutoSettingDevice: postEvent device_type: 1023, event_type =42f00037, value = 1
05-28 16:41:04.887 28423 28423 D AbsBYDAutoDevice: registerListener featureIDs: int[]: [4fd0000d, 99000289, ] end.
05-28 16:41:04.887   126   146 D BYDAutoServer: BYDAutoService::BYDAutoCallbackProxy::enableDevice: device type 1002 size 2 ids=4fd0000d,99000289,
05-28 16:41:04.887   126   146 D BYDAutoServer: BYDAutoCallbackProxy::enableDevice: add deviceID = 1002
05-28 16:41:04.888 28423 28423 D AbsBYDAutoDevice: int eventTypes is 4fd0000d
05-28 16:41:04.889 28423 28423 D AbsBYDAutoDevice: registerListener featureIDs: int[]: [cc600008, 4c600010, 4c600018, 4c600020, 4c600028, ] end.
05-28 16:41:04.889   126   146 D BYDAutoServer: BYDAutoService::BYDAutoCallbackProxy::enableDevice: device type 1002 size 5 ids=cc600008,4c600010,4c600018,4c600020,4c600028,
05-28 16:41:04.889   126   146 D BYDAutoServer: BYDAutoCallbackProxy::enableDevice: find deviceID = 1002
05-28 16:41:04.889 28423 28423 D AbsBYDAutoDevice: int eventTypes is cc600008
05-28 16:41:04.890 28423 28423 D AbsBYDAutoDevice: int eventTypes is 4fd00010
05-28 16:41:04.892 28423 28423 D AbsBYDAutoDevice: registerListener featureIDs: int[]: [4fd00010, ] end.
05-28 16:41:04.892   126   146 D BYDAutoServer: BYDAutoService::BYDAutoCallbackProxy::enableDevice: device type 1002 size 1 ids=4fd00010,
05-28 16:41:04.892   126   146 D BYDAutoServer: BYDAutoCallbackProxy::enableDevice: find deviceID = 1002
05-28 16:41:04.915  5789  5789 D BYDAutoSettingDevice: postEvent device_type: 1023, event_type =48600040, value = 0
05-28 16:41:04.916  5789  5789 D BYDAutoSettingDevice: postEvent device_type: 1023, event_type =42f00037, value = 0
05-28 16:41:05.202  3523 30517 D AbsBYDAutoDevice: set featureIDs is int[]: [6dc00826, 6dc00810, 6dc00818, 6dc00808, 6dc00827, ] intArrayValue is int[]: [1, 53, 6, 0, 0, ]
05-28 16:41:05.390 28423 28423 D AbsBYDAutoDevice: int eventTypes is 10800038
05-28 16:41:05.445  2473  2511 D AbsBYDAutoDevice: int eventTypes is 2ef0002f
05-28 16:41:05.467  2473  2511 D AbsBYDAutoDevice: int eventTypes is 2ef0002f
05-28 16:41:05.478  2473  2511 D AbsBYDAutoDevice: int eventTypes is 26f00020
05-28 16:41:05.486  2473  2511 D AbsBYDAutoDevice: int eventTypes is 13300023
05-28 16:41:05.488 28423 28423 D AbsBYDAutoDevice: int eventTypes is 4a503010
05-28 16:41:05.491 28423 28423 D AbsBYDAutoDevice: int eventTypes is 4a50303c
05-28 16:41:05.493  2473  2511 D AbsBYDAutoDevice: int eventTypes is 26f00020
05-28 16:41:05.496  2473  3042 D AbsBYDAutoDevice: int eventTypes is 13300023
05-28 16:41:05.499 28423 28423 D AbsBYDAutoDevice: int eventTypes is 4a503010
05-28 16:41:05.501 28423 28423 D AbsBYDAutoDevice: int eventTypes is 4a50303c
05-28 16:41:05.543 28423 28423 D AbsBYDAutoDevice: int eventTypes is 38b00015
05-28 16:41:05.544 28423 28423 D AbsBYDAutoDevice: int eventTypes is 38b00015
05-28 16:41:05.548 28423 28423 D AbsBYDAutoDevice: int eventTypes is 4c50000b
05-28 16:41:05.549 28423 28423 D AbsBYDAutoDevice: int eventTypes is 4c50000b
05-28 16:41:05.550 28423 28423 D AbsBYDAutoDevice: int eventTypes is 4c50000b
05-28 16:41:05.551 28423 28423 D AbsBYDAutoDevice: int eventTypes is 4c50000b
05-28 16:41:05.551 28423 28423 D AbsBYDAutoDevice: int eventTypes is 4c50000b
05-28 16:41:05.553 28423 28423 D AbsBYDAutoDevice: int eventTypes is 4c50000b
05-28 16:41:05.554 28423 28423 D AbsBYDAutoDevice: int eventTypes is 4c50000b
05-28 16:41:05.580 28423 28423 D AbsBYDAutoDevice: int eventTypes is 38b0001c
05-28 16:41:05.582 28423 28423 D AbsBYDAutoDevice: int eventTypes is 4c50000b
05-28 16:41:05.583 28423 28423 D AbsBYDAutoDevice: int eventTypes is 38b0001c
05-28 16:41:05.584 28423 28423 I BYDAutoSettingDevice: registerListener2
05-28 16:41:05.584 28423 28423 D AbsBYDAutoDevice: registerListener featureIDs: int[]: [38b0001c, ] end.
05-28 16:41:05.584   126 19083 D BYDAutoServer: BYDAutoService::BYDAutoCallbackProxy::enableDevice: device type 1023 size 1 ids=38b0001c,
05-28 16:41:05.584   126 19083 D BYDAutoServer: BYDAutoCallbackProxy::enableDevice: add deviceID = 1023
05-28 16:41:05.584 28423 28423 D AbsBYDAutoDevice: int eventTypes is 38b00008
05-28 16:41:05.588 28423 28423 I BYDAutoSettingDevice: registerListener2
05-28 16:41:05.588 28423 28423 D AbsBYDAutoDevice: registerListener featureIDs: int[]: [38b00008, ] end.
05-28 16:41:05.589   126 19083 D BYDAutoServer: BYDAutoService::BYDAutoCallbackProxy::enableDevice: device type 1023 size 1 ids=38b00008,
05-28 16:41:05.589   126 19083 D BYDAutoServer: BYDAutoCallbackProxy::enableDevice: find deviceID = 1023
05-28 16:41:05.589 28423 28423 D AbsBYDAutoDevice: int eventTypes is 38b00010
05-28 16:41:05.596  5789  5789 D BYDAutoSettingDevice: postEvent device_type: 1023, event_type =48600040, value = 1
05-28 16:41:05.596  5789  5789 D BYDAutoSettingDevice: postEvent device_type: 1023, event_type =40200037, value = 1
05-28 16:41:05.597 28423 28423 I BYDAutoSettingDevice: registerListener2
05-28 16:41:05.597 28423 28423 D AbsBYDAutoDevice: registerListener featureIDs: int[]: [38b00010, ] end.
05-28 16:41:05.597   126 19083 D BYDAutoServer: BYDAutoService::BYDAutoCallbackProxy::enableDevice: device type 1023 size 1 ids=38b00010,
05-28 16:41:05.597   126 19083 D BYDAutoServer: BYDAutoCallbackProxy::enableDevice: find deviceID = 1023
