05-28 16:41:05.597 28423 28423 D AbsBYDAutoDevice: double eventTypes is 38b00018
05-28 16:41:05.600 28423 28423 I BYDAutoSettingDevice: registerListener2
05-28 16:41:05.600 28423 28423 D AbsBYDAutoDevice: registerListener featureIDs: int[]: [38b00018, ] end.
05-28 16:41:05.600   126 19083 D BYDAutoServer: BYDAutoService::BYDAutoCallbackProxy::enableDevice: device type 1023 size 1 ids=38b00018,
05-28 16:41:05.600   126 19083 D BYDAutoServer: BYDAutoCallbackProxy::enableDevice: find deviceID = 1023
05-28 16:41:05.600 28423 28423 D AbsBYDAutoDevice: int eventTypes is 38b0000d
05-28 16:41:05.601 28423 28423 I BYDAutoSettingDevice: registerListener2
05-28 16:41:05.601 28423 28423 D AbsBYDAutoDevice: registerListener featureIDs: int[]: [38b0000d, ] end.
05-28 16:41:05.601   126 19083 D BYDAutoServer: BYDAutoService::BYDAutoCallbackProxy::enableDevice: device type 1023 size 1 ids=38b0000d,
05-28 16:41:05.601   126 19083 D BYDAutoServer: BYDAutoCallbackProxy::enableDevice: find deviceID = 1023
05-28 16:41:05.602 28423 28423 D AbsBYDAutoDevice: int eventTypes is 38b00038
05-28 16:41:05.602 28423 28423 D AbsBYDAutoDevice: int eventTypes is 38b0001c
05-28 16:41:05.602 28423 28423 D AbsBYDAutoDevice: int eventTypes is 4c50000b
05-28 16:41:05.603 28423 28423 D AbsBYDAutoDevice: int eventTypes is 38b00038
05-28 16:41:05.604 28423 28423 I BYDAutoSettingDevice: registerListener2
05-28 16:41:05.604 28423 28423 D AbsBYDAutoDevice: registerListener featureIDs: int[]: [38b00038, ] end.
05-28 16:41:05.604   126 19083 D BYDAutoServer: BYDAutoService::BYDAutoCallbackProxy::enableDevice: device type 1023 size 1 ids=38b00038,
05-28 16:41:05.604   126 19083 D BYDAutoServer: BYDAutoCallbackProxy::enableDevice: find deviceID = 1023
05-28 16:41:05.604 28423 28423 D AbsBYDAutoDevice: int eventTypes is 38b00032
05-28 16:41:05.605 28423 28423 I BYDAutoSettingDevice: registerListener2
05-28 16:41:05.605 28423 28423 D AbsBYDAutoDevice: registerListener featureIDs: int[]: [38b00032, ] end.
05-28 16:41:05.605   126 19083 D BYDAutoServer: BYDAutoService::BYDAutoCallbackProxy::enableDevice: device type 1023 size 1 ids=38b00032,
05-28 16:41:05.605   126 19083 D BYDAutoServer: BYDAutoCallbackProxy::enableDevice: find deviceID = 1023
05-28 16:41:05.605 28423 28423 D AbsBYDAutoDevice: int eventTypes is 38b00034
05-28 16:41:05.606 28423 28423 I BYDAutoSettingDevice: registerListener2
05-28 16:41:05.606 28423 28423 D AbsBYDAutoDevice: registerListener featureIDs: int[]: [38b00034, ] end.
05-28 16:41:05.606   126 19083 D BYDAutoServer: BYDAutoService::BYDAutoCallbackProxy::enableDevice: device type 1023 size 1 ids=38b00034,
05-28 16:41:05.606   126 19083 D BYDAutoServer: BYDAutoCallbackProxy::enableDevice: find deviceID = 1023
05-28 16:41:05.607 28423 28423 D AbsBYDAutoDevice: int eventTypes is 38b0001c
05-28 16:41:05.852  5789  5789 D BYDAutoSettingDevice: postEvent device_type: 1023, event_type =48600040, value = 0
05-28 16:41:05.852  5789  5789 D BYDAutoSettingDevice: postEvent device_type: 1023, event_type =40200037, value = 0
05-28 16:41:05.880  5789  5789 D BYDAutoSettingDevice: postEvent device_type: 1023, event_type =48600040, value = 1
05-28 16:41:05.880  5789  5789 D BYDAutoSettingDevice: postEvent device_type: 1023, event_type =42f00037, value = 1
05-28 16:41:05.915  5789  5789 D BYDAutoSettingDevice: postEvent device_type: 1023, event_type =48600040, value = 0
05-28 16:41:05.915  5789  5789 D BYDAutoSettingDevice: postEvent device_type: 1023, event_type =42f00037, value = 0
05-28 16:41:06.211  3523 30517 D AbsBYDAutoDevice: set featureIDs is int[]: [6dc00826, 6dc00810, 6dc00818, 6dc00808, 6dc00827, ] intArrayValue is int[]: [1, 53, 6, 0, 0, ]
05-28 16:41:06.396  1133  1484 D AbsBYDAutoDevice: set featureID is 4c11e024 intValue is 2
05-28 16:41:06.598  5789  5789 D BYDAutoSettingDevice: postEvent device_type: 1023, event_type =48600040, value = 1
05-28 16:41:06.598  5789  5789 D BYDAutoSettingDevice: postEvent device_type: 1023, event_type =40200037, value = 1
05-28 16:41:06.852  5789  5789 D BYDAutoSettingDevice: postEvent device_type: 1023, event_type =48600040, value = 0
05-28 16:41:06.852  5789  5789 D BYDAutoSettingDevice: postEvent device_type: 1023, event_type =40200037, value = 0
05-28 16:41:06.873  5789  5789 D BYDAutoSettingDevice: postEvent device_type: 1023, event_type =48600040, value = 1
05-28 16:41:06.874  5789  5789 D BYDAutoSettingDevice: postEvent device_type: 1023, event_type =42f00037, value = 1
05-28 16:41:06.914  5789  5789 D BYDAutoSettingDevice: postEvent device_type: 1023, event_type =48600040, value = 0
05-28 16:41:06.914  5789  5789 D BYDAutoSettingDevice: postEvent device_type: 1023, event_type =42f00037, value = 0
05-28 16:41:07.217  3523 30517 D AbsBYDAutoDevice: set featureIDs is int[]: [6dc00826, 6dc00810, 6dc00818, 6dc00808, 6dc00827, ] intArrayValue is int[]: [1, 53, 6, 0, 0, ]
05-28 16:41:07.598  5789  5789 D BYDAutoSettingDevice: postEvent device_type: 1023, event_type =48600040, value = 1
05-28 16:41:07.598  5789  5789 D BYDAutoSettingDevice: postEvent device_type: 1023, event_type =40200037, value = 1
05-28 16:41:07.856  5789  5789 D BYDAutoSettingDevice: postEvent device_type: 1023, event_type =48600040, value = 0
05-28 16:41:07.856  5789  5789 D BYDAutoSettingDevice: postEvent device_type: 1023, event_type =40200037, value = 0
05-28 16:41:07.871  5789  5789 D BYDAutoSettingDevice: postEvent device_type: 1023, event_type =48600040, value = 1
05-28 16:41:07.871  5789  5789 D BYDAutoSettingDevice: postEvent device_type: 1023, event_type =42f00037, value = 1
05-28 16:41:07.916  5789  5789 D BYDAutoSettingDevice: postEvent device_type: 1023, event_type =48600040, value = 0
05-28 16:41:07.916  5789  5789 D BYDAutoSettingDevice: postEvent device_type: 1023, event_type =42f00037, value = 0
05-28 16:41:08.219  3523 30517 D AbsBYDAutoDevice: set featureIDs is int[]: [6dc00826, 6dc00810, 6dc00818, 6dc00808, 6dc00827, ] intArrayValue is int[]: [1, 53, 6, 0, 0, ]
05-28 16:41:08.607  5789  5789 D BYDAutoSettingDevice: postEvent device_type: 1023, event_type =48600040, value = 1
05-28 16:41:08.607  5789  5789 D BYDAutoSettingDevice: postEvent device_type: 1023, event_type =40200037, value = 1
05-28 16:41:08.860  5789  5789 D BYDAutoSettingDevice: postEvent device_type: 1023, event_type =48600040, value = 0
05-28 16:41:08.860  5789  5789 D BYDAutoSettingDevice: postEvent device_type: 1023, event_type =40200037, value = 0
05-28 16:41:08.869  5789  5789 D BYDAutoSettingDevice: postEvent device_type: 1023, event_type =48600040, value = 1
05-28 16:41:08.869  5789  5789 D BYDAutoSettingDevice: postEvent device_type: 1023, event_type =42f00037, value = 1
05-28 16:41:08.914  5789  5789 D BYDAutoSettingDevice: postEvent device_type: 1023, event_type =48600040, value = 0
05-28 16:41:08.914  5789  5789 D BYDAutoSettingDevice: postEvent device_type: 1023, event_type =42f00037, value = 0
05-28 16:41:09.223  3523 30517 D AbsBYDAutoDevice: set featureIDs is int[]: [6dc00826, 6dc00810, 6dc00818, 6dc00808, 6dc00827, ] intArrayValue is int[]: [1, 53, 6, 0, 0, ]
05-28 16:41:09.606  5789  5789 D BYDAutoSettingDevice: postEvent device_type: 1023, event_type =48600040, value = 1
05-28 16:41:09.606  5789  5789 D BYDAutoSettingDevice: postEvent device_type: 1023, event_type =40200037, value = 1
05-28 16:41:09.859  5789  5789 D BYDAutoSettingDevice: postEvent device_type: 1023, event_type =48600040, value = 0
05-28 16:41:09.859  5789  5789 D BYDAutoSettingDevice: postEvent device_type: 1023, event_type =40200037, value = 0
05-28 16:41:09.878  5789  5789 D BYDAutoSettingDevice: postEvent device_type: 1023, event_type =48600040, value = 1
05-28 16:41:09.878  5789  5789 D BYDAutoSettingDevice: postEvent device_type: 1023, event_type =42f00037, value = 1
05-28 16:41:09.915  5789  5789 D BYDAutoSettingDevice: postEvent device_type: 1023, event_type =48600040, value = 0
05-28 16:41:09.915  5789  5789 D BYDAutoSettingDevice: postEvent device_type: 1023, event_type =42f00037, value = 0
05-28 16:41:10.227  3523 30517 D AbsBYDAutoDevice: set featureIDs is int[]: [6dc00826, 6dc00810, 6dc00818, 6dc00808, 6dc00827, ] intArrayValue is int[]: [1, 53, 6, 0, 0, ]
05-28 16:41:10.596  5789  5789 D BYDAutoSettingDevice: postEvent device_type: 1023, event_type =48600040, value = 1
05-28 16:41:10.596  5789  5789 D BYDAutoSettingDevice: postEvent device_type: 1023, event_type =40200037, value = 1
05-28 16:41:10.858  5789  5789 D BYDAutoSettingDevice: postEvent device_type: 1023, event_type =48600040, value = 0
05-28 16:41:10.858  5789  5789 D BYDAutoSettingDevice: postEvent device_type: 1023, event_type =40200037, value = 0
05-28 16:41:10.870  5789  5789 D BYDAutoSettingDevice: postEvent device_type: 1023, event_type =48600040, value = 1
05-28 16:41:10.870  5789  5789 D BYDAutoSettingDevice: postEvent device_type: 1023, event_type =42f00037, value = 1
05-28 16:41:10.918  5789  5789 D BYDAutoSettingDevice: postEvent device_type: 1023, event_type =48600040, value = 0
05-28 16:41:10.919  5789  5789 D BYDAutoSettingDevice: postEvent device_type: 1023, event_type =42f00037, value = 0
05-28 16:41:11.231  3523 30517 D AbsBYDAutoDevice: set featureIDs is int[]: [6dc00826, 6dc00810, 6dc00818, 6dc00808, 6dc00827, ] intArrayValue is int[]: [1, 53, 6, 0, 0, ]
05-28 16:41:11.415  1133  1484 D AbsBYDAutoDevice: set featureID is 4c11e024 intValue is 2
05-28 16:41:11.602  5789  5789 D BYDAutoSettingDevice: postEvent device_type: 1023, event_type =48600040, value = 1
05-28 16:41:11.604  5789  5789 D BYDAutoSettingDevice: postEvent device_type: 1023, event_type =40200037, value = 1
05-28 16:41:11.859  5789  5789 D BYDAutoSettingDevice: postEvent device_type: 1023, event_type =48600040, value = 0
05-28 16:41:11.859  5789  5789 D BYDAutoSettingDevice: postEvent device_type: 1023, event_type =40200037, value = 0
05-28 16:41:11.872  5789  5789 D BYDAutoSettingDevice: postEvent device_type: 1023, event_type =48600040, value = 1
05-28 16:41:11.872  5789  5789 D BYDAutoSettingDevice: postEvent device_type: 1023, event_type =42f00037, value = 1
05-28 16:41:11.916  5789  5789 D BYDAutoSettingDevice: postEvent device_type: 1023, event_type =48600040, value = 0
05-28 16:41:11.916  5789  5789 D BYDAutoSettingDevice: postEvent device_type: 1023, event_type =42f00037, value = 0
05-28 16:41:12.238  3523 30517 D AbsBYDAutoDevice: set featureIDs is int[]: [6dc00826, 6dc00810, 6dc00818, 6dc00808, 6dc00827, ] intArrayValue is int[]: [1, 53, 6, 0, 0, ]
05-28 16:41:12.595  5789  5789 D BYDAutoSettingDevice: postEvent device_type: 1023, event_type =48600040, value = 1
05-28 16:41:12.595  5789  5789 D BYDAutoSettingDevice: postEvent device_type: 1023, event_type =40200037, value = 1
05-28 16:41:12.864  5789  5789 D BYDAutoSettingDevice: postEvent device_type: 1023, event_type =48600040, value = 0
05-28 16:41:12.864  5789  5789 D BYDAutoSettingDevice: postEvent device_type: 1023, event_type =40200037, value = 0
05-28 16:41:12.873  5789  5789 D BYDAutoSettingDevice: postEvent device_type: 1023, event_type =48600040, value = 1
05-28 16:41:12.873  5789  5789 D BYDAutoSettingDevice: postEvent device_type: 1023, event_type =42f00037, value = 1
05-28 16:41:12.917  5789  5789 D BYDAutoSettingDevice: postEvent device_type: 1023, event_type =48600040, value = 0
05-28 16:41:12.917  5789  5789 D BYDAutoSettingDevice: postEvent device_type: 1023, event_type =42f00037, value = 0
05-28 16:41:13.248  3523 30517 D AbsBYDAutoDevice: set featureIDs is int[]: [6dc00826, 6dc00810, 6dc00818, 6dc00808, 6dc00827, ] intArrayValue is int[]: [1, 53, 6, 0, 0, ]
05-28 16:41:13.612  5789  5789 D BYDAutoSettingDevice: postEvent device_type: 1023, event_type =48600040, value = 1
05-28 16:41:13.612  5789  5789 D BYDAutoSettingDevice: postEvent device_type: 1023, event_type =40200037, value = 1
05-28 16:41:13.856  5789  5789 D BYDAutoSettingDevice: postEvent device_type: 1023, event_type =48600040, value = 0
05-28 16:41:13.856  5789  5789 D BYDAutoSettingDevice: postEvent device_type: 1023, event_type =40200037, value = 0
05-28 16:41:13.870  5789  5789 D BYDAutoSettingDevice: postEvent device_type: 1023, event_type =48600040, value = 1
05-28 16:41:13.870  5789  5789 D BYDAutoSettingDevice: postEvent device_type: 1023, event_type =42f00037, value = 1
05-28 16:41:13.914  5789  5789 D BYDAutoSettingDevice: postEvent device_type: 1023, event_type =48600040, value = 0
05-28 16:41:13.914  5789  5789 D BYDAutoSettingDevice: postEvent device_type: 1023, event_type =42f00037, value = 0
05-28 16:41:14.253  3523 30517 D AbsBYDAutoDevice: set featureIDs is int[]: [6dc00826, 6dc00810, 6dc00818, 6dc00808, 6dc00827, ] intArrayValue is int[]: [1, 53, 6, 0, 0, ]
05-28 16:41:14.511  1133  1704 D AbsBYDAutoDevice: set featureID is aa000146 bufferDataValue is [7, -22, 5, 28, 16, 41, 14, 4, 2, 1]
05-28 16:41:14.605  5789  5789 D BYDAutoSettingDevice: postEvent device_type: 1023, event_type =48600040, value = 1
05-28 16:41:14.605  5789  5789 D BYDAutoSettingDevice: postEvent device_type: 1023, event_type =40200037, value = 1
05-28 16:41:14.857  5789  5789 D BYDAutoSettingDevice: postEvent device_type: 1023, event_type =48600040, value = 0
05-28 16:41:14.861  5789  5789 D BYDAutoSettingDevice: postEvent device_type: 1023, event_type =40200037, value = 0
05-28 16:41:14.873  5789  5789 D BYDAutoSettingDevice: postEvent device_type: 1023, event_type =48600040, value = 1
05-28 16:41:14.874  5789  5789 D BYDAutoSettingDevice: postEvent device_type: 1023, event_type =42f00037, value = 1
05-28 16:41:14.916  5789  5789 D BYDAutoSettingDevice: postEvent device_type: 1023, event_type =48600040, value = 0
05-28 16:41:14.918  5789  5789 D BYDAutoSettingDevice: postEvent device_type: 1023, event_type =42f00037, value = 0
05-28 16:41:15.257  3523 30517 D AbsBYDAutoDevice: set featureIDs is int[]: [6dc00826, 6dc00810, 6dc00818, 6dc00808, 6dc00827, ] intArrayValue is int[]: [1, 53, 6, 0, 0, ]
05-28 16:41:15.269  4990 24894 D AbsBYDAutoDevice: int eventTypes is 42100024
05-28 16:41:15.271  4990 24894 D AbsBYDAutoDevice: int eventTypes is 42100024
05-28 16:41:15.276  4990 24894 W AbsBYDAutoDevice: You have no permission to use the feature: 0x44700828 with this device: 1014!
05-28 16:41:15.284  4990 24894 D BYDAutoInstrumentDevice: getLowPowerBatteryWarnLightColor value is: 1
05-28 16:41:15.285  4990 24894 D BYDAutoInstrumentDevice: getLowFuelWarnLightColor value is: 0
05-28 16:41:15.285  4990 24894 D BYDAutoSettingDevice: getDriveConfig: The drive config type is 2
05-28 16:41:15.604  5789  5789 D BYDAutoSettingDevice: postEvent device_type: 1023, event_type =48600040, value = 1
05-28 16:41:15.604  5789  5789 D BYDAutoSettingDevice: postEvent device_type: 1023, event_type =40200037, value = 1
05-28 16:41:15.609  3523  6172 D AbsBYDAutoDevice: registerListener featureIDs: int[]: [12100008, ] end.
05-28 16:41:15.609  3523 31174 D AbsBYDAutoDevice: set featureIDs is int[]: [6dc00826, 6dc00810, 6dc00818, 6dc00808, 6dc00827, ] intArrayValue is int[]: [1, 53, 6, 0, 0, ]
05-28 16:41:15.613   126 19083 D BYDAutoServer: BYDAutoService::BYDAutoCallbackProxy::enableDevice: device type 1013 size 1 ids=12100008,
05-28 16:41:15.613   126 19083 D BYDAutoServer: BYDAutoCallbackProxy::enableDevice: find deviceID = 1013
05-28 16:41:15.861  5789  5789 D BYDAutoSettingDevice: postEvent device_type: 1023, event_type =48600040, value = 0
05-28 16:41:15.861  5789  5789 D BYDAutoSettingDevice: postEvent device_type: 1023, event_type =40200037, value = 0
05-28 16:41:15.874  5789  5789 D BYDAutoSettingDevice: postEvent device_type: 1023, event_type =48600040, value = 1
05-28 16:41:15.874  5789  5789 D BYDAutoSettingDevice: postEvent device_type: 1023, event_type =42f00037, value = 1
05-28 16:41:15.920  5789  5789 D BYDAutoSettingDevice: postEvent device_type: 1023, event_type =48600040, value = 0
05-28 16:41:15.921  5789  5789 D BYDAutoSettingDevice: postEvent device_type: 1023, event_type =42f00037, value = 0
05-28 16:41:16.440  1133  1484 D AbsBYDAutoDevice: set featureID is 4c11e024 intValue is 2
05-28 16:41:16.604  5789  5789 D BYDAutoSettingDevice: postEvent device_type: 1023, event_type =48600040, value = 1
05-28 16:41:16.609  5789  5789 D BYDAutoSettingDevice: postEvent device_type: 1023, event_type =40200037, value = 1
05-28 16:41:16.615  3523 31174 D AbsBYDAutoDevice: set featureIDs is int[]: [6dc00826, 6dc00810, 6dc00818, 6dc00808, 6dc00827, ] intArrayValue is int[]: [1, 53, 6, 0, 0, ]
05-28 16:41:16.865  5789  5789 D BYDAutoSettingDevice: postEvent device_type: 1023, event_type =48600040, value = 0
05-28 16:41:16.865  5789  5789 D BYDAutoSettingDevice: postEvent device_type: 1023, event_type =40200037, value = 0
05-28 16:41:16.871  5789  5789 D BYDAutoSettingDevice: postEvent device_type: 1023, event_type =48600040, value = 1
05-28 16:41:16.872  5789  5789 D BYDAutoSettingDevice: postEvent device_type: 1023, event_type =42f00037, value = 1
05-28 16:41:16.919  5789  5789 D BYDAutoSettingDevice: postEvent device_type: 1023, event_type =48600040, value = 0
05-28 16:41:16.919  5789  5789 D BYDAutoSettingDevice: postEvent device_type: 1023, event_type =42f00037, value = 0
05-28 16:41:17.596  5789  5789 D BYDAutoSettingDevice: postEvent device_type: 1023, event_type =48600040, value = 1
05-28 16:41:17.596  5789  5789 D BYDAutoSettingDevice: postEvent device_type: 1023, event_type =40200037, value = 1
05-28 16:41:17.618  3523 31174 D AbsBYDAutoDevice: set featureIDs is int[]: [6dc00826, 6dc00810, 6dc00818, 6dc00808, 6dc00827, ] intArrayValue is int[]: [1, 53, 6, 0, 0, ]
05-28 16:41:17.863  5789  5789 D BYDAutoSettingDevice: postEvent device_type: 1023, event_type =48600040, value = 0
05-28 16:41:17.863  5789  5789 D BYDAutoSettingDevice: postEvent device_type: 1023, event_type =40200037, value = 0
05-28 16:41:17.879  5789  5789 D BYDAutoSettingDevice: postEvent device_type: 1023, event_type =48600040, value = 1
05-28 16:41:17.879  5789  5789 D BYDAutoSettingDevice: postEvent device_type: 1023, event_type =42f00037, value = 1
05-28 16:41:17.916  5789  5789 D BYDAutoSettingDevice: postEvent device_type: 1023, event_type =48600040, value = 0
05-28 16:41:17.917  5789  5789 D BYDAutoSettingDevice: postEvent device_type: 1023, event_type =42f00037, value = 0
05-28 16:41:18.597  5789  5789 D BYDAutoSettingDevice: postEvent device_type: 1023, event_type =48600040, value = 1
05-28 16:41:18.597  5789  5789 D BYDAutoSettingDevice: postEvent device_type: 1023, event_type =40200037, value = 1
05-28 16:41:18.626  3523 31174 D AbsBYDAutoDevice: set featureIDs is int[]: [6dc00826, 6dc00810, 6dc00818, 6dc00808, 6dc00827, ] intArrayValue is int[]: [1, 53, 6, 0, 0, ]
05-28 16:41:18.865  5789  5789 D BYDAutoSettingDevice: postEvent device_type: 1023, event_type =48600040, value = 0
05-28 16:41:18.865  5789  5789 D BYDAutoSettingDevice: postEvent device_type: 1023, event_type =40200037, value = 0
05-28 16:41:18.873  5789  5789 D BYDAutoSettingDevice: postEvent device_type: 1023, event_type =48600040, value = 1
05-28 16:41:18.874  5789  5789 D BYDAutoSettingDevice: postEvent device_type: 1023, event_type =42f00037, value = 1
05-28 16:41:18.918  5789  5789 D BYDAutoSettingDevice: postEvent device_type: 1023, event_type =48600040, value = 0
05-28 16:41:18.918  5789  5789 D BYDAutoSettingDevice: postEvent device_type: 1023, event_type =42f00037, value = 0
05-28 16:41:19.603  5789  5789 D BYDAutoSettingDevice: postEvent device_type: 1023, event_type =48600040, value = 1
05-28 16:41:19.606  5789  5789 D BYDAutoSettingDevice: postEvent device_type: 1023, event_type =40200037, value = 1
05-28 16:41:19.633  3523 31174 D AbsBYDAutoDevice: set featureIDs is int[]: [6dc00826, 6dc00810, 6dc00818, 6dc00808, 6dc00827, ] intArrayValue is int[]: [1, 53, 6, 0, 0, ]
05-28 16:41:19.866  5789  5789 D BYDAutoSettingDevice: postEvent device_type: 1023, event_type =48600040, value = 0
05-28 16:41:19.866  5789  5789 D BYDAutoSettingDevice: postEvent device_type: 1023, event_type =40200037, value = 0
05-28 16:41:19.870  5789  5789 D BYDAutoSettingDevice: postEvent device_type: 1023, event_type =48600040, value = 1
05-28 16:41:19.871  5789  5789 D BYDAutoSettingDevice: postEvent device_type: 1023, event_type =42f00037, value = 1
05-28 16:41:19.916  5789  5789 D BYDAutoSettingDevice: postEvent device_type: 1023, event_type =48600040, value = 0
05-28 16:41:19.916  5789  5789 D BYDAutoSettingDevice: postEvent device_type: 1023, event_type =42f00037, value = 0
05-28 16:41:20.603  5789  5789 D BYDAutoSettingDevice: postEvent device_type: 1023, event_type =48600040, value = 1
05-28 16:41:20.603  5789  5789 D BYDAutoSettingDevice: postEvent device_type: 1023, event_type =40200037, value = 1
05-28 16:41:20.636  3523 31174 D AbsBYDAutoDevice: set featureIDs is int[]: [6dc00826, 6dc00810, 6dc00818, 6dc00808, 6dc00827, ] intArrayValue is int[]: [1, 53, 6, 0, 0, ]
05-28 16:41:20.863  5789  5789 D BYDAutoSettingDevice: postEvent device_type: 1023, event_type =48600040, value = 0
05-28 16:41:20.868  5789  5789 D BYDAutoSettingDevice: postEvent device_type: 1023, event_type =40200037, value = 0
05-28 16:41:20.871  5789  5789 D BYDAutoSettingDevice: postEvent device_type: 1023, event_type =48600040, value = 1
05-28 16:41:20.871  5789  5789 D BYDAutoSettingDevice: postEvent device_type: 1023, event_type =42f00037, value = 1
05-28 16:41:20.918  5789  5789 D BYDAutoSettingDevice: postEvent device_type: 1023, event_type =48600040, value = 0
05-28 16:41:20.918  5789  5789 D BYDAutoSettingDevice: postEvent device_type: 1023, event_type =42f00037, value = 0
05-28 16:41:21.450  1133  1484 D AbsBYDAutoDevice: set featureID is 4c11e024 intValue is 2
05-28 16:41:21.600  5789  5789 D BYDAutoSettingDevice: postEvent device_type: 1023, event_type =48600040, value = 1
05-28 16:41:21.602  5789  5789 D BYDAutoSettingDevice: postEvent device_type: 1023, event_type =40200037, value = 1
05-28 16:41:21.639  3523 31174 D AbsBYDAutoDevice: set featureIDs is int[]: [6dc00826, 6dc00810, 6dc00818, 6dc00808, 6dc00827, ] intArrayValue is int[]: [1, 53, 6, 0, 0, ]
05-28 16:41:21.860  5789  5789 D BYDAutoSettingDevice: postEvent device_type: 1023, event_type =48600040, value = 0
05-28 16:41:21.861  5789  5789 D BYDAutoSettingDevice: postEvent device_type: 1023, event_type =40200037, value = 0
05-28 16:41:21.872  5789  5789 D BYDAutoSettingDevice: postEvent device_type: 1023, event_type =48600040, value = 1
05-28 16:41:21.872  5789  5789 D BYDAutoSettingDevice: postEvent device_type: 1023, event_type =42f00037, value = 1
05-28 16:41:21.916  5789  5789 D BYDAutoSettingDevice: postEvent device_type: 1023, event_type =48600040, value = 0
05-28 16:41:21.916  5789  5789 D BYDAutoSettingDevice: postEvent device_type: 1023, event_type =42f00037, value = 0
05-28 16:41:21.967  4583 25792 D AbsBYDAutoDevice: int[] eventTypes is int[]: [99000150, ]
05-28 16:41:21.986  4583 25792 D AbsBYDAutoDevice: int[] eventTypes is int[]: [99000150, ]
05-28 16:41:22.606  5789  5789 D BYDAutoSettingDevice: postEvent device_type: 1023, event_type =48600040, value = 1
05-28 16:41:22.606  5789  5789 D BYDAutoSettingDevice: postEvent device_type: 1023, event_type =40200037, value = 1
05-28 16:41:22.643  3523 31174 D AbsBYDAutoDevice: set featureIDs is int[]: [6dc00826, 6dc00810, 6dc00818, 6dc00808, 6dc00827, ] intArrayValue is int[]: [1, 53, 6, 0, 0, ]
05-28 16:41:22.867  5789  5789 D BYDAutoSettingDevice: postEvent device_type: 1023, event_type =48600040, value = 0
05-28 16:41:22.867  5789  5789 D BYDAutoSettingDevice: postEvent device_type: 1023, event_type =40200037, value = 0
05-28 16:41:22.875  5789  5789 D BYDAutoSettingDevice: postEvent device_type: 1023, event_type =48600040, value = 1
05-28 16:41:22.875  5789  5789 D BYDAutoSettingDevice: postEvent device_type: 1023, event_type =42f00037, value = 1
05-28 16:41:22.919  5789  5789 D BYDAutoSettingDevice: postEvent device_type: 1023, event_type =48600040, value = 0
05-28 16:41:22.919  5789  5789 D BYDAutoSettingDevice: postEvent device_type: 1023, event_type =42f00037, value = 0
05-28 16:41:23.603  5789  5789 D BYDAutoSettingDevice: postEvent device_type: 1023, event_type =48600040, value = 1
05-28 16:41:23.603  5789  5789 D BYDAutoSettingDevice: postEvent device_type: 1023, event_type =40200037, value = 1
05-28 16:41:23.650  3523 31174 D AbsBYDAutoDevice: set featureIDs is int[]: [6dc00826, 6dc00810, 6dc00818, 6dc00808, 6dc00827, ] intArrayValue is int[]: [1, 53, 6, 0, 0, ]
05-28 16:41:23.867  5789  5789 D BYDAutoSettingDevice: postEvent device_type: 1023, event_type =48600040, value = 0
05-28 16:41:23.871  5789  5789 D BYDAutoSettingDevice: postEvent device_type: 1023, event_type =40200037, value = 0
05-28 16:41:23.872  5789  5789 D BYDAutoSettingDevice: postEvent device_type: 1023, event_type =48600040, value = 1
05-28 16:41:23.872  5789  5789 D BYDAutoSettingDevice: postEvent device_type: 1023, event_type =42f00037, value = 1
05-28 16:41:23.916  5789  5789 D BYDAutoSettingDevice: postEvent device_type: 1023, event_type =48600040, value = 0
05-28 16:41:23.916  5789  5789 D BYDAutoSettingDevice: postEvent device_type: 1023, event_type =42f00037, value = 0
05-28 16:41:24.598  5789  5789 D BYDAutoSettingDevice: postEvent device_type: 1023, event_type =48600040, value = 1
05-28 16:41:24.602  5789  5789 D BYDAutoSettingDevice: postEvent device_type: 1023, event_type =40200037, value = 1
05-28 16:41:24.654  3523 31174 D AbsBYDAutoDevice: set featureIDs is int[]: [6dc00826, 6dc00810, 6dc00818, 6dc00808, 6dc00827, ] intArrayValue is int[]: [1, 53, 6, 0, 0, ]
05-28 16:41:24.859  5789  5789 D BYDAutoSettingDevice: postEvent device_type: 1023, event_type =48600040, value = 0
05-28 16:41:24.859  5789  5789 D BYDAutoSettingDevice: postEvent device_type: 1023, event_type =40200037, value = 0
05-28 16:41:24.870  5789  5789 D BYDAutoSettingDevice: postEvent device_type: 1023, event_type =48600040, value = 1
05-28 16:41:24.871  5789  5789 D BYDAutoSettingDevice: postEvent device_type: 1023, event_type =42f00037, value = 1
05-28 16:41:24.919  5789  5789 D BYDAutoSettingDevice: postEvent device_type: 1023, event_type =48600040, value = 0
05-28 16:41:24.920  5789  5789 D BYDAutoSettingDevice: postEvent device_type: 1023, event_type =42f00037, value = 0
05-28 16:41:25.605  5789  5789 D BYDAutoSettingDevice: postEvent device_type: 1023, event_type =48600040, value = 1
05-28 16:41:25.605  5789  5789 D BYDAutoSettingDevice: postEvent device_type: 1023, event_type =40200037, value = 1
05-28 16:41:25.660  3523 31174 D AbsBYDAutoDevice: set featureIDs is int[]: [6dc00826, 6dc00810, 6dc00818, 6dc00808, 6dc00827, ] intArrayValue is int[]: [1, 53, 6, 0, 0, ]
05-28 16:41:25.868  5789  5789 D BYDAutoSettingDevice: postEvent device_type: 1023, event_type =48600040, value = 0
05-28 16:41:25.868  5789  5789 D BYDAutoSettingDevice: postEvent device_type: 1023, event_type =40200037, value = 0
05-28 16:41:25.876  5789  5789 D BYDAutoSettingDevice: postEvent device_type: 1023, event_type =48600040, value = 1
05-28 16:41:25.876  5789  5789 D BYDAutoSettingDevice: postEvent device_type: 1023, event_type =42f00037, value = 1
05-28 16:41:25.916  5789  5789 D BYDAutoSettingDevice: postEvent device_type: 1023, event_type =48600040, value = 0
05-28 16:41:25.916  5789  5789 D BYDAutoSettingDevice: postEvent device_type: 1023, event_type =42f00037, value = 0
05-28 16:41:26.472  1133  1484 D AbsBYDAutoDevice: set featureID is 4c11e024 intValue is 2
05-28 16:41:26.609  5789  5789 D BYDAutoSettingDevice: postEvent device_type: 1023, event_type =48600040, value = 1
05-28 16:41:26.609  5789  5789 D BYDAutoSettingDevice: postEvent device_type: 1023, event_type =40200037, value = 1
05-28 16:41:26.671  3523 31174 D AbsBYDAutoDevice: set featureIDs is int[]: [6dc00826, 6dc00810, 6dc00818, 6dc00808, 6dc00827, ] intArrayValue is int[]: [1, 53, 6, 0, 0, ]
05-28 16:41:26.861  5789  5789 D BYDAutoSettingDevice: postEvent device_type: 1023, event_type =48600040, value = 0
05-28 16:41:26.861  5789  5789 D BYDAutoSettingDevice: postEvent device_type: 1023, event_type =40200037, value = 0
05-28 16:41:26.871  5789  5789 D BYDAutoSettingDevice: postEvent device_type: 1023, event_type =48600040, value = 1
05-28 16:41:26.872  5789  5789 D BYDAutoSettingDevice: postEvent device_type: 1023, event_type =42f00037, value = 1
05-28 16:41:26.919  5789  5789 D BYDAutoSettingDevice: postEvent device_type: 1023, event_type =48600040, value = 0
05-28 16:41:26.919  5789  5789 D BYDAutoSettingDevice: postEvent device_type: 1023, event_type =42f00037, value = 0
05-28 16:41:27.207  4840 29542 D AbsBYDAutoDevice: int eventTypes is 3a000000
05-28 16:41:27.601  5789  5789 D BYDAutoSettingDevice: postEvent device_type: 1023, event_type =48600040, value = 1
05-28 16:41:27.601  5789  5789 D BYDAutoSettingDevice: postEvent device_type: 1023, event_type =40200037, value = 1
05-28 16:41:27.678  3523 31174 D AbsBYDAutoDevice: set featureIDs is int[]: [6dc00826, 6dc00810, 6dc00818, 6dc00808, 6dc00827, ] intArrayValue is int[]: [1, 53, 6, 0, 0, ]
05-28 16:41:27.863  5789  5789 D BYDAutoSettingDevice: postEvent device_type: 1023, event_type =48600040, value = 0
05-28 16:41:27.863  5789  5789 D BYDAutoSettingDevice: postEvent device_type: 1023, event_type =40200037, value = 0
05-28 16:41:27.872  5789  5789 D BYDAutoSettingDevice: postEvent device_type: 1023, event_type =48600040, value = 1
05-28 16:41:27.874  5789  5789 D BYDAutoSettingDevice: postEvent device_type: 1023, event_type =42f00037, value = 1
05-28 16:41:27.919  5789  5789 D BYDAutoSettingDevice: postEvent device_type: 1023, event_type =48600040, value = 0
05-28 16:41:27.919  5789  5789 D BYDAutoSettingDevice: postEvent device_type: 1023, event_type =42f00037, value = 0
05-28 16:41:27.984 28423 28423 D AbsBYDAutoDevice: set featureID is 4c10e03c intValue is 1
05-28 16:41:27.985 28423 28423 D AbsBYDAutoDevice: int eventTypes is 38b0001c
05-28 16:41:27.985 28423 28423 D AbsBYDAutoDevice: int eventTypes is 4c50000b
05-28 16:41:28.004 28423 28423 D BYDAutoSettingDevice: postEvent device_type: 1023, event_type =38b00038, value = 1
05-28 16:41:28.005 28423 28423 D AbsBYDAutoDevice: int eventTypes is 38b0001c
05-28 16:41:28.005 28423 28423 D AbsBYDAutoDevice: int eventTypes is 4c50000b
05-28 16:41:28.007  5789  5789 D BYDAutoSettingDevice: postEvent device_type: 1023, event_type =38b00038, value = 1
05-28 16:41:28.607  5789  5789 D BYDAutoSettingDevice: postEvent device_type: 1023, event_type =48600040, value = 1
05-28 16:41:28.608  5789  5789 D BYDAutoSettingDevice: postEvent device_type: 1023, event_type =40200037, value = 1
05-28 16:41:28.691  3523 31174 D AbsBYDAutoDevice: set featureIDs is int[]: [6dc00826, 6dc00810, 6dc00818, 6dc00808, 6dc00827, ] intArrayValue is int[]: [1, 53, 6, 0, 0, ]
05-28 16:41:28.861  5789  5789 D BYDAutoSettingDevice: postEvent device_type: 1023, event_type =48600040, value = 0
05-28 16:41:28.861  5789  5789 D BYDAutoSettingDevice: postEvent device_type: 1023, event_type =40200037, value = 0
05-28 16:41:28.871  5789  5789 D BYDAutoSettingDevice: postEvent device_type: 1023, event_type =48600040, value = 1
05-28 16:41:28.871  5789  5789 D BYDAutoSettingDevice: postEvent device_type: 1023, event_type =42f00037, value = 1
05-28 16:41:28.920  5789  5789 D BYDAutoSettingDevice: postEvent device_type: 1023, event_type =48600040, value = 0
05-28 16:41:28.920  5789  5789 D BYDAutoSettingDevice: postEvent device_type: 1023, event_type =42f00037, value = 0
05-28 16:41:29.051  4278 31074 D AbsBYDAutoDevice: int eventTypes is 3bb00000
05-28 16:41:29.052  4278 31074 D AbsBYDAutoDevice: int eventTypes is 3c800000
05-28 16:41:29.052  4278 31074 D AbsBYDAutoDevice: int eventTypes is 3f200042
05-28 16:41:29.053  4278 31074 D AbsBYDAutoDevice: int eventTypes is 3f200008
05-28 16:41:29.053  4278 31074 D AbsBYDAutoDevice: int eventTypes is 3a000000
05-28 16:41:29.054  4278 31074 D AbsBYDAutoDevice: int eventTypes is 3a300000
05-28 16:41:29.608  5789  5789 D BYDAutoSettingDevice: postEvent device_type: 1023, event_type =48600040, value = 1
05-28 16:41:29.608  5789  5789 D BYDAutoSettingDevice: postEvent device_type: 1023, event_type =40200037, value = 1
05-28 16:41:29.694  3523 31174 D AbsBYDAutoDevice: set featureIDs is int[]: [6dc00826, 6dc00810, 6dc00818, 6dc00808, 6dc00827, ] intArrayValue is int[]: [1, 53, 6, 0, 0, ]
05-28 16:41:29.785 28423 28423 D AbsBYDAutoDevice: int eventTypes is 38b00038
05-28 16:41:29.785 28423 28423 D AbsBYDAutoDevice: int eventTypes is 38b0001c
05-28 16:41:29.786 28423 28423 D AbsBYDAutoDevice: int eventTypes is 4c50000b
05-28 16:41:29.786 28423 28423 D AbsBYDAutoDevice: int eventTypes is 38b00038
05-28 16:41:29.863  5789  5789 D BYDAutoSettingDevice: postEvent device_type: 1023, event_type =48600040, value = 0
05-28 16:41:29.864  5789  5789 D BYDAutoSettingDevice: postEvent device_type: 1023, event_type =40200037, value = 0
05-28 16:41:29.870  5789  5789 D BYDAutoSettingDevice: postEvent device_type: 1023, event_type =48600040, value = 1
05-28 16:41:29.870  5789  5789 D BYDAutoSettingDevice: postEvent device_type: 1023, event_type =42f00037, value = 1
05-28 16:41:29.918  5789  5789 D BYDAutoSettingDevice: postEvent device_type: 1023, event_type =48600040, value = 0
05-28 16:41:29.918  5789  5789 D BYDAutoSettingDevice: postEvent device_type: 1023, event_type =42f00037, value = 0
05-28 16:41:30.597  5789  5789 D BYDAutoSettingDevice: postEvent device_type: 1023, event_type =48600040, value = 1
05-28 16:41:30.597  5789  5789 D BYDAutoSettingDevice: postEvent device_type: 1023, event_type =40200037, value = 1
05-28 16:41:30.700  3523 31174 D AbsBYDAutoDevice: set featureIDs is int[]: [6dc00826, 6dc00810, 6dc00818, 6dc00808, 6dc00827, ] intArrayValue is int[]: [1, 53, 6, 0, 0, ]
05-28 16:41:30.863  5789  5789 D BYDAutoSettingDevice: postEvent device_type: 1023, event_type =48600040, value = 0
05-28 16:41:30.863  5789  5789 D BYDAutoSettingDevice: postEvent device_type: 1023, event_type =40200037, value = 0
05-28 16:41:30.873  5789  5789 D BYDAutoSettingDevice: postEvent device_type: 1023, event_type =48600040, value = 1
05-28 16:41:30.873  5789  5789 D BYDAutoSettingDevice: postEvent device_type: 1023, event_type =42f00037, value = 1
05-28 16:41:30.920  5789  5789 D BYDAutoSettingDevice: postEvent device_type: 1023, event_type =48600040, value = 0
05-28 16:41:30.920  5789  5789 D BYDAutoSettingDevice: postEvent device_type: 1023, event_type =42f00037, value = 0
05-28 16:41:31.499  1133  1484 D AbsBYDAutoDevice: set featureID is 4c11e024 intValue is 2
05-28 16:41:31.598  5789  5789 D BYDAutoSettingDevice: postEvent device_type: 1023, event_type =48600040, value = 1
05-28 16:41:31.600  5789  5789 D BYDAutoSettingDevice: postEvent device_type: 1023, event_type =40200037, value = 1
05-28 16:41:31.704  3523 31174 D AbsBYDAutoDevice: set featureIDs is int[]: [6dc00826, 6dc00810, 6dc00818, 6dc00808, 6dc00827, ] intArrayValue is int[]: [1, 53, 6, 0, 0, ]
05-28 16:41:31.861  5789  5789 D BYDAutoSettingDevice: postEvent device_type: 1023, event_type =48600040, value = 0
05-28 16:41:31.861  5789  5789 D BYDAutoSettingDevice: postEvent device_type: 1023, event_type =40200037, value = 0
05-28 16:41:31.872  5789  5789 D BYDAutoSettingDevice: postEvent device_type: 1023, event_type =48600040, value = 1
05-28 16:41:31.872  5789  5789 D BYDAutoSettingDevice: postEvent device_type: 1023, event_type =42f00037, value = 1
05-28 16:41:31.919  5789  5789 D BYDAutoSettingDevice: postEvent device_type: 1023, event_type =48600040, value = 0
05-28 16:41:31.919  5789  5789 D BYDAutoSettingDevice: postEvent device_type: 1023, event_type =42f00037, value = 0
05-28 16:41:32.602  5789  5789 D BYDAutoSettingDevice: postEvent device_type: 1023, event_type =48600040, value = 1
05-28 16:41:32.603  5789  5789 D BYDAutoSettingDevice: postEvent device_type: 1023, event_type =40200037, value = 1
05-28 16:41:32.709  3523 31174 D AbsBYDAutoDevice: set featureIDs is int[]: [6dc00826, 6dc00810, 6dc00818, 6dc00808, 6dc00827, ] intArrayValue is int[]: [1, 53, 6, 0, 0, ]
05-28 16:41:32.862  5789  5789 D BYDAutoSettingDevice: postEvent device_type: 1023, event_type =48600040, value = 0
05-28 16:41:32.862  5789  5789 D BYDAutoSettingDevice: postEvent device_type: 1023, event_type =40200037, value = 0
05-28 16:41:32.871  5789  5789 D BYDAutoSettingDevice: postEvent device_type: 1023, event_type =48600040, value = 1
05-28 16:41:32.871  5789  5789 D BYDAutoSettingDevice: postEvent device_type: 1023, event_type =42f00037, value = 1
05-28 16:41:32.926  5789  5789 D BYDAutoSettingDevice: postEvent device_type: 1023, event_type =48600040, value = 0
05-28 16:41:32.926  5789  5789 D BYDAutoSettingDevice: postEvent device_type: 1023, event_type =42f00037, value = 0
05-28 16:41:33.606  5789  5789 D BYDAutoSettingDevice: postEvent device_type: 1023, event_type =48600040, value = 1
05-28 16:41:33.606  5789  5789 D BYDAutoSettingDevice: postEvent device_type: 1023, event_type =40200037, value = 1
05-28 16:41:33.712  3523 31174 D AbsBYDAutoDevice: set featureIDs is int[]: [6dc00826, 6dc00810, 6dc00818, 6dc00808, 6dc00827, ] intArrayValue is int[]: [1, 53, 6, 0, 0, ]
05-28 16:41:33.864  5789  5789 D BYDAutoSettingDevice: postEvent device_type: 1023, event_type =48600040, value = 0
05-28 16:41:33.864  5789  5789 D BYDAutoSettingDevice: postEvent device_type: 1023, event_type =40200037, value = 0
05-28 16:41:33.874  5789  5789 D BYDAutoSettingDevice: postEvent device_type: 1023, event_type =48600040, value = 1
05-28 16:41:33.875  5789  5789 D BYDAutoSettingDevice: postEvent device_type: 1023, event_type =42f00037, value = 1
05-28 16:41:33.925  5789  5789 D BYDAutoSettingDevice: postEvent device_type: 1023, event_type =48600040, value = 0
05-28 16:41:33.926  5789  5789 D BYDAutoSettingDevice: postEvent device_type: 1023, event_type =42f00037, value = 0
05-28 16:41:34.596  5789  5789 D BYDAutoSettingDevice: postEvent device_type: 1023, event_type =48600040, value = 1
05-28 16:41:34.596  5789  5789 D BYDAutoSettingDevice: postEvent device_type: 1023, event_type =40200037, value = 1
05-28 16:41:34.718  3523 31174 D AbsBYDAutoDevice: set featureIDs is int[]: [6dc00826, 6dc00810, 6dc00818, 6dc00808, 6dc00827, ] intArrayValue is int[]: [1, 53, 6, 0, 0, ]
05-28 16:41:34.866  5789  5789 D BYDAutoSettingDevice: postEvent device_type: 1023, event_type =48600040, value = 0
05-28 16:41:34.866  5789  5789 D BYDAutoSettingDevice: postEvent device_type: 1023, event_type =40200037, value = 0
05-28 16:41:34.871  5789  5789 D BYDAutoSettingDevice: postEvent device_type: 1023, event_type =48600040, value = 1
05-28 16:41:34.872  5789  5789 D BYDAutoSettingDevice: postEvent device_type: 1023, event_type =42f00037, value = 1
05-28 16:41:34.926  5789  5789 D BYDAutoSettingDevice: postEvent device_type: 1023, event_type =48600040, value = 0
05-28 16:41:34.926  5789  5789 D BYDAutoSettingDevice: postEvent device_type: 1023, event_type =42f00037, value = 0
05-28 16:41:35.597  5789  5789 D BYDAutoSettingDevice: postEvent device_type: 1023, event_type =48600040, value = 1
05-28 16:41:35.597  5789  5789 D BYDAutoSettingDevice: postEvent device_type: 1023, event_type =40200037, value = 1
05-28 16:41:35.720  3523 31174 D AbsBYDAutoDevice: set featureIDs is int[]: [6dc00826, 6dc00810, 6dc00818, 6dc00808, 6dc00827, ] intArrayValue is int[]: [1, 53, 6, 0, 0, ]
05-28 16:41:35.866  5789  5789 D BYDAutoSettingDevice: postEvent device_type: 1023, event_type =48600040, value = 0
05-28 16:41:35.866  5789  5789 D BYDAutoSettingDevice: postEvent device_type: 1023, event_type =40200037, value = 0
05-28 16:41:35.874  5789  5789 D BYDAutoSettingDevice: postEvent device_type: 1023, event_type =48600040, value = 1
05-28 16:41:35.874  5789  5789 D BYDAutoSettingDevice: postEvent device_type: 1023, event_type =42f00037, value = 1
05-28 16:41:35.922  5789  5789 D BYDAutoSettingDevice: postEvent device_type: 1023, event_type =48600040, value = 0
05-28 16:41:35.923  5789  5789 D BYDAutoSettingDevice: postEvent device_type: 1023, event_type =42f00037, value = 0
05-28 16:41:36.529  1133  1484 D AbsBYDAutoDevice: set featureID is 4c11e024 intValue is 2
05-28 16:41:36.599  5789  5789 D BYDAutoSettingDevice: postEvent device_type: 1023, event_type =48600040, value = 1
05-28 16:41:36.599  5789  5789 D BYDAutoSettingDevice: postEvent device_type: 1023, event_type =40200037, value = 1
05-28 16:41:36.735  3523 31174 D AbsBYDAutoDevice: set featureIDs is int[]: [6dc00826, 6dc00810, 6dc00818, 6dc00808, 6dc00827, ] intArrayValue is int[]: [1, 53, 6, 0, 0, ]
05-28 16:41:36.865  5789  5789 D BYDAutoSettingDevice: postEvent device_type: 1023, event_type =48600040, value = 0
05-28 16:41:36.865  5789  5789 D BYDAutoSettingDevice: postEvent device_type: 1023, event_type =40200037, value = 0
05-28 16:41:36.875  5789  5789 D BYDAutoSettingDevice: postEvent device_type: 1023, event_type =48600040, value = 1
05-28 16:41:36.875  5789  5789 D BYDAutoSettingDevice: postEvent device_type: 1023, event_type =42f00037, value = 1
05-28 16:41:36.926  5789  5789 D BYDAutoSettingDevice: postEvent device_type: 1023, event_type =48600040, value = 0
05-28 16:41:36.926  5789  5789 D BYDAutoSettingDevice: postEvent device_type: 1023, event_type =42f00037, value = 0
05-28 16:41:37.599  5789  5789 D BYDAutoSettingDevice: postEvent device_type: 1023, event_type =48600040, value = 1
05-28 16:41:37.599  5789  5789 D BYDAutoSettingDevice: postEvent device_type: 1023, event_type =40200037, value = 1
05-28 16:41:37.739  3523 31174 D AbsBYDAutoDevice: set featureIDs is int[]: [6dc00826, 6dc00810, 6dc00818, 6dc00808, 6dc00827, ] intArrayValue is int[]: [1, 53, 6, 0, 0, ]
05-28 16:41:37.862  5789  5789 D BYDAutoSettingDevice: postEvent device_type: 1023, event_type =48600040, value = 0
05-28 16:41:37.863  5789  5789 D BYDAutoSettingDevice: postEvent device_type: 1023, event_type =40200037, value = 0
05-28 16:41:37.873  5789  5789 D BYDAutoSettingDevice: postEvent device_type: 1023, event_type =48600040, value = 1
05-28 16:41:37.874  5789  5789 D BYDAutoSettingDevice: postEvent device_type: 1023, event_type =42f00037, value = 1
05-28 16:41:37.925  5789  5789 D BYDAutoSettingDevice: postEvent device_type: 1023, event_type =48600040, value = 0
05-28 16:41:37.927  5789  5789 D BYDAutoSettingDevice: postEvent device_type: 1023, event_type =42f00037, value = 0
05-28 16:41:38.337  4278 31074 D AbsBYDAutoDevice: int eventTypes is 3bb00000
05-28 16:41:38.340  4278 31074 D AbsBYDAutoDevice: int eventTypes is 3c800000
05-28 16:41:38.342  4278 31074 D AbsBYDAutoDevice: int eventTypes is 3f200042
05-28 16:41:38.343  4278 31074 D AbsBYDAutoDevice: int eventTypes is 3f200008
05-28 16:41:38.344  4278 31074 D AbsBYDAutoDevice: int eventTypes is 3a000000
05-28 16:41:38.348  4278 31074 D AbsBYDAutoDevice: int eventTypes is 3a300000
05-28 16:41:38.613  5789  5789 D BYDAutoSettingDevice: postEvent device_type: 1023, event_type =48600040, value = 1
05-28 16:41:38.613  5789  5789 D BYDAutoSettingDevice: postEvent device_type: 1023, event_type =40200037, value = 1
05-28 16:41:38.745  3523 31174 D AbsBYDAutoDevice: set featureIDs is int[]: [6dc00826, 6dc00810, 6dc00818, 6dc00808, 6dc00827, ] intArrayValue is int[]: [1, 53, 6, 0, 0, ]
05-28 16:41:38.865  5789  5789 D BYDAutoSettingDevice: postEvent device_type: 1023, event_type =48600040, value = 0
05-28 16:41:38.868  5789  5789 D BYDAutoSettingDevice: postEvent device_type: 1023, event_type =40200037, value = 0
05-28 16:41:38.869  5789  5789 D BYDAutoSettingDevice: postEvent device_type: 1023, event_type =48600040, value = 1
05-28 16:41:38.869  5789  5789 D BYDAutoSettingDevice: postEvent device_type: 1023, event_type =42f00037, value = 1
05-28 16:41:38.923  5789  5789 D BYDAutoSettingDevice: postEvent device_type: 1023, event_type =48600040, value = 0
05-28 16:41:38.924  5789  5789 D BYDAutoSettingDevice: postEvent device_type: 1023, event_type =42f00037, value = 0
05-28 16:41:39.601  5789  5789 D BYDAutoSettingDevice: postEvent device_type: 1023, event_type =48600040, value = 1
05-28 16:41:39.601  5789  5789 D BYDAutoSettingDevice: postEvent device_type: 1023, event_type =40200037, value = 1
05-28 16:41:39.748  3523 31174 D AbsBYDAutoDevice: set featureIDs is int[]: [6dc00826, 6dc00810, 6dc00818, 6dc00808, 6dc00827, ] intArrayValue is int[]: [1, 53, 6, 0, 0, ]
05-28 16:41:39.865  5789  5789 D BYDAutoSettingDevice: postEvent device_type: 1023, event_type =48600040, value = 0
05-28 16:41:39.865  5789  5789 D BYDAutoSettingDevice: postEvent device_type: 1023, event_type =40200037, value = 0
05-28 16:41:39.872  5789  5789 D BYDAutoSettingDevice: postEvent device_type: 1023, event_type =48600040, value = 1
05-28 16:41:39.874  5789  5789 D BYDAutoSettingDevice: postEvent device_type: 1023, event_type =42f00037, value = 1
05-28 16:41:39.920  5789  5789 D BYDAutoSettingDevice: postEvent device_type: 1023, event_type =48600040, value = 0
05-28 16:41:39.920  5789  5789 D BYDAutoSettingDevice: postEvent device_type: 1023, event_type =42f00037, value = 0
05-28 16:41:40.597  5789  5789 D BYDAutoSettingDevice: postEvent device_type: 1023, event_type =48600040, value = 1
05-28 16:41:40.599  5789  5789 D BYDAutoSettingDevice: postEvent device_type: 1023, event_type =40200037, value = 1
05-28 16:41:40.761  3523 31174 D AbsBYDAutoDevice: set featureIDs is int[]: [6dc00826, 6dc00810, 6dc00818, 6dc00808, 6dc00827, ] intArrayValue is int[]: [1, 53, 6, 0, 0, ]
05-28 16:41:40.873  5789  5789 D BYDAutoSettingDevice: postEvent device_type: 1023, event_type =48600040, value = 0
05-28 16:41:40.874  5789  5789 D BYDAutoSettingDevice: postEvent device_type: 1023, event_type =40200037, value = 0
05-28 16:41:40.874  5789  5789 D BYDAutoSettingDevice: postEvent device_type: 1023, event_type =48600040, value = 1
05-28 16:41:40.874  5789  5789 D BYDAutoSettingDevice: postEvent device_type: 1023, event_type =42f00037, value = 1
05-28 16:41:40.928  5789  5789 D BYDAutoSettingDevice: postEvent device_type: 1023, event_type =48600040, value = 0
05-28 16:41:40.928  5789  5789 D BYDAutoSettingDevice: postEvent device_type: 1023, event_type =42f00037, value = 0
05-28 16:41:41.426 28423 28423 D AbsBYDAutoDevice: set featureID is 4c10e032 intValue is 1
05-28 16:41:41.487 28423 28423 D BYDAutoSettingDevice: postEvent device_type: 1023, event_type =38b00032, value = 1
05-28 16:41:41.489  5789  5789 D BYDAutoSettingDevice: postEvent device_type: 1023, event_type =38b00032, value = 1
05-28 16:41:41.533  1133  1484 D AbsBYDAutoDevice: set featureID is 4c11e024 intValue is 2
05-28 16:41:41.598  5789  5789 D BYDAutoSettingDevice: postEvent device_type: 1023, event_type =48600040, value = 1
05-28 16:41:41.598  5789  5789 D BYDAutoSettingDevice: postEvent device_type: 1023, event_type =40200037, value = 1
05-28 16:41:41.765  3523 31174 D AbsBYDAutoDevice: set featureIDs is int[]: [6dc00826, 6dc00810, 6dc00818, 6dc00808, 6dc00827, ] intArrayValue is int[]: [1, 53, 6, 0, 0, ]
05-28 16:41:41.865  5789  5789 D BYDAutoSettingDevice: postEvent device_type: 1023, event_type =48600040, value = 0
05-28 16:41:41.866  5789  5789 D BYDAutoSettingDevice: postEvent device_type: 1023, event_type =40200037, value = 0
05-28 16:41:41.873  5789  5789 D BYDAutoSettingDevice: postEvent device_type: 1023, event_type =48600040, value = 1
05-28 16:41:41.873  5789  5789 D BYDAutoSettingDevice: postEvent device_type: 1023, event_type =42f00037, value = 1
05-28 16:41:41.928  5789  5789 D BYDAutoSettingDevice: postEvent device_type: 1023, event_type =48600040, value = 0
05-28 16:41:41.929  5789  5789 D BYDAutoSettingDevice: postEvent device_type: 1023, event_type =42f00037, value = 0
05-28 16:41:42.596  5789  5789 D BYDAutoSettingDevice: postEvent device_type: 1023, event_type =48600040, value = 1
05-28 16:41:42.596  5789  5789 D BYDAutoSettingDevice: postEvent device_type: 1023, event_type =40200037, value = 1
05-28 16:41:42.769  3523 31174 D AbsBYDAutoDevice: set featureIDs is int[]: [6dc00826, 6dc00810, 6dc00818, 6dc00808, 6dc00827, ] intArrayValue is int[]: [1, 53, 6, 0, 0, ]
05-28 16:41:42.864  5789  5789 D BYDAutoSettingDevice: postEvent device_type: 1023, event_type =48600040, value = 0
05-28 16:41:42.864  5789  5789 D BYDAutoSettingDevice: postEvent device_type: 1023, event_type =40200037, value = 0
05-28 16:41:42.871  5789  5789 D BYDAutoSettingDevice: postEvent device_type: 1023, event_type =48600040, value = 1
05-28 16:41:42.871  5789  5789 D BYDAutoSettingDevice: postEvent device_type: 1023, event_type =42f00037, value = 1
05-28 16:41:42.930  5789  5789 D BYDAutoSettingDevice: postEvent device_type: 1023, event_type =48600040, value = 0
05-28 16:41:42.931  5789  5789 D BYDAutoSettingDevice: postEvent device_type: 1023, event_type =42f00037, value = 0
05-28 16:41:43.211 28423 28423 D AbsBYDAutoDevice: int eventTypes is 38b00032
05-28 16:41:43.603  5789  5789 D BYDAutoSettingDevice: postEvent device_type: 1023, event_type =48600040, value = 1
05-28 16:41:43.603  5789  5789 D BYDAutoSettingDevice: postEvent device_type: 1023, event_type =40200037, value = 1
05-28 16:41:43.773  3523 31174 D AbsBYDAutoDevice: set featureIDs is int[]: [6dc00826, 6dc00810, 6dc00818, 6dc00808, 6dc00827, ] intArrayValue is int[]: [1, 53, 6, 0, 0, ]
05-28 16:41:43.865  5789  5789 D BYDAutoSettingDevice: postEvent device_type: 1023, event_type =48600040, value = 0
05-28 16:41:43.865  5789  5789 D BYDAutoSettingDevice: postEvent device_type: 1023, event_type =40200037, value = 0
05-28 16:41:43.873  5789  5789 D BYDAutoSettingDevice: postEvent device_type: 1023, event_type =48600040, value = 1
05-28 16:41:43.873  5789  5789 D BYDAutoSettingDevice: postEvent device_type: 1023, event_type =42f00037, value = 1
05-28 16:41:43.927  5789  5789 D BYDAutoSettingDevice: postEvent device_type: 1023, event_type =48600040, value = 0
05-28 16:41:43.927  5789  5789 D BYDAutoSettingDevice: postEvent device_type: 1023, event_type =42f00037, value = 0
05-28 16:41:44.600  5789  5789 D BYDAutoSettingDevice: postEvent device_type: 1023, event_type =48600040, value = 1
