05-28 16:40:59.654  1133  1133 I notification_enqueue: [10142,1888,com.bydmate.app,1,NULL,0,Notification(channel=bydmate_tracking shortcut=null contentView=null vibrate=null sound=null defaults=0x0 flags=0x42 color=0x00000000 vis=PRIVATE),1]
05-28 16:41:02.162  1133  1655 I input_interaction: Interaction with: 22c2b1c NavigationBar0 (server), byd-gesture (server), status-bar-cycle (server), PointerEventDispatcher0 (server), 
05-28 16:41:02.710  1133  4686 I wm_create_activity: [0,140350299,21,com.byd.carsettings/.MainActivity,byd.intent.action.acsettings,NULL,NULL,270532608]
05-28 16:41:02.716  1133  1133 I notification_enqueue: [10142,1888,com.bydmate.app,1,NULL,0,Notification(channel=bydmate_tracking shortcut=null contentView=null vibrate=null sound=null defaults=0x0 flags=0x42 color=0x00000000 vis=PRIVATE),1]
05-28 16:41:02.728  1133  2437 I wm_restart_activity: [0,140350299,21,com.byd.carsettings/.MainActivity]
05-28 16:41:02.734  1133  2437 I wm_set_resumed_activity: [0,com.byd.carsettings/.MainActivity,minimalResumeActivityLocked]
05-28 16:41:03.009 28423 28423 I wm_on_create_called: [140350299,com.byd.carsettings.MainActivity,performCreate]
05-28 16:41:03.060 28423 28423 I wm_on_start_called: [140350299,com.byd.carsettings.MainActivity,handleStartActivity]
05-28 16:41:03.062 28423 28423 I wm_on_resume_called: [140350299,com.byd.carsettings.MainActivity,RESUME_ACTIVITY]
05-28 16:41:03.136  1133  1263 I input_focus: [Focus request c639c1f com.byd.carsettings/com.byd.carsettings.MainActivity,reason=UpdateInputWindows]
05-28 16:41:03.193 28423 28423 I wm_on_top_resumed_gained_called: [140350299,com.byd.carsettings.MainActivity,topStateChangedWhenResumed]
05-28 16:41:03.222  1133  1655 I input_focus: [Focus entering c639c1f com.byd.carsettings/com.byd.carsettings.MainActivity (server),reason=Window became focusable. Previous reason: NOT_VISIBLE]
05-28 16:41:03.252  1133  1258 I sysui_multi_action: [319,291,321,196,322,502,325,2274,757,761,758,8,759,1,806,com.byd.carsettings,871,com.byd.carsettings.MainActivity,904,com.android.systemui,905,0,1320,9,1321,1]
05-28 16:41:03.254  1133  1258 I wm_activity_launch_time: [0,140350299,com.byd.carsettings/.MainActivity,502]
05-28 16:41:04.367  1133  1655 I input_interaction: Interaction with: c639c1f com.byd.carsettings/com.byd.carsettings.MainActivity (server), byd-gesture (server), status-bar-cycle (server), PointerEventDispatcher0 (server), 
05-28 16:41:05.751  1133  1133 I notification_enqueue: [10142,1888,com.bydmate.app,1,NULL,0,Notification(channel=bydmate_tracking shortcut=null contentView=null vibrate=null sound=null defaults=0x0 flags=0x42 color=0x00000000 vis=PRIVATE),1]
05-28 16:41:08.780  1133  1133 I notification_enqueue: [10142,1888,com.bydmate.app,1,NULL,0,Notification(channel=bydmate_tracking shortcut=null contentView=null vibrate=null sound=null defaults=0x0 flags=0x42 color=0x00000000 vis=PRIVATE),1]
05-28 16:41:11.830  1133  1133 I notification_enqueue: [10142,1888,com.bydmate.app,1,NULL,0,Notification(channel=bydmate_tracking shortcut=null contentView=null vibrate=null sound=null defaults=0x0 flags=0x42 color=0x00000000 vis=PRIVATE),1]
05-28 16:41:12.876  1133  1274 I am_pss  : [28423,1000,com.byd.carsettings,169120768,163868672,0,336932864,0,2,15]
05-28 16:41:14.874  1133  1133 I notification_enqueue: [10142,1888,com.bydmate.app,1,NULL,0,Notification(channel=bydmate_tracking shortcut=null contentView=null vibrate=null sound=null defaults=0x0 flags=0x42 color=0x00000000 vis=PRIVATE),1]
05-28 16:41:17.913  1133  1133 I notification_enqueue: [10142,1888,com.bydmate.app,1,NULL,0,Notification(channel=bydmate_tracking shortcut=null contentView=null vibrate=null sound=null defaults=0x0 flags=0x42 color=0x00000000 vis=PRIVATE),1]
05-28 16:41:20.949  1133  1133 I notification_enqueue: [10142,1888,com.bydmate.app,1,NULL,0,Notification(channel=bydmate_tracking shortcut=null contentView=null vibrate=null sound=null defaults=0x0 flags=0x42 color=0x00000000 vis=PRIVATE),1]
05-28 16:41:22.899  1133  1274 I am_pss  : [28423,1000,com.byd.carsettings,169141248,163889152,0,336953344,0,2,16]
05-28 16:41:22.913  1133  1274 I am_pss  : [5033,10044,com.byd.diLinkAccount,33291264,30494720,0,181248000,0,3,10]
05-28 16:41:24.015  1133  1133 I notification_enqueue: [10142,1888,com.bydmate.app,1,NULL,0,Notification(channel=bydmate_tracking shortcut=null contentView=null vibrate=null sound=null defaults=0x0 flags=0x42 color=0x00000000 vis=PRIVATE),1]
05-28 16:41:25.816  1133  1274 I am_pss  : [6838,1000,com.byd.ditrainer.ditrainer_service,11693056,10670080,0,127791104,0,3,9]
05-28 16:41:27.070  1133  1133 I notification_enqueue: [10142,1888,com.bydmate.app,1,NULL,0,Notification(channel=bydmate_tracking shortcut=null contentView=null vibrate=null sound=null defaults=0x0 flags=0x42 color=0x00000000 vis=PRIVATE),1]
05-28 16:41:30.129  1133  1133 I notification_enqueue: [10142,1888,com.bydmate.app,1,NULL,0,Notification(channel=bydmate_tracking shortcut=null contentView=null vibrate=null sound=null defaults=0x0 flags=0x42 color=0x00000000 vis=PRIVATE),1]
05-28 16:41:33.193  1133  1133 I notification_enqueue: [10142,1888,com.bydmate.app,1,NULL,0,Notification(channel=bydmate_tracking shortcut=null contentView=null vibrate=null sound=null defaults=0x0 flags=0x42 color=0x00000000 vis=PRIVATE),1]
05-28 16:41:36.242  1133  1133 I notification_enqueue: [10142,1888,com.bydmate.app,1,NULL,0,Notification(channel=bydmate_tracking shortcut=null contentView=null vibrate=null sound=null defaults=0x0 flags=0x42 color=0x00000000 vis=PRIVATE),1]
05-28 16:41:39.283  1133  1133 I notification_enqueue: [10142,1888,com.bydmate.app,1,NULL,0,Notification(channel=bydmate_tracking shortcut=null contentView=null vibrate=null sound=null defaults=0x0 flags=0x42 color=0x00000000 vis=PRIVATE),1]
05-28 16:41:42.350  1133  1133 I notification_enqueue: [10142,1888,com.bydmate.app,1,NULL,0,Notification(channel=bydmate_tracking shortcut=null contentView=null vibrate=null sound=null defaults=0x0 flags=0x42 color=0x00000000 vis=PRIVATE),1]
05-28 16:41:42.937  1133  1274 I am_pss  : [5033,10044,com.byd.diLinkAccount,33646592,30851072,0,181604352,0,3,11]
05-28 16:41:45.411  1133  1133 I notification_enqueue: [10142,1888,com.bydmate.app,1,NULL,0,Notification(channel=bydmate_tracking shortcut=null contentView=null vibrate=null sound=null defaults=0x0 flags=0x42 color=0x00000000 vis=PRIVATE),1]
05-28 16:41:46.071  1133  1274 I am_pss  : [6838,1000,com.byd.ditrainer.ditrainer_service,11692032,10670080,0,127791104,0,3,8]
05-28 16:41:48.458  1133  1133 I notification_enqueue: [10142,1888,com.bydmate.app,1,NULL,0,Notification(channel=bydmate_tracking shortcut=null contentView=null vibrate=null sound=null defaults=0x0 flags=0x42 color=0x00000000 vis=PRIVATE),1]
05-28 16:41:51.524  1133  1133 I notification_enqueue: [10142,1888,com.bydmate.app,1,NULL,0,Notification(channel=bydmate_tracking shortcut=null contentView=null vibrate=null sound=null defaults=0x0 flags=0x42 color=0x00000000 vis=PRIVATE),1]
05-28 16:41:52.942  1133  1274 I am_pss  : [4990,10038,com.byd.launchermap,204992512,200343552,0,374280192,0,4,19]
05-28 16:41:52.958  1133  1274 I am_pss  : [24532,10042,com.byd.etc:EtcService,8824832,7827456,0,119771136,0,4,9]
05-28 16:41:54.592  1133  1133 I notification_enqueue: [10142,1888,com.bydmate.app,1,NULL,0,Notification(channel=bydmate_tracking shortcut=null contentView=null vibrate=null sound=null defaults=0x0 flags=0x42 color=0x00000000 vis=PRIVATE),1]
05-28 16:41:57.647  1133  1133 I notification_enqueue: [10142,1888,com.bydmate.app,1,NULL,0,Notification(channel=bydmate_tracking shortcut=null contentView=null vibrate=null sound=null defaults=0x0 flags=0x42 color=0x00000000 vis=PRIVATE),1]
05-28 16:42:00.678  1133  1133 I notification_enqueue: [10142,1888,com.bydmate.app,1,NULL,0,Notification(channel=bydmate_tracking shortcut=null contentView=null vibrate=null sound=null defaults=0x0 flags=0x42 color=0x00000000 vis=PRIVATE),1]
05-28 16:42:03.742  1133  1133 I notification_enqueue: [10142,1888,com.bydmate.app,1,NULL,0,Notification(channel=bydmate_tracking shortcut=null contentView=null vibrate=null sound=null defaults=0x0 flags=0x42 color=0x00000000 vis=PRIVATE),1]
05-28 16:42:06.795  1133  1133 I notification_enqueue: [10142,1888,com.bydmate.app,1,NULL,0,Notification(channel=bydmate_tracking shortcut=null contentView=null vibrate=null sound=null defaults=0x0 flags=0x42 color=0x00000000 vis=PRIVATE),1]
05-28 16:42:09.844  1133  1133 I notification_enqueue: [10142,1888,com.bydmate.app,1,NULL,0,Notification(channel=bydmate_tracking shortcut=null contentView=null vibrate=null sound=null defaults=0x0 flags=0x42 color=0x00000000 vis=PRIVATE),1]
05-28 16:42:12.887  1133  1133 I notification_enqueue: [10142,1888,com.bydmate.app,1,NULL,0,Notification(channel=bydmate_tracking shortcut=null contentView=null vibrate=null sound=null defaults=0x0 flags=0x42 color=0x00000000 vis=PRIVATE),1]
05-28 16:42:15.942  1133  1133 I notification_enqueue: [10142,1888,com.bydmate.app,1,NULL,0,Notification(channel=bydmate_tracking shortcut=null contentView=null vibrate=null sound=null defaults=0x0 flags=0x42 color=0x00000000 vis=PRIVATE),1]
05-28 16:42:18.988  1133  1133 I notification_enqueue: [10142,1888,com.bydmate.app,1,NULL,0,Notification(channel=bydmate_tracking shortcut=null contentView=null vibrate=null sound=null defaults=0x0 flags=0x42 color=0x00000000 vis=PRIVATE),1]
05-28 16:42:22.033  1133  1133 I notification_enqueue: [10142,1888,com.bydmate.app,1,NULL,0,Notification(channel=bydmate_tracking shortcut=null contentView=null vibrate=null sound=null defaults=0x0 flags=0x42 color=0x00000000 vis=PRIVATE),1]
05-28 16:42:23.046  1133  1274 I am_pss  : [28423,1000,com.byd.carsettings,170799104,164999168,0,338149376,0,2,16]
05-28 16:42:25.068  1133  1133 I notification_enqueue: [10142,1888,com.bydmate.app,1,NULL,0,Notification(channel=bydmate_tracking shortcut=null contentView=null vibrate=null sound=null defaults=0x0 flags=0x42 color=0x00000000 vis=PRIVATE),1]
05-28 16:42:28.112  1133  1133 I notification_enqueue: [10142,1888,com.bydmate.app,1,NULL,0,Notification(channel=bydmate_tracking shortcut=null contentView=null vibrate=null sound=null defaults=0x0 flags=0x42 color=0x00000000 vis=PRIVATE),1]
05-28 16:42:31.161  1133  1133 I notification_enqueue: [10142,1888,com.bydmate.app,1,NULL,0,Notification(channel=bydmate_tracking shortcut=null contentView=null vibrate=null sound=null defaults=0x0 flags=0x42 color=0x00000000 vis=PRIVATE),1]
05-28 16:42:34.217  1133  1133 I notification_enqueue: [10142,1888,com.bydmate.app,1,NULL,0,Notification(channel=bydmate_tracking shortcut=null contentView=null vibrate=null sound=null defaults=0x0 flags=0x42 color=0x00000000 vis=PRIVATE),1]
